[6.746s] Invoking command in '/home/roboticslab/Ros2_predator-project_WS/src/predator_behavior': DEBUGINFOD_URLS=https://debuginfod.ubuntu.com PYTHONPATH=/home/roboticslab/Ros2_predator-project_WS/build/predator_behavior/prefix_override:/usr/lib/python3/dist-packages/colcon_core/task/python/colcon_distutils_commands:/home/roboticslab/Ros2_predator-project_WS/install/predator_behavior/lib/python3.12/site-packages:/home/roboticslab/Ros2_predator-project_WS/install/predator_msgs/lib/python3.12/site-packages:/home/roboticslab/Ros2_predator-project_WS/install/predator_bringup/lib/python3.12/site-packages:/home/roboticslab/Ros2_predator-project_WS/install/predator_perception/lib/python3.12/site-packages:/home/roboticslab/Ros2_predator-project_WS/install/predator_navigation/lib/python3.12/site-packages:/home/roboticslab/Ros2_predator-project_WS/install/predator_manipulation/lib/python3.12/site-packages:/home/roboticslab/Ros2_predator-project_WS/install/predator_behavior/lib/python3.12/site-packages:/home/roboticslab/ros2_ws/install/moveit_task_constructor_core/lib/python3.12/site-packages:/home/roboticslab/ros2_ws/install/robo_waiter/lib/python3.12/site-packages:/home/roboticslab/ros2_ws/install/robo_chef/lib/python3.12/site-packages:/home/roboticslab/ros2_ws/install/roboChef/lib/python3.12/site-packages:/home/roboticslab/ros2_ws/install/moveit_task_constructor_msgs/lib/python3.12/site-packages:/home/roboticslab/ros2_ws/install/moveit_py/lib/python3.12/site-packages:/home/roboticslab/ros2_ws/install/moveit_msgs/lib/python3.12/site-packages:/home/roboticslab/ros2_ws/build/moveit_configs_utils:/home/roboticslab/ros2_ws/install/moveit_configs_utils/lib/python3.12/site-packages:/opt/ros/kilted/lib/python3.12/site-packages /usr/bin/python3 -W ignore:setup.py install is deprecated -W ignore:easy_install command is deprecated setup.py egg_info --egg-base ../../build/predator_behavior build --build-base /home/roboticslab/Ros2_predator-project_WS/build/predator_behavior/build install --record /home/roboticslab/Ros2_predator-project_WS/build/predator_behavior/install.log --single-version-externally-managed install_data
[8.179s] running egg_info
[8.250s] writing ../../build/predator_behavior/predator_behavior.egg-info/PKG-INFO
[8.253s] writing dependency_links to ../../build/predator_behavior/predator_behavior.egg-info/dependency_links.txt
[8.254s] writing entry points to ../../build/predator_behavior/predator_behavior.egg-info/entry_points.txt
[8.254s] writing requirements to ../../build/predator_behavior/predator_behavior.egg-info/requires.txt
[8.254s] writing top-level names to ../../build/predator_behavior/predator_behavior.egg-info/top_level.txt
[8.490s] reading manifest file '../../build/predator_behavior/predator_behavior.egg-info/SOURCES.txt'
[8.504s] writing manifest file '../../build/predator_behavior/predator_behavior.egg-info/SOURCES.txt'
[8.504s] running build
[8.504s] running build_py
[8.508s] copying predator_behavior/behavior_manager_node.py -> /home/roboticslab/Ros2_predator-project_WS/build/predator_behavior/build/lib/predator_behavior
[8.508s] copying predator_behavior/safety_supervisor_node.py -> /home/roboticslab/Ros2_predator-project_WS/build/predator_behavior/build/lib/predator_behavior
[8.509s] running install
[8.539s] running install_lib
[8.697s] copying /home/roboticslab/Ros2_predator-project_WS/build/predator_behavior/build/lib/predator_behavior/behavior_manager_node.py -> /home/roboticslab/Ros2_predator-project_WS/install/predator_behavior/lib/python3.12/site-packages/predator_behavior
[8.697s] copying /home/roboticslab/Ros2_predator-project_WS/build/predator_behavior/build/lib/predator_behavior/safety_supervisor_node.py -> /home/roboticslab/Ros2_predator-project_WS/install/predator_behavior/lib/python3.12/site-packages/predator_behavior
[8.698s] byte-compiling /home/roboticslab/Ros2_predator-project_WS/install/predator_behavior/lib/python3.12/site-packages/predator_behavior/behavior_manager_node.py to behavior_manager_node.cpython-312.pyc
[8.707s] byte-compiling /home/roboticslab/Ros2_predator-project_WS/install/predator_behavior/lib/python3.12/site-packages/predator_behavior/safety_supervisor_node.py to safety_supervisor_node.cpython-312.pyc
[8.713s] running install_data
[8.716s] running install_egg_info
[8.802s] removing '/home/roboticslab/Ros2_predator-project_WS/install/predator_behavior/lib/python3.12/site-packages/predator_behavior-0.0.0-py3.12.egg-info' (and everything under it)
[8.810s] Copying ../../build/predator_behavior/predator_behavior.egg-info to /home/roboticslab/Ros2_predator-project_WS/install/predator_behavior/lib/python3.12/site-packages/predator_behavior-0.0.0-py3.12.egg-info
[8.813s] running install_scripts
[9.703s] Installing behavior_manager_node script to /home/roboticslab/Ros2_predator-project_WS/install/predator_behavior/lib/predator_behavior
[9.703s] Installing safety_supervisor_node script to /home/roboticslab/Ros2_predator-project_WS/install/predator_behavior/lib/predator_behavior
[9.708s] writing list of installed files to '/home/roboticslab/Ros2_predator-project_WS/build/predator_behavior/install.log'
[9.814s] Invoked command in '/home/roboticslab/Ros2_predator-project_WS/src/predator_behavior' returned '0': DEBUGINFOD_URLS=https://debuginfod.ubuntu.com PYTHONPATH=/home/roboticslab/Ros2_predator-project_WS/build/predator_behavior/prefix_override:/usr/lib/python3/dist-packages/colcon_core/task/python/colcon_distutils_commands:/home/roboticslab/Ros2_predator-project_WS/install/predator_behavior/lib/python3.12/site-packages:/home/roboticslab/Ros2_predator-project_WS/install/predator_msgs/lib/python3.12/site-packages:/home/roboticslab/Ros2_predator-project_WS/install/predator_bringup/lib/python3.12/site-packages:/home/roboticslab/Ros2_predator-project_WS/install/predator_perception/lib/python3.12/site-packages:/home/roboticslab/Ros2_predator-project_WS/install/predator_navigation/lib/python3.12/site-packages:/home/roboticslab/Ros2_predator-project_WS/install/predator_manipulation/lib/python3.12/site-packages:/home/roboticslab/Ros2_predator-project_WS/install/predator_behavior/lib/python3.12/site-packages:/home/roboticslab/ros2_ws/install/moveit_task_constructor_core/lib/python3.12/site-packages:/home/roboticslab/ros2_ws/install/robo_waiter/lib/python3.12/site-packages:/home/roboticslab/ros2_ws/install/robo_chef/lib/python3.12/site-packages:/home/roboticslab/ros2_ws/install/roboChef/lib/python3.12/site-packages:/home/roboticslab/ros2_ws/install/moveit_task_constructor_msgs/lib/python3.12/site-packages:/home/roboticslab/ros2_ws/install/moveit_py/lib/python3.12/site-packages:/home/roboticslab/ros2_ws/install/moveit_msgs/lib/python3.12/site-packages:/home/roboticslab/ros2_ws/build/moveit_configs_utils:/home/roboticslab/ros2_ws/install/moveit_configs_utils/lib/python3.12/site-packages:/opt/ros/kilted/lib/python3.12/site-packages /usr/bin/python3 -W ignore:setup.py install is deprecated -W ignore:easy_install command is deprecated setup.py egg_info --egg-base ../../build/predator_behavior build --build-base /home/roboticslab/Ros2_predator-project_WS/build/predator_behavior/build install --record /home/roboticslab/Ros2_predator-project_WS/build/predator_behavior/install.log --single-version-externally-managed install_data
