[3.189s] Invoking command in '/home/roboticslab/Ros2_predator-project_WS/src/predator_perception': DEBUGINFOD_URLS=https://debuginfod.ubuntu.com PYTHONPATH=/home/roboticslab/Ros2_predator-project_WS/build/predator_perception/prefix_override:/usr/lib/python3/dist-packages/colcon_core/task/python/colcon_distutils_commands:/home/roboticslab/Ros2_predator-project_WS/install/predator_perception/lib/python3.12/site-packages:/home/roboticslab/Ros2_predator-project_WS/install/predator_msgs/lib/python3.12/site-packages:/home/roboticslab/Ros2_predator-project_WS/install/predator_bringup/lib/python3.12/site-packages:/home/roboticslab/Ros2_predator-project_WS/install/predator_perception/lib/python3.12/site-packages:/home/roboticslab/Ros2_predator-project_WS/install/predator_navigation/lib/python3.12/site-packages:/home/roboticslab/Ros2_predator-project_WS/install/predator_manipulation/lib/python3.12/site-packages:/home/roboticslab/Ros2_predator-project_WS/install/predator_behavior/lib/python3.12/site-packages:/home/roboticslab/ros2_ws/install/moveit_task_constructor_core/lib/python3.12/site-packages:/home/roboticslab/ros2_ws/install/roboChef/lib/python3.12/site-packages:/home/roboticslab/ros2_ws/install/moveit_task_constructor_msgs/lib/python3.12/site-packages:/home/roboticslab/ros2_ws/install/moveit_py/lib/python3.12/site-packages:/home/roboticslab/ros2_ws/install/moveit_msgs/lib/python3.12/site-packages:/home/roboticslab/ros2_ws/build/moveit_configs_utils:/home/roboticslab/ros2_ws/install/moveit_configs_utils/lib/python3.12/site-packages:/opt/ros/kilted/lib/python3.12/site-packages /usr/bin/python3 -W ignore:setup.py install is deprecated -W ignore:easy_install command is deprecated setup.py egg_info --egg-base ../../build/predator_perception build --build-base /home/roboticslab/Ros2_predator-project_WS/build/predator_perception/build install --record /home/roboticslab/Ros2_predator-project_WS/build/predator_perception/install.log --single-version-externally-managed install_data
[3.981s] running egg_info
[4.049s] writing ../../build/predator_perception/predator_perception.egg-info/PKG-INFO
[4.050s] writing dependency_links to ../../build/predator_perception/predator_perception.egg-info/dependency_links.txt
[4.050s] writing entry points to ../../build/predator_perception/predator_perception.egg-info/entry_points.txt
[4.050s] writing requirements to ../../build/predator_perception/predator_perception.egg-info/requires.txt
[4.050s] writing top-level names to ../../build/predator_perception/predator_perception.egg-info/top_level.txt
[4.173s] reading manifest file '../../build/predator_perception/predator_perception.egg-info/SOURCES.txt'
[4.179s] writing manifest file '../../build/predator_perception/predator_perception.egg-info/SOURCES.txt'
[4.179s] running build
[4.180s] running build_py
[4.180s] running install
[4.194s] running install_lib
[4.261s] running install_data
[4.261s] running install_egg_info
[4.329s] removing '/home/roboticslab/Ros2_predator-project_WS/install/predator_perception/lib/python3.12/site-packages/predator_perception-0.0.0-py3.12.egg-info' (and everything under it)
[4.331s] Copying ../../build/predator_perception/predator_perception.egg-info to /home/roboticslab/Ros2_predator-project_WS/install/predator_perception/lib/python3.12/site-packages/predator_perception-0.0.0-py3.12.egg-info
[4.334s] running install_scripts
[4.761s] Installing target_tracker_node script to /home/roboticslab/Ros2_predator-project_WS/install/predator_perception/lib/predator_perception
[4.761s] Installing velocity_estimator_node script to /home/roboticslab/Ros2_predator-project_WS/install/predator_perception/lib/predator_perception
[4.761s] Installing zone_monitor_node script to /home/roboticslab/Ros2_predator-project_WS/install/predator_perception/lib/predator_perception
[4.762s] writing list of installed files to '/home/roboticslab/Ros2_predator-project_WS/build/predator_perception/install.log'
[4.810s] Invoked command in '/home/roboticslab/Ros2_predator-project_WS/src/predator_perception' returned '0': DEBUGINFOD_URLS=https://debuginfod.ubuntu.com PYTHONPATH=/home/roboticslab/Ros2_predator-project_WS/build/predator_perception/prefix_override:/usr/lib/python3/dist-packages/colcon_core/task/python/colcon_distutils_commands:/home/roboticslab/Ros2_predator-project_WS/install/predator_perception/lib/python3.12/site-packages:/home/roboticslab/Ros2_predator-project_WS/install/predator_msgs/lib/python3.12/site-packages:/home/roboticslab/Ros2_predator-project_WS/install/predator_bringup/lib/python3.12/site-packages:/home/roboticslab/Ros2_predator-project_WS/install/predator_perception/lib/python3.12/site-packages:/home/roboticslab/Ros2_predator-project_WS/install/predator_navigation/lib/python3.12/site-packages:/home/roboticslab/Ros2_predator-project_WS/install/predator_manipulation/lib/python3.12/site-packages:/home/roboticslab/Ros2_predator-project_WS/install/predator_behavior/lib/python3.12/site-packages:/home/roboticslab/ros2_ws/install/moveit_task_constructor_core/lib/python3.12/site-packages:/home/roboticslab/ros2_ws/install/roboChef/lib/python3.12/site-packages:/home/roboticslab/ros2_ws/install/moveit_task_constructor_msgs/lib/python3.12/site-packages:/home/roboticslab/ros2_ws/install/moveit_py/lib/python3.12/site-packages:/home/roboticslab/ros2_ws/install/moveit_msgs/lib/python3.12/site-packages:/home/roboticslab/ros2_ws/build/moveit_configs_utils:/home/roboticslab/ros2_ws/install/moveit_configs_utils/lib/python3.12/site-packages:/opt/ros/kilted/lib/python3.12/site-packages /usr/bin/python3 -W ignore:setup.py install is deprecated -W ignore:easy_install command is deprecated setup.py egg_info --egg-base ../../build/predator_perception build --build-base /home/roboticslab/Ros2_predator-project_WS/build/predator_perception/build install --record /home/roboticslab/Ros2_predator-project_WS/build/predator_perception/install.log --single-version-externally-managed install_data
