/home/roboticslab/Ros2_predator-project_WS/install/predator_bringup/lib/python3.12/site-packages/predator_bringup/__init__.py
/home/roboticslab/Ros2_predator-project_WS/install/predator_bringup/lib/python3.12/site-packages/predator_bringup/__pycache__/__init__.cpython-312.pyc
/home/roboticslab/Ros2_predator-project_WS/install/predator_bringup/share/ament_index/resource_index/packages/predator_bringup
/home/roboticslab/Ros2_predator-project_WS/install/predator_bringup/share/predator_bringup/package.xml
/home/roboticslab/Ros2_predator-project_WS/install/predator_bringup/share/predator_bringup/launch/perception.launch.py
/home/roboticslab/Ros2_predator-project_WS/install/predator_bringup/share/predator_bringup/launch/predator_system.launch.py
/home/roboticslab/Ros2_predator-project_WS/install/predator_bringup/share/predator_bringup/config/safety.yaml
/home/roboticslab/Ros2_predator-project_WS/install/predator_bringup/share/predator_bringup/config/manipulation.yaml
/home/roboticslab/Ros2_predator-project_WS/install/predator_bringup/share/predator_bringup/config/navigation.yaml
/home/roboticslab/Ros2_predator-project_WS/install/predator_bringup/share/predator_bringup/config/nav2_params.yaml
/home/roboticslab/Ros2_predator-project_WS/install/predator_bringup/share/predator_bringup/config/zones.yaml
/home/roboticslab/Ros2_predator-project_WS/install/predator_bringup/share/predator_bringup/config/behavior.yaml
/home/roboticslab/Ros2_predator-project_WS/install/predator_bringup/share/predator_bringup/config/perception.yaml
/home/roboticslab/Ros2_predator-project_WS/install/predator_bringup/share/predator_bringup/maps/arena_map.pgm
/home/roboticslab/Ros2_predator-project_WS/install/predator_bringup/share/predator_bringup/maps/arena_map.yaml
/home/roboticslab/Ros2_predator-project_WS/install/predator_bringup/lib/python3.12/site-packages/predator_bringup-0.0.0-py3.12.egg-info/top_level.txt
/home/roboticslab/Ros2_predator-project_WS/install/predator_bringup/lib/python3.12/site-packages/predator_bringup-0.0.0-py3.12.egg-info/requires.txt
/home/roboticslab/Ros2_predator-project_WS/install/predator_bringup/lib/python3.12/site-packages/predator_bringup-0.0.0-py3.12.egg-info/PKG-INFO
/home/roboticslab/Ros2_predator-project_WS/install/predator_bringup/lib/python3.12/site-packages/predator_bringup-0.0.0-py3.12.egg-info/zip-safe
/home/roboticslab/Ros2_predator-project_WS/install/predator_bringup/lib/python3.12/site-packages/predator_bringup-0.0.0-py3.12.egg-info/SOURCES.txt
/home/roboticslab/Ros2_predator-project_WS/install/predator_bringup/lib/python3.12/site-packages/predator_bringup-0.0.0-py3.12.egg-info/dependency_links.txt
