[0.019s] Invoking command in '/home/roboticslab/Ros2_predator-project_WS/build/predator_msgs': CMAKE_PREFIX_PATH=${CMAKE_PREFIX_PATH}:/home/roboticslab/Ros2_predator-project_WS/install/predator_bringup:/home/roboticslab/Ros2_predator-project_WS/install/predator_perception:/home/roboticslab/Ros2_predator-project_WS/install/predator_navigation:/home/roboticslab/Ros2_predator-project_WS/install/predator_manipulation:/home/roboticslab/Ros2_predator-project_WS/install/predator_behavior:/home/roboticslab/ros2_ws/install/robotiq_description:/home/roboticslab/ros2_ws/install/robo_waiter:/home/roboticslab/ros2_ws/install/robo_chef:/home/roboticslab/ros2_ws/install/roboChef:/home/roboticslab/ros2_ws/install/moveit_configs_utils:/opt/ros/kilted DEBUGINFOD_URLS=https://debuginfod.ubuntu.com /usr/bin/cmake --build /home/roboticslab/Ros2_predator-project_WS/build/predator_msgs -- -j4 -l4
[0.124s] [  3%] Built target predator_msgs__rs
[0.124s] [  3%] Built target predator_msgs__rosidl_generator_type_description
[0.129s] [  3%] Built target ament_cmake_python_copy_predator_msgs
[0.174s] [  4%] Built target predator_msgs__cpp
[0.179s] [ 26%] Built target predator_msgs__rosidl_generator_c
[0.236s] [ 35%] Built target predator_msgs__rosidl_typesupport_introspection_c
[0.237s] [ 44%] Built target predator_msgs__rosidl_typesupport_c
[0.242s] [ 53%] Built target predator_msgs__rosidl_typesupport_fastrtps_c
[0.296s] [ 63%] Built target predator_msgs__rosidl_typesupport_fastrtps_cpp
[0.299s] [ 72%] Built target predator_msgs__rosidl_typesupport_introspection_cpp
[0.303s] [ 81%] Built target predator_msgs__rosidl_typesupport_cpp
[0.339s] [ 81%] Built target predator_msgs
[0.376s] [ 83%] Built target predator_msgs__py
[0.416s] [ 90%] Built target predator_msgs__rosidl_generator_py
[0.471s] [ 93%] Built target predator_msgs_s__rosidl_typesupport_fastrtps_c
[0.472s] [100%] Built target predator_msgs_s__rosidl_typesupport_introspection_c
[0.472s] [100%] Built target predator_msgs_s__rosidl_typesupport_c
[0.567s] running egg_info
[0.605s] writing predator_msgs.egg-info/PKG-INFO
[0.605s] writing dependency_links to predator_msgs.egg-info/dependency_links.txt
[0.605s] writing top-level names to predator_msgs.egg-info/top_level.txt
[0.716s] reading manifest file 'predator_msgs.egg-info/SOURCES.txt'
[0.717s] writing manifest file 'predator_msgs.egg-info/SOURCES.txt'
[0.758s] [100%] Built target ament_cmake_python_build_predator_msgs_egg
[0.778s] Invoked command in '/home/roboticslab/Ros2_predator-project_WS/build/predator_msgs' returned '0': CMAKE_PREFIX_PATH=${CMAKE_PREFIX_PATH}:/home/roboticslab/Ros2_predator-project_WS/install/predator_bringup:/home/roboticslab/Ros2_predator-project_WS/install/predator_perception:/home/roboticslab/Ros2_predator-project_WS/install/predator_navigation:/home/roboticslab/Ros2_predator-project_WS/install/predator_manipulation:/home/roboticslab/Ros2_predator-project_WS/install/predator_behavior:/home/roboticslab/ros2_ws/install/robotiq_description:/home/roboticslab/ros2_ws/install/robo_waiter:/home/roboticslab/ros2_ws/install/robo_chef:/home/roboticslab/ros2_ws/install/roboChef:/home/roboticslab/ros2_ws/install/moveit_configs_utils:/opt/ros/kilted DEBUGINFOD_URLS=https://debuginfod.ubuntu.com /usr/bin/cmake --build /home/roboticslab/Ros2_predator-project_WS/build/predator_msgs -- -j4 -l4
[0.794s] Invoking command in '/home/roboticslab/Ros2_predator-project_WS/build/predator_msgs': CMAKE_PREFIX_PATH=${CMAKE_PREFIX_PATH}:/home/roboticslab/Ros2_predator-project_WS/install/predator_bringup:/home/roboticslab/Ros2_predator-project_WS/install/predator_perception:/home/roboticslab/Ros2_predator-project_WS/install/predator_navigation:/home/roboticslab/Ros2_predator-project_WS/install/predator_manipulation:/home/roboticslab/Ros2_predator-project_WS/install/predator_behavior:/home/roboticslab/ros2_ws/install/robotiq_description:/home/roboticslab/ros2_ws/install/robo_waiter:/home/roboticslab/ros2_ws/install/robo_chef:/home/roboticslab/ros2_ws/install/roboChef:/home/roboticslab/ros2_ws/install/moveit_configs_utils:/opt/ros/kilted DEBUGINFOD_URLS=https://debuginfod.ubuntu.com /usr/bin/cmake --install /home/roboticslab/Ros2_predator-project_WS/build/predator_msgs
[0.809s] -- Install configuration: ""
[0.809s] -- Up-to-date: /home/roboticslab/Ros2_predator-project_WS/install/predator_msgs/share/ament_index/resource_index/rosidl_interfaces/predator_msgs
[0.809s] -- Up-to-date: /home/roboticslab/Ros2_predator-project_WS/install/predator_msgs/share/predator_msgs/msg/BehaviorState.json
[0.809s] -- Up-to-date: /home/roboticslab/Ros2_predator-project_WS/install/predator_msgs/share/predator_msgs/msg/GestureRequest.json
[0.809s] -- Up-to-date: /home/roboticslab/Ros2_predator-project_WS/install/predator_msgs/share/predator_msgs/msg/TargetState.json
[0.810s] -- Up-to-date: /home/roboticslab/Ros2_predator-project_WS/install/predator_msgs/share/predator_msgs/msg/ZoneStatus.json
[0.810s] -- Up-to-date: /home/roboticslab/Ros2_predator-project_WS/install/predator_msgs/include/predator_msgs/predator_msgs
[0.810s] -- Up-to-date: /home/roboticslab/Ros2_predator-project_WS/install/predator_msgs/include/predator_msgs/predator_msgs/msg
[0.810s] -- Up-to-date: /home/roboticslab/Ros2_predator-project_WS/install/predator_msgs/include/predator_msgs/predator_msgs/msg/behavior_state.h
[0.810s] -- Up-to-date: /home/roboticslab/Ros2_predator-project_WS/install/predator_msgs/include/predator_msgs/predator_msgs/msg/gesture_request.h
[0.810s] -- Up-to-date: /home/roboticslab/Ros2_predator-project_WS/install/predator_msgs/include/predator_msgs/predator_msgs/msg/detail
[0.811s] -- Up-to-date: /home/roboticslab/Ros2_predator-project_WS/install/predator_msgs/include/predator_msgs/predator_msgs/msg/detail/gesture_request__struct.h
[0.811s] -- Up-to-date: /home/roboticslab/Ros2_predator-project_WS/install/predator_msgs/include/predator_msgs/predator_msgs/msg/detail/target_state__functions.c
[0.811s] -- Up-to-date: /home/roboticslab/Ros2_predator-project_WS/install/predator_msgs/include/predator_msgs/predator_msgs/msg/detail/zone_status__type_support.h
[0.811s] -- Up-to-date: /home/roboticslab/Ros2_predator-project_WS/install/predator_msgs/include/predator_msgs/predator_msgs/msg/detail/target_state__description.c
[0.811s] -- Up-to-date: /home/roboticslab/Ros2_predator-project_WS/install/predator_msgs/include/predator_msgs/predator_msgs/msg/detail/zone_status__functions.c
[0.811s] -- Up-to-date: /home/roboticslab/Ros2_predator-project_WS/install/predator_msgs/include/predator_msgs/predator_msgs/msg/detail/gesture_request__functions.c
[0.811s] -- Up-to-date: /home/roboticslab/Ros2_predator-project_WS/install/predator_msgs/include/predator_msgs/predator_msgs/msg/detail/zone_status__description.c
[0.811s] -- Up-to-date: /home/roboticslab/Ros2_predator-project_WS/install/predator_msgs/include/predator_msgs/predator_msgs/msg/detail/zone_status__functions.h
[0.812s] -- Up-to-date: /home/roboticslab/Ros2_predator-project_WS/install/predator_msgs/include/predator_msgs/predator_msgs/msg/detail/behavior_state__description.c
[0.812s] -- Up-to-date: /home/roboticslab/Ros2_predator-project_WS/install/predator_msgs/include/predator_msgs/predator_msgs/msg/detail/gesture_request__functions.h
[0.812s] -- Up-to-date: /home/roboticslab/Ros2_predator-project_WS/install/predator_msgs/include/predator_msgs/predator_msgs/msg/detail/behavior_state__functions.c
[0.812s] -- Up-to-date: /home/roboticslab/Ros2_predator-project_WS/install/predator_msgs/include/predator_msgs/predator_msgs/msg/detail/target_state__functions.h
[0.812s] -- Up-to-date: /home/roboticslab/Ros2_predator-project_WS/install/predator_msgs/include/predator_msgs/predator_msgs/msg/detail/target_state__type_support.h
[0.812s] -- Up-to-date: /home/roboticslab/Ros2_predator-project_WS/install/predator_msgs/include/predator_msgs/predator_msgs/msg/detail/gesture_request__type_support.h
[0.812s] -- Installing: /home/roboticslab/Ros2_predator-project_WS/install/predator_msgs/include/predator_msgs/predator_msgs/msg/detail/behavior_state__type_support.c
[0.812s] -- Up-to-date: /home/roboticslab/Ros2_predator-project_WS/install/predator_msgs/include/predator_msgs/predator_msgs/msg/detail/zone_status__struct.h
[0.813s] -- Up-to-date: /home/roboticslab/Ros2_predator-project_WS/install/predator_msgs/include/predator_msgs/predator_msgs/msg/detail/behavior_state__functions.h
[0.813s] -- Up-to-date: /home/roboticslab/Ros2_predator-project_WS/install/predator_msgs/include/predator_msgs/predator_msgs/msg/detail/behavior_state__type_support.h
[0.813s] -- Installing: /home/roboticslab/Ros2_predator-project_WS/install/predator_msgs/include/predator_msgs/predator_msgs/msg/detail/gesture_request__type_support.c
[0.813s] -- Up-to-date: /home/roboticslab/Ros2_predator-project_WS/install/predator_msgs/include/predator_msgs/predator_msgs/msg/detail/behavior_state__struct.h
[0.813s] -- Installing: /home/roboticslab/Ros2_predator-project_WS/install/predator_msgs/include/predator_msgs/predator_msgs/msg/detail/target_state__type_support.c
[0.813s] -- Installing: /home/roboticslab/Ros2_predator-project_WS/install/predator_msgs/include/predator_msgs/predator_msgs/msg/detail/zone_status__type_support.c
[0.813s] -- Up-to-date: /home/roboticslab/Ros2_predator-project_WS/install/predator_msgs/include/predator_msgs/predator_msgs/msg/detail/gesture_request__description.c
[0.813s] -- Up-to-date: /home/roboticslab/Ros2_predator-project_WS/install/predator_msgs/include/predator_msgs/predator_msgs/msg/detail/target_state__struct.h
[0.814s] -- Up-to-date: /home/roboticslab/Ros2_predator-project_WS/install/predator_msgs/include/predator_msgs/predator_msgs/msg/zone_status.h
[0.814s] -- Up-to-date: /home/roboticslab/Ros2_predator-project_WS/install/predator_msgs/include/predator_msgs/predator_msgs/msg/target_state.h
[0.814s] -- Up-to-date: /home/roboticslab/Ros2_predator-project_WS/install/predator_msgs/include/predator_msgs/predator_msgs/msg/rosidl_generator_c__visibility_control.h
[0.814s] -- Up-to-date: /home/roboticslab/Ros2_predator-project_WS/install/predator_msgs/share/predator_msgs/environment/library_path.sh
[0.814s] -- Up-to-date: /home/roboticslab/Ros2_predator-project_WS/install/predator_msgs/share/predator_msgs/environment/library_path.dsv
[0.814s] -- Up-to-date: /home/roboticslab/Ros2_predator-project_WS/install/predator_msgs/lib/libpredator_msgs__rosidl_generator_c.so
[0.814s] -- Up-to-date: /home/roboticslab/Ros2_predator-project_WS/install/predator_msgs/include/predator_msgs/predator_msgs
[0.814s] -- Up-to-date: /home/roboticslab/Ros2_predator-project_WS/install/predator_msgs/include/predator_msgs/predator_msgs/msg
[0.814s] -- Up-to-date: /home/roboticslab/Ros2_predator-project_WS/install/predator_msgs/include/predator_msgs/predator_msgs/msg/detail
[0.814s] -- Up-to-date: /home/roboticslab/Ros2_predator-project_WS/install/predator_msgs/include/predator_msgs/predator_msgs/msg/detail/gesture_request__rosidl_typesupport_fastrtps_c.h
[0.815s] -- Up-to-date: /home/roboticslab/Ros2_predator-project_WS/install/predator_msgs/include/predator_msgs/predator_msgs/msg/detail/behavior_state__rosidl_typesupport_fastrtps_c.h
[0.815s] -- Up-to-date: /home/roboticslab/Ros2_predator-project_WS/install/predator_msgs/include/predator_msgs/predator_msgs/msg/detail/target_state__rosidl_typesupport_fastrtps_c.h
[0.815s] -- Up-to-date: /home/roboticslab/Ros2_predator-project_WS/install/predator_msgs/include/predator_msgs/predator_msgs/msg/detail/zone_status__rosidl_typesupport_fastrtps_c.h
[0.815s] -- Up-to-date: /home/roboticslab/Ros2_predator-project_WS/install/predator_msgs/include/predator_msgs/predator_msgs/msg/rosidl_typesupport_fastrtps_c__visibility_control.h
[0.815s] -- Up-to-date: /home/roboticslab/Ros2_predator-project_WS/install/predator_msgs/lib/libpredator_msgs__rosidl_typesupport_fastrtps_c.so
[0.815s] -- Up-to-date: /home/roboticslab/Ros2_predator-project_WS/install/predator_msgs/include/predator_msgs/predator_msgs
[0.815s] -- Up-to-date: /home/roboticslab/Ros2_predator-project_WS/install/predator_msgs/include/predator_msgs/predator_msgs/msg
[0.816s] -- Up-to-date: /home/roboticslab/Ros2_predator-project_WS/install/predator_msgs/include/predator_msgs/predator_msgs/msg/detail
[0.816s] -- Up-to-date: /home/roboticslab/Ros2_predator-project_WS/install/predator_msgs/include/predator_msgs/predator_msgs/msg/detail/zone_status__rosidl_typesupport_introspection_c.h
[0.816s] -- Up-to-date: /home/roboticslab/Ros2_predator-project_WS/install/predator_msgs/include/predator_msgs/predator_msgs/msg/detail/target_state__rosidl_typesupport_introspection_c.h
[0.816s] -- Installing: /home/roboticslab/Ros2_predator-project_WS/install/predator_msgs/include/predator_msgs/predator_msgs/msg/detail/behavior_state__type_support.c
[0.816s] -- Up-to-date: /home/roboticslab/Ros2_predator-project_WS/install/predator_msgs/include/predator_msgs/predator_msgs/msg/detail/gesture_request__rosidl_typesupport_introspection_c.h
[0.816s] -- Installing: /home/roboticslab/Ros2_predator-project_WS/install/predator_msgs/include/predator_msgs/predator_msgs/msg/detail/gesture_request__type_support.c
[0.816s] -- Installing: /home/roboticslab/Ros2_predator-project_WS/install/predator_msgs/include/predator_msgs/predator_msgs/msg/detail/target_state__type_support.c
[0.817s] -- Installing: /home/roboticslab/Ros2_predator-project_WS/install/predator_msgs/include/predator_msgs/predator_msgs/msg/detail/zone_status__type_support.c
[0.817s] -- Up-to-date: /home/roboticslab/Ros2_predator-project_WS/install/predator_msgs/include/predator_msgs/predator_msgs/msg/detail/behavior_state__rosidl_typesupport_introspection_c.h
[0.817s] -- Up-to-date: /home/roboticslab/Ros2_predator-project_WS/install/predator_msgs/include/predator_msgs/predator_msgs/msg/rosidl_typesupport_introspection_c__visibility_control.h
[0.817s] -- Up-to-date: /home/roboticslab/Ros2_predator-project_WS/install/predator_msgs/lib/libpredator_msgs__rosidl_typesupport_introspection_c.so
[0.817s] -- Up-to-date: /home/roboticslab/Ros2_predator-project_WS/install/predator_msgs/lib/libpredator_msgs__rosidl_typesupport_c.so
[0.817s] -- Up-to-date: /home/roboticslab/Ros2_predator-project_WS/install/predator_msgs/include/predator_msgs/predator_msgs
[0.817s] -- Up-to-date: /home/roboticslab/Ros2_predator-project_WS/install/predator_msgs/include/predator_msgs/predator_msgs/msg
[0.817s] -- Up-to-date: /home/roboticslab/Ros2_predator-project_WS/install/predator_msgs/include/predator_msgs/predator_msgs/msg/gesture_request.hpp
[0.818s] -- Up-to-date: /home/roboticslab/Ros2_predator-project_WS/install/predator_msgs/include/predator_msgs/predator_msgs/msg/behavior_state.hpp
[0.818s] -- Up-to-date: /home/roboticslab/Ros2_predator-project_WS/install/predator_msgs/include/predator_msgs/predator_msgs/msg/rosidl_generator_cpp__visibility_control.hpp
[0.818s] -- Up-to-date: /home/roboticslab/Ros2_predator-project_WS/install/predator_msgs/include/predator_msgs/predator_msgs/msg/detail
[0.818s] -- Up-to-date: /home/roboticslab/Ros2_predator-project_WS/install/predator_msgs/include/predator_msgs/predator_msgs/msg/detail/gesture_request__traits.hpp
[0.818s] -- Up-to-date: /home/roboticslab/Ros2_predator-project_WS/install/predator_msgs/include/predator_msgs/predator_msgs/msg/detail/gesture_request__struct.hpp
[0.818s] -- Up-to-date: /home/roboticslab/Ros2_predator-project_WS/install/predator_msgs/include/predator_msgs/predator_msgs/msg/detail/behavior_state__struct.hpp
[0.818s] -- Up-to-date: /home/roboticslab/Ros2_predator-project_WS/install/predator_msgs/include/predator_msgs/predator_msgs/msg/detail/target_state__struct.hpp
[0.818s] -- Up-to-date: /home/roboticslab/Ros2_predator-project_WS/install/predator_msgs/include/predator_msgs/predator_msgs/msg/detail/zone_status__builder.hpp
[0.819s] -- Up-to-date: /home/roboticslab/Ros2_predator-project_WS/install/predator_msgs/include/predator_msgs/predator_msgs/msg/detail/zone_status__type_support.hpp
[0.819s] -- Up-to-date: /home/roboticslab/Ros2_predator-project_WS/install/predator_msgs/include/predator_msgs/predator_msgs/msg/detail/target_state__type_support.hpp
[0.819s] -- Up-to-date: /home/roboticslab/Ros2_predator-project_WS/install/predator_msgs/include/predator_msgs/predator_msgs/msg/detail/zone_status__traits.hpp
[0.819s] -- Up-to-date: /home/roboticslab/Ros2_predator-project_WS/install/predator_msgs/include/predator_msgs/predator_msgs/msg/detail/behavior_state__type_support.hpp
[0.819s] -- Up-to-date: /home/roboticslab/Ros2_predator-project_WS/install/predator_msgs/include/predator_msgs/predator_msgs/msg/detail/zone_status__struct.hpp
[0.820s] -- Up-to-date: /home/roboticslab/Ros2_predator-project_WS/install/predator_msgs/include/predator_msgs/predator_msgs/msg/detail/behavior_state__traits.hpp
[0.820s] -- Up-to-date: /home/roboticslab/Ros2_predator-project_WS/install/predator_msgs/include/predator_msgs/predator_msgs/msg/detail/target_state__builder.hpp
[0.820s] -- Up-to-date: /home/roboticslab/Ros2_predator-project_WS/install/predator_msgs/include/predator_msgs/predator_msgs/msg/detail/target_state__traits.hpp
[0.820s] -- Up-to-date: /home/roboticslab/Ros2_predator-project_WS/install/predator_msgs/include/predator_msgs/predator_msgs/msg/detail/gesture_request__builder.hpp
[0.820s] -- Up-to-date: /home/roboticslab/Ros2_predator-project_WS/install/predator_msgs/include/predator_msgs/predator_msgs/msg/detail/behavior_state__builder.hpp
[0.820s] -- Up-to-date: /home/roboticslab/Ros2_predator-project_WS/install/predator_msgs/include/predator_msgs/predator_msgs/msg/detail/gesture_request__type_support.hpp
[0.821s] -- Up-to-date: /home/roboticslab/Ros2_predator-project_WS/install/predator_msgs/include/predator_msgs/predator_msgs/msg/zone_status.hpp
[0.821s] -- Up-to-date: /home/roboticslab/Ros2_predator-project_WS/install/predator_msgs/include/predator_msgs/predator_msgs/msg/target_state.hpp
[0.821s] -- Up-to-date: /home/roboticslab/Ros2_predator-project_WS/install/predator_msgs/include/predator_msgs/predator_msgs
[0.821s] -- Up-to-date: /home/roboticslab/Ros2_predator-project_WS/install/predator_msgs/include/predator_msgs/predator_msgs/msg
[0.821s] -- Up-to-date: /home/roboticslab/Ros2_predator-project_WS/install/predator_msgs/include/predator_msgs/predator_msgs/msg/detail
[0.821s] -- Up-to-date: /home/roboticslab/Ros2_predator-project_WS/install/predator_msgs/include/predator_msgs/predator_msgs/msg/detail/gesture_request__rosidl_typesupport_fastrtps_cpp.hpp
[0.821s] -- Up-to-date: /home/roboticslab/Ros2_predator-project_WS/install/predator_msgs/include/predator_msgs/predator_msgs/msg/detail/behavior_state__rosidl_typesupport_fastrtps_cpp.hpp
[0.821s] -- Up-to-date: /home/roboticslab/Ros2_predator-project_WS/install/predator_msgs/include/predator_msgs/predator_msgs/msg/detail/dds_fastrtps
[0.821s] -- Up-to-date: /home/roboticslab/Ros2_predator-project_WS/install/predator_msgs/include/predator_msgs/predator_msgs/msg/detail/zone_status__rosidl_typesupport_fastrtps_cpp.hpp
[0.821s] -- Up-to-date: /home/roboticslab/Ros2_predator-project_WS/install/predator_msgs/include/predator_msgs/predator_msgs/msg/detail/target_state__rosidl_typesupport_fastrtps_cpp.hpp
[0.821s] -- Up-to-date: /home/roboticslab/Ros2_predator-project_WS/install/predator_msgs/include/predator_msgs/predator_msgs/msg/rosidl_typesupport_fastrtps_cpp__visibility_control.h
[0.822s] -- Up-to-date: /home/roboticslab/Ros2_predator-project_WS/install/predator_msgs/lib/libpredator_msgs__rosidl_typesupport_fastrtps_cpp.so
[0.822s] -- Up-to-date: /home/roboticslab/Ros2_predator-project_WS/install/predator_msgs/include/predator_msgs/predator_msgs
[0.822s] -- Up-to-date: /home/roboticslab/Ros2_predator-project_WS/install/predator_msgs/include/predator_msgs/predator_msgs/msg
[0.822s] -- Up-to-date: /home/roboticslab/Ros2_predator-project_WS/install/predator_msgs/include/predator_msgs/predator_msgs/msg/detail
[0.822s] -- Up-to-date: /home/roboticslab/Ros2_predator-project_WS/install/predator_msgs/include/predator_msgs/predator_msgs/msg/detail/zone_status__type_support.cpp
[0.822s] -- Up-to-date: /home/roboticslab/Ros2_predator-project_WS/install/predator_msgs/include/predator_msgs/predator_msgs/msg/detail/gesture_request__rosidl_typesupport_introspection_cpp.hpp
[0.822s] -- Up-to-date: /home/roboticslab/Ros2_predator-project_WS/install/predator_msgs/include/predator_msgs/predator_msgs/msg/detail/zone_status__rosidl_typesupport_introspection_cpp.hpp
[0.822s] -- Up-to-date: /home/roboticslab/Ros2_predator-project_WS/install/predator_msgs/include/predator_msgs/predator_msgs/msg/detail/behavior_state__rosidl_typesupport_introspection_cpp.hpp
[0.822s] -- Up-to-date: /home/roboticslab/Ros2_predator-project_WS/install/predator_msgs/include/predator_msgs/predator_msgs/msg/detail/behavior_state__type_support.cpp
[0.822s] -- Up-to-date: /home/roboticslab/Ros2_predator-project_WS/install/predator_msgs/include/predator_msgs/predator_msgs/msg/detail/target_state__type_support.cpp
[0.822s] -- Up-to-date: /home/roboticslab/Ros2_predator-project_WS/install/predator_msgs/include/predator_msgs/predator_msgs/msg/detail/target_state__rosidl_typesupport_introspection_cpp.hpp
[0.822s] -- Up-to-date: /home/roboticslab/Ros2_predator-project_WS/install/predator_msgs/include/predator_msgs/predator_msgs/msg/detail/gesture_request__type_support.cpp
[0.822s] -- Up-to-date: /home/roboticslab/Ros2_predator-project_WS/install/predator_msgs/lib/libpredator_msgs__rosidl_typesupport_introspection_cpp.so
[0.822s] -- Up-to-date: /home/roboticslab/Ros2_predator-project_WS/install/predator_msgs/lib/libpredator_msgs__rosidl_typesupport_cpp.so
[0.822s] -- Up-to-date: /home/roboticslab/Ros2_predator-project_WS/install/predator_msgs/share/predator_msgs/environment/pythonpath.sh
[0.823s] -- Up-to-date: /home/roboticslab/Ros2_predator-project_WS/install/predator_msgs/share/predator_msgs/environment/pythonpath.dsv
[0.823s] -- Up-to-date: /home/roboticslab/Ros2_predator-project_WS/install/predator_msgs/lib/python3.12/site-packages/predator_msgs-0.0.0-py3.12.egg-info
[0.823s] -- Installing: /home/roboticslab/Ros2_predator-project_WS/install/predator_msgs/lib/python3.12/site-packages/predator_msgs-0.0.0-py3.12.egg-info/top_level.txt
[0.823s] -- Installing: /home/roboticslab/Ros2_predator-project_WS/install/predator_msgs/lib/python3.12/site-packages/predator_msgs-0.0.0-py3.12.egg-info/PKG-INFO
[0.823s] -- Installing: /home/roboticslab/Ros2_predator-project_WS/install/predator_msgs/lib/python3.12/site-packages/predator_msgs-0.0.0-py3.12.egg-info/SOURCES.txt
[0.823s] -- Installing: /home/roboticslab/Ros2_predator-project_WS/install/predator_msgs/lib/python3.12/site-packages/predator_msgs-0.0.0-py3.12.egg-info/dependency_links.txt
[0.823s] -- Up-to-date: /home/roboticslab/Ros2_predator-project_WS/install/predator_msgs/lib/python3.12/site-packages/predator_msgs
[0.823s] -- Up-to-date: /home/roboticslab/Ros2_predator-project_WS/install/predator_msgs/lib/python3.12/site-packages/predator_msgs/msg
[0.823s] -- Up-to-date: /home/roboticslab/Ros2_predator-project_WS/install/predator_msgs/lib/python3.12/site-packages/predator_msgs/msg/_zone_status_s.c
[0.823s] -- Up-to-date: /home/roboticslab/Ros2_predator-project_WS/install/predator_msgs/lib/python3.12/site-packages/predator_msgs/msg/_target_state_s.c
[0.823s] -- Up-to-date: /home/roboticslab/Ros2_predator-project_WS/install/predator_msgs/lib/python3.12/site-packages/predator_msgs/msg/_zone_status.py
[0.823s] -- Up-to-date: /home/roboticslab/Ros2_predator-project_WS/install/predator_msgs/lib/python3.12/site-packages/predator_msgs/msg/__init__.py
[0.823s] -- Up-to-date: /home/roboticslab/Ros2_predator-project_WS/install/predator_msgs/lib/python3.12/site-packages/predator_msgs/msg/_target_state.py
[0.823s] -- Up-to-date: /home/roboticslab/Ros2_predator-project_WS/install/predator_msgs/lib/python3.12/site-packages/predator_msgs/msg/_gesture_request_s.c
[0.823s] -- Up-to-date: /home/roboticslab/Ros2_predator-project_WS/install/predator_msgs/lib/python3.12/site-packages/predator_msgs/msg/_behavior_state_s.c
[0.823s] -- Up-to-date: /home/roboticslab/Ros2_predator-project_WS/install/predator_msgs/lib/python3.12/site-packages/predator_msgs/msg/_behavior_state.py
[0.824s] -- Up-to-date: /home/roboticslab/Ros2_predator-project_WS/install/predator_msgs/lib/python3.12/site-packages/predator_msgs/msg/_gesture_request.py
[0.824s] -- Up-to-date: /home/roboticslab/Ros2_predator-project_WS/install/predator_msgs/lib/python3.12/site-packages/predator_msgs/predator_msgs_s__rosidl_typesupport_c.so
[0.824s] -- Up-to-date: /home/roboticslab/Ros2_predator-project_WS/install/predator_msgs/lib/python3.12/site-packages/predator_msgs/__init__.py
[0.824s] -- Up-to-date: /home/roboticslab/Ros2_predator-project_WS/install/predator_msgs/lib/python3.12/site-packages/predator_msgs/_predator_msgs_s.ep.rosidl_typesupport_c.c
[0.824s] -- Up-to-date: /home/roboticslab/Ros2_predator-project_WS/install/predator_msgs/lib/python3.12/site-packages/predator_msgs/_predator_msgs_s.ep.rosidl_typesupport_fastrtps_c.c
[0.824s] -- Up-to-date: /home/roboticslab/Ros2_predator-project_WS/install/predator_msgs/lib/python3.12/site-packages/predator_msgs/predator_msgs_s__rosidl_typesupport_introspection_c.so
[0.824s] -- Up-to-date: /home/roboticslab/Ros2_predator-project_WS/install/predator_msgs/lib/python3.12/site-packages/predator_msgs/predator_msgs_s__rosidl_typesupport_fastrtps_c.so
[0.824s] -- Up-to-date: /home/roboticslab/Ros2_predator-project_WS/install/predator_msgs/lib/python3.12/site-packages/predator_msgs/_predator_msgs_s.ep.rosidl_typesupport_introspection_c.c
[0.862s] Listing '/home/roboticslab/Ros2_predator-project_WS/install/predator_msgs/lib/python3.12/site-packages/predator_msgs'...
[0.862s] Listing '/home/roboticslab/Ros2_predator-project_WS/install/predator_msgs/lib/python3.12/site-packages/predator_msgs/msg'...
[0.868s] -- Up-to-date: /home/roboticslab/Ros2_predator-project_WS/install/predator_msgs/lib/python3.12/site-packages/predator_msgs/predator_msgs_s__rosidl_typesupport_fastrtps_c.so
[0.869s] -- Up-to-date: /home/roboticslab/Ros2_predator-project_WS/install/predator_msgs/lib/python3.12/site-packages/predator_msgs/predator_msgs_s__rosidl_typesupport_introspection_c.so
[0.869s] -- Up-to-date: /home/roboticslab/Ros2_predator-project_WS/install/predator_msgs/lib/python3.12/site-packages/predator_msgs/predator_msgs_s__rosidl_typesupport_c.so
[0.870s] -- Up-to-date: /home/roboticslab/Ros2_predator-project_WS/install/predator_msgs/lib/libpredator_msgs__rosidl_generator_py.so
[0.870s] -- Up-to-date: /home/roboticslab/Ros2_predator-project_WS/install/predator_msgs/share/ament_index/resource_index/rust_packages/predator_msgs
[0.871s] -- Up-to-date: /home/roboticslab/Ros2_predator-project_WS/install/predator_msgs/share/predator_msgs/rust
[0.871s] -- Up-to-date: /home/roboticslab/Ros2_predator-project_WS/install/predator_msgs/share/predator_msgs/rust/src
[0.871s] -- Up-to-date: /home/roboticslab/Ros2_predator-project_WS/install/predator_msgs/share/predator_msgs/rust/src/msg
[0.871s] -- Up-to-date: /home/roboticslab/Ros2_predator-project_WS/install/predator_msgs/share/predator_msgs/rust/src/msg/rmw.rs
[0.871s] -- Up-to-date: /home/roboticslab/Ros2_predator-project_WS/install/predator_msgs/share/predator_msgs/rust/src/msg.rs
[0.871s] -- Up-to-date: /home/roboticslab/Ros2_predator-project_WS/install/predator_msgs/share/predator_msgs/rust/src/lib.rs
[0.872s] -- Up-to-date: /home/roboticslab/Ros2_predator-project_WS/install/predator_msgs/share/predator_msgs/rust/build.rs
[0.872s] -- Up-to-date: /home/roboticslab/Ros2_predator-project_WS/install/predator_msgs/share/predator_msgs/rust/Cargo.toml
[0.872s] -- Up-to-date: /home/roboticslab/Ros2_predator-project_WS/install/predator_msgs/share/predator_msgs/msg/BehaviorState.idl
[0.872s] -- Up-to-date: /home/roboticslab/Ros2_predator-project_WS/install/predator_msgs/share/predator_msgs/msg/GestureRequest.idl
[0.872s] -- Up-to-date: /home/roboticslab/Ros2_predator-project_WS/install/predator_msgs/share/predator_msgs/msg/TargetState.idl
[0.872s] -- Up-to-date: /home/roboticslab/Ros2_predator-project_WS/install/predator_msgs/share/predator_msgs/msg/ZoneStatus.idl
[0.873s] -- Up-to-date: /home/roboticslab/Ros2_predator-project_WS/install/predator_msgs/share/predator_msgs/msg/BehaviorState.msg
[0.873s] -- Up-to-date: /home/roboticslab/Ros2_predator-project_WS/install/predator_msgs/share/predator_msgs/msg/GestureRequest.msg
[0.873s] -- Up-to-date: /home/roboticslab/Ros2_predator-project_WS/install/predator_msgs/share/predator_msgs/msg/TargetState.msg
[0.873s] -- Up-to-date: /home/roboticslab/Ros2_predator-project_WS/install/predator_msgs/share/predator_msgs/msg/ZoneStatus.msg
[0.873s] -- Up-to-date: /home/roboticslab/Ros2_predator-project_WS/install/predator_msgs/share/ament_index/resource_index/package_run_dependencies/predator_msgs
[0.873s] -- Up-to-date: /home/roboticslab/Ros2_predator-project_WS/install/predator_msgs/share/ament_index/resource_index/parent_prefix_path/predator_msgs
[0.873s] -- Up-to-date: /home/roboticslab/Ros2_predator-project_WS/install/predator_msgs/share/predator_msgs/environment/ament_prefix_path.sh
[0.874s] -- Up-to-date: /home/roboticslab/Ros2_predator-project_WS/install/predator_msgs/share/predator_msgs/environment/ament_prefix_path.dsv
[0.874s] -- Up-to-date: /home/roboticslab/Ros2_predator-project_WS/install/predator_msgs/share/predator_msgs/environment/path.sh
[0.874s] -- Up-to-date: /home/roboticslab/Ros2_predator-project_WS/install/predator_msgs/share/predator_msgs/environment/path.dsv
[0.874s] -- Up-to-date: /home/roboticslab/Ros2_predator-project_WS/install/predator_msgs/share/predator_msgs/local_setup.bash
[0.874s] -- Up-to-date: /home/roboticslab/Ros2_predator-project_WS/install/predator_msgs/share/predator_msgs/local_setup.sh
[0.874s] -- Up-to-date: /home/roboticslab/Ros2_predator-project_WS/install/predator_msgs/share/predator_msgs/local_setup.zsh
[0.874s] -- Up-to-date: /home/roboticslab/Ros2_predator-project_WS/install/predator_msgs/share/predator_msgs/local_setup.dsv
[0.875s] -- Installing: /home/roboticslab/Ros2_predator-project_WS/install/predator_msgs/share/predator_msgs/package.dsv
[0.875s] -- Up-to-date: /home/roboticslab/Ros2_predator-project_WS/install/predator_msgs/share/ament_index/resource_index/packages/predator_msgs
[0.875s] -- Up-to-date: /home/roboticslab/Ros2_predator-project_WS/install/predator_msgs/share/predator_msgs/cmake/export_predator_msgs__rosidl_generator_cExport.cmake
[0.875s] -- Up-to-date: /home/roboticslab/Ros2_predator-project_WS/install/predator_msgs/share/predator_msgs/cmake/export_predator_msgs__rosidl_generator_cExport-noconfig.cmake
[0.875s] -- Up-to-date: /home/roboticslab/Ros2_predator-project_WS/install/predator_msgs/share/predator_msgs/cmake/export_predator_msgs__rosidl_typesupport_fastrtps_cExport.cmake
[0.875s] -- Up-to-date: /home/roboticslab/Ros2_predator-project_WS/install/predator_msgs/share/predator_msgs/cmake/export_predator_msgs__rosidl_typesupport_fastrtps_cExport-noconfig.cmake
[0.875s] -- Up-to-date: /home/roboticslab/Ros2_predator-project_WS/install/predator_msgs/share/predator_msgs/cmake/predator_msgs__rosidl_typesupport_introspection_cExport.cmake
[0.876s] -- Up-to-date: /home/roboticslab/Ros2_predator-project_WS/install/predator_msgs/share/predator_msgs/cmake/predator_msgs__rosidl_typesupport_introspection_cExport-noconfig.cmake
[0.876s] -- Up-to-date: /home/roboticslab/Ros2_predator-project_WS/install/predator_msgs/share/predator_msgs/cmake/predator_msgs__rosidl_typesupport_cExport.cmake
[0.876s] -- Up-to-date: /home/roboticslab/Ros2_predator-project_WS/install/predator_msgs/share/predator_msgs/cmake/predator_msgs__rosidl_typesupport_cExport-noconfig.cmake
[0.876s] -- Up-to-date: /home/roboticslab/Ros2_predator-project_WS/install/predator_msgs/share/predator_msgs/cmake/export_predator_msgs__rosidl_generator_cppExport.cmake
[0.876s] -- Up-to-date: /home/roboticslab/Ros2_predator-project_WS/install/predator_msgs/share/predator_msgs/cmake/export_predator_msgs__rosidl_typesupport_fastrtps_cppExport.cmake
[0.876s] -- Up-to-date: /home/roboticslab/Ros2_predator-project_WS/install/predator_msgs/share/predator_msgs/cmake/export_predator_msgs__rosidl_typesupport_fastrtps_cppExport-noconfig.cmake
[0.877s] -- Up-to-date: /home/roboticslab/Ros2_predator-project_WS/install/predator_msgs/share/predator_msgs/cmake/predator_msgs__rosidl_typesupport_introspection_cppExport.cmake
[0.877s] -- Up-to-date: /home/roboticslab/Ros2_predator-project_WS/install/predator_msgs/share/predator_msgs/cmake/predator_msgs__rosidl_typesupport_introspection_cppExport-noconfig.cmake
[0.877s] -- Up-to-date: /home/roboticslab/Ros2_predator-project_WS/install/predator_msgs/share/predator_msgs/cmake/predator_msgs__rosidl_typesupport_cppExport.cmake
[0.877s] -- Up-to-date: /home/roboticslab/Ros2_predator-project_WS/install/predator_msgs/share/predator_msgs/cmake/predator_msgs__rosidl_typesupport_cppExport-noconfig.cmake
[0.877s] -- Up-to-date: /home/roboticslab/Ros2_predator-project_WS/install/predator_msgs/share/predator_msgs/cmake/export_predator_msgs__rosidl_generator_pyExport.cmake
[0.877s] -- Up-to-date: /home/roboticslab/Ros2_predator-project_WS/install/predator_msgs/share/predator_msgs/cmake/export_predator_msgs__rosidl_generator_pyExport-noconfig.cmake
[0.878s] -- Up-to-date: /home/roboticslab/Ros2_predator-project_WS/install/predator_msgs/share/predator_msgs/cmake/rosidl_cmake-extras.cmake
[0.878s] -- Up-to-date: /home/roboticslab/Ros2_predator-project_WS/install/predator_msgs/share/predator_msgs/cmake/ament_cmake_export_dependencies-extras.cmake
[0.878s] -- Up-to-date: /home/roboticslab/Ros2_predator-project_WS/install/predator_msgs/share/predator_msgs/cmake/ament_cmake_export_include_directories-extras.cmake
[0.878s] -- Up-to-date: /home/roboticslab/Ros2_predator-project_WS/install/predator_msgs/share/predator_msgs/cmake/ament_cmake_export_libraries-extras.cmake
[0.878s] -- Up-to-date: /home/roboticslab/Ros2_predator-project_WS/install/predator_msgs/share/predator_msgs/cmake/ament_cmake_export_targets-extras.cmake
[0.879s] -- Up-to-date: /home/roboticslab/Ros2_predator-project_WS/install/predator_msgs/share/predator_msgs/cmake/rosidl_cmake_export_typesupport_targets-extras.cmake
[0.879s] -- Up-to-date: /home/roboticslab/Ros2_predator-project_WS/install/predator_msgs/share/predator_msgs/cmake/rosidl_cmake_export_typesupport_libraries-extras.cmake
[0.879s] -- Up-to-date: /home/roboticslab/Ros2_predator-project_WS/install/predator_msgs/share/predator_msgs/cmake/predator_msgsConfig.cmake
[0.879s] -- Up-to-date: /home/roboticslab/Ros2_predator-project_WS/install/predator_msgs/share/predator_msgs/cmake/predator_msgsConfig-version.cmake
[0.879s] -- Up-to-date: /home/roboticslab/Ros2_predator-project_WS/install/predator_msgs/share/predator_msgs/package.xml
[0.879s] Invoked command in '/home/roboticslab/Ros2_predator-project_WS/build/predator_msgs' returned '0': CMAKE_PREFIX_PATH=${CMAKE_PREFIX_PATH}:/home/roboticslab/Ros2_predator-project_WS/install/predator_bringup:/home/roboticslab/Ros2_predator-project_WS/install/predator_perception:/home/roboticslab/Ros2_predator-project_WS/install/predator_navigation:/home/roboticslab/Ros2_predator-project_WS/install/predator_manipulation:/home/roboticslab/Ros2_predator-project_WS/install/predator_behavior:/home/roboticslab/ros2_ws/install/robotiq_description:/home/roboticslab/ros2_ws/install/robo_waiter:/home/roboticslab/ros2_ws/install/robo_chef:/home/roboticslab/ros2_ws/install/roboChef:/home/roboticslab/ros2_ws/install/moveit_configs_utils:/opt/ros/kilted DEBUGINFOD_URLS=https://debuginfod.ubuntu.com /usr/bin/cmake --install /home/roboticslab/Ros2_predator-project_WS/build/predator_msgs
