[0.280s] DEBUG:colcon:Command line arguments: ['/usr/bin/colcon', 'build']
[0.280s] DEBUG:colcon:Parsed command line arguments: Namespace(log_base=None, log_level=None, verb_name='build', build_base='build', install_base='install', merge_install=False, symlink_install=False, test_result_base=None, continue_on_error=False, executor='parallel', parallel_workers=4, event_handlers=None, ignore_user_meta=False, metas=['./colcon.meta'], base_paths=['.'], packages_ignore=None, packages_ignore_regex=None, paths=None, packages_up_to=None, packages_up_to_regex=None, packages_above=None, packages_above_and_dependencies=None, packages_above_depth=None, packages_select_by_dep=None, packages_skip_by_dep=None, packages_skip_up_to=None, packages_select_build_failed=False, packages_skip_build_finished=False, packages_select_test_failures=False, packages_skip_test_passed=False, packages_select=None, packages_skip=None, packages_select_regex=None, packages_skip_regex=None, packages_start=None, packages_end=None, allow_overriding=[], cmake_args=None, cmake_target=None, cmake_target_skip_unavailable=False, cmake_clean_cache=False, cmake_clean_first=False, cmake_force_configure=False, ament_cmake_args=None, catkin_cmake_args=None, catkin_skip_building_tests=False, mixin_files=None, mixin=None, verb_parser=<colcon_mixin.mixin.mixin_argument.MixinArgumentDecorator object at 0x72966ecfdd90>, verb_extension=<colcon_core.verb.build.BuildVerb object at 0x72966ecfdaf0>, main=<bound method BuildVerb.main of <colcon_core.verb.build.BuildVerb object at 0x72966ecfdaf0>>, mixin_verb=('build',))
[0.366s] Level 1:colcon.colcon_core.package_discovery:discover_packages(colcon_meta) check parameters
[0.366s] Level 1:colcon.colcon_core.package_discovery:discover_packages(recursive) check parameters
[0.366s] Level 1:colcon.colcon_core.package_discovery:discover_packages(ignore) check parameters
[0.366s] Level 1:colcon.colcon_core.package_discovery:discover_packages(path) check parameters
[0.366s] Level 1:colcon.colcon_core.package_discovery:discover_packages(colcon_meta) discover
[0.366s] Level 1:colcon.colcon_core.package_discovery:discover_packages(recursive) discover
[0.366s] INFO:colcon.colcon_core.package_discovery:Crawling recursively for packages in '/home/roboticslab/Ros2_predator-project_WS'
[0.366s] Level 1:colcon.colcon_core.package_identification:_identify(.) by extensions ['ignore', 'ignore_ament_install']
[0.366s] Level 1:colcon.colcon_core.package_identification:_identify(.) by extension 'ignore'
[0.366s] Level 1:colcon.colcon_core.package_identification:_identify(.) by extension 'ignore_ament_install'
[0.366s] Level 1:colcon.colcon_core.package_identification:_identify(.) by extensions ['colcon_pkg']
[0.366s] Level 1:colcon.colcon_core.package_identification:_identify(.) by extension 'colcon_pkg'
[0.366s] Level 1:colcon.colcon_core.package_identification:_identify(.) by extensions ['colcon_meta']
[0.367s] Level 1:colcon.colcon_core.package_identification:_identify(.) by extension 'colcon_meta'
[0.367s] Level 1:colcon.colcon_core.package_identification:_identify(.) by extensions ['ros']
[0.367s] Level 1:colcon.colcon_core.package_identification:_identify(.) by extension 'ros'
[0.435s] Level 1:colcon.colcon_core.package_identification:_identify(.) by extensions ['cmake', 'python']
[0.435s] Level 1:colcon.colcon_core.package_identification:_identify(.) by extension 'cmake'
[0.435s] Level 1:colcon.colcon_core.package_identification:_identify(.) by extension 'python'
[0.435s] Level 1:colcon.colcon_core.package_identification:_identify(.) by extensions ['python_setup_py']
[0.435s] Level 1:colcon.colcon_core.package_identification:_identify(.) by extension 'python_setup_py'
[0.436s] Level 1:colcon.colcon_core.package_identification:_identify(build) by extensions ['ignore', 'ignore_ament_install']
[0.436s] Level 1:colcon.colcon_core.package_identification:_identify(build) by extension 'ignore'
[0.436s] Level 1:colcon.colcon_core.package_identification:_identify(build) ignored
[0.436s] Level 1:colcon.colcon_core.package_identification:_identify(install) by extensions ['ignore', 'ignore_ament_install']
[0.436s] Level 1:colcon.colcon_core.package_identification:_identify(install) by extension 'ignore'
[0.436s] Level 1:colcon.colcon_core.package_identification:_identify(install) ignored
[0.436s] Level 1:colcon.colcon_core.package_identification:_identify(log) by extensions ['ignore', 'ignore_ament_install']
[0.436s] Level 1:colcon.colcon_core.package_identification:_identify(log) by extension 'ignore'
[0.436s] Level 1:colcon.colcon_core.package_identification:_identify(log) ignored
[0.436s] Level 1:colcon.colcon_core.package_identification:_identify(src) by extensions ['ignore', 'ignore_ament_install']
[0.437s] Level 1:colcon.colcon_core.package_identification:_identify(src) by extension 'ignore'
[0.437s] Level 1:colcon.colcon_core.package_identification:_identify(src) by extension 'ignore_ament_install'
[0.437s] Level 1:colcon.colcon_core.package_identification:_identify(src) by extensions ['colcon_pkg']
[0.437s] Level 1:colcon.colcon_core.package_identification:_identify(src) by extension 'colcon_pkg'
[0.437s] Level 1:colcon.colcon_core.package_identification:_identify(src) by extensions ['colcon_meta']
[0.437s] Level 1:colcon.colcon_core.package_identification:_identify(src) by extension 'colcon_meta'
[0.437s] Level 1:colcon.colcon_core.package_identification:_identify(src) by extensions ['ros']
[0.437s] Level 1:colcon.colcon_core.package_identification:_identify(src) by extension 'ros'
[0.437s] Level 1:colcon.colcon_core.package_identification:_identify(src) by extensions ['cmake', 'python']
[0.437s] Level 1:colcon.colcon_core.package_identification:_identify(src) by extension 'cmake'
[0.437s] Level 1:colcon.colcon_core.package_identification:_identify(src) by extension 'python'
[0.437s] Level 1:colcon.colcon_core.package_identification:_identify(src) by extensions ['python_setup_py']
[0.437s] Level 1:colcon.colcon_core.package_identification:_identify(src) by extension 'python_setup_py'
[0.437s] Level 1:colcon.colcon_core.package_identification:_identify(src/predator_behavior) by extensions ['ignore', 'ignore_ament_install']
[0.437s] Level 1:colcon.colcon_core.package_identification:_identify(src/predator_behavior) by extension 'ignore'
[0.438s] Level 1:colcon.colcon_core.package_identification:_identify(src/predator_behavior) by extension 'ignore_ament_install'
[0.438s] Level 1:colcon.colcon_core.package_identification:_identify(src/predator_behavior) by extensions ['colcon_pkg']
[0.438s] Level 1:colcon.colcon_core.package_identification:_identify(src/predator_behavior) by extension 'colcon_pkg'
[0.438s] Level 1:colcon.colcon_core.package_identification:_identify(src/predator_behavior) by extensions ['colcon_meta']
[0.438s] Level 1:colcon.colcon_core.package_identification:_identify(src/predator_behavior) by extension 'colcon_meta'
[0.438s] Level 1:colcon.colcon_core.package_identification:_identify(src/predator_behavior) by extensions ['ros']
[0.438s] Level 1:colcon.colcon_core.package_identification:_identify(src/predator_behavior) by extension 'ros'
[0.441s] DEBUG:colcon.colcon_core.package_identification:Package 'src/predator_behavior' with type 'ros.ament_python' and name 'predator_behavior'
[0.441s] Level 1:colcon.colcon_core.package_identification:_identify(src/predator_bringup) by extensions ['ignore', 'ignore_ament_install']
[0.441s] Level 1:colcon.colcon_core.package_identification:_identify(src/predator_bringup) by extension 'ignore'
[0.441s] Level 1:colcon.colcon_core.package_identification:_identify(src/predator_bringup) by extension 'ignore_ament_install'
[0.442s] Level 1:colcon.colcon_core.package_identification:_identify(src/predator_bringup) by extensions ['colcon_pkg']
[0.442s] Level 1:colcon.colcon_core.package_identification:_identify(src/predator_bringup) by extension 'colcon_pkg'
[0.442s] Level 1:colcon.colcon_core.package_identification:_identify(src/predator_bringup) by extensions ['colcon_meta']
[0.442s] Level 1:colcon.colcon_core.package_identification:_identify(src/predator_bringup) by extension 'colcon_meta'
[0.442s] Level 1:colcon.colcon_core.package_identification:_identify(src/predator_bringup) by extensions ['ros']
[0.442s] Level 1:colcon.colcon_core.package_identification:_identify(src/predator_bringup) by extension 'ros'
[0.442s] DEBUG:colcon.colcon_core.package_identification:Package 'src/predator_bringup' with type 'ros.ament_python' and name 'predator_bringup'
[0.443s] Level 1:colcon.colcon_core.package_identification:_identify(src/predator_manipulation) by extensions ['ignore', 'ignore_ament_install']
[0.443s] Level 1:colcon.colcon_core.package_identification:_identify(src/predator_manipulation) by extension 'ignore'
[0.443s] Level 1:colcon.colcon_core.package_identification:_identify(src/predator_manipulation) by extension 'ignore_ament_install'
[0.443s] Level 1:colcon.colcon_core.package_identification:_identify(src/predator_manipulation) by extensions ['colcon_pkg']
[0.443s] Level 1:colcon.colcon_core.package_identification:_identify(src/predator_manipulation) by extension 'colcon_pkg'
[0.443s] Level 1:colcon.colcon_core.package_identification:_identify(src/predator_manipulation) by extensions ['colcon_meta']
[0.443s] Level 1:colcon.colcon_core.package_identification:_identify(src/predator_manipulation) by extension 'colcon_meta'
[0.443s] Level 1:colcon.colcon_core.package_identification:_identify(src/predator_manipulation) by extensions ['ros']
[0.443s] Level 1:colcon.colcon_core.package_identification:_identify(src/predator_manipulation) by extension 'ros'
[0.444s] DEBUG:colcon.colcon_core.package_identification:Package 'src/predator_manipulation' with type 'ros.ament_python' and name 'predator_manipulation'
[0.444s] Level 1:colcon.colcon_core.package_identification:_identify(src/predator_msgs) by extensions ['ignore', 'ignore_ament_install']
[0.445s] Level 1:colcon.colcon_core.package_identification:_identify(src/predator_msgs) by extension 'ignore'
[0.445s] Level 1:colcon.colcon_core.package_identification:_identify(src/predator_msgs) by extension 'ignore_ament_install'
[0.445s] Level 1:colcon.colcon_core.package_identification:_identify(src/predator_msgs) by extensions ['colcon_pkg']
[0.445s] Level 1:colcon.colcon_core.package_identification:_identify(src/predator_msgs) by extension 'colcon_pkg'
[0.445s] Level 1:colcon.colcon_core.package_identification:_identify(src/predator_msgs) by extensions ['colcon_meta']
[0.445s] Level 1:colcon.colcon_core.package_identification:_identify(src/predator_msgs) by extension 'colcon_meta'
[0.445s] Level 1:colcon.colcon_core.package_identification:_identify(src/predator_msgs) by extensions ['ros']
[0.445s] Level 1:colcon.colcon_core.package_identification:_identify(src/predator_msgs) by extension 'ros'
[0.446s] DEBUG:colcon.colcon_core.package_identification:Package 'src/predator_msgs' with type 'ros.ament_cmake' and name 'predator_msgs'
[0.446s] Level 1:colcon.colcon_core.package_identification:_identify(src/predator_navigation) by extensions ['ignore', 'ignore_ament_install']
[0.446s] Level 1:colcon.colcon_core.package_identification:_identify(src/predator_navigation) by extension 'ignore'
[0.446s] Level 1:colcon.colcon_core.package_identification:_identify(src/predator_navigation) by extension 'ignore_ament_install'
[0.446s] Level 1:colcon.colcon_core.package_identification:_identify(src/predator_navigation) by extensions ['colcon_pkg']
[0.446s] Level 1:colcon.colcon_core.package_identification:_identify(src/predator_navigation) by extension 'colcon_pkg'
[0.446s] Level 1:colcon.colcon_core.package_identification:_identify(src/predator_navigation) by extensions ['colcon_meta']
[0.446s] Level 1:colcon.colcon_core.package_identification:_identify(src/predator_navigation) by extension 'colcon_meta'
[0.446s] Level 1:colcon.colcon_core.package_identification:_identify(src/predator_navigation) by extensions ['ros']
[0.446s] Level 1:colcon.colcon_core.package_identification:_identify(src/predator_navigation) by extension 'ros'
[0.447s] DEBUG:colcon.colcon_core.package_identification:Package 'src/predator_navigation' with type 'ros.ament_python' and name 'predator_navigation'
[0.447s] Level 1:colcon.colcon_core.package_identification:_identify(src/predator_perception) by extensions ['ignore', 'ignore_ament_install']
[0.447s] Level 1:colcon.colcon_core.package_identification:_identify(src/predator_perception) by extension 'ignore'
[0.447s] Level 1:colcon.colcon_core.package_identification:_identify(src/predator_perception) by extension 'ignore_ament_install'
[0.448s] Level 1:colcon.colcon_core.package_identification:_identify(src/predator_perception) by extensions ['colcon_pkg']
[0.448s] Level 1:colcon.colcon_core.package_identification:_identify(src/predator_perception) by extension 'colcon_pkg'
[0.448s] Level 1:colcon.colcon_core.package_identification:_identify(src/predator_perception) by extensions ['colcon_meta']
[0.448s] Level 1:colcon.colcon_core.package_identification:_identify(src/predator_perception) by extension 'colcon_meta'
[0.448s] Level 1:colcon.colcon_core.package_identification:_identify(src/predator_perception) by extensions ['ros']
[0.448s] Level 1:colcon.colcon_core.package_identification:_identify(src/predator_perception) by extension 'ros'
[0.449s] DEBUG:colcon.colcon_core.package_identification:Package 'src/predator_perception' with type 'ros.ament_python' and name 'predator_perception'
[0.449s] Level 1:colcon.colcon_core.package_discovery:discover_packages(recursive) using defaults
[0.449s] Level 1:colcon.colcon_core.package_discovery:discover_packages(ignore) discover
[0.449s] Level 1:colcon.colcon_core.package_discovery:discover_packages(ignore) using defaults
[0.449s] Level 1:colcon.colcon_core.package_discovery:discover_packages(path) discover
[0.449s] Level 1:colcon.colcon_core.package_discovery:discover_packages(path) using defaults
[0.478s] Level 1:colcon.colcon_core.package_discovery:discover_packages(prefix_path) check parameters
[0.478s] Level 1:colcon.colcon_core.package_discovery:discover_packages(prefix_path) discover
[0.510s] DEBUG:colcon.colcon_installed_package_information.package_discovery:Found 6 installed packages in /home/roboticslab/Ros2_predator-project_WS/install
[0.513s] DEBUG:colcon.colcon_installed_package_information.package_discovery:Found 75 installed packages in /home/roboticslab/ros2_ws/install
[0.517s] DEBUG:colcon.colcon_installed_package_information.package_discovery:Found 510 installed packages in /opt/ros/kilted
[0.521s] Level 1:colcon.colcon_core.package_discovery:discover_packages(prefix_path) using defaults
[0.677s] Level 5:colcon.colcon_core.verb:set package 'predator_msgs' build argument 'cmake_args' from command line to 'None'
[0.677s] Level 5:colcon.colcon_core.verb:set package 'predator_msgs' build argument 'cmake_target' from command line to 'None'
[0.677s] Level 5:colcon.colcon_core.verb:set package 'predator_msgs' build argument 'cmake_target_skip_unavailable' from command line to 'False'
[0.677s] Level 5:colcon.colcon_core.verb:set package 'predator_msgs' build argument 'cmake_clean_cache' from command line to 'False'
[0.677s] Level 5:colcon.colcon_core.verb:set package 'predator_msgs' build argument 'cmake_clean_first' from command line to 'False'
[0.677s] Level 5:colcon.colcon_core.verb:set package 'predator_msgs' build argument 'cmake_force_configure' from command line to 'False'
[0.677s] Level 5:colcon.colcon_core.verb:set package 'predator_msgs' build argument 'ament_cmake_args' from command line to 'None'
[0.677s] Level 5:colcon.colcon_core.verb:set package 'predator_msgs' build argument 'catkin_cmake_args' from command line to 'None'
[0.678s] Level 5:colcon.colcon_core.verb:set package 'predator_msgs' build argument 'catkin_skip_building_tests' from command line to 'False'
[0.678s] DEBUG:colcon.colcon_core.verb:Building package 'predator_msgs' with the following arguments: {'ament_cmake_args': None, 'build_base': '/home/roboticslab/Ros2_predator-project_WS/build/predator_msgs', 'catkin_cmake_args': None, 'catkin_skip_building_tests': False, 'cmake_args': None, 'cmake_clean_cache': False, 'cmake_clean_first': False, 'cmake_force_configure': False, 'cmake_target': None, 'cmake_target_skip_unavailable': False, 'install_base': '/home/roboticslab/Ros2_predator-project_WS/install/predator_msgs', 'merge_install': False, 'path': '/home/roboticslab/Ros2_predator-project_WS/src/predator_msgs', 'symlink_install': False, 'test_result_base': None}
[0.678s] Level 5:colcon.colcon_core.verb:set package 'predator_behavior' build argument 'cmake_args' from command line to 'None'
[0.678s] Level 5:colcon.colcon_core.verb:set package 'predator_behavior' build argument 'cmake_target' from command line to 'None'
[0.678s] Level 5:colcon.colcon_core.verb:set package 'predator_behavior' build argument 'cmake_target_skip_unavailable' from command line to 'False'
[0.678s] Level 5:colcon.colcon_core.verb:set package 'predator_behavior' build argument 'cmake_clean_cache' from command line to 'False'
[0.678s] Level 5:colcon.colcon_core.verb:set package 'predator_behavior' build argument 'cmake_clean_first' from command line to 'False'
[0.678s] Level 5:colcon.colcon_core.verb:set package 'predator_behavior' build argument 'cmake_force_configure' from command line to 'False'
[0.678s] Level 5:colcon.colcon_core.verb:set package 'predator_behavior' build argument 'ament_cmake_args' from command line to 'None'
[0.678s] Level 5:colcon.colcon_core.verb:set package 'predator_behavior' build argument 'catkin_cmake_args' from command line to 'None'
[0.678s] Level 5:colcon.colcon_core.verb:set package 'predator_behavior' build argument 'catkin_skip_building_tests' from command line to 'False'
[0.678s] DEBUG:colcon.colcon_core.verb:Building package 'predator_behavior' with the following arguments: {'ament_cmake_args': None, 'build_base': '/home/roboticslab/Ros2_predator-project_WS/build/predator_behavior', 'catkin_cmake_args': None, 'catkin_skip_building_tests': False, 'cmake_args': None, 'cmake_clean_cache': False, 'cmake_clean_first': False, 'cmake_force_configure': False, 'cmake_target': None, 'cmake_target_skip_unavailable': False, 'install_base': '/home/roboticslab/Ros2_predator-project_WS/install/predator_behavior', 'merge_install': False, 'path': '/home/roboticslab/Ros2_predator-project_WS/src/predator_behavior', 'symlink_install': False, 'test_result_base': None}
[0.679s] Level 5:colcon.colcon_core.verb:set package 'predator_manipulation' build argument 'cmake_args' from command line to 'None'
[0.679s] Level 5:colcon.colcon_core.verb:set package 'predator_manipulation' build argument 'cmake_target' from command line to 'None'
[0.679s] Level 5:colcon.colcon_core.verb:set package 'predator_manipulation' build argument 'cmake_target_skip_unavailable' from command line to 'False'
[0.679s] Level 5:colcon.colcon_core.verb:set package 'predator_manipulation' build argument 'cmake_clean_cache' from command line to 'False'
[0.679s] Level 5:colcon.colcon_core.verb:set package 'predator_manipulation' build argument 'cmake_clean_first' from command line to 'False'
[0.679s] Level 5:colcon.colcon_core.verb:set package 'predator_manipulation' build argument 'cmake_force_configure' from command line to 'False'
[0.679s] Level 5:colcon.colcon_core.verb:set package 'predator_manipulation' build argument 'ament_cmake_args' from command line to 'None'
[0.679s] Level 5:colcon.colcon_core.verb:set package 'predator_manipulation' build argument 'catkin_cmake_args' from command line to 'None'
[0.679s] Level 5:colcon.colcon_core.verb:set package 'predator_manipulation' build argument 'catkin_skip_building_tests' from command line to 'False'
[0.679s] DEBUG:colcon.colcon_core.verb:Building package 'predator_manipulation' with the following arguments: {'ament_cmake_args': None, 'build_base': '/home/roboticslab/Ros2_predator-project_WS/build/predator_manipulation', 'catkin_cmake_args': None, 'catkin_skip_building_tests': False, 'cmake_args': None, 'cmake_clean_cache': False, 'cmake_clean_first': False, 'cmake_force_configure': False, 'cmake_target': None, 'cmake_target_skip_unavailable': False, 'install_base': '/home/roboticslab/Ros2_predator-project_WS/install/predator_manipulation', 'merge_install': False, 'path': '/home/roboticslab/Ros2_predator-project_WS/src/predator_manipulation', 'symlink_install': False, 'test_result_base': None}
[0.680s] Level 5:colcon.colcon_core.verb:set package 'predator_navigation' build argument 'cmake_args' from command line to 'None'
[0.680s] Level 5:colcon.colcon_core.verb:set package 'predator_navigation' build argument 'cmake_target' from command line to 'None'
[0.680s] Level 5:colcon.colcon_core.verb:set package 'predator_navigation' build argument 'cmake_target_skip_unavailable' from command line to 'False'
[0.680s] Level 5:colcon.colcon_core.verb:set package 'predator_navigation' build argument 'cmake_clean_cache' from command line to 'False'
[0.680s] Level 5:colcon.colcon_core.verb:set package 'predator_navigation' build argument 'cmake_clean_first' from command line to 'False'
[0.680s] Level 5:colcon.colcon_core.verb:set package 'predator_navigation' build argument 'cmake_force_configure' from command line to 'False'
[0.680s] Level 5:colcon.colcon_core.verb:set package 'predator_navigation' build argument 'ament_cmake_args' from command line to 'None'
[0.680s] Level 5:colcon.colcon_core.verb:set package 'predator_navigation' build argument 'catkin_cmake_args' from command line to 'None'
[0.680s] Level 5:colcon.colcon_core.verb:set package 'predator_navigation' build argument 'catkin_skip_building_tests' from command line to 'False'
[0.680s] DEBUG:colcon.colcon_core.verb:Building package 'predator_navigation' with the following arguments: {'ament_cmake_args': None, 'build_base': '/home/roboticslab/Ros2_predator-project_WS/build/predator_navigation', 'catkin_cmake_args': None, 'catkin_skip_building_tests': False, 'cmake_args': None, 'cmake_clean_cache': False, 'cmake_clean_first': False, 'cmake_force_configure': False, 'cmake_target': None, 'cmake_target_skip_unavailable': False, 'install_base': '/home/roboticslab/Ros2_predator-project_WS/install/predator_navigation', 'merge_install': False, 'path': '/home/roboticslab/Ros2_predator-project_WS/src/predator_navigation', 'symlink_install': False, 'test_result_base': None}
[0.680s] Level 5:colcon.colcon_core.verb:set package 'predator_perception' build argument 'cmake_args' from command line to 'None'
[0.680s] Level 5:colcon.colcon_core.verb:set package 'predator_perception' build argument 'cmake_target' from command line to 'None'
[0.680s] Level 5:colcon.colcon_core.verb:set package 'predator_perception' build argument 'cmake_target_skip_unavailable' from command line to 'False'
[0.681s] Level 5:colcon.colcon_core.verb:set package 'predator_perception' build argument 'cmake_clean_cache' from command line to 'False'
[0.681s] Level 5:colcon.colcon_core.verb:set package 'predator_perception' build argument 'cmake_clean_first' from command line to 'False'
[0.681s] Level 5:colcon.colcon_core.verb:set package 'predator_perception' build argument 'cmake_force_configure' from command line to 'False'
[0.681s] Level 5:colcon.colcon_core.verb:set package 'predator_perception' build argument 'ament_cmake_args' from command line to 'None'
[0.681s] Level 5:colcon.colcon_core.verb:set package 'predator_perception' build argument 'catkin_cmake_args' from command line to 'None'
[0.681s] Level 5:colcon.colcon_core.verb:set package 'predator_perception' build argument 'catkin_skip_building_tests' from command line to 'False'
[0.681s] DEBUG:colcon.colcon_core.verb:Building package 'predator_perception' with the following arguments: {'ament_cmake_args': None, 'build_base': '/home/roboticslab/Ros2_predator-project_WS/build/predator_perception', 'catkin_cmake_args': None, 'catkin_skip_building_tests': False, 'cmake_args': None, 'cmake_clean_cache': False, 'cmake_clean_first': False, 'cmake_force_configure': False, 'cmake_target': None, 'cmake_target_skip_unavailable': False, 'install_base': '/home/roboticslab/Ros2_predator-project_WS/install/predator_perception', 'merge_install': False, 'path': '/home/roboticslab/Ros2_predator-project_WS/src/predator_perception', 'symlink_install': False, 'test_result_base': None}
[0.681s] Level 5:colcon.colcon_core.verb:set package 'predator_bringup' build argument 'cmake_args' from command line to 'None'
[0.681s] Level 5:colcon.colcon_core.verb:set package 'predator_bringup' build argument 'cmake_target' from command line to 'None'
[0.681s] Level 5:colcon.colcon_core.verb:set package 'predator_bringup' build argument 'cmake_target_skip_unavailable' from command line to 'False'
[0.681s] Level 5:colcon.colcon_core.verb:set package 'predator_bringup' build argument 'cmake_clean_cache' from command line to 'False'
[0.681s] Level 5:colcon.colcon_core.verb:set package 'predator_bringup' build argument 'cmake_clean_first' from command line to 'False'
[0.682s] Level 5:colcon.colcon_core.verb:set package 'predator_bringup' build argument 'cmake_force_configure' from command line to 'False'
[0.682s] Level 5:colcon.colcon_core.verb:set package 'predator_bringup' build argument 'ament_cmake_args' from command line to 'None'
[0.682s] Level 5:colcon.colcon_core.verb:set package 'predator_bringup' build argument 'catkin_cmake_args' from command line to 'None'
[0.682s] Level 5:colcon.colcon_core.verb:set package 'predator_bringup' build argument 'catkin_skip_building_tests' from command line to 'False'
[0.682s] DEBUG:colcon.colcon_core.verb:Building package 'predator_bringup' with the following arguments: {'ament_cmake_args': None, 'build_base': '/home/roboticslab/Ros2_predator-project_WS/build/predator_bringup', 'catkin_cmake_args': None, 'catkin_skip_building_tests': False, 'cmake_args': None, 'cmake_clean_cache': False, 'cmake_clean_first': False, 'cmake_force_configure': False, 'cmake_target': None, 'cmake_target_skip_unavailable': False, 'install_base': '/home/roboticslab/Ros2_predator-project_WS/install/predator_bringup', 'merge_install': False, 'path': '/home/roboticslab/Ros2_predator-project_WS/src/predator_bringup', 'symlink_install': False, 'test_result_base': None}
[0.682s] INFO:colcon.colcon_core.executor:Executing jobs using 'parallel' executor
[0.683s] DEBUG:colcon.colcon_parallel_executor.executor.parallel:run_until_complete
[0.683s] INFO:colcon.colcon_ros.task.ament_cmake.build:Building ROS package in '/home/roboticslab/Ros2_predator-project_WS/src/predator_msgs' with build type 'ament_cmake'
[0.683s] INFO:colcon.colcon_cmake.task.cmake.build:Building CMake package in '/home/roboticslab/Ros2_predator-project_WS/src/predator_msgs'
[0.688s] INFO:colcon.colcon_core.plugin_system:Skipping extension 'colcon_core.shell.bat': Not used on non-Windows systems
[0.688s] INFO:colcon.colcon_core.shell:Skip shell extension 'powershell' for command environment: Not usable outside of PowerShell
[0.689s] DEBUG:colcon.colcon_core.shell:Skip shell extension 'dsv' for command environment
[0.744s] DEBUG:colcon.colcon_core.event_handler.log_command:Invoking command in '/home/roboticslab/Ros2_predator-project_WS/build/predator_msgs': CMAKE_PREFIX_PATH=${CMAKE_PREFIX_PATH}:/home/roboticslab/Ros2_predator-project_WS/install/predator_bringup:/home/roboticslab/Ros2_predator-project_WS/install/predator_perception:/home/roboticslab/Ros2_predator-project_WS/install/predator_navigation:/home/roboticslab/Ros2_predator-project_WS/install/predator_manipulation:/home/roboticslab/Ros2_predator-project_WS/install/predator_behavior:/home/roboticslab/ros2_ws/install/robotiq_description:/home/roboticslab/ros2_ws/install/robo_waiter:/home/roboticslab/ros2_ws/install/robo_chef:/home/roboticslab/ros2_ws/install/roboChef:/home/roboticslab/ros2_ws/install/moveit_configs_utils:/opt/ros/kilted DEBUGINFOD_URLS=https://debuginfod.ubuntu.com /usr/bin/cmake --build /home/roboticslab/Ros2_predator-project_WS/build/predator_msgs -- -j4 -l4
[2.784s] DEBUG:colcon.colcon_core.event_handler.log_command:Invoked command in '/home/roboticslab/Ros2_predator-project_WS/build/predator_msgs' returned '0': CMAKE_PREFIX_PATH=${CMAKE_PREFIX_PATH}:/home/roboticslab/Ros2_predator-project_WS/install/predator_bringup:/home/roboticslab/Ros2_predator-project_WS/install/predator_perception:/home/roboticslab/Ros2_predator-project_WS/install/predator_navigation:/home/roboticslab/Ros2_predator-project_WS/install/predator_manipulation:/home/roboticslab/Ros2_predator-project_WS/install/predator_behavior:/home/roboticslab/ros2_ws/install/robotiq_description:/home/roboticslab/ros2_ws/install/robo_waiter:/home/roboticslab/ros2_ws/install/robo_chef:/home/roboticslab/ros2_ws/install/roboChef:/home/roboticslab/ros2_ws/install/moveit_configs_utils:/opt/ros/kilted DEBUGINFOD_URLS=https://debuginfod.ubuntu.com /usr/bin/cmake --build /home/roboticslab/Ros2_predator-project_WS/build/predator_msgs -- -j4 -l4
[2.804s] DEBUG:colcon.colcon_core.event_handler.log_command:Invoking command in '/home/roboticslab/Ros2_predator-project_WS/build/predator_msgs': CMAKE_PREFIX_PATH=${CMAKE_PREFIX_PATH}:/home/roboticslab/Ros2_predator-project_WS/install/predator_bringup:/home/roboticslab/Ros2_predator-project_WS/install/predator_perception:/home/roboticslab/Ros2_predator-project_WS/install/predator_navigation:/home/roboticslab/Ros2_predator-project_WS/install/predator_manipulation:/home/roboticslab/Ros2_predator-project_WS/install/predator_behavior:/home/roboticslab/ros2_ws/install/robotiq_description:/home/roboticslab/ros2_ws/install/robo_waiter:/home/roboticslab/ros2_ws/install/robo_chef:/home/roboticslab/ros2_ws/install/roboChef:/home/roboticslab/ros2_ws/install/moveit_configs_utils:/opt/ros/kilted DEBUGINFOD_URLS=https://debuginfod.ubuntu.com /usr/bin/cmake --install /home/roboticslab/Ros2_predator-project_WS/build/predator_msgs
[3.022s] Level 1:colcon.colcon_core.environment:create_environment_scripts_only(predator_msgs)
[3.023s] DEBUG:colcon.colcon_core.event_handler.log_command:Invoked command in '/home/roboticslab/Ros2_predator-project_WS/build/predator_msgs' returned '0': CMAKE_PREFIX_PATH=${CMAKE_PREFIX_PATH}:/home/roboticslab/Ros2_predator-project_WS/install/predator_bringup:/home/roboticslab/Ros2_predator-project_WS/install/predator_perception:/home/roboticslab/Ros2_predator-project_WS/install/predator_navigation:/home/roboticslab/Ros2_predator-project_WS/install/predator_manipulation:/home/roboticslab/Ros2_predator-project_WS/install/predator_behavior:/home/roboticslab/ros2_ws/install/robotiq_description:/home/roboticslab/ros2_ws/install/robo_waiter:/home/roboticslab/ros2_ws/install/robo_chef:/home/roboticslab/ros2_ws/install/roboChef:/home/roboticslab/ros2_ws/install/moveit_configs_utils:/opt/ros/kilted DEBUGINFOD_URLS=https://debuginfod.ubuntu.com /usr/bin/cmake --install /home/roboticslab/Ros2_predator-project_WS/build/predator_msgs
[3.027s] Level 1:colcon.colcon_core.environment:checking '/home/roboticslab/Ros2_predator-project_WS/install/predator_msgs' for CMake module files
[3.028s] Level 1:colcon.colcon_core.environment:checking '/home/roboticslab/Ros2_predator-project_WS/install/predator_msgs' for CMake config files
[3.030s] Level 1:colcon.colcon_core.shell:create_environment_hook('predator_msgs', 'cmake_prefix_path')
[3.030s] INFO:colcon.colcon_core.shell:Creating environment hook '/home/roboticslab/Ros2_predator-project_WS/install/predator_msgs/share/predator_msgs/hook/cmake_prefix_path.ps1'
[3.044s] INFO:colcon.colcon_core.shell:Creating environment descriptor '/home/roboticslab/Ros2_predator-project_WS/install/predator_msgs/share/predator_msgs/hook/cmake_prefix_path.dsv'
[3.044s] INFO:colcon.colcon_core.shell:Creating environment hook '/home/roboticslab/Ros2_predator-project_WS/install/predator_msgs/share/predator_msgs/hook/cmake_prefix_path.sh'
[3.045s] Level 1:colcon.colcon_core.environment:checking '/home/roboticslab/Ros2_predator-project_WS/install/predator_msgs/lib'
[3.046s] Level 1:colcon.colcon_core.shell:create_environment_hook('predator_msgs', 'ld_library_path_lib')
[3.046s] INFO:colcon.colcon_core.shell:Creating environment hook '/home/roboticslab/Ros2_predator-project_WS/install/predator_msgs/share/predator_msgs/hook/ld_library_path_lib.ps1'
[3.046s] INFO:colcon.colcon_core.shell:Creating environment descriptor '/home/roboticslab/Ros2_predator-project_WS/install/predator_msgs/share/predator_msgs/hook/ld_library_path_lib.dsv'
[3.047s] INFO:colcon.colcon_core.shell:Creating environment hook '/home/roboticslab/Ros2_predator-project_WS/install/predator_msgs/share/predator_msgs/hook/ld_library_path_lib.sh'
[3.047s] Level 1:colcon.colcon_core.environment:checking '/home/roboticslab/Ros2_predator-project_WS/install/predator_msgs/bin'
[3.047s] Level 1:colcon.colcon_core.environment:checking '/home/roboticslab/Ros2_predator-project_WS/install/predator_msgs/lib/pkgconfig/predator_msgs.pc'
[3.048s] Level 1:colcon.colcon_core.environment:checking '/home/roboticslab/Ros2_predator-project_WS/install/predator_msgs/lib/python3.12/site-packages'
[3.048s] Level 1:colcon.colcon_core.shell:create_environment_hook('predator_msgs', 'pythonpath')
[3.048s] INFO:colcon.colcon_core.shell:Creating environment hook '/home/roboticslab/Ros2_predator-project_WS/install/predator_msgs/share/predator_msgs/hook/pythonpath.ps1'
[3.049s] INFO:colcon.colcon_core.shell:Creating environment descriptor '/home/roboticslab/Ros2_predator-project_WS/install/predator_msgs/share/predator_msgs/hook/pythonpath.dsv'
[3.049s] INFO:colcon.colcon_core.shell:Creating environment hook '/home/roboticslab/Ros2_predator-project_WS/install/predator_msgs/share/predator_msgs/hook/pythonpath.sh'
[3.050s] Level 1:colcon.colcon_core.environment:checking '/home/roboticslab/Ros2_predator-project_WS/install/predator_msgs/bin'
[3.051s] INFO:colcon.colcon_core.shell:Creating package script '/home/roboticslab/Ros2_predator-project_WS/install/predator_msgs/share/predator_msgs/package.ps1'
[3.053s] INFO:colcon.colcon_core.shell:Creating package descriptor '/home/roboticslab/Ros2_predator-project_WS/install/predator_msgs/share/predator_msgs/package.dsv'
[3.054s] INFO:colcon.colcon_core.shell:Creating package script '/home/roboticslab/Ros2_predator-project_WS/install/predator_msgs/share/predator_msgs/package.sh'
[3.055s] INFO:colcon.colcon_core.shell:Creating package script '/home/roboticslab/Ros2_predator-project_WS/install/predator_msgs/share/predator_msgs/package.bash'
[3.055s] INFO:colcon.colcon_core.shell:Creating package script '/home/roboticslab/Ros2_predator-project_WS/install/predator_msgs/share/predator_msgs/package.zsh'
[3.056s] Level 1:colcon.colcon_core.environment:create_file_with_runtime_dependencies(/home/roboticslab/Ros2_predator-project_WS/install/predator_msgs/share/colcon-core/packages/predator_msgs)
[3.057s] Level 1:colcon.colcon_core.environment:create_environment_scripts_only(predator_msgs)
[3.057s] Level 1:colcon.colcon_core.environment:checking '/home/roboticslab/Ros2_predator-project_WS/install/predator_msgs' for CMake module files
[3.058s] Level 1:colcon.colcon_core.environment:checking '/home/roboticslab/Ros2_predator-project_WS/install/predator_msgs' for CMake config files
[3.059s] Level 1:colcon.colcon_core.shell:create_environment_hook('predator_msgs', 'cmake_prefix_path')
[3.059s] INFO:colcon.colcon_core.shell:Creating environment hook '/home/roboticslab/Ros2_predator-project_WS/install/predator_msgs/share/predator_msgs/hook/cmake_prefix_path.ps1'
[3.060s] INFO:colcon.colcon_core.shell:Creating environment descriptor '/home/roboticslab/Ros2_predator-project_WS/install/predator_msgs/share/predator_msgs/hook/cmake_prefix_path.dsv'
[3.060s] INFO:colcon.colcon_core.shell:Creating environment hook '/home/roboticslab/Ros2_predator-project_WS/install/predator_msgs/share/predator_msgs/hook/cmake_prefix_path.sh'
[3.061s] Level 1:colcon.colcon_core.environment:checking '/home/roboticslab/Ros2_predator-project_WS/install/predator_msgs/lib'
[3.061s] Level 1:colcon.colcon_core.shell:create_environment_hook('predator_msgs', 'ld_library_path_lib')
[3.061s] INFO:colcon.colcon_core.shell:Creating environment hook '/home/roboticslab/Ros2_predator-project_WS/install/predator_msgs/share/predator_msgs/hook/ld_library_path_lib.ps1'
[3.062s] INFO:colcon.colcon_core.shell:Creating environment descriptor '/home/roboticslab/Ros2_predator-project_WS/install/predator_msgs/share/predator_msgs/hook/ld_library_path_lib.dsv'
[3.062s] INFO:colcon.colcon_core.shell:Creating environment hook '/home/roboticslab/Ros2_predator-project_WS/install/predator_msgs/share/predator_msgs/hook/ld_library_path_lib.sh'
[3.063s] Level 1:colcon.colcon_core.environment:checking '/home/roboticslab/Ros2_predator-project_WS/install/predator_msgs/bin'
[3.063s] Level 1:colcon.colcon_core.environment:checking '/home/roboticslab/Ros2_predator-project_WS/install/predator_msgs/lib/pkgconfig/predator_msgs.pc'
[3.063s] Level 1:colcon.colcon_core.environment:checking '/home/roboticslab/Ros2_predator-project_WS/install/predator_msgs/lib/python3.12/site-packages'
[3.063s] Level 1:colcon.colcon_core.shell:create_environment_hook('predator_msgs', 'pythonpath')
[3.063s] INFO:colcon.colcon_core.shell:Creating environment hook '/home/roboticslab/Ros2_predator-project_WS/install/predator_msgs/share/predator_msgs/hook/pythonpath.ps1'
[3.064s] INFO:colcon.colcon_core.shell:Creating environment descriptor '/home/roboticslab/Ros2_predator-project_WS/install/predator_msgs/share/predator_msgs/hook/pythonpath.dsv'
[3.064s] INFO:colcon.colcon_core.shell:Creating environment hook '/home/roboticslab/Ros2_predator-project_WS/install/predator_msgs/share/predator_msgs/hook/pythonpath.sh'
[3.065s] Level 1:colcon.colcon_core.environment:checking '/home/roboticslab/Ros2_predator-project_WS/install/predator_msgs/bin'
[3.066s] INFO:colcon.colcon_core.shell:Creating package script '/home/roboticslab/Ros2_predator-project_WS/install/predator_msgs/share/predator_msgs/package.ps1'
[3.067s] INFO:colcon.colcon_core.shell:Creating package descriptor '/home/roboticslab/Ros2_predator-project_WS/install/predator_msgs/share/predator_msgs/package.dsv'
[3.068s] INFO:colcon.colcon_core.shell:Creating package script '/home/roboticslab/Ros2_predator-project_WS/install/predator_msgs/share/predator_msgs/package.sh'
[3.068s] INFO:colcon.colcon_core.shell:Creating package script '/home/roboticslab/Ros2_predator-project_WS/install/predator_msgs/share/predator_msgs/package.bash'
[3.069s] INFO:colcon.colcon_core.shell:Creating package script '/home/roboticslab/Ros2_predator-project_WS/install/predator_msgs/share/predator_msgs/package.zsh'
[3.069s] Level 1:colcon.colcon_core.environment:create_file_with_runtime_dependencies(/home/roboticslab/Ros2_predator-project_WS/install/predator_msgs/share/colcon-core/packages/predator_msgs)
[3.070s] INFO:colcon.colcon_ros.task.ament_python.build:Building ROS package in '/home/roboticslab/Ros2_predator-project_WS/src/predator_behavior' with build type 'ament_python'
[3.070s] Level 1:colcon.colcon_core.shell:create_environment_hook('predator_behavior', 'ament_prefix_path')
[3.070s] INFO:colcon.colcon_core.shell:Creating environment hook '/home/roboticslab/Ros2_predator-project_WS/install/predator_behavior/share/predator_behavior/hook/ament_prefix_path.ps1'
[3.080s] INFO:colcon.colcon_core.shell:Creating environment descriptor '/home/roboticslab/Ros2_predator-project_WS/install/predator_behavior/share/predator_behavior/hook/ament_prefix_path.dsv'
[3.080s] INFO:colcon.colcon_core.shell:Creating environment hook '/home/roboticslab/Ros2_predator-project_WS/install/predator_behavior/share/predator_behavior/hook/ament_prefix_path.sh'
[3.081s] INFO:colcon.colcon_core.shell:Skip shell extension 'powershell' for command environment: Not usable outside of PowerShell
[3.081s] DEBUG:colcon.colcon_core.shell:Skip shell extension 'dsv' for command environment
[3.098s] INFO:colcon.colcon_ros.task.ament_python.build:Building ROS package in '/home/roboticslab/Ros2_predator-project_WS/src/predator_manipulation' with build type 'ament_python'
[3.098s] Level 1:colcon.colcon_core.shell:create_environment_hook('predator_manipulation', 'ament_prefix_path')
[3.098s] INFO:colcon.colcon_core.shell:Creating environment hook '/home/roboticslab/Ros2_predator-project_WS/install/predator_manipulation/share/predator_manipulation/hook/ament_prefix_path.ps1'
[3.100s] INFO:colcon.colcon_core.shell:Creating environment descriptor '/home/roboticslab/Ros2_predator-project_WS/install/predator_manipulation/share/predator_manipulation/hook/ament_prefix_path.dsv'
[3.101s] INFO:colcon.colcon_core.shell:Creating environment hook '/home/roboticslab/Ros2_predator-project_WS/install/predator_manipulation/share/predator_manipulation/hook/ament_prefix_path.sh'
[3.101s] INFO:colcon.colcon_core.shell:Skip shell extension 'powershell' for command environment: Not usable outside of PowerShell
[3.102s] DEBUG:colcon.colcon_core.shell:Skip shell extension 'dsv' for command environment
[3.124s] INFO:colcon.colcon_ros.task.ament_python.build:Building ROS package in '/home/roboticslab/Ros2_predator-project_WS/src/predator_navigation' with build type 'ament_python'
[3.125s] Level 1:colcon.colcon_core.shell:create_environment_hook('predator_navigation', 'ament_prefix_path')
[3.125s] INFO:colcon.colcon_core.shell:Creating environment hook '/home/roboticslab/Ros2_predator-project_WS/install/predator_navigation/share/predator_navigation/hook/ament_prefix_path.ps1'
[3.127s] INFO:colcon.colcon_core.shell:Creating environment descriptor '/home/roboticslab/Ros2_predator-project_WS/install/predator_navigation/share/predator_navigation/hook/ament_prefix_path.dsv'
[3.127s] INFO:colcon.colcon_core.shell:Creating environment hook '/home/roboticslab/Ros2_predator-project_WS/install/predator_navigation/share/predator_navigation/hook/ament_prefix_path.sh'
[3.128s] INFO:colcon.colcon_core.shell:Skip shell extension 'powershell' for command environment: Not usable outside of PowerShell
[3.128s] DEBUG:colcon.colcon_core.shell:Skip shell extension 'dsv' for command environment
[3.146s] INFO:colcon.colcon_ros.task.ament_python.build:Building ROS package in '/home/roboticslab/Ros2_predator-project_WS/src/predator_perception' with build type 'ament_python'
[3.147s] Level 1:colcon.colcon_core.shell:create_environment_hook('predator_perception', 'ament_prefix_path')
[3.147s] INFO:colcon.colcon_core.shell:Creating environment hook '/home/roboticslab/Ros2_predator-project_WS/install/predator_perception/share/predator_perception/hook/ament_prefix_path.ps1'
[3.148s] INFO:colcon.colcon_core.shell:Creating environment descriptor '/home/roboticslab/Ros2_predator-project_WS/install/predator_perception/share/predator_perception/hook/ament_prefix_path.dsv'
[3.148s] INFO:colcon.colcon_core.shell:Creating environment hook '/home/roboticslab/Ros2_predator-project_WS/install/predator_perception/share/predator_perception/hook/ament_prefix_path.sh'
[3.149s] INFO:colcon.colcon_core.shell:Skip shell extension 'powershell' for command environment: Not usable outside of PowerShell
[3.149s] DEBUG:colcon.colcon_core.shell:Skip shell extension 'dsv' for command environment
[3.591s] INFO:colcon.colcon_core.task.python.build:Building Python package in '/home/roboticslab/Ros2_predator-project_WS/src/predator_behavior'
[3.592s] INFO:colcon.colcon_core.shell:Skip shell extension 'powershell' for command environment: Not usable outside of PowerShell
[3.592s] DEBUG:colcon.colcon_core.shell:Skip shell extension 'dsv' for command environment
[4.034s] INFO:colcon.colcon_core.task.python.build:Building Python package in '/home/roboticslab/Ros2_predator-project_WS/src/predator_manipulation'
[4.035s] INFO:colcon.colcon_core.shell:Skip shell extension 'powershell' for command environment: Not usable outside of PowerShell
[4.035s] DEBUG:colcon.colcon_core.shell:Skip shell extension 'dsv' for command environment
[4.468s] INFO:colcon.colcon_core.task.python.build:Building Python package in '/home/roboticslab/Ros2_predator-project_WS/src/predator_navigation'
[4.468s] INFO:colcon.colcon_core.shell:Skip shell extension 'powershell' for command environment: Not usable outside of PowerShell
[4.469s] DEBUG:colcon.colcon_core.shell:Skip shell extension 'dsv' for command environment
[4.893s] INFO:colcon.colcon_core.task.python.build:Building Python package in '/home/roboticslab/Ros2_predator-project_WS/src/predator_perception'
[4.894s] INFO:colcon.colcon_core.shell:Skip shell extension 'powershell' for command environment: Not usable outside of PowerShell
[4.894s] DEBUG:colcon.colcon_core.shell:Skip shell extension 'dsv' for command environment
[7.148s] DEBUG:colcon.colcon_core.event_handler.log_command:Invoking command in '/home/roboticslab/Ros2_predator-project_WS/src/predator_behavior': DEBUGINFOD_URLS=https://debuginfod.ubuntu.com PYTHONPATH=/home/roboticslab/Ros2_predator-project_WS/build/predator_behavior/prefix_override:/usr/lib/python3/dist-packages/colcon_core/task/python/colcon_distutils_commands:/home/roboticslab/Ros2_predator-project_WS/install/predator_behavior/lib/python3.12/site-packages:/home/roboticslab/Ros2_predator-project_WS/install/predator_msgs/lib/python3.12/site-packages:/home/roboticslab/Ros2_predator-project_WS/install/predator_bringup/lib/python3.12/site-packages:/home/roboticslab/Ros2_predator-project_WS/install/predator_perception/lib/python3.12/site-packages:/home/roboticslab/Ros2_predator-project_WS/install/predator_navigation/lib/python3.12/site-packages:/home/roboticslab/Ros2_predator-project_WS/install/predator_manipulation/lib/python3.12/site-packages:/home/roboticslab/Ros2_predator-project_WS/install/predator_behavior/lib/python3.12/site-packages:/home/roboticslab/ros2_ws/install/moveit_task_constructor_core/lib/python3.12/site-packages:/home/roboticslab/ros2_ws/install/robo_waiter/lib/python3.12/site-packages:/home/roboticslab/ros2_ws/install/robo_chef/lib/python3.12/site-packages:/home/roboticslab/ros2_ws/install/roboChef/lib/python3.12/site-packages:/home/roboticslab/ros2_ws/install/moveit_task_constructor_msgs/lib/python3.12/site-packages:/home/roboticslab/ros2_ws/install/moveit_py/lib/python3.12/site-packages:/home/roboticslab/ros2_ws/install/moveit_msgs/lib/python3.12/site-packages:/home/roboticslab/ros2_ws/build/moveit_configs_utils:/home/roboticslab/ros2_ws/install/moveit_configs_utils/lib/python3.12/site-packages:/opt/ros/kilted/lib/python3.12/site-packages /usr/bin/python3 -W ignore:setup.py install is deprecated -W ignore:easy_install command is deprecated setup.py egg_info --egg-base ../../build/predator_behavior build --build-base /home/roboticslab/Ros2_predator-project_WS/build/predator_behavior/build install --record /home/roboticslab/Ros2_predator-project_WS/build/predator_behavior/install.log --single-version-externally-managed install_data
[7.206s] DEBUG:colcon.colcon_core.event_handler.log_command:Invoking command in '/home/roboticslab/Ros2_predator-project_WS/src/predator_manipulation': DEBUGINFOD_URLS=https://debuginfod.ubuntu.com PYTHONPATH=/home/roboticslab/Ros2_predator-project_WS/build/predator_manipulation/prefix_override:/usr/lib/python3/dist-packages/colcon_core/task/python/colcon_distutils_commands:/home/roboticslab/Ros2_predator-project_WS/install/predator_manipulation/lib/python3.12/site-packages:/home/roboticslab/Ros2_predator-project_WS/install/predator_msgs/lib/python3.12/site-packages:/home/roboticslab/Ros2_predator-project_WS/install/predator_bringup/lib/python3.12/site-packages:/home/roboticslab/Ros2_predator-project_WS/install/predator_perception/lib/python3.12/site-packages:/home/roboticslab/Ros2_predator-project_WS/install/predator_navigation/lib/python3.12/site-packages:/home/roboticslab/Ros2_predator-project_WS/install/predator_manipulation/lib/python3.12/site-packages:/home/roboticslab/Ros2_predator-project_WS/install/predator_behavior/lib/python3.12/site-packages:/home/roboticslab/ros2_ws/install/moveit_task_constructor_core/lib/python3.12/site-packages:/home/roboticslab/ros2_ws/install/robo_waiter/lib/python3.12/site-packages:/home/roboticslab/ros2_ws/install/robo_chef/lib/python3.12/site-packages:/home/roboticslab/ros2_ws/install/roboChef/lib/python3.12/site-packages:/home/roboticslab/ros2_ws/install/moveit_task_constructor_msgs/lib/python3.12/site-packages:/home/roboticslab/ros2_ws/install/moveit_py/lib/python3.12/site-packages:/home/roboticslab/ros2_ws/install/moveit_msgs/lib/python3.12/site-packages:/home/roboticslab/ros2_ws/build/moveit_configs_utils:/home/roboticslab/ros2_ws/install/moveit_configs_utils/lib/python3.12/site-packages:/opt/ros/kilted/lib/python3.12/site-packages /usr/bin/python3 -W ignore:setup.py install is deprecated -W ignore:easy_install command is deprecated setup.py egg_info --egg-base ../../build/predator_manipulation build --build-base /home/roboticslab/Ros2_predator-project_WS/build/predator_manipulation/build install --record /home/roboticslab/Ros2_predator-project_WS/build/predator_manipulation/install.log --single-version-externally-managed install_data
[7.362s] DEBUG:colcon.colcon_core.event_handler.log_command:Invoking command in '/home/roboticslab/Ros2_predator-project_WS/src/predator_navigation': DEBUGINFOD_URLS=https://debuginfod.ubuntu.com PYTHONPATH=/home/roboticslab/Ros2_predator-project_WS/build/predator_navigation/prefix_override:/usr/lib/python3/dist-packages/colcon_core/task/python/colcon_distutils_commands:/home/roboticslab/Ros2_predator-project_WS/install/predator_navigation/lib/python3.12/site-packages:/home/roboticslab/Ros2_predator-project_WS/install/predator_msgs/lib/python3.12/site-packages:/home/roboticslab/Ros2_predator-project_WS/install/predator_bringup/lib/python3.12/site-packages:/home/roboticslab/Ros2_predator-project_WS/install/predator_perception/lib/python3.12/site-packages:/home/roboticslab/Ros2_predator-project_WS/install/predator_navigation/lib/python3.12/site-packages:/home/roboticslab/Ros2_predator-project_WS/install/predator_manipulation/lib/python3.12/site-packages:/home/roboticslab/Ros2_predator-project_WS/install/predator_behavior/lib/python3.12/site-packages:/home/roboticslab/ros2_ws/install/moveit_task_constructor_core/lib/python3.12/site-packages:/home/roboticslab/ros2_ws/install/robo_waiter/lib/python3.12/site-packages:/home/roboticslab/ros2_ws/install/robo_chef/lib/python3.12/site-packages:/home/roboticslab/ros2_ws/install/roboChef/lib/python3.12/site-packages:/home/roboticslab/ros2_ws/install/moveit_task_constructor_msgs/lib/python3.12/site-packages:/home/roboticslab/ros2_ws/install/moveit_py/lib/python3.12/site-packages:/home/roboticslab/ros2_ws/install/moveit_msgs/lib/python3.12/site-packages:/home/roboticslab/ros2_ws/build/moveit_configs_utils:/home/roboticslab/ros2_ws/install/moveit_configs_utils/lib/python3.12/site-packages:/opt/ros/kilted/lib/python3.12/site-packages /usr/bin/python3 -W ignore:setup.py install is deprecated -W ignore:easy_install command is deprecated setup.py egg_info --egg-base ../../build/predator_navigation build --build-base /home/roboticslab/Ros2_predator-project_WS/build/predator_navigation/build install --record /home/roboticslab/Ros2_predator-project_WS/build/predator_navigation/install.log --single-version-externally-managed install_data
[7.509s] DEBUG:colcon.colcon_core.event_handler.log_command:Invoking command in '/home/roboticslab/Ros2_predator-project_WS/src/predator_perception': DEBUGINFOD_URLS=https://debuginfod.ubuntu.com PYTHONPATH=/home/roboticslab/Ros2_predator-project_WS/build/predator_perception/prefix_override:/usr/lib/python3/dist-packages/colcon_core/task/python/colcon_distutils_commands:/home/roboticslab/Ros2_predator-project_WS/install/predator_perception/lib/python3.12/site-packages:/home/roboticslab/Ros2_predator-project_WS/install/predator_msgs/lib/python3.12/site-packages:/home/roboticslab/Ros2_predator-project_WS/install/predator_bringup/lib/python3.12/site-packages:/home/roboticslab/Ros2_predator-project_WS/install/predator_perception/lib/python3.12/site-packages:/home/roboticslab/Ros2_predator-project_WS/install/predator_navigation/lib/python3.12/site-packages:/home/roboticslab/Ros2_predator-project_WS/install/predator_manipulation/lib/python3.12/site-packages:/home/roboticslab/Ros2_predator-project_WS/install/predator_behavior/lib/python3.12/site-packages:/home/roboticslab/ros2_ws/install/moveit_task_constructor_core/lib/python3.12/site-packages:/home/roboticslab/ros2_ws/install/robo_waiter/lib/python3.12/site-packages:/home/roboticslab/ros2_ws/install/robo_chef/lib/python3.12/site-packages:/home/roboticslab/ros2_ws/install/roboChef/lib/python3.12/site-packages:/home/roboticslab/ros2_ws/install/moveit_task_constructor_msgs/lib/python3.12/site-packages:/home/roboticslab/ros2_ws/install/moveit_py/lib/python3.12/site-packages:/home/roboticslab/ros2_ws/install/moveit_msgs/lib/python3.12/site-packages:/home/roboticslab/ros2_ws/build/moveit_configs_utils:/home/roboticslab/ros2_ws/install/moveit_configs_utils/lib/python3.12/site-packages:/opt/ros/kilted/lib/python3.12/site-packages /usr/bin/python3 -W ignore:setup.py install is deprecated -W ignore:easy_install command is deprecated setup.py egg_info --egg-base ../../build/predator_perception build --build-base /home/roboticslab/Ros2_predator-project_WS/build/predator_perception/build install --record /home/roboticslab/Ros2_predator-project_WS/build/predator_perception/install.log --single-version-externally-managed install_data
[9.945s] Level 1:colcon.colcon_core.environment:checking '/home/roboticslab/Ros2_predator-project_WS/install/predator_behavior' for CMake module files
[9.947s] DEBUG:colcon.colcon_core.event_handler.log_command:Invoked command in '/home/roboticslab/Ros2_predator-project_WS/src/predator_behavior' returned '0': DEBUGINFOD_URLS=https://debuginfod.ubuntu.com PYTHONPATH=/home/roboticslab/Ros2_predator-project_WS/build/predator_behavior/prefix_override:/usr/lib/python3/dist-packages/colcon_core/task/python/colcon_distutils_commands:/home/roboticslab/Ros2_predator-project_WS/install/predator_behavior/lib/python3.12/site-packages:/home/roboticslab/Ros2_predator-project_WS/install/predator_msgs/lib/python3.12/site-packages:/home/roboticslab/Ros2_predator-project_WS/install/predator_bringup/lib/python3.12/site-packages:/home/roboticslab/Ros2_predator-project_WS/install/predator_perception/lib/python3.12/site-packages:/home/roboticslab/Ros2_predator-project_WS/install/predator_navigation/lib/python3.12/site-packages:/home/roboticslab/Ros2_predator-project_WS/install/predator_manipulation/lib/python3.12/site-packages:/home/roboticslab/Ros2_predator-project_WS/install/predator_behavior/lib/python3.12/site-packages:/home/roboticslab/ros2_ws/install/moveit_task_constructor_core/lib/python3.12/site-packages:/home/roboticslab/ros2_ws/install/robo_waiter/lib/python3.12/site-packages:/home/roboticslab/ros2_ws/install/robo_chef/lib/python3.12/site-packages:/home/roboticslab/ros2_ws/install/roboChef/lib/python3.12/site-packages:/home/roboticslab/ros2_ws/install/moveit_task_constructor_msgs/lib/python3.12/site-packages:/home/roboticslab/ros2_ws/install/moveit_py/lib/python3.12/site-packages:/home/roboticslab/ros2_ws/install/moveit_msgs/lib/python3.12/site-packages:/home/roboticslab/ros2_ws/build/moveit_configs_utils:/home/roboticslab/ros2_ws/install/moveit_configs_utils/lib/python3.12/site-packages:/opt/ros/kilted/lib/python3.12/site-packages /usr/bin/python3 -W ignore:setup.py install is deprecated -W ignore:easy_install command is deprecated setup.py egg_info --egg-base ../../build/predator_behavior build --build-base /home/roboticslab/Ros2_predator-project_WS/build/predator_behavior/build install --record /home/roboticslab/Ros2_predator-project_WS/build/predator_behavior/install.log --single-version-externally-managed install_data
[9.951s] Level 1:colcon.colcon_core.environment:checking '/home/roboticslab/Ros2_predator-project_WS/install/predator_behavior' for CMake config files
[9.955s] Level 1:colcon.colcon_core.environment:checking '/home/roboticslab/Ros2_predator-project_WS/install/predator_behavior/lib'
[9.955s] Level 1:colcon.colcon_core.environment:checking '/home/roboticslab/Ros2_predator-project_WS/install/predator_behavior/bin'
[9.955s] Level 1:colcon.colcon_core.environment:checking '/home/roboticslab/Ros2_predator-project_WS/install/predator_behavior/lib/pkgconfig/predator_behavior.pc'
[9.955s] Level 1:colcon.colcon_core.environment:checking '/home/roboticslab/Ros2_predator-project_WS/install/predator_behavior/lib/python3.12/site-packages'
[9.959s] Level 1:colcon.colcon_core.shell:create_environment_hook('predator_behavior', 'pythonpath')
[9.960s] INFO:colcon.colcon_core.shell:Creating environment hook '/home/roboticslab/Ros2_predator-project_WS/install/predator_behavior/share/predator_behavior/hook/pythonpath.ps1'
[9.962s] INFO:colcon.colcon_core.shell:Creating environment descriptor '/home/roboticslab/Ros2_predator-project_WS/install/predator_behavior/share/predator_behavior/hook/pythonpath.dsv'
[9.964s] INFO:colcon.colcon_core.shell:Creating environment hook '/home/roboticslab/Ros2_predator-project_WS/install/predator_behavior/share/predator_behavior/hook/pythonpath.sh'
[9.968s] Level 1:colcon.colcon_core.environment:checking '/home/roboticslab/Ros2_predator-project_WS/install/predator_behavior/bin'
[9.969s] Level 1:colcon.colcon_core.environment:create_environment_scripts_only(predator_behavior)
[9.971s] INFO:colcon.colcon_core.shell:Creating package script '/home/roboticslab/Ros2_predator-project_WS/install/predator_behavior/share/predator_behavior/package.ps1'
[9.974s] INFO:colcon.colcon_core.shell:Creating package descriptor '/home/roboticslab/Ros2_predator-project_WS/install/predator_behavior/share/predator_behavior/package.dsv'
[9.977s] INFO:colcon.colcon_core.shell:Creating package script '/home/roboticslab/Ros2_predator-project_WS/install/predator_behavior/share/predator_behavior/package.sh'
[9.982s] INFO:colcon.colcon_core.shell:Creating package script '/home/roboticslab/Ros2_predator-project_WS/install/predator_behavior/share/predator_behavior/package.bash'
[9.984s] INFO:colcon.colcon_core.shell:Creating package script '/home/roboticslab/Ros2_predator-project_WS/install/predator_behavior/share/predator_behavior/package.zsh'
[9.987s] Level 1:colcon.colcon_core.environment:create_file_with_runtime_dependencies(/home/roboticslab/Ros2_predator-project_WS/install/predator_behavior/share/colcon-core/packages/predator_behavior)
[10.023s] Level 1:colcon.colcon_core.environment:checking '/home/roboticslab/Ros2_predator-project_WS/install/predator_perception' for CMake module files
[10.023s] DEBUG:colcon.colcon_core.event_handler.log_command:Invoked command in '/home/roboticslab/Ros2_predator-project_WS/src/predator_perception' returned '0': DEBUGINFOD_URLS=https://debuginfod.ubuntu.com PYTHONPATH=/home/roboticslab/Ros2_predator-project_WS/build/predator_perception/prefix_override:/usr/lib/python3/dist-packages/colcon_core/task/python/colcon_distutils_commands:/home/roboticslab/Ros2_predator-project_WS/install/predator_perception/lib/python3.12/site-packages:/home/roboticslab/Ros2_predator-project_WS/install/predator_msgs/lib/python3.12/site-packages:/home/roboticslab/Ros2_predator-project_WS/install/predator_bringup/lib/python3.12/site-packages:/home/roboticslab/Ros2_predator-project_WS/install/predator_perception/lib/python3.12/site-packages:/home/roboticslab/Ros2_predator-project_WS/install/predator_navigation/lib/python3.12/site-packages:/home/roboticslab/Ros2_predator-project_WS/install/predator_manipulation/lib/python3.12/site-packages:/home/roboticslab/Ros2_predator-project_WS/install/predator_behavior/lib/python3.12/site-packages:/home/roboticslab/ros2_ws/install/moveit_task_constructor_core/lib/python3.12/site-packages:/home/roboticslab/ros2_ws/install/robo_waiter/lib/python3.12/site-packages:/home/roboticslab/ros2_ws/install/robo_chef/lib/python3.12/site-packages:/home/roboticslab/ros2_ws/install/roboChef/lib/python3.12/site-packages:/home/roboticslab/ros2_ws/install/moveit_task_constructor_msgs/lib/python3.12/site-packages:/home/roboticslab/ros2_ws/install/moveit_py/lib/python3.12/site-packages:/home/roboticslab/ros2_ws/install/moveit_msgs/lib/python3.12/site-packages:/home/roboticslab/ros2_ws/build/moveit_configs_utils:/home/roboticslab/ros2_ws/install/moveit_configs_utils/lib/python3.12/site-packages:/opt/ros/kilted/lib/python3.12/site-packages /usr/bin/python3 -W ignore:setup.py install is deprecated -W ignore:easy_install command is deprecated setup.py egg_info --egg-base ../../build/predator_perception build --build-base /home/roboticslab/Ros2_predator-project_WS/build/predator_perception/build install --record /home/roboticslab/Ros2_predator-project_WS/build/predator_perception/install.log --single-version-externally-managed install_data
[10.025s] Level 1:colcon.colcon_core.environment:checking '/home/roboticslab/Ros2_predator-project_WS/install/predator_perception' for CMake config files
[10.029s] Level 1:colcon.colcon_core.environment:checking '/home/roboticslab/Ros2_predator-project_WS/install/predator_perception/lib'
[10.029s] Level 1:colcon.colcon_core.environment:checking '/home/roboticslab/Ros2_predator-project_WS/install/predator_perception/bin'
[10.029s] Level 1:colcon.colcon_core.environment:checking '/home/roboticslab/Ros2_predator-project_WS/install/predator_perception/lib/pkgconfig/predator_perception.pc'
[10.030s] Level 1:colcon.colcon_core.environment:checking '/home/roboticslab/Ros2_predator-project_WS/install/predator_perception/lib/python3.12/site-packages'
[10.030s] Level 1:colcon.colcon_core.shell:create_environment_hook('predator_perception', 'pythonpath')
[10.031s] INFO:colcon.colcon_core.shell:Creating environment hook '/home/roboticslab/Ros2_predator-project_WS/install/predator_perception/share/predator_perception/hook/pythonpath.ps1'
[10.036s] INFO:colcon.colcon_core.shell:Creating environment descriptor '/home/roboticslab/Ros2_predator-project_WS/install/predator_perception/share/predator_perception/hook/pythonpath.dsv'
[10.039s] INFO:colcon.colcon_core.shell:Creating environment hook '/home/roboticslab/Ros2_predator-project_WS/install/predator_perception/share/predator_perception/hook/pythonpath.sh'
[10.044s] Level 1:colcon.colcon_core.environment:checking '/home/roboticslab/Ros2_predator-project_WS/install/predator_perception/bin'
[10.044s] Level 1:colcon.colcon_core.environment:create_environment_scripts_only(predator_perception)
[10.045s] INFO:colcon.colcon_core.shell:Creating package script '/home/roboticslab/Ros2_predator-project_WS/install/predator_perception/share/predator_perception/package.ps1'
[10.054s] INFO:colcon.colcon_core.shell:Creating package descriptor '/home/roboticslab/Ros2_predator-project_WS/install/predator_perception/share/predator_perception/package.dsv'
[10.056s] INFO:colcon.colcon_core.shell:Creating package script '/home/roboticslab/Ros2_predator-project_WS/install/predator_perception/share/predator_perception/package.sh'
[10.057s] INFO:colcon.colcon_core.shell:Creating package script '/home/roboticslab/Ros2_predator-project_WS/install/predator_perception/share/predator_perception/package.bash'
[10.058s] INFO:colcon.colcon_core.shell:Creating package script '/home/roboticslab/Ros2_predator-project_WS/install/predator_perception/share/predator_perception/package.zsh'
[10.058s] Level 1:colcon.colcon_core.environment:create_file_with_runtime_dependencies(/home/roboticslab/Ros2_predator-project_WS/install/predator_perception/share/colcon-core/packages/predator_perception)
[10.061s] Level 1:colcon.colcon_core.environment:checking '/home/roboticslab/Ros2_predator-project_WS/install/predator_manipulation' for CMake module files
[10.063s] DEBUG:colcon.colcon_core.event_handler.log_command:Invoked command in '/home/roboticslab/Ros2_predator-project_WS/src/predator_manipulation' returned '0': DEBUGINFOD_URLS=https://debuginfod.ubuntu.com PYTHONPATH=/home/roboticslab/Ros2_predator-project_WS/build/predator_manipulation/prefix_override:/usr/lib/python3/dist-packages/colcon_core/task/python/colcon_distutils_commands:/home/roboticslab/Ros2_predator-project_WS/install/predator_manipulation/lib/python3.12/site-packages:/home/roboticslab/Ros2_predator-project_WS/install/predator_msgs/lib/python3.12/site-packages:/home/roboticslab/Ros2_predator-project_WS/install/predator_bringup/lib/python3.12/site-packages:/home/roboticslab/Ros2_predator-project_WS/install/predator_perception/lib/python3.12/site-packages:/home/roboticslab/Ros2_predator-project_WS/install/predator_navigation/lib/python3.12/site-packages:/home/roboticslab/Ros2_predator-project_WS/install/predator_manipulation/lib/python3.12/site-packages:/home/roboticslab/Ros2_predator-project_WS/install/predator_behavior/lib/python3.12/site-packages:/home/roboticslab/ros2_ws/install/moveit_task_constructor_core/lib/python3.12/site-packages:/home/roboticslab/ros2_ws/install/robo_waiter/lib/python3.12/site-packages:/home/roboticslab/ros2_ws/install/robo_chef/lib/python3.12/site-packages:/home/roboticslab/ros2_ws/install/roboChef/lib/python3.12/site-packages:/home/roboticslab/ros2_ws/install/moveit_task_constructor_msgs/lib/python3.12/site-packages:/home/roboticslab/ros2_ws/install/moveit_py/lib/python3.12/site-packages:/home/roboticslab/ros2_ws/install/moveit_msgs/lib/python3.12/site-packages:/home/roboticslab/ros2_ws/build/moveit_configs_utils:/home/roboticslab/ros2_ws/install/moveit_configs_utils/lib/python3.12/site-packages:/opt/ros/kilted/lib/python3.12/site-packages /usr/bin/python3 -W ignore:setup.py install is deprecated -W ignore:easy_install command is deprecated setup.py egg_info --egg-base ../../build/predator_manipulation build --build-base /home/roboticslab/Ros2_predator-project_WS/build/predator_manipulation/build install --record /home/roboticslab/Ros2_predator-project_WS/build/predator_manipulation/install.log --single-version-externally-managed install_data
[10.064s] Level 1:colcon.colcon_core.environment:checking '/home/roboticslab/Ros2_predator-project_WS/install/predator_manipulation' for CMake config files
[10.066s] Level 1:colcon.colcon_core.environment:checking '/home/roboticslab/Ros2_predator-project_WS/install/predator_manipulation/lib'
[10.066s] Level 1:colcon.colcon_core.environment:checking '/home/roboticslab/Ros2_predator-project_WS/install/predator_manipulation/bin'
[10.067s] Level 1:colcon.colcon_core.environment:checking '/home/roboticslab/Ros2_predator-project_WS/install/predator_manipulation/lib/pkgconfig/predator_manipulation.pc'
[10.067s] Level 1:colcon.colcon_core.environment:checking '/home/roboticslab/Ros2_predator-project_WS/install/predator_manipulation/lib/python3.12/site-packages'
[10.068s] Level 1:colcon.colcon_core.shell:create_environment_hook('predator_manipulation', 'pythonpath')
[10.068s] INFO:colcon.colcon_core.shell:Creating environment hook '/home/roboticslab/Ros2_predator-project_WS/install/predator_manipulation/share/predator_manipulation/hook/pythonpath.ps1'
[10.069s] INFO:colcon.colcon_core.shell:Creating environment descriptor '/home/roboticslab/Ros2_predator-project_WS/install/predator_manipulation/share/predator_manipulation/hook/pythonpath.dsv'
[10.070s] INFO:colcon.colcon_core.shell:Creating environment hook '/home/roboticslab/Ros2_predator-project_WS/install/predator_manipulation/share/predator_manipulation/hook/pythonpath.sh'
[10.076s] Level 1:colcon.colcon_core.environment:checking '/home/roboticslab/Ros2_predator-project_WS/install/predator_manipulation/bin'
[10.077s] Level 1:colcon.colcon_core.environment:create_environment_scripts_only(predator_manipulation)
[10.077s] INFO:colcon.colcon_core.shell:Creating package script '/home/roboticslab/Ros2_predator-project_WS/install/predator_manipulation/share/predator_manipulation/package.ps1'
[10.079s] INFO:colcon.colcon_core.shell:Creating package descriptor '/home/roboticslab/Ros2_predator-project_WS/install/predator_manipulation/share/predator_manipulation/package.dsv'
[10.081s] INFO:colcon.colcon_core.shell:Creating package script '/home/roboticslab/Ros2_predator-project_WS/install/predator_manipulation/share/predator_manipulation/package.sh'
[10.082s] INFO:colcon.colcon_core.shell:Creating package script '/home/roboticslab/Ros2_predator-project_WS/install/predator_manipulation/share/predator_manipulation/package.bash'
[10.083s] INFO:colcon.colcon_core.shell:Creating package script '/home/roboticslab/Ros2_predator-project_WS/install/predator_manipulation/share/predator_manipulation/package.zsh'
[10.085s] Level 1:colcon.colcon_core.environment:create_file_with_runtime_dependencies(/home/roboticslab/Ros2_predator-project_WS/install/predator_manipulation/share/colcon-core/packages/predator_manipulation)
[10.245s] Level 1:colcon.colcon_core.environment:checking '/home/roboticslab/Ros2_predator-project_WS/install/predator_navigation' for CMake module files
[10.246s] DEBUG:colcon.colcon_core.event_handler.log_command:Invoked command in '/home/roboticslab/Ros2_predator-project_WS/src/predator_navigation' returned '0': DEBUGINFOD_URLS=https://debuginfod.ubuntu.com PYTHONPATH=/home/roboticslab/Ros2_predator-project_WS/build/predator_navigation/prefix_override:/usr/lib/python3/dist-packages/colcon_core/task/python/colcon_distutils_commands:/home/roboticslab/Ros2_predator-project_WS/install/predator_navigation/lib/python3.12/site-packages:/home/roboticslab/Ros2_predator-project_WS/install/predator_msgs/lib/python3.12/site-packages:/home/roboticslab/Ros2_predator-project_WS/install/predator_bringup/lib/python3.12/site-packages:/home/roboticslab/Ros2_predator-project_WS/install/predator_perception/lib/python3.12/site-packages:/home/roboticslab/Ros2_predator-project_WS/install/predator_navigation/lib/python3.12/site-packages:/home/roboticslab/Ros2_predator-project_WS/install/predator_manipulation/lib/python3.12/site-packages:/home/roboticslab/Ros2_predator-project_WS/install/predator_behavior/lib/python3.12/site-packages:/home/roboticslab/ros2_ws/install/moveit_task_constructor_core/lib/python3.12/site-packages:/home/roboticslab/ros2_ws/install/robo_waiter/lib/python3.12/site-packages:/home/roboticslab/ros2_ws/install/robo_chef/lib/python3.12/site-packages:/home/roboticslab/ros2_ws/install/roboChef/lib/python3.12/site-packages:/home/roboticslab/ros2_ws/install/moveit_task_constructor_msgs/lib/python3.12/site-packages:/home/roboticslab/ros2_ws/install/moveit_py/lib/python3.12/site-packages:/home/roboticslab/ros2_ws/install/moveit_msgs/lib/python3.12/site-packages:/home/roboticslab/ros2_ws/build/moveit_configs_utils:/home/roboticslab/ros2_ws/install/moveit_configs_utils/lib/python3.12/site-packages:/opt/ros/kilted/lib/python3.12/site-packages /usr/bin/python3 -W ignore:setup.py install is deprecated -W ignore:easy_install command is deprecated setup.py egg_info --egg-base ../../build/predator_navigation build --build-base /home/roboticslab/Ros2_predator-project_WS/build/predator_navigation/build install --record /home/roboticslab/Ros2_predator-project_WS/build/predator_navigation/install.log --single-version-externally-managed install_data
[10.247s] Level 1:colcon.colcon_core.environment:checking '/home/roboticslab/Ros2_predator-project_WS/install/predator_navigation' for CMake config files
[10.249s] Level 1:colcon.colcon_core.environment:checking '/home/roboticslab/Ros2_predator-project_WS/install/predator_navigation/lib'
[10.249s] Level 1:colcon.colcon_core.environment:checking '/home/roboticslab/Ros2_predator-project_WS/install/predator_navigation/bin'
[10.250s] Level 1:colcon.colcon_core.environment:checking '/home/roboticslab/Ros2_predator-project_WS/install/predator_navigation/lib/pkgconfig/predator_navigation.pc'
[10.250s] Level 1:colcon.colcon_core.environment:checking '/home/roboticslab/Ros2_predator-project_WS/install/predator_navigation/lib/python3.12/site-packages'
[10.251s] Level 1:colcon.colcon_core.shell:create_environment_hook('predator_navigation', 'pythonpath')
[10.251s] INFO:colcon.colcon_core.shell:Creating environment hook '/home/roboticslab/Ros2_predator-project_WS/install/predator_navigation/share/predator_navigation/hook/pythonpath.ps1'
[10.252s] INFO:colcon.colcon_core.shell:Creating environment descriptor '/home/roboticslab/Ros2_predator-project_WS/install/predator_navigation/share/predator_navigation/hook/pythonpath.dsv'
[10.253s] INFO:colcon.colcon_core.shell:Creating environment hook '/home/roboticslab/Ros2_predator-project_WS/install/predator_navigation/share/predator_navigation/hook/pythonpath.sh'
[10.255s] Level 1:colcon.colcon_core.environment:checking '/home/roboticslab/Ros2_predator-project_WS/install/predator_navigation/bin'
[10.255s] Level 1:colcon.colcon_core.environment:create_environment_scripts_only(predator_navigation)
[10.256s] INFO:colcon.colcon_core.shell:Creating package script '/home/roboticslab/Ros2_predator-project_WS/install/predator_navigation/share/predator_navigation/package.ps1'
[10.257s] INFO:colcon.colcon_core.shell:Creating package descriptor '/home/roboticslab/Ros2_predator-project_WS/install/predator_navigation/share/predator_navigation/package.dsv'
[10.258s] INFO:colcon.colcon_core.shell:Creating package script '/home/roboticslab/Ros2_predator-project_WS/install/predator_navigation/share/predator_navigation/package.sh'
[10.259s] INFO:colcon.colcon_core.shell:Creating package script '/home/roboticslab/Ros2_predator-project_WS/install/predator_navigation/share/predator_navigation/package.bash'
[10.260s] INFO:colcon.colcon_core.shell:Creating package script '/home/roboticslab/Ros2_predator-project_WS/install/predator_navigation/share/predator_navigation/package.zsh'
[10.261s] Level 1:colcon.colcon_core.environment:create_file_with_runtime_dependencies(/home/roboticslab/Ros2_predator-project_WS/install/predator_navigation/share/colcon-core/packages/predator_navigation)
[10.261s] INFO:colcon.colcon_ros.task.ament_python.build:Building ROS package in '/home/roboticslab/Ros2_predator-project_WS/src/predator_bringup' with build type 'ament_python'
[10.261s] Level 1:colcon.colcon_core.shell:create_environment_hook('predator_bringup', 'ament_prefix_path')
[10.262s] INFO:colcon.colcon_core.shell:Creating environment hook '/home/roboticslab/Ros2_predator-project_WS/install/predator_bringup/share/predator_bringup/hook/ament_prefix_path.ps1'
[10.265s] INFO:colcon.colcon_core.shell:Creating environment descriptor '/home/roboticslab/Ros2_predator-project_WS/install/predator_bringup/share/predator_bringup/hook/ament_prefix_path.dsv'
[10.267s] INFO:colcon.colcon_core.shell:Creating environment hook '/home/roboticslab/Ros2_predator-project_WS/install/predator_bringup/share/predator_bringup/hook/ament_prefix_path.sh'
[10.269s] INFO:colcon.colcon_core.shell:Skip shell extension 'powershell' for command environment: Not usable outside of PowerShell
[10.269s] DEBUG:colcon.colcon_core.shell:Skip shell extension 'dsv' for command environment
[10.915s] INFO:colcon.colcon_core.task.python.build:Building Python package in '/home/roboticslab/Ros2_predator-project_WS/src/predator_bringup'
[10.915s] INFO:colcon.colcon_core.shell:Skip shell extension 'powershell' for command environment: Not usable outside of PowerShell
[10.915s] DEBUG:colcon.colcon_core.shell:Skip shell extension 'dsv' for command environment
[12.554s] DEBUG:colcon.colcon_core.event_handler.log_command:Invoking command in '/home/roboticslab/Ros2_predator-project_WS/src/predator_bringup': AMENT_PREFIX_PATH=/home/roboticslab/Ros2_predator-project_WS/install/predator_perception:/home/roboticslab/Ros2_predator-project_WS/install/predator_navigation:/home/roboticslab/Ros2_predator-project_WS/install/predator_manipulation:/home/roboticslab/Ros2_predator-project_WS/install/predator_behavior:/home/roboticslab/Ros2_predator-project_WS/install/predator_bringup:/home/roboticslab/Ros2_predator-project_WS/install/predator_msgs:/home/roboticslab/ros2_ws/install/usb_cam:/home/roboticslab/ros2_ws/install/ur_simulation_gz:/home/roboticslab/ros2_ws/install/robotiq_hardware_tests:/home/roboticslab/ros2_ws/install/robotiq_driver:/home/roboticslab/ros2_ws/install/serial:/home/roboticslab/ros2_ws/install/moveit2_tutorials:/home/roboticslab/ros2_ws/install/moveit_visual_tools:/home/roboticslab/ros2_ws/install/rviz_visual_tools:/home/roboticslab/ros2_ws/install/moveit_task_constructor_demo:/home/roboticslab/ros2_ws/install/moveit_task_constructor_visualization:/home/roboticslab/ros2_ws/install/moveit_task_constructor_capabilities:/home/roboticslab/ros2_ws/install/moveit_task_constructor_core:/home/roboticslab/ros2_ws/install/rviz_marker_tools:/home/roboticslab/ros2_ws/install/kortex_bringup:/home/roboticslab/ros2_ws/install/kinova_gen3_lite_moveit_config:/home/roboticslab/ros2_ws/install/kinova_gen3_7dof_robotiq_2f_85_moveit_config:/home/roboticslab/ros2_ws/install/kinova_gen3_6dof_robotiq_2f_85_moveit_config:/home/roboticslab/ros2_ws/install/kortex_description:/home/roboticslab/ros2_ws/install/robotiq_description:/home/roboticslab/ros2_ws/install/robotiq_controllers:/home/roboticslab/ros2_ws/install/robo_waiter:/home/roboticslab/ros2_ws/install/robo_chef:/home/roboticslab/ros2_ws/install/roboChef:/home/roboticslab/ros2_ws/install/pilz_industrial_motion_planner_testutils:/home/roboticslab/ros2_ws/install/moveit_runtime:/home/roboticslab/ros2_ws/install/moveit:/home/roboticslab/ros2_ws/install/moveit_planners:/home/roboticslab/ros2_ws/install/pilz_industrial_motion_planner:/home/roboticslab/ros2_ws/install/moveit_task_constructor_msgs:/home/roboticslab/ros2_ws/install/moveit_ros_control_interface:/home/roboticslab/ros2_ws/install/moveit_plugins:/home/roboticslab/ros2_ws/install/moveit_simple_controller_manager:/home/roboticslab/ros2_ws/install/moveit_setup_assistant:/home/roboticslab/ros2_ws/install/moveit_setup_srdf_plugins:/home/roboticslab/ros2_ws/install/moveit_setup_core_plugins:/home/roboticslab/ros2_ws/install/moveit_setup_controllers:/home/roboticslab/ros2_ws/install/moveit_setup_app_plugins:/home/roboticslab/ros2_ws/install/moveit_setup_framework:/home/roboticslab/ros2_ws/install/moveit_servo:/home/roboticslab/ros2_ws/install/moveit_ros_trajectory_cache:/home/roboticslab/ros2_ws/install/moveit_ros:/home/roboticslab/ros2_ws/install/moveit_ros_visualization:/home/roboticslab/ros2_ws/install/moveit_py:/home/roboticslab/ros2_ws/install/moveit_hybrid_planning:/home/roboticslab/ros2_ws/install/moveit_ros_planning_interface:/home/roboticslab/ros2_ws/install/moveit_ros_benchmarks:/home/roboticslab/ros2_ws/install/moveit_ros_warehouse:/home/roboticslab/ros2_ws/install/moveit_ros_robot_interaction:/home/roboticslab/ros2_ws/install/moveit_ros_perception:/home/roboticslab/ros2_ws/install/moveit_resources_prbt_pg70_support:/home/roboticslab/ros2_ws/install/moveit_resources_prbt_moveit_config:/home/roboticslab/ros2_ws/install/moveit_ros_move_group:/home/roboticslab/ros2_ws/install/moveit_planners_ompl:/home/roboticslab/ros2_ws/install/moveit_kinematics:/home/roboticslab/ros2_ws/install/moveit_ros_planning:/home/roboticslab/ros2_ws/install/moveit_ros_occupancy_map_monitor:/home/roboticslab/ros2_ws/install/moveit_resources_prbt_support:/home/roboticslab/ros2_ws/install/moveit_resources_prbt_ikfast_manipulator_plugin:/home/roboticslab/ros2_ws/install/moveit_resources:/home/roboticslab/ros2_ws/install/moveit_resources_pr2_description:/home/roboticslab/ros2_ws/install/moveit_resources_panda_moveit_config:/home/roboticslab/ros2_ws/install/dual_arm_panda_moveit_config:/home/roboticslab/ros2_ws/install/moveit_resources_panda_description:/home/roboticslab/ros2_ws/install/moveit_resources_fanuc_moveit_config:/home/roboticslab/ros2_ws/install/moveit_resources_fanuc_description:/home/roboticslab/ros2_ws/install/moveit_planners_stomp:/home/roboticslab/ros2_ws/install/moveit_planners_chomp:/home/roboticslab/ros2_ws/install/chomp_motion_planner:/home/roboticslab/ros2_ws/install/moveit_core:/home/roboticslab/ros2_ws/install/moveit_msgs:/home/roboticslab/ros2_ws/install/moveit_configs_utils:/home/roboticslab/ros2_ws/install/moveit_common:/home/roboticslab/ros2_ws/install/kortex_driver:/home/roboticslab/ros2_ws/install/kortex_api:/opt/ros/kilted DEBUGINFOD_URLS=https://debuginfod.ubuntu.com PYTHONPATH=/home/roboticslab/Ros2_predator-project_WS/build/predator_bringup/prefix_override:/usr/lib/python3/dist-packages/colcon_core/task/python/colcon_distutils_commands:/home/roboticslab/Ros2_predator-project_WS/install/predator_bringup/lib/python3.12/site-packages:/home/roboticslab/Ros2_predator-project_WS/install/predator_perception/lib/python3.12/site-packages:/home/roboticslab/Ros2_predator-project_WS/install/predator_navigation/lib/python3.12/site-packages:/home/roboticslab/Ros2_predator-project_WS/install/predator_manipulation/lib/python3.12/site-packages:/home/roboticslab/Ros2_predator-project_WS/install/predator_behavior/lib/python3.12/site-packages:/home/roboticslab/Ros2_predator-project_WS/install/predator_msgs/lib/python3.12/site-packages:/home/roboticslab/Ros2_predator-project_WS/install/predator_bringup/lib/python3.12/site-packages:/home/roboticslab/ros2_ws/install/moveit_task_constructor_core/lib/python3.12/site-packages:/home/roboticslab/ros2_ws/install/robo_waiter/lib/python3.12/site-packages:/home/roboticslab/ros2_ws/install/robo_chef/lib/python3.12/site-packages:/home/roboticslab/ros2_ws/install/roboChef/lib/python3.12/site-packages:/home/roboticslab/ros2_ws/install/moveit_task_constructor_msgs/lib/python3.12/site-packages:/home/roboticslab/ros2_ws/install/moveit_py/lib/python3.12/site-packages:/home/roboticslab/ros2_ws/install/moveit_msgs/lib/python3.12/site-packages:/home/roboticslab/ros2_ws/build/moveit_configs_utils:/home/roboticslab/ros2_ws/install/moveit_configs_utils/lib/python3.12/site-packages:/opt/ros/kilted/lib/python3.12/site-packages /usr/bin/python3 -W ignore:setup.py install is deprecated -W ignore:easy_install command is deprecated setup.py egg_info --egg-base ../../build/predator_bringup build --build-base /home/roboticslab/Ros2_predator-project_WS/build/predator_bringup/build install --record /home/roboticslab/Ros2_predator-project_WS/build/predator_bringup/install.log --single-version-externally-managed install_data
[13.841s] Level 1:colcon.colcon_core.environment:checking '/home/roboticslab/Ros2_predator-project_WS/install/predator_bringup' for CMake module files
[13.842s] DEBUG:colcon.colcon_core.event_handler.log_command:Invoked command in '/home/roboticslab/Ros2_predator-project_WS/src/predator_bringup' returned '0': AMENT_PREFIX_PATH=/home/roboticslab/Ros2_predator-project_WS/install/predator_perception:/home/roboticslab/Ros2_predator-project_WS/install/predator_navigation:/home/roboticslab/Ros2_predator-project_WS/install/predator_manipulation:/home/roboticslab/Ros2_predator-project_WS/install/predator_behavior:/home/roboticslab/Ros2_predator-project_WS/install/predator_bringup:/home/roboticslab/Ros2_predator-project_WS/install/predator_msgs:/home/roboticslab/ros2_ws/install/usb_cam:/home/roboticslab/ros2_ws/install/ur_simulation_gz:/home/roboticslab/ros2_ws/install/robotiq_hardware_tests:/home/roboticslab/ros2_ws/install/robotiq_driver:/home/roboticslab/ros2_ws/install/serial:/home/roboticslab/ros2_ws/install/moveit2_tutorials:/home/roboticslab/ros2_ws/install/moveit_visual_tools:/home/roboticslab/ros2_ws/install/rviz_visual_tools:/home/roboticslab/ros2_ws/install/moveit_task_constructor_demo:/home/roboticslab/ros2_ws/install/moveit_task_constructor_visualization:/home/roboticslab/ros2_ws/install/moveit_task_constructor_capabilities:/home/roboticslab/ros2_ws/install/moveit_task_constructor_core:/home/roboticslab/ros2_ws/install/rviz_marker_tools:/home/roboticslab/ros2_ws/install/kortex_bringup:/home/roboticslab/ros2_ws/install/kinova_gen3_lite_moveit_config:/home/roboticslab/ros2_ws/install/kinova_gen3_7dof_robotiq_2f_85_moveit_config:/home/roboticslab/ros2_ws/install/kinova_gen3_6dof_robotiq_2f_85_moveit_config:/home/roboticslab/ros2_ws/install/kortex_description:/home/roboticslab/ros2_ws/install/robotiq_description:/home/roboticslab/ros2_ws/install/robotiq_controllers:/home/roboticslab/ros2_ws/install/robo_waiter:/home/roboticslab/ros2_ws/install/robo_chef:/home/roboticslab/ros2_ws/install/roboChef:/home/roboticslab/ros2_ws/install/pilz_industrial_motion_planner_testutils:/home/roboticslab/ros2_ws/install/moveit_runtime:/home/roboticslab/ros2_ws/install/moveit:/home/roboticslab/ros2_ws/install/moveit_planners:/home/roboticslab/ros2_ws/install/pilz_industrial_motion_planner:/home/roboticslab/ros2_ws/install/moveit_task_constructor_msgs:/home/roboticslab/ros2_ws/install/moveit_ros_control_interface:/home/roboticslab/ros2_ws/install/moveit_plugins:/home/roboticslab/ros2_ws/install/moveit_simple_controller_manager:/home/roboticslab/ros2_ws/install/moveit_setup_assistant:/home/roboticslab/ros2_ws/install/moveit_setup_srdf_plugins:/home/roboticslab/ros2_ws/install/moveit_setup_core_plugins:/home/roboticslab/ros2_ws/install/moveit_setup_controllers:/home/roboticslab/ros2_ws/install/moveit_setup_app_plugins:/home/roboticslab/ros2_ws/install/moveit_setup_framework:/home/roboticslab/ros2_ws/install/moveit_servo:/home/roboticslab/ros2_ws/install/moveit_ros_trajectory_cache:/home/roboticslab/ros2_ws/install/moveit_ros:/home/roboticslab/ros2_ws/install/moveit_ros_visualization:/home/roboticslab/ros2_ws/install/moveit_py:/home/roboticslab/ros2_ws/install/moveit_hybrid_planning:/home/roboticslab/ros2_ws/install/moveit_ros_planning_interface:/home/roboticslab/ros2_ws/install/moveit_ros_benchmarks:/home/roboticslab/ros2_ws/install/moveit_ros_warehouse:/home/roboticslab/ros2_ws/install/moveit_ros_robot_interaction:/home/roboticslab/ros2_ws/install/moveit_ros_perception:/home/roboticslab/ros2_ws/install/moveit_resources_prbt_pg70_support:/home/roboticslab/ros2_ws/install/moveit_resources_prbt_moveit_config:/home/roboticslab/ros2_ws/install/moveit_ros_move_group:/home/roboticslab/ros2_ws/install/moveit_planners_ompl:/home/roboticslab/ros2_ws/install/moveit_kinematics:/home/roboticslab/ros2_ws/install/moveit_ros_planning:/home/roboticslab/ros2_ws/install/moveit_ros_occupancy_map_monitor:/home/roboticslab/ros2_ws/install/moveit_resources_prbt_support:/home/roboticslab/ros2_ws/install/moveit_resources_prbt_ikfast_manipulator_plugin:/home/roboticslab/ros2_ws/install/moveit_resources:/home/roboticslab/ros2_ws/install/moveit_resources_pr2_description:/home/roboticslab/ros2_ws/install/moveit_resources_panda_moveit_config:/home/roboticslab/ros2_ws/install/dual_arm_panda_moveit_config:/home/roboticslab/ros2_ws/install/moveit_resources_panda_description:/home/roboticslab/ros2_ws/install/moveit_resources_fanuc_moveit_config:/home/roboticslab/ros2_ws/install/moveit_resources_fanuc_description:/home/roboticslab/ros2_ws/install/moveit_planners_stomp:/home/roboticslab/ros2_ws/install/moveit_planners_chomp:/home/roboticslab/ros2_ws/install/chomp_motion_planner:/home/roboticslab/ros2_ws/install/moveit_core:/home/roboticslab/ros2_ws/install/moveit_msgs:/home/roboticslab/ros2_ws/install/moveit_configs_utils:/home/roboticslab/ros2_ws/install/moveit_common:/home/roboticslab/ros2_ws/install/kortex_driver:/home/roboticslab/ros2_ws/install/kortex_api:/opt/ros/kilted DEBUGINFOD_URLS=https://debuginfod.ubuntu.com PYTHONPATH=/home/roboticslab/Ros2_predator-project_WS/build/predator_bringup/prefix_override:/usr/lib/python3/dist-packages/colcon_core/task/python/colcon_distutils_commands:/home/roboticslab/Ros2_predator-project_WS/install/predator_bringup/lib/python3.12/site-packages:/home/roboticslab/Ros2_predator-project_WS/install/predator_perception/lib/python3.12/site-packages:/home/roboticslab/Ros2_predator-project_WS/install/predator_navigation/lib/python3.12/site-packages:/home/roboticslab/Ros2_predator-project_WS/install/predator_manipulation/lib/python3.12/site-packages:/home/roboticslab/Ros2_predator-project_WS/install/predator_behavior/lib/python3.12/site-packages:/home/roboticslab/Ros2_predator-project_WS/install/predator_msgs/lib/python3.12/site-packages:/home/roboticslab/Ros2_predator-project_WS/install/predator_bringup/lib/python3.12/site-packages:/home/roboticslab/ros2_ws/install/moveit_task_constructor_core/lib/python3.12/site-packages:/home/roboticslab/ros2_ws/install/robo_waiter/lib/python3.12/site-packages:/home/roboticslab/ros2_ws/install/robo_chef/lib/python3.12/site-packages:/home/roboticslab/ros2_ws/install/roboChef/lib/python3.12/site-packages:/home/roboticslab/ros2_ws/install/moveit_task_constructor_msgs/lib/python3.12/site-packages:/home/roboticslab/ros2_ws/install/moveit_py/lib/python3.12/site-packages:/home/roboticslab/ros2_ws/install/moveit_msgs/lib/python3.12/site-packages:/home/roboticslab/ros2_ws/build/moveit_configs_utils:/home/roboticslab/ros2_ws/install/moveit_configs_utils/lib/python3.12/site-packages:/opt/ros/kilted/lib/python3.12/site-packages /usr/bin/python3 -W ignore:setup.py install is deprecated -W ignore:easy_install command is deprecated setup.py egg_info --egg-base ../../build/predator_bringup build --build-base /home/roboticslab/Ros2_predator-project_WS/build/predator_bringup/build install --record /home/roboticslab/Ros2_predator-project_WS/build/predator_bringup/install.log --single-version-externally-managed install_data
[13.842s] Level 1:colcon.colcon_core.environment:checking '/home/roboticslab/Ros2_predator-project_WS/install/predator_bringup' for CMake config files
[13.852s] Level 1:colcon.colcon_core.environment:checking '/home/roboticslab/Ros2_predator-project_WS/install/predator_bringup/lib'
[13.853s] Level 1:colcon.colcon_core.environment:checking '/home/roboticslab/Ros2_predator-project_WS/install/predator_bringup/bin'
[13.853s] Level 1:colcon.colcon_core.environment:checking '/home/roboticslab/Ros2_predator-project_WS/install/predator_bringup/lib/pkgconfig/predator_bringup.pc'
[13.853s] Level 1:colcon.colcon_core.environment:checking '/home/roboticslab/Ros2_predator-project_WS/install/predator_bringup/lib/python3.12/site-packages'
[13.853s] Level 1:colcon.colcon_core.shell:create_environment_hook('predator_bringup', 'pythonpath')
[13.854s] INFO:colcon.colcon_core.shell:Creating environment hook '/home/roboticslab/Ros2_predator-project_WS/install/predator_bringup/share/predator_bringup/hook/pythonpath.ps1'
[13.854s] INFO:colcon.colcon_core.shell:Creating environment descriptor '/home/roboticslab/Ros2_predator-project_WS/install/predator_bringup/share/predator_bringup/hook/pythonpath.dsv'
[13.855s] INFO:colcon.colcon_core.shell:Creating environment hook '/home/roboticslab/Ros2_predator-project_WS/install/predator_bringup/share/predator_bringup/hook/pythonpath.sh'
[13.856s] Level 1:colcon.colcon_core.environment:checking '/home/roboticslab/Ros2_predator-project_WS/install/predator_bringup/bin'
[13.856s] Level 1:colcon.colcon_core.environment:create_environment_scripts_only(predator_bringup)
[13.857s] INFO:colcon.colcon_core.shell:Creating package script '/home/roboticslab/Ros2_predator-project_WS/install/predator_bringup/share/predator_bringup/package.ps1'
[13.858s] INFO:colcon.colcon_core.shell:Creating package descriptor '/home/roboticslab/Ros2_predator-project_WS/install/predator_bringup/share/predator_bringup/package.dsv'
[13.859s] INFO:colcon.colcon_core.shell:Creating package script '/home/roboticslab/Ros2_predator-project_WS/install/predator_bringup/share/predator_bringup/package.sh'
[13.860s] INFO:colcon.colcon_core.shell:Creating package script '/home/roboticslab/Ros2_predator-project_WS/install/predator_bringup/share/predator_bringup/package.bash'
[13.861s] INFO:colcon.colcon_core.shell:Creating package script '/home/roboticslab/Ros2_predator-project_WS/install/predator_bringup/share/predator_bringup/package.zsh'
[13.861s] Level 1:colcon.colcon_core.environment:create_file_with_runtime_dependencies(/home/roboticslab/Ros2_predator-project_WS/install/predator_bringup/share/colcon-core/packages/predator_bringup)
[13.862s] DEBUG:colcon.colcon_parallel_executor.executor.parallel:closing loop
[13.862s] DEBUG:colcon.colcon_parallel_executor.executor.parallel:loop closed
[13.862s] DEBUG:colcon.colcon_parallel_executor.executor.parallel:run_until_complete finished with '0'
[13.862s] DEBUG:colcon.colcon_core.event_reactor:joining thread
[13.874s] INFO:colcon.colcon_core.plugin_system:Skipping extension 'colcon_notification.desktop_notification.terminal_notifier': Not used on non-Darwin systems
[13.875s] INFO:colcon.colcon_core.plugin_system:Skipping extension 'colcon_notification.desktop_notification.win32': Not used on non-Windows systems
[13.875s] INFO:colcon.colcon_notification.desktop_notification:Sending desktop notification using 'notify2'
[13.916s] DEBUG:colcon.colcon_core.event_reactor:joined thread
[13.917s] INFO:colcon.colcon_core.shell:Creating prefix script '/home/roboticslab/Ros2_predator-project_WS/install/local_setup.ps1'
[13.919s] INFO:colcon.colcon_core.shell:Creating prefix util module '/home/roboticslab/Ros2_predator-project_WS/install/_local_setup_util_ps1.py'
[13.921s] INFO:colcon.colcon_core.shell:Creating prefix chain script '/home/roboticslab/Ros2_predator-project_WS/install/setup.ps1'
[13.930s] INFO:colcon.colcon_core.shell:Creating prefix script '/home/roboticslab/Ros2_predator-project_WS/install/local_setup.sh'
[13.931s] INFO:colcon.colcon_core.shell:Creating prefix util module '/home/roboticslab/Ros2_predator-project_WS/install/_local_setup_util_sh.py'
[13.932s] INFO:colcon.colcon_core.shell:Creating prefix chain script '/home/roboticslab/Ros2_predator-project_WS/install/setup.sh'
[13.942s] INFO:colcon.colcon_core.shell:Creating prefix script '/home/roboticslab/Ros2_predator-project_WS/install/local_setup.bash'
[13.943s] INFO:colcon.colcon_core.shell:Creating prefix chain script '/home/roboticslab/Ros2_predator-project_WS/install/setup.bash'
[13.953s] INFO:colcon.colcon_core.shell:Creating prefix script '/home/roboticslab/Ros2_predator-project_WS/install/local_setup.zsh'
[13.954s] INFO:colcon.colcon_core.shell:Creating prefix chain script '/home/roboticslab/Ros2_predator-project_WS/install/setup.zsh'
