running egg_info
creating ../../build/predator_navigation/predator_navigation.egg-info
writing ../../build/predator_navigation/predator_navigation.egg-info/PKG-INFO
writing dependency_links to ../../build/predator_navigation/predator_navigation.egg-info/dependency_links.txt
writing entry points to ../../build/predator_navigation/predator_navigation.egg-info/entry_points.txt
writing requirements to ../../build/predator_navigation/predator_navigation.egg-info/requires.txt
writing top-level names to ../../build/predator_navigation/predator_navigation.egg-info/top_level.txt
writing manifest file '../../build/predator_navigation/predator_navigation.egg-info/SOURCES.txt'
reading manifest file '../../build/predator_navigation/predator_navigation.egg-info/SOURCES.txt'
writing manifest file '../../build/predator_navigation/predator_navigation.egg-info/SOURCES.txt'
running build
running build_py
creating /home/roboticslab/Ros2_predator-project_WS/build/predator_navigation/build
creating /home/roboticslab/Ros2_predator-project_WS/build/predator_navigation/build/lib
creating /home/roboticslab/Ros2_predator-project_WS/build/predator_navigation/build/lib/predator_navigation
copying predator_navigation/__init__.py -> /home/roboticslab/Ros2_predator-project_WS/build/predator_navigation/build/lib/predator_navigation
copying predator_navigation/pursuit_planner_node.py -> /home/roboticslab/Ros2_predator-project_WS/build/predator_navigation/build/lib/predator_navigation
running install
running install_lib
creating /home/roboticslab/Ros2_predator-project_WS/install/predator_navigation/lib/python3.12/site-packages/predator_navigation
copying /home/roboticslab/Ros2_predator-project_WS/build/predator_navigation/build/lib/predator_navigation/__init__.py -> /home/roboticslab/Ros2_predator-project_WS/install/predator_navigation/lib/python3.12/site-packages/predator_navigation
copying /home/roboticslab/Ros2_predator-project_WS/build/predator_navigation/build/lib/predator_navigation/pursuit_planner_node.py -> /home/roboticslab/Ros2_predator-project_WS/install/predator_navigation/lib/python3.12/site-packages/predator_navigation
byte-compiling /home/roboticslab/Ros2_predator-project_WS/install/predator_navigation/lib/python3.12/site-packages/predator_navigation/__init__.py to __init__.cpython-312.pyc
byte-compiling /home/roboticslab/Ros2_predator-project_WS/install/predator_navigation/lib/python3.12/site-packages/predator_navigation/pursuit_planner_node.py to pursuit_planner_node.cpython-312.pyc
running install_data
creating /home/roboticslab/Ros2_predator-project_WS/install/predator_navigation/share/ament_index
creating /home/roboticslab/Ros2_predator-project_WS/install/predator_navigation/share/ament_index/resource_index
creating /home/roboticslab/Ros2_predator-project_WS/install/predator_navigation/share/ament_index/resource_index/packages
copying resource/predator_navigation -> /home/roboticslab/Ros2_predator-project_WS/install/predator_navigation/share/ament_index/resource_index/packages
copying package.xml -> /home/roboticslab/Ros2_predator-project_WS/install/predator_navigation/share/predator_navigation
running install_egg_info
Copying ../../build/predator_navigation/predator_navigation.egg-info to /home/roboticslab/Ros2_predator-project_WS/install/predator_navigation/lib/python3.12/site-packages/predator_navigation-0.0.0-py3.12.egg-info
running install_scripts
Installing pursuit_planner_node script to /home/roboticslab/Ros2_predator-project_WS/install/predator_navigation/lib/predator_navigation
writing list of installed files to '/home/roboticslab/Ros2_predator-project_WS/build/predator_navigation/install.log'
