[2.737s] Invoking command in '/home/roboticslab/Ros2_predator-project_WS/src/predator_navigation': DEBUGINFOD_URLS=https://debuginfod.ubuntu.com PYTHONPATH=/home/roboticslab/Ros2_predator-project_WS/build/predator_navigation/prefix_override:/usr/lib/python3/dist-packages/colcon_core/task/python/colcon_distutils_commands:/home/roboticslab/Ros2_predator-project_WS/install/predator_navigation/lib/python3.12/site-packages:/home/roboticslab/Ros2_predator-project_WS/install/predator_msgs/lib/python3.12/site-packages:/home/roboticslab/Ros2_predator-project_WS/install/predator_bringup/lib/python3.12/site-packages:/home/roboticslab/Ros2_predator-project_WS/install/predator_perception/lib/python3.12/site-packages:/home/roboticslab/Ros2_predator-project_WS/install/predator_navigation/lib/python3.12/site-packages:/home/roboticslab/Ros2_predator-project_WS/install/predator_manipulation/lib/python3.12/site-packages:/home/roboticslab/Ros2_predator-project_WS/install/predator_behavior/lib/python3.12/site-packages:/home/roboticslab/ros2_ws/install/moveit_task_constructor_core/lib/python3.12/site-packages:/home/roboticslab/ros2_ws/install/roboChef/lib/python3.12/site-packages:/home/roboticslab/ros2_ws/install/moveit_task_constructor_msgs/lib/python3.12/site-packages:/home/roboticslab/ros2_ws/install/moveit_py/lib/python3.12/site-packages:/home/roboticslab/ros2_ws/install/moveit_msgs/lib/python3.12/site-packages:/home/roboticslab/ros2_ws/build/moveit_configs_utils:/home/roboticslab/ros2_ws/install/moveit_configs_utils/lib/python3.12/site-packages:/opt/ros/kilted/lib/python3.12/site-packages /usr/bin/python3 -W ignore:setup.py install is deprecated -W ignore:easy_install command is deprecated setup.py egg_info --egg-base ../../build/predator_navigation build --build-base /home/roboticslab/Ros2_predator-project_WS/build/predator_navigation/build install --record /home/roboticslab/Ros2_predator-project_WS/build/predator_navigation/install.log --single-version-externally-managed install_data
[3.435s] running egg_info
[3.436s] creating ../../build/predator_navigation/predator_navigation.egg-info
[3.494s] writing ../../build/predator_navigation/predator_navigation.egg-info/PKG-INFO
[3.494s] writing dependency_links to ../../build/predator_navigation/predator_navigation.egg-info/dependency_links.txt
[3.495s] writing entry points to ../../build/predator_navigation/predator_navigation.egg-info/entry_points.txt
[3.495s] writing requirements to ../../build/predator_navigation/predator_navigation.egg-info/requires.txt
[3.497s] writing top-level names to ../../build/predator_navigation/predator_navigation.egg-info/top_level.txt
[3.497s] writing manifest file '../../build/predator_navigation/predator_navigation.egg-info/SOURCES.txt'
[3.614s] reading manifest file '../../build/predator_navigation/predator_navigation.egg-info/SOURCES.txt'
[3.615s] writing manifest file '../../build/predator_navigation/predator_navigation.egg-info/SOURCES.txt'
[3.616s] running build
[3.616s] running build_py
[3.616s] creating /home/roboticslab/Ros2_predator-project_WS/build/predator_navigation/build
[3.617s] creating /home/roboticslab/Ros2_predator-project_WS/build/predator_navigation/build/lib
[3.617s] creating /home/roboticslab/Ros2_predator-project_WS/build/predator_navigation/build/lib/predator_navigation
[3.617s] copying predator_navigation/__init__.py -> /home/roboticslab/Ros2_predator-project_WS/build/predator_navigation/build/lib/predator_navigation
[3.617s] copying predator_navigation/pursuit_planner_node.py -> /home/roboticslab/Ros2_predator-project_WS/build/predator_navigation/build/lib/predator_navigation
[3.617s] running install
[3.629s] running install_lib
[3.688s] creating /home/roboticslab/Ros2_predator-project_WS/install/predator_navigation/lib/python3.12/site-packages/predator_navigation
[3.689s] copying /home/roboticslab/Ros2_predator-project_WS/build/predator_navigation/build/lib/predator_navigation/__init__.py -> /home/roboticslab/Ros2_predator-project_WS/install/predator_navigation/lib/python3.12/site-packages/predator_navigation
[3.689s] copying /home/roboticslab/Ros2_predator-project_WS/build/predator_navigation/build/lib/predator_navigation/pursuit_planner_node.py -> /home/roboticslab/Ros2_predator-project_WS/install/predator_navigation/lib/python3.12/site-packages/predator_navigation
[3.690s] byte-compiling /home/roboticslab/Ros2_predator-project_WS/install/predator_navigation/lib/python3.12/site-packages/predator_navigation/__init__.py to __init__.cpython-312.pyc
[3.690s] byte-compiling /home/roboticslab/Ros2_predator-project_WS/install/predator_navigation/lib/python3.12/site-packages/predator_navigation/pursuit_planner_node.py to pursuit_planner_node.cpython-312.pyc
[3.695s] running install_data
[3.696s] creating /home/roboticslab/Ros2_predator-project_WS/install/predator_navigation/share/ament_index
[3.696s] creating /home/roboticslab/Ros2_predator-project_WS/install/predator_navigation/share/ament_index/resource_index
[3.696s] creating /home/roboticslab/Ros2_predator-project_WS/install/predator_navigation/share/ament_index/resource_index/packages
[3.696s] copying resource/predator_navigation -> /home/roboticslab/Ros2_predator-project_WS/install/predator_navigation/share/ament_index/resource_index/packages
[3.696s] copying package.xml -> /home/roboticslab/Ros2_predator-project_WS/install/predator_navigation/share/predator_navigation
[3.697s] running install_egg_info
[3.757s] Copying ../../build/predator_navigation/predator_navigation.egg-info to /home/roboticslab/Ros2_predator-project_WS/install/predator_navigation/lib/python3.12/site-packages/predator_navigation-0.0.0-py3.12.egg-info
[3.759s] running install_scripts
[4.145s] Installing pursuit_planner_node script to /home/roboticslab/Ros2_predator-project_WS/install/predator_navigation/lib/predator_navigation
[4.145s] writing list of installed files to '/home/roboticslab/Ros2_predator-project_WS/build/predator_navigation/install.log'
[4.238s] Invoked command in '/home/roboticslab/Ros2_predator-project_WS/src/predator_navigation' returned '0': DEBUGINFOD_URLS=https://debuginfod.ubuntu.com PYTHONPATH=/home/roboticslab/Ros2_predator-project_WS/build/predator_navigation/prefix_override:/usr/lib/python3/dist-packages/colcon_core/task/python/colcon_distutils_commands:/home/roboticslab/Ros2_predator-project_WS/install/predator_navigation/lib/python3.12/site-packages:/home/roboticslab/Ros2_predator-project_WS/install/predator_msgs/lib/python3.12/site-packages:/home/roboticslab/Ros2_predator-project_WS/install/predator_bringup/lib/python3.12/site-packages:/home/roboticslab/Ros2_predator-project_WS/install/predator_perception/lib/python3.12/site-packages:/home/roboticslab/Ros2_predator-project_WS/install/predator_navigation/lib/python3.12/site-packages:/home/roboticslab/Ros2_predator-project_WS/install/predator_manipulation/lib/python3.12/site-packages:/home/roboticslab/Ros2_predator-project_WS/install/predator_behavior/lib/python3.12/site-packages:/home/roboticslab/ros2_ws/install/moveit_task_constructor_core/lib/python3.12/site-packages:/home/roboticslab/ros2_ws/install/roboChef/lib/python3.12/site-packages:/home/roboticslab/ros2_ws/install/moveit_task_constructor_msgs/lib/python3.12/site-packages:/home/roboticslab/ros2_ws/install/moveit_py/lib/python3.12/site-packages:/home/roboticslab/ros2_ws/install/moveit_msgs/lib/python3.12/site-packages:/home/roboticslab/ros2_ws/build/moveit_configs_utils:/home/roboticslab/ros2_ws/install/moveit_configs_utils/lib/python3.12/site-packages:/opt/ros/kilted/lib/python3.12/site-packages /usr/bin/python3 -W ignore:setup.py install is deprecated -W ignore:easy_install command is deprecated setup.py egg_info --egg-base ../../build/predator_navigation build --build-base /home/roboticslab/Ros2_predator-project_WS/build/predator_navigation/build install --record /home/roboticslab/Ros2_predator-project_WS/build/predator_navigation/install.log --single-version-externally-managed install_data
