/home/roboticslab/Ros2_predator-project_WS/install/predator_perception/lib/python3.12/site-packages/predator_perception/zone_monitor_node.py
/home/roboticslab/Ros2_predator-project_WS/install/predator_perception/lib/python3.12/site-packages/predator_perception/camera_to_map_transform_node.py
/home/roboticslab/Ros2_predator-project_WS/install/predator_perception/lib/python3.12/site-packages/predator_perception/__init__.py
/home/roboticslab/Ros2_predator-project_WS/install/predator_perception/lib/python3.12/site-packages/predator_perception/target_tracker_node.py
/home/roboticslab/Ros2_predator-project_WS/install/predator_perception/lib/python3.12/site-packages/predator_perception/velocity_estimator_node.py
/home/roboticslab/Ros2_predator-project_WS/install/predator_perception/lib/python3.12/site-packages/predator_perception/__pycache__/zone_monitor_node.cpython-312.pyc
/home/roboticslab/Ros2_predator-project_WS/install/predator_perception/lib/python3.12/site-packages/predator_perception/__pycache__/camera_to_map_transform_node.cpython-312.pyc
/home/roboticslab/Ros2_predator-project_WS/install/predator_perception/lib/python3.12/site-packages/predator_perception/__pycache__/__init__.cpython-312.pyc
/home/roboticslab/Ros2_predator-project_WS/install/predator_perception/lib/python3.12/site-packages/predator_perception/__pycache__/target_tracker_node.cpython-312.pyc
/home/roboticslab/Ros2_predator-project_WS/install/predator_perception/lib/python3.12/site-packages/predator_perception/__pycache__/velocity_estimator_node.cpython-312.pyc
/home/roboticslab/Ros2_predator-project_WS/install/predator_perception/share/ament_index/resource_index/packages/predator_perception
/home/roboticslab/Ros2_predator-project_WS/install/predator_perception/share/predator_perception/package.xml
/home/roboticslab/Ros2_predator-project_WS/install/predator_perception/lib/python3.12/site-packages/predator_perception-0.0.0-py3.12.egg-info/top_level.txt
/home/roboticslab/Ros2_predator-project_WS/install/predator_perception/lib/python3.12/site-packages/predator_perception-0.0.0-py3.12.egg-info/requires.txt
/home/roboticslab/Ros2_predator-project_WS/install/predator_perception/lib/python3.12/site-packages/predator_perception-0.0.0-py3.12.egg-info/PKG-INFO
/home/roboticslab/Ros2_predator-project_WS/install/predator_perception/lib/python3.12/site-packages/predator_perception-0.0.0-py3.12.egg-info/entry_points.txt
/home/roboticslab/Ros2_predator-project_WS/install/predator_perception/lib/python3.12/site-packages/predator_perception-0.0.0-py3.12.egg-info/zip-safe
/home/roboticslab/Ros2_predator-project_WS/install/predator_perception/lib/python3.12/site-packages/predator_perception-0.0.0-py3.12.egg-info/SOURCES.txt
/home/roboticslab/Ros2_predator-project_WS/install/predator_perception/lib/python3.12/site-packages/predator_perception-0.0.0-py3.12.egg-info/dependency_links.txt
/home/roboticslab/Ros2_predator-project_WS/install/predator_perception/lib/predator_perception/camera_to_map_transform_node
/home/roboticslab/Ros2_predator-project_WS/install/predator_perception/lib/predator_perception/target_tracker_node
/home/roboticslab/Ros2_predator-project_WS/install/predator_perception/lib/predator_perception/velocity_estimator_node
/home/roboticslab/Ros2_predator-project_WS/install/predator_perception/lib/predator_perception/zone_monitor_node
