[0.189s] DEBUG:colcon:Command line arguments: ['/usr/bin/colcon', 'build']
[0.190s] DEBUG:colcon:Parsed command line arguments: Namespace(log_base=None, log_level=None, verb_name='build', build_base='build', install_base='install', merge_install=False, symlink_install=False, test_result_base=None, continue_on_error=False, executor='parallel', parallel_workers=4, event_handlers=None, ignore_user_meta=False, metas=['./colcon.meta'], base_paths=['.'], packages_ignore=None, packages_ignore_regex=None, paths=None, packages_up_to=None, packages_up_to_regex=None, packages_above=None, packages_above_and_dependencies=None, packages_above_depth=None, packages_select_by_dep=None, packages_skip_by_dep=None, packages_skip_up_to=None, packages_select_build_failed=False, packages_skip_build_finished=False, packages_select_test_failures=False, packages_skip_test_passed=False, packages_select=None, packages_skip=None, packages_select_regex=None, packages_skip_regex=None, packages_start=None, packages_end=None, allow_overriding=[], cmake_args=None, cmake_target=None, cmake_target_skip_unavailable=False, cmake_clean_cache=False, cmake_clean_first=False, cmake_force_configure=False, ament_cmake_args=None, catkin_cmake_args=None, catkin_skip_building_tests=False, mixin_files=None, mixin=None, verb_parser=<colcon_mixin.mixin.mixin_argument.MixinArgumentDecorator object at 0x7b74982fdeb0>, verb_extension=<colcon_core.verb.build.BuildVerb object at 0x7b74982fdc10>, main=<bound method BuildVerb.main of <colcon_core.verb.build.BuildVerb object at 0x7b74982fdc10>>, mixin_verb=('build',))
[0.243s] Level 1:colcon.colcon_core.package_discovery:discover_packages(colcon_meta) check parameters
[0.243s] Level 1:colcon.colcon_core.package_discovery:discover_packages(recursive) check parameters
[0.243s] Level 1:colcon.colcon_core.package_discovery:discover_packages(ignore) check parameters
[0.243s] Level 1:colcon.colcon_core.package_discovery:discover_packages(path) check parameters
[0.243s] Level 1:colcon.colcon_core.package_discovery:discover_packages(colcon_meta) discover
[0.243s] Level 1:colcon.colcon_core.package_discovery:discover_packages(recursive) discover
[0.243s] INFO:colcon.colcon_core.package_discovery:Crawling recursively for packages in '/home/roboticslab/Ros2_predator-project_WS'
[0.243s] Level 1:colcon.colcon_core.package_identification:_identify(.) by extensions ['ignore', 'ignore_ament_install']
[0.243s] Level 1:colcon.colcon_core.package_identification:_identify(.) by extension 'ignore'
[0.244s] Level 1:colcon.colcon_core.package_identification:_identify(.) by extension 'ignore_ament_install'
[0.244s] Level 1:colcon.colcon_core.package_identification:_identify(.) by extensions ['colcon_pkg']
[0.244s] Level 1:colcon.colcon_core.package_identification:_identify(.) by extension 'colcon_pkg'
[0.244s] Level 1:colcon.colcon_core.package_identification:_identify(.) by extensions ['colcon_meta']
[0.244s] Level 1:colcon.colcon_core.package_identification:_identify(.) by extension 'colcon_meta'
[0.244s] Level 1:colcon.colcon_core.package_identification:_identify(.) by extensions ['ros']
[0.244s] Level 1:colcon.colcon_core.package_identification:_identify(.) by extension 'ros'
[0.333s] Level 1:colcon.colcon_core.package_identification:_identify(.) by extensions ['cmake', 'python']
[0.333s] Level 1:colcon.colcon_core.package_identification:_identify(.) by extension 'cmake'
[0.333s] Level 1:colcon.colcon_core.package_identification:_identify(.) by extension 'python'
[0.333s] Level 1:colcon.colcon_core.package_identification:_identify(.) by extensions ['python_setup_py']
[0.333s] Level 1:colcon.colcon_core.package_identification:_identify(.) by extension 'python_setup_py'
[0.333s] Level 1:colcon.colcon_core.package_identification:_identify(build) by extensions ['ignore', 'ignore_ament_install']
[0.333s] Level 1:colcon.colcon_core.package_identification:_identify(build) by extension 'ignore'
[0.333s] Level 1:colcon.colcon_core.package_identification:_identify(build) ignored
[0.333s] Level 1:colcon.colcon_core.package_identification:_identify(install) by extensions ['ignore', 'ignore_ament_install']
[0.333s] Level 1:colcon.colcon_core.package_identification:_identify(install) by extension 'ignore'
[0.333s] Level 1:colcon.colcon_core.package_identification:_identify(install) ignored
[0.334s] Level 1:colcon.colcon_core.package_identification:_identify(log) by extensions ['ignore', 'ignore_ament_install']
[0.334s] Level 1:colcon.colcon_core.package_identification:_identify(log) by extension 'ignore'
[0.334s] Level 1:colcon.colcon_core.package_identification:_identify(log) ignored
[0.334s] Level 1:colcon.colcon_core.package_identification:_identify(src) by extensions ['ignore', 'ignore_ament_install']
[0.334s] Level 1:colcon.colcon_core.package_identification:_identify(src) by extension 'ignore'
[0.334s] Level 1:colcon.colcon_core.package_identification:_identify(src) by extension 'ignore_ament_install'
[0.334s] Level 1:colcon.colcon_core.package_identification:_identify(src) by extensions ['colcon_pkg']
[0.334s] Level 1:colcon.colcon_core.package_identification:_identify(src) by extension 'colcon_pkg'
[0.334s] Level 1:colcon.colcon_core.package_identification:_identify(src) by extensions ['colcon_meta']
[0.334s] Level 1:colcon.colcon_core.package_identification:_identify(src) by extension 'colcon_meta'
[0.334s] Level 1:colcon.colcon_core.package_identification:_identify(src) by extensions ['ros']
[0.334s] Level 1:colcon.colcon_core.package_identification:_identify(src) by extension 'ros'
[0.334s] Level 1:colcon.colcon_core.package_identification:_identify(src) by extensions ['cmake', 'python']
[0.334s] Level 1:colcon.colcon_core.package_identification:_identify(src) by extension 'cmake'
[0.334s] Level 1:colcon.colcon_core.package_identification:_identify(src) by extension 'python'
[0.335s] Level 1:colcon.colcon_core.package_identification:_identify(src) by extensions ['python_setup_py']
[0.335s] Level 1:colcon.colcon_core.package_identification:_identify(src) by extension 'python_setup_py'
[0.335s] Level 1:colcon.colcon_core.package_identification:_identify(src/predator_behavior) by extensions ['ignore', 'ignore_ament_install']
[0.335s] Level 1:colcon.colcon_core.package_identification:_identify(src/predator_behavior) by extension 'ignore'
[0.335s] Level 1:colcon.colcon_core.package_identification:_identify(src/predator_behavior) by extension 'ignore_ament_install'
[0.335s] Level 1:colcon.colcon_core.package_identification:_identify(src/predator_behavior) by extensions ['colcon_pkg']
[0.335s] Level 1:colcon.colcon_core.package_identification:_identify(src/predator_behavior) by extension 'colcon_pkg'
[0.335s] Level 1:colcon.colcon_core.package_identification:_identify(src/predator_behavior) by extensions ['colcon_meta']
[0.335s] Level 1:colcon.colcon_core.package_identification:_identify(src/predator_behavior) by extension 'colcon_meta'
[0.335s] Level 1:colcon.colcon_core.package_identification:_identify(src/predator_behavior) by extensions ['ros']
[0.335s] Level 1:colcon.colcon_core.package_identification:_identify(src/predator_behavior) by extension 'ros'
[0.338s] DEBUG:colcon.colcon_core.package_identification:Package 'src/predator_behavior' with type 'ros.ament_python' and name 'predator_behavior'
[0.338s] Level 1:colcon.colcon_core.package_identification:_identify(src/predator_bringup) by extensions ['ignore', 'ignore_ament_install']
[0.338s] Level 1:colcon.colcon_core.package_identification:_identify(src/predator_bringup) by extension 'ignore'
[0.338s] Level 1:colcon.colcon_core.package_identification:_identify(src/predator_bringup) by extension 'ignore_ament_install'
[0.338s] Level 1:colcon.colcon_core.package_identification:_identify(src/predator_bringup) by extensions ['colcon_pkg']
[0.338s] Level 1:colcon.colcon_core.package_identification:_identify(src/predator_bringup) by extension 'colcon_pkg'
[0.338s] Level 1:colcon.colcon_core.package_identification:_identify(src/predator_bringup) by extensions ['colcon_meta']
[0.338s] Level 1:colcon.colcon_core.package_identification:_identify(src/predator_bringup) by extension 'colcon_meta'
[0.338s] Level 1:colcon.colcon_core.package_identification:_identify(src/predator_bringup) by extensions ['ros']
[0.338s] Level 1:colcon.colcon_core.package_identification:_identify(src/predator_bringup) by extension 'ros'
[0.339s] DEBUG:colcon.colcon_core.package_identification:Package 'src/predator_bringup' with type 'ros.ament_python' and name 'predator_bringup'
[0.339s] Level 1:colcon.colcon_core.package_identification:_identify(src/predator_manipulation) by extensions ['ignore', 'ignore_ament_install']
[0.339s] Level 1:colcon.colcon_core.package_identification:_identify(src/predator_manipulation) by extension 'ignore'
[0.339s] Level 1:colcon.colcon_core.package_identification:_identify(src/predator_manipulation) by extension 'ignore_ament_install'
[0.339s] Level 1:colcon.colcon_core.package_identification:_identify(src/predator_manipulation) by extensions ['colcon_pkg']
[0.339s] Level 1:colcon.colcon_core.package_identification:_identify(src/predator_manipulation) by extension 'colcon_pkg'
[0.340s] Level 1:colcon.colcon_core.package_identification:_identify(src/predator_manipulation) by extensions ['colcon_meta']
[0.340s] Level 1:colcon.colcon_core.package_identification:_identify(src/predator_manipulation) by extension 'colcon_meta'
[0.340s] Level 1:colcon.colcon_core.package_identification:_identify(src/predator_manipulation) by extensions ['ros']
[0.340s] Level 1:colcon.colcon_core.package_identification:_identify(src/predator_manipulation) by extension 'ros'
[0.340s] DEBUG:colcon.colcon_core.package_identification:Package 'src/predator_manipulation' with type 'ros.ament_python' and name 'predator_manipulation'
[0.340s] Level 1:colcon.colcon_core.package_identification:_identify(src/predator_msgs) by extensions ['ignore', 'ignore_ament_install']
[0.341s] Level 1:colcon.colcon_core.package_identification:_identify(src/predator_msgs) by extension 'ignore'
[0.341s] Level 1:colcon.colcon_core.package_identification:_identify(src/predator_msgs) by extension 'ignore_ament_install'
[0.341s] Level 1:colcon.colcon_core.package_identification:_identify(src/predator_msgs) by extensions ['colcon_pkg']
[0.341s] Level 1:colcon.colcon_core.package_identification:_identify(src/predator_msgs) by extension 'colcon_pkg'
[0.341s] Level 1:colcon.colcon_core.package_identification:_identify(src/predator_msgs) by extensions ['colcon_meta']
[0.341s] Level 1:colcon.colcon_core.package_identification:_identify(src/predator_msgs) by extension 'colcon_meta'
[0.341s] Level 1:colcon.colcon_core.package_identification:_identify(src/predator_msgs) by extensions ['ros']
[0.341s] Level 1:colcon.colcon_core.package_identification:_identify(src/predator_msgs) by extension 'ros'
[0.342s] DEBUG:colcon.colcon_core.package_identification:Package 'src/predator_msgs' with type 'ros.ament_cmake' and name 'predator_msgs'
[0.342s] Level 1:colcon.colcon_core.package_identification:_identify(src/predator_navigation) by extensions ['ignore', 'ignore_ament_install']
[0.342s] Level 1:colcon.colcon_core.package_identification:_identify(src/predator_navigation) by extension 'ignore'
[0.342s] Level 1:colcon.colcon_core.package_identification:_identify(src/predator_navigation) by extension 'ignore_ament_install'
[0.342s] Level 1:colcon.colcon_core.package_identification:_identify(src/predator_navigation) by extensions ['colcon_pkg']
[0.342s] Level 1:colcon.colcon_core.package_identification:_identify(src/predator_navigation) by extension 'colcon_pkg'
[0.342s] Level 1:colcon.colcon_core.package_identification:_identify(src/predator_navigation) by extensions ['colcon_meta']
[0.342s] Level 1:colcon.colcon_core.package_identification:_identify(src/predator_navigation) by extension 'colcon_meta'
[0.342s] Level 1:colcon.colcon_core.package_identification:_identify(src/predator_navigation) by extensions ['ros']
[0.342s] Level 1:colcon.colcon_core.package_identification:_identify(src/predator_navigation) by extension 'ros'
[0.343s] DEBUG:colcon.colcon_core.package_identification:Package 'src/predator_navigation' with type 'ros.ament_python' and name 'predator_navigation'
[0.343s] Level 1:colcon.colcon_core.package_identification:_identify(src/predator_perception) by extensions ['ignore', 'ignore_ament_install']
[0.343s] Level 1:colcon.colcon_core.package_identification:_identify(src/predator_perception) by extension 'ignore'
[0.343s] Level 1:colcon.colcon_core.package_identification:_identify(src/predator_perception) by extension 'ignore_ament_install'
[0.343s] Level 1:colcon.colcon_core.package_identification:_identify(src/predator_perception) by extensions ['colcon_pkg']
[0.343s] Level 1:colcon.colcon_core.package_identification:_identify(src/predator_perception) by extension 'colcon_pkg'
[0.343s] Level 1:colcon.colcon_core.package_identification:_identify(src/predator_perception) by extensions ['colcon_meta']
[0.343s] Level 1:colcon.colcon_core.package_identification:_identify(src/predator_perception) by extension 'colcon_meta'
[0.344s] Level 1:colcon.colcon_core.package_identification:_identify(src/predator_perception) by extensions ['ros']
[0.344s] Level 1:colcon.colcon_core.package_identification:_identify(src/predator_perception) by extension 'ros'
[0.344s] DEBUG:colcon.colcon_core.package_identification:Package 'src/predator_perception' with type 'ros.ament_python' and name 'predator_perception'
[0.345s] Level 1:colcon.colcon_core.package_discovery:discover_packages(recursive) using defaults
[0.345s] Level 1:colcon.colcon_core.package_discovery:discover_packages(ignore) discover
[0.345s] Level 1:colcon.colcon_core.package_discovery:discover_packages(ignore) using defaults
[0.345s] Level 1:colcon.colcon_core.package_discovery:discover_packages(path) discover
[0.345s] Level 1:colcon.colcon_core.package_discovery:discover_packages(path) using defaults
[0.374s] Level 1:colcon.colcon_core.package_discovery:discover_packages(prefix_path) check parameters
[0.374s] Level 1:colcon.colcon_core.package_discovery:discover_packages(prefix_path) discover
[0.380s] DEBUG:colcon.colcon_installed_package_information.package_discovery:Found 6 installed packages in /home/roboticslab/Ros2_predator-project_WS/install
[0.383s] DEBUG:colcon.colcon_installed_package_information.package_discovery:Found 75 installed packages in /home/roboticslab/ros2_ws/install
[0.387s] DEBUG:colcon.colcon_installed_package_information.package_discovery:Found 510 installed packages in /opt/ros/kilted
[0.389s] Level 1:colcon.colcon_core.package_discovery:discover_packages(prefix_path) using defaults
[0.509s] Level 5:colcon.colcon_core.verb:set package 'predator_msgs' build argument 'cmake_args' from command line to 'None'
[0.509s] Level 5:colcon.colcon_core.verb:set package 'predator_msgs' build argument 'cmake_target' from command line to 'None'
[0.509s] Level 5:colcon.colcon_core.verb:set package 'predator_msgs' build argument 'cmake_target_skip_unavailable' from command line to 'False'
[0.509s] Level 5:colcon.colcon_core.verb:set package 'predator_msgs' build argument 'cmake_clean_cache' from command line to 'False'
[0.509s] Level 5:colcon.colcon_core.verb:set package 'predator_msgs' build argument 'cmake_clean_first' from command line to 'False'
[0.509s] Level 5:colcon.colcon_core.verb:set package 'predator_msgs' build argument 'cmake_force_configure' from command line to 'False'
[0.509s] Level 5:colcon.colcon_core.verb:set package 'predator_msgs' build argument 'ament_cmake_args' from command line to 'None'
[0.509s] Level 5:colcon.colcon_core.verb:set package 'predator_msgs' build argument 'catkin_cmake_args' from command line to 'None'
[0.509s] Level 5:colcon.colcon_core.verb:set package 'predator_msgs' build argument 'catkin_skip_building_tests' from command line to 'False'
[0.510s] DEBUG:colcon.colcon_core.verb:Building package 'predator_msgs' with the following arguments: {'ament_cmake_args': None, 'build_base': '/home/roboticslab/Ros2_predator-project_WS/build/predator_msgs', 'catkin_cmake_args': None, 'catkin_skip_building_tests': False, 'cmake_args': None, 'cmake_clean_cache': False, 'cmake_clean_first': False, 'cmake_force_configure': False, 'cmake_target': None, 'cmake_target_skip_unavailable': False, 'install_base': '/home/roboticslab/Ros2_predator-project_WS/install/predator_msgs', 'merge_install': False, 'path': '/home/roboticslab/Ros2_predator-project_WS/src/predator_msgs', 'symlink_install': False, 'test_result_base': None}
[0.510s] Level 5:colcon.colcon_core.verb:set package 'predator_behavior' build argument 'cmake_args' from command line to 'None'
[0.510s] Level 5:colcon.colcon_core.verb:set package 'predator_behavior' build argument 'cmake_target' from command line to 'None'
[0.510s] Level 5:colcon.colcon_core.verb:set package 'predator_behavior' build argument 'cmake_target_skip_unavailable' from command line to 'False'
[0.510s] Level 5:colcon.colcon_core.verb:set package 'predator_behavior' build argument 'cmake_clean_cache' from command line to 'False'
[0.510s] Level 5:colcon.colcon_core.verb:set package 'predator_behavior' build argument 'cmake_clean_first' from command line to 'False'
[0.510s] Level 5:colcon.colcon_core.verb:set package 'predator_behavior' build argument 'cmake_force_configure' from command line to 'False'
[0.510s] Level 5:colcon.colcon_core.verb:set package 'predator_behavior' build argument 'ament_cmake_args' from command line to 'None'
[0.510s] Level 5:colcon.colcon_core.verb:set package 'predator_behavior' build argument 'catkin_cmake_args' from command line to 'None'
[0.510s] Level 5:colcon.colcon_core.verb:set package 'predator_behavior' build argument 'catkin_skip_building_tests' from command line to 'False'
[0.510s] DEBUG:colcon.colcon_core.verb:Building package 'predator_behavior' with the following arguments: {'ament_cmake_args': None, 'build_base': '/home/roboticslab/Ros2_predator-project_WS/build/predator_behavior', 'catkin_cmake_args': None, 'catkin_skip_building_tests': False, 'cmake_args': None, 'cmake_clean_cache': False, 'cmake_clean_first': False, 'cmake_force_configure': False, 'cmake_target': None, 'cmake_target_skip_unavailable': False, 'install_base': '/home/roboticslab/Ros2_predator-project_WS/install/predator_behavior', 'merge_install': False, 'path': '/home/roboticslab/Ros2_predator-project_WS/src/predator_behavior', 'symlink_install': False, 'test_result_base': None}
[0.511s] Level 5:colcon.colcon_core.verb:set package 'predator_manipulation' build argument 'cmake_args' from command line to 'None'
[0.511s] Level 5:colcon.colcon_core.verb:set package 'predator_manipulation' build argument 'cmake_target' from command line to 'None'
[0.511s] Level 5:colcon.colcon_core.verb:set package 'predator_manipulation' build argument 'cmake_target_skip_unavailable' from command line to 'False'
[0.511s] Level 5:colcon.colcon_core.verb:set package 'predator_manipulation' build argument 'cmake_clean_cache' from command line to 'False'
[0.511s] Level 5:colcon.colcon_core.verb:set package 'predator_manipulation' build argument 'cmake_clean_first' from command line to 'False'
[0.511s] Level 5:colcon.colcon_core.verb:set package 'predator_manipulation' build argument 'cmake_force_configure' from command line to 'False'
[0.511s] Level 5:colcon.colcon_core.verb:set package 'predator_manipulation' build argument 'ament_cmake_args' from command line to 'None'
[0.511s] Level 5:colcon.colcon_core.verb:set package 'predator_manipulation' build argument 'catkin_cmake_args' from command line to 'None'
[0.511s] Level 5:colcon.colcon_core.verb:set package 'predator_manipulation' build argument 'catkin_skip_building_tests' from command line to 'False'
[0.511s] DEBUG:colcon.colcon_core.verb:Building package 'predator_manipulation' with the following arguments: {'ament_cmake_args': None, 'build_base': '/home/roboticslab/Ros2_predator-project_WS/build/predator_manipulation', 'catkin_cmake_args': None, 'catkin_skip_building_tests': False, 'cmake_args': None, 'cmake_clean_cache': False, 'cmake_clean_first': False, 'cmake_force_configure': False, 'cmake_target': None, 'cmake_target_skip_unavailable': False, 'install_base': '/home/roboticslab/Ros2_predator-project_WS/install/predator_manipulation', 'merge_install': False, 'path': '/home/roboticslab/Ros2_predator-project_WS/src/predator_manipulation', 'symlink_install': False, 'test_result_base': None}
[0.511s] Level 5:colcon.colcon_core.verb:set package 'predator_navigation' build argument 'cmake_args' from command line to 'None'
[0.511s] Level 5:colcon.colcon_core.verb:set package 'predator_navigation' build argument 'cmake_target' from command line to 'None'
[0.511s] Level 5:colcon.colcon_core.verb:set package 'predator_navigation' build argument 'cmake_target_skip_unavailable' from command line to 'False'
[0.511s] Level 5:colcon.colcon_core.verb:set package 'predator_navigation' build argument 'cmake_clean_cache' from command line to 'False'
[0.511s] Level 5:colcon.colcon_core.verb:set package 'predator_navigation' build argument 'cmake_clean_first' from command line to 'False'
[0.511s] Level 5:colcon.colcon_core.verb:set package 'predator_navigation' build argument 'cmake_force_configure' from command line to 'False'
[0.511s] Level 5:colcon.colcon_core.verb:set package 'predator_navigation' build argument 'ament_cmake_args' from command line to 'None'
[0.511s] Level 5:colcon.colcon_core.verb:set package 'predator_navigation' build argument 'catkin_cmake_args' from command line to 'None'
[0.511s] Level 5:colcon.colcon_core.verb:set package 'predator_navigation' build argument 'catkin_skip_building_tests' from command line to 'False'
[0.511s] DEBUG:colcon.colcon_core.verb:Building package 'predator_navigation' with the following arguments: {'ament_cmake_args': None, 'build_base': '/home/roboticslab/Ros2_predator-project_WS/build/predator_navigation', 'catkin_cmake_args': None, 'catkin_skip_building_tests': False, 'cmake_args': None, 'cmake_clean_cache': False, 'cmake_clean_first': False, 'cmake_force_configure': False, 'cmake_target': None, 'cmake_target_skip_unavailable': False, 'install_base': '/home/roboticslab/Ros2_predator-project_WS/install/predator_navigation', 'merge_install': False, 'path': '/home/roboticslab/Ros2_predator-project_WS/src/predator_navigation', 'symlink_install': False, 'test_result_base': None}
[0.512s] Level 5:colcon.colcon_core.verb:set package 'predator_perception' build argument 'cmake_args' from command line to 'None'
[0.512s] Level 5:colcon.colcon_core.verb:set package 'predator_perception' build argument 'cmake_target' from command line to 'None'
[0.512s] Level 5:colcon.colcon_core.verb:set package 'predator_perception' build argument 'cmake_target_skip_unavailable' from command line to 'False'
[0.512s] Level 5:colcon.colcon_core.verb:set package 'predator_perception' build argument 'cmake_clean_cache' from command line to 'False'
[0.512s] Level 5:colcon.colcon_core.verb:set package 'predator_perception' build argument 'cmake_clean_first' from command line to 'False'
[0.512s] Level 5:colcon.colcon_core.verb:set package 'predator_perception' build argument 'cmake_force_configure' from command line to 'False'
[0.512s] Level 5:colcon.colcon_core.verb:set package 'predator_perception' build argument 'ament_cmake_args' from command line to 'None'
[0.512s] Level 5:colcon.colcon_core.verb:set package 'predator_perception' build argument 'catkin_cmake_args' from command line to 'None'
[0.512s] Level 5:colcon.colcon_core.verb:set package 'predator_perception' build argument 'catkin_skip_building_tests' from command line to 'False'
[0.512s] DEBUG:colcon.colcon_core.verb:Building package 'predator_perception' with the following arguments: {'ament_cmake_args': None, 'build_base': '/home/roboticslab/Ros2_predator-project_WS/build/predator_perception', 'catkin_cmake_args': None, 'catkin_skip_building_tests': False, 'cmake_args': None, 'cmake_clean_cache': False, 'cmake_clean_first': False, 'cmake_force_configure': False, 'cmake_target': None, 'cmake_target_skip_unavailable': False, 'install_base': '/home/roboticslab/Ros2_predator-project_WS/install/predator_perception', 'merge_install': False, 'path': '/home/roboticslab/Ros2_predator-project_WS/src/predator_perception', 'symlink_install': False, 'test_result_base': None}
[0.513s] Level 5:colcon.colcon_core.verb:set package 'predator_bringup' build argument 'cmake_args' from command line to 'None'
[0.513s] Level 5:colcon.colcon_core.verb:set package 'predator_bringup' build argument 'cmake_target' from command line to 'None'
[0.513s] Level 5:colcon.colcon_core.verb:set package 'predator_bringup' build argument 'cmake_target_skip_unavailable' from command line to 'False'
[0.513s] Level 5:colcon.colcon_core.verb:set package 'predator_bringup' build argument 'cmake_clean_cache' from command line to 'False'
[0.513s] Level 5:colcon.colcon_core.verb:set package 'predator_bringup' build argument 'cmake_clean_first' from command line to 'False'
[0.513s] Level 5:colcon.colcon_core.verb:set package 'predator_bringup' build argument 'cmake_force_configure' from command line to 'False'
[0.513s] Level 5:colcon.colcon_core.verb:set package 'predator_bringup' build argument 'ament_cmake_args' from command line to 'None'
[0.513s] Level 5:colcon.colcon_core.verb:set package 'predator_bringup' build argument 'catkin_cmake_args' from command line to 'None'
[0.513s] Level 5:colcon.colcon_core.verb:set package 'predator_bringup' build argument 'catkin_skip_building_tests' from command line to 'False'
[0.513s] DEBUG:colcon.colcon_core.verb:Building package 'predator_bringup' with the following arguments: {'ament_cmake_args': None, 'build_base': '/home/roboticslab/Ros2_predator-project_WS/build/predator_bringup', 'catkin_cmake_args': None, 'catkin_skip_building_tests': False, 'cmake_args': None, 'cmake_clean_cache': False, 'cmake_clean_first': False, 'cmake_force_configure': False, 'cmake_target': None, 'cmake_target_skip_unavailable': False, 'install_base': '/home/roboticslab/Ros2_predator-project_WS/install/predator_bringup', 'merge_install': False, 'path': '/home/roboticslab/Ros2_predator-project_WS/src/predator_bringup', 'symlink_install': False, 'test_result_base': None}
[0.513s] INFO:colcon.colcon_core.executor:Executing jobs using 'parallel' executor
[0.514s] DEBUG:colcon.colcon_parallel_executor.executor.parallel:run_until_complete
[0.514s] INFO:colcon.colcon_ros.task.ament_cmake.build:Building ROS package in '/home/roboticslab/Ros2_predator-project_WS/src/predator_msgs' with build type 'ament_cmake'
[0.514s] INFO:colcon.colcon_cmake.task.cmake.build:Building CMake package in '/home/roboticslab/Ros2_predator-project_WS/src/predator_msgs'
[0.518s] INFO:colcon.colcon_core.plugin_system:Skipping extension 'colcon_core.shell.bat': Not used on non-Windows systems
[0.519s] INFO:colcon.colcon_core.shell:Skip shell extension 'powershell' for command environment: Not usable outside of PowerShell
[0.519s] DEBUG:colcon.colcon_core.shell:Skip shell extension 'dsv' for command environment
[0.540s] DEBUG:colcon.colcon_core.event_handler.log_command:Invoking command in '/home/roboticslab/Ros2_predator-project_WS/build/predator_msgs': CMAKE_PREFIX_PATH=${CMAKE_PREFIX_PATH}:/home/roboticslab/Ros2_predator-project_WS/install/predator_bringup:/home/roboticslab/Ros2_predator-project_WS/install/predator_perception:/home/roboticslab/Ros2_predator-project_WS/install/predator_navigation:/home/roboticslab/Ros2_predator-project_WS/install/predator_manipulation:/home/roboticslab/Ros2_predator-project_WS/install/predator_behavior:/home/roboticslab/ros2_ws/install/robotiq_description:/home/roboticslab/ros2_ws/install/robo_waiter:/home/roboticslab/ros2_ws/install/robo_chef:/home/roboticslab/ros2_ws/install/roboChef:/home/roboticslab/ros2_ws/install/moveit_configs_utils:/opt/ros/kilted DEBUGINFOD_URLS=https://debuginfod.ubuntu.com /usr/bin/cmake --build /home/roboticslab/Ros2_predator-project_WS/build/predator_msgs -- -j4 -l4
[2.134s] DEBUG:colcon.colcon_core.event_handler.log_command:Invoked command in '/home/roboticslab/Ros2_predator-project_WS/build/predator_msgs' returned '0': CMAKE_PREFIX_PATH=${CMAKE_PREFIX_PATH}:/home/roboticslab/Ros2_predator-project_WS/install/predator_bringup:/home/roboticslab/Ros2_predator-project_WS/install/predator_perception:/home/roboticslab/Ros2_predator-project_WS/install/predator_navigation:/home/roboticslab/Ros2_predator-project_WS/install/predator_manipulation:/home/roboticslab/Ros2_predator-project_WS/install/predator_behavior:/home/roboticslab/ros2_ws/install/robotiq_description:/home/roboticslab/ros2_ws/install/robo_waiter:/home/roboticslab/ros2_ws/install/robo_chef:/home/roboticslab/ros2_ws/install/roboChef:/home/roboticslab/ros2_ws/install/moveit_configs_utils:/opt/ros/kilted DEBUGINFOD_URLS=https://debuginfod.ubuntu.com /usr/bin/cmake --build /home/roboticslab/Ros2_predator-project_WS/build/predator_msgs -- -j4 -l4
[2.154s] DEBUG:colcon.colcon_core.event_handler.log_command:Invoking command in '/home/roboticslab/Ros2_predator-project_WS/build/predator_msgs': CMAKE_PREFIX_PATH=${CMAKE_PREFIX_PATH}:/home/roboticslab/Ros2_predator-project_WS/install/predator_bringup:/home/roboticslab/Ros2_predator-project_WS/install/predator_perception:/home/roboticslab/Ros2_predator-project_WS/install/predator_navigation:/home/roboticslab/Ros2_predator-project_WS/install/predator_manipulation:/home/roboticslab/Ros2_predator-project_WS/install/predator_behavior:/home/roboticslab/ros2_ws/install/robotiq_description:/home/roboticslab/ros2_ws/install/robo_waiter:/home/roboticslab/ros2_ws/install/robo_chef:/home/roboticslab/ros2_ws/install/roboChef:/home/roboticslab/ros2_ws/install/moveit_configs_utils:/opt/ros/kilted DEBUGINFOD_URLS=https://debuginfod.ubuntu.com /usr/bin/cmake --install /home/roboticslab/Ros2_predator-project_WS/build/predator_msgs
[2.263s] Level 1:colcon.colcon_core.environment:create_environment_scripts_only(predator_msgs)
[2.264s] DEBUG:colcon.colcon_core.event_handler.log_command:Invoked command in '/home/roboticslab/Ros2_predator-project_WS/build/predator_msgs' returned '0': CMAKE_PREFIX_PATH=${CMAKE_PREFIX_PATH}:/home/roboticslab/Ros2_predator-project_WS/install/predator_bringup:/home/roboticslab/Ros2_predator-project_WS/install/predator_perception:/home/roboticslab/Ros2_predator-project_WS/install/predator_navigation:/home/roboticslab/Ros2_predator-project_WS/install/predator_manipulation:/home/roboticslab/Ros2_predator-project_WS/install/predator_behavior:/home/roboticslab/ros2_ws/install/robotiq_description:/home/roboticslab/ros2_ws/install/robo_waiter:/home/roboticslab/ros2_ws/install/robo_chef:/home/roboticslab/ros2_ws/install/roboChef:/home/roboticslab/ros2_ws/install/moveit_configs_utils:/opt/ros/kilted DEBUGINFOD_URLS=https://debuginfod.ubuntu.com /usr/bin/cmake --install /home/roboticslab/Ros2_predator-project_WS/build/predator_msgs
[2.268s] Level 1:colcon.colcon_core.environment:checking '/home/roboticslab/Ros2_predator-project_WS/install/predator_msgs' for CMake module files
[2.269s] Level 1:colcon.colcon_core.environment:checking '/home/roboticslab/Ros2_predator-project_WS/install/predator_msgs' for CMake config files
[2.270s] Level 1:colcon.colcon_core.shell:create_environment_hook('predator_msgs', 'cmake_prefix_path')
[2.270s] INFO:colcon.colcon_core.shell:Creating environment hook '/home/roboticslab/Ros2_predator-project_WS/install/predator_msgs/share/predator_msgs/hook/cmake_prefix_path.ps1'
[2.271s] INFO:colcon.colcon_core.shell:Creating environment descriptor '/home/roboticslab/Ros2_predator-project_WS/install/predator_msgs/share/predator_msgs/hook/cmake_prefix_path.dsv'
[2.272s] INFO:colcon.colcon_core.shell:Creating environment hook '/home/roboticslab/Ros2_predator-project_WS/install/predator_msgs/share/predator_msgs/hook/cmake_prefix_path.sh'
[2.273s] Level 1:colcon.colcon_core.environment:checking '/home/roboticslab/Ros2_predator-project_WS/install/predator_msgs/lib'
[2.273s] Level 1:colcon.colcon_core.shell:create_environment_hook('predator_msgs', 'ld_library_path_lib')
[2.274s] INFO:colcon.colcon_core.shell:Creating environment hook '/home/roboticslab/Ros2_predator-project_WS/install/predator_msgs/share/predator_msgs/hook/ld_library_path_lib.ps1'
[2.275s] INFO:colcon.colcon_core.shell:Creating environment descriptor '/home/roboticslab/Ros2_predator-project_WS/install/predator_msgs/share/predator_msgs/hook/ld_library_path_lib.dsv'
[2.275s] INFO:colcon.colcon_core.shell:Creating environment hook '/home/roboticslab/Ros2_predator-project_WS/install/predator_msgs/share/predator_msgs/hook/ld_library_path_lib.sh'
[2.275s] Level 1:colcon.colcon_core.environment:checking '/home/roboticslab/Ros2_predator-project_WS/install/predator_msgs/bin'
[2.275s] Level 1:colcon.colcon_core.environment:checking '/home/roboticslab/Ros2_predator-project_WS/install/predator_msgs/lib/pkgconfig/predator_msgs.pc'
[2.276s] Level 1:colcon.colcon_core.environment:checking '/home/roboticslab/Ros2_predator-project_WS/install/predator_msgs/lib/python3.12/site-packages'
[2.276s] Level 1:colcon.colcon_core.shell:create_environment_hook('predator_msgs', 'pythonpath')
[2.276s] INFO:colcon.colcon_core.shell:Creating environment hook '/home/roboticslab/Ros2_predator-project_WS/install/predator_msgs/share/predator_msgs/hook/pythonpath.ps1'
[2.277s] INFO:colcon.colcon_core.shell:Creating environment descriptor '/home/roboticslab/Ros2_predator-project_WS/install/predator_msgs/share/predator_msgs/hook/pythonpath.dsv'
[2.277s] INFO:colcon.colcon_core.shell:Creating environment hook '/home/roboticslab/Ros2_predator-project_WS/install/predator_msgs/share/predator_msgs/hook/pythonpath.sh'
[2.278s] Level 1:colcon.colcon_core.environment:checking '/home/roboticslab/Ros2_predator-project_WS/install/predator_msgs/bin'
[2.278s] INFO:colcon.colcon_core.shell:Creating package script '/home/roboticslab/Ros2_predator-project_WS/install/predator_msgs/share/predator_msgs/package.ps1'
[2.280s] INFO:colcon.colcon_core.shell:Creating package descriptor '/home/roboticslab/Ros2_predator-project_WS/install/predator_msgs/share/predator_msgs/package.dsv'
[2.280s] INFO:colcon.colcon_core.shell:Creating package script '/home/roboticslab/Ros2_predator-project_WS/install/predator_msgs/share/predator_msgs/package.sh'
[2.281s] INFO:colcon.colcon_core.shell:Creating package script '/home/roboticslab/Ros2_predator-project_WS/install/predator_msgs/share/predator_msgs/package.bash'
[2.282s] INFO:colcon.colcon_core.shell:Creating package script '/home/roboticslab/Ros2_predator-project_WS/install/predator_msgs/share/predator_msgs/package.zsh'
[2.283s] Level 1:colcon.colcon_core.environment:create_file_with_runtime_dependencies(/home/roboticslab/Ros2_predator-project_WS/install/predator_msgs/share/colcon-core/packages/predator_msgs)
[2.284s] Level 1:colcon.colcon_core.environment:create_environment_scripts_only(predator_msgs)
[2.284s] Level 1:colcon.colcon_core.environment:checking '/home/roboticslab/Ros2_predator-project_WS/install/predator_msgs' for CMake module files
[2.285s] Level 1:colcon.colcon_core.environment:checking '/home/roboticslab/Ros2_predator-project_WS/install/predator_msgs' for CMake config files
[2.285s] Level 1:colcon.colcon_core.shell:create_environment_hook('predator_msgs', 'cmake_prefix_path')
[2.286s] INFO:colcon.colcon_core.shell:Creating environment hook '/home/roboticslab/Ros2_predator-project_WS/install/predator_msgs/share/predator_msgs/hook/cmake_prefix_path.ps1'
[2.286s] INFO:colcon.colcon_core.shell:Creating environment descriptor '/home/roboticslab/Ros2_predator-project_WS/install/predator_msgs/share/predator_msgs/hook/cmake_prefix_path.dsv'
[2.287s] INFO:colcon.colcon_core.shell:Creating environment hook '/home/roboticslab/Ros2_predator-project_WS/install/predator_msgs/share/predator_msgs/hook/cmake_prefix_path.sh'
[2.287s] Level 1:colcon.colcon_core.environment:checking '/home/roboticslab/Ros2_predator-project_WS/install/predator_msgs/lib'
[2.287s] Level 1:colcon.colcon_core.shell:create_environment_hook('predator_msgs', 'ld_library_path_lib')
[2.288s] INFO:colcon.colcon_core.shell:Creating environment hook '/home/roboticslab/Ros2_predator-project_WS/install/predator_msgs/share/predator_msgs/hook/ld_library_path_lib.ps1'
[2.288s] INFO:colcon.colcon_core.shell:Creating environment descriptor '/home/roboticslab/Ros2_predator-project_WS/install/predator_msgs/share/predator_msgs/hook/ld_library_path_lib.dsv'
[2.289s] INFO:colcon.colcon_core.shell:Creating environment hook '/home/roboticslab/Ros2_predator-project_WS/install/predator_msgs/share/predator_msgs/hook/ld_library_path_lib.sh'
[2.289s] Level 1:colcon.colcon_core.environment:checking '/home/roboticslab/Ros2_predator-project_WS/install/predator_msgs/bin'
[2.289s] Level 1:colcon.colcon_core.environment:checking '/home/roboticslab/Ros2_predator-project_WS/install/predator_msgs/lib/pkgconfig/predator_msgs.pc'
[2.290s] Level 1:colcon.colcon_core.environment:checking '/home/roboticslab/Ros2_predator-project_WS/install/predator_msgs/lib/python3.12/site-packages'
[2.290s] Level 1:colcon.colcon_core.shell:create_environment_hook('predator_msgs', 'pythonpath')
[2.290s] INFO:colcon.colcon_core.shell:Creating environment hook '/home/roboticslab/Ros2_predator-project_WS/install/predator_msgs/share/predator_msgs/hook/pythonpath.ps1'
[2.291s] INFO:colcon.colcon_core.shell:Creating environment descriptor '/home/roboticslab/Ros2_predator-project_WS/install/predator_msgs/share/predator_msgs/hook/pythonpath.dsv'
[2.291s] INFO:colcon.colcon_core.shell:Creating environment hook '/home/roboticslab/Ros2_predator-project_WS/install/predator_msgs/share/predator_msgs/hook/pythonpath.sh'
[2.292s] Level 1:colcon.colcon_core.environment:checking '/home/roboticslab/Ros2_predator-project_WS/install/predator_msgs/bin'
[2.292s] INFO:colcon.colcon_core.shell:Creating package script '/home/roboticslab/Ros2_predator-project_WS/install/predator_msgs/share/predator_msgs/package.ps1'
[2.293s] INFO:colcon.colcon_core.shell:Creating package descriptor '/home/roboticslab/Ros2_predator-project_WS/install/predator_msgs/share/predator_msgs/package.dsv'
[2.294s] INFO:colcon.colcon_core.shell:Creating package script '/home/roboticslab/Ros2_predator-project_WS/install/predator_msgs/share/predator_msgs/package.sh'
[2.295s] INFO:colcon.colcon_core.shell:Creating package script '/home/roboticslab/Ros2_predator-project_WS/install/predator_msgs/share/predator_msgs/package.bash'
[2.295s] INFO:colcon.colcon_core.shell:Creating package script '/home/roboticslab/Ros2_predator-project_WS/install/predator_msgs/share/predator_msgs/package.zsh'
[2.296s] Level 1:colcon.colcon_core.environment:create_file_with_runtime_dependencies(/home/roboticslab/Ros2_predator-project_WS/install/predator_msgs/share/colcon-core/packages/predator_msgs)
[2.296s] INFO:colcon.colcon_ros.task.ament_python.build:Building ROS package in '/home/roboticslab/Ros2_predator-project_WS/src/predator_behavior' with build type 'ament_python'
[2.296s] Level 1:colcon.colcon_core.shell:create_environment_hook('predator_behavior', 'ament_prefix_path')
[2.297s] INFO:colcon.colcon_core.shell:Creating environment hook '/home/roboticslab/Ros2_predator-project_WS/install/predator_behavior/share/predator_behavior/hook/ament_prefix_path.ps1'
[2.298s] INFO:colcon.colcon_core.shell:Creating environment descriptor '/home/roboticslab/Ros2_predator-project_WS/install/predator_behavior/share/predator_behavior/hook/ament_prefix_path.dsv'
[2.299s] INFO:colcon.colcon_core.shell:Creating environment hook '/home/roboticslab/Ros2_predator-project_WS/install/predator_behavior/share/predator_behavior/hook/ament_prefix_path.sh'
[2.300s] INFO:colcon.colcon_core.shell:Skip shell extension 'powershell' for command environment: Not usable outside of PowerShell
[2.300s] DEBUG:colcon.colcon_core.shell:Skip shell extension 'dsv' for command environment
[2.317s] INFO:colcon.colcon_ros.task.ament_python.build:Building ROS package in '/home/roboticslab/Ros2_predator-project_WS/src/predator_manipulation' with build type 'ament_python'
[2.317s] Level 1:colcon.colcon_core.shell:create_environment_hook('predator_manipulation', 'ament_prefix_path')
[2.317s] INFO:colcon.colcon_core.shell:Creating environment hook '/home/roboticslab/Ros2_predator-project_WS/install/predator_manipulation/share/predator_manipulation/hook/ament_prefix_path.ps1'
[2.318s] INFO:colcon.colcon_core.shell:Creating environment descriptor '/home/roboticslab/Ros2_predator-project_WS/install/predator_manipulation/share/predator_manipulation/hook/ament_prefix_path.dsv'
[2.319s] INFO:colcon.colcon_core.shell:Creating environment hook '/home/roboticslab/Ros2_predator-project_WS/install/predator_manipulation/share/predator_manipulation/hook/ament_prefix_path.sh'
[2.320s] INFO:colcon.colcon_core.shell:Skip shell extension 'powershell' for command environment: Not usable outside of PowerShell
[2.320s] DEBUG:colcon.colcon_core.shell:Skip shell extension 'dsv' for command environment
[2.338s] INFO:colcon.colcon_ros.task.ament_python.build:Building ROS package in '/home/roboticslab/Ros2_predator-project_WS/src/predator_navigation' with build type 'ament_python'
[2.338s] Level 1:colcon.colcon_core.shell:create_environment_hook('predator_navigation', 'ament_prefix_path')
[2.339s] INFO:colcon.colcon_core.shell:Creating environment hook '/home/roboticslab/Ros2_predator-project_WS/install/predator_navigation/share/predator_navigation/hook/ament_prefix_path.ps1'
[2.339s] INFO:colcon.colcon_core.shell:Creating environment descriptor '/home/roboticslab/Ros2_predator-project_WS/install/predator_navigation/share/predator_navigation/hook/ament_prefix_path.dsv'
[2.340s] INFO:colcon.colcon_core.shell:Creating environment hook '/home/roboticslab/Ros2_predator-project_WS/install/predator_navigation/share/predator_navigation/hook/ament_prefix_path.sh'
[2.341s] INFO:colcon.colcon_core.shell:Skip shell extension 'powershell' for command environment: Not usable outside of PowerShell
[2.341s] DEBUG:colcon.colcon_core.shell:Skip shell extension 'dsv' for command environment
[2.357s] INFO:colcon.colcon_ros.task.ament_python.build:Building ROS package in '/home/roboticslab/Ros2_predator-project_WS/src/predator_perception' with build type 'ament_python'
[2.357s] Level 1:colcon.colcon_core.shell:create_environment_hook('predator_perception', 'ament_prefix_path')
[2.358s] INFO:colcon.colcon_core.shell:Creating environment hook '/home/roboticslab/Ros2_predator-project_WS/install/predator_perception/share/predator_perception/hook/ament_prefix_path.ps1'
[2.358s] INFO:colcon.colcon_core.shell:Creating environment descriptor '/home/roboticslab/Ros2_predator-project_WS/install/predator_perception/share/predator_perception/hook/ament_prefix_path.dsv'
[2.359s] INFO:colcon.colcon_core.shell:Creating environment hook '/home/roboticslab/Ros2_predator-project_WS/install/predator_perception/share/predator_perception/hook/ament_prefix_path.sh'
[2.360s] INFO:colcon.colcon_core.shell:Skip shell extension 'powershell' for command environment: Not usable outside of PowerShell
[2.360s] DEBUG:colcon.colcon_core.shell:Skip shell extension 'dsv' for command environment
[2.844s] INFO:colcon.colcon_core.task.python.build:Building Python package in '/home/roboticslab/Ros2_predator-project_WS/src/predator_behavior'
[2.845s] INFO:colcon.colcon_core.shell:Skip shell extension 'powershell' for command environment: Not usable outside of PowerShell
[2.845s] DEBUG:colcon.colcon_core.shell:Skip shell extension 'dsv' for command environment
[3.340s] INFO:colcon.colcon_core.task.python.build:Building Python package in '/home/roboticslab/Ros2_predator-project_WS/src/predator_manipulation'
[3.341s] INFO:colcon.colcon_core.shell:Skip shell extension 'powershell' for command environment: Not usable outside of PowerShell
[3.341s] DEBUG:colcon.colcon_core.shell:Skip shell extension 'dsv' for command environment
[3.821s] INFO:colcon.colcon_core.task.python.build:Building Python package in '/home/roboticslab/Ros2_predator-project_WS/src/predator_navigation'
[3.822s] INFO:colcon.colcon_core.shell:Skip shell extension 'powershell' for command environment: Not usable outside of PowerShell
[3.822s] DEBUG:colcon.colcon_core.shell:Skip shell extension 'dsv' for command environment
[4.297s] INFO:colcon.colcon_core.task.python.build:Building Python package in '/home/roboticslab/Ros2_predator-project_WS/src/predator_perception'
[4.297s] INFO:colcon.colcon_core.shell:Skip shell extension 'powershell' for command environment: Not usable outside of PowerShell
[4.297s] DEBUG:colcon.colcon_core.shell:Skip shell extension 'dsv' for command environment
[6.219s] DEBUG:colcon.colcon_core.event_handler.log_command:Invoking command in '/home/roboticslab/Ros2_predator-project_WS/src/predator_manipulation': DEBUGINFOD_URLS=https://debuginfod.ubuntu.com PYTHONPATH=/home/roboticslab/Ros2_predator-project_WS/build/predator_manipulation/prefix_override:/usr/lib/python3/dist-packages/colcon_core/task/python/colcon_distutils_commands:/home/roboticslab/Ros2_predator-project_WS/install/predator_manipulation/lib/python3.12/site-packages:/home/roboticslab/Ros2_predator-project_WS/install/predator_msgs/lib/python3.12/site-packages:/home/roboticslab/Ros2_predator-project_WS/install/predator_bringup/lib/python3.12/site-packages:/home/roboticslab/Ros2_predator-project_WS/install/predator_perception/lib/python3.12/site-packages:/home/roboticslab/Ros2_predator-project_WS/install/predator_navigation/lib/python3.12/site-packages:/home/roboticslab/Ros2_predator-project_WS/install/predator_manipulation/lib/python3.12/site-packages:/home/roboticslab/Ros2_predator-project_WS/install/predator_behavior/lib/python3.12/site-packages:/home/roboticslab/ros2_ws/install/moveit_task_constructor_core/lib/python3.12/site-packages:/home/roboticslab/ros2_ws/install/robo_waiter/lib/python3.12/site-packages:/home/roboticslab/ros2_ws/install/robo_chef/lib/python3.12/site-packages:/home/roboticslab/ros2_ws/install/roboChef/lib/python3.12/site-packages:/home/roboticslab/ros2_ws/install/moveit_task_constructor_msgs/lib/python3.12/site-packages:/home/roboticslab/ros2_ws/install/moveit_py/lib/python3.12/site-packages:/home/roboticslab/ros2_ws/install/moveit_msgs/lib/python3.12/site-packages:/home/roboticslab/ros2_ws/build/moveit_configs_utils:/home/roboticslab/ros2_ws/install/moveit_configs_utils/lib/python3.12/site-packages:/opt/ros/kilted/lib/python3.12/site-packages /usr/bin/python3 -W ignore:setup.py install is deprecated -W ignore:easy_install command is deprecated setup.py egg_info --egg-base ../../build/predator_manipulation build --build-base /home/roboticslab/Ros2_predator-project_WS/build/predator_manipulation/build install --record /home/roboticslab/Ros2_predator-project_WS/build/predator_manipulation/install.log --single-version-externally-managed install_data
[6.307s] DEBUG:colcon.colcon_core.event_handler.log_command:Invoking command in '/home/roboticslab/Ros2_predator-project_WS/src/predator_behavior': DEBUGINFOD_URLS=https://debuginfod.ubuntu.com PYTHONPATH=/home/roboticslab/Ros2_predator-project_WS/build/predator_behavior/prefix_override:/usr/lib/python3/dist-packages/colcon_core/task/python/colcon_distutils_commands:/home/roboticslab/Ros2_predator-project_WS/install/predator_behavior/lib/python3.12/site-packages:/home/roboticslab/Ros2_predator-project_WS/install/predator_msgs/lib/python3.12/site-packages:/home/roboticslab/Ros2_predator-project_WS/install/predator_bringup/lib/python3.12/site-packages:/home/roboticslab/Ros2_predator-project_WS/install/predator_perception/lib/python3.12/site-packages:/home/roboticslab/Ros2_predator-project_WS/install/predator_navigation/lib/python3.12/site-packages:/home/roboticslab/Ros2_predator-project_WS/install/predator_manipulation/lib/python3.12/site-packages:/home/roboticslab/Ros2_predator-project_WS/install/predator_behavior/lib/python3.12/site-packages:/home/roboticslab/ros2_ws/install/moveit_task_constructor_core/lib/python3.12/site-packages:/home/roboticslab/ros2_ws/install/robo_waiter/lib/python3.12/site-packages:/home/roboticslab/ros2_ws/install/robo_chef/lib/python3.12/site-packages:/home/roboticslab/ros2_ws/install/roboChef/lib/python3.12/site-packages:/home/roboticslab/ros2_ws/install/moveit_task_constructor_msgs/lib/python3.12/site-packages:/home/roboticslab/ros2_ws/install/moveit_py/lib/python3.12/site-packages:/home/roboticslab/ros2_ws/install/moveit_msgs/lib/python3.12/site-packages:/home/roboticslab/ros2_ws/build/moveit_configs_utils:/home/roboticslab/ros2_ws/install/moveit_configs_utils/lib/python3.12/site-packages:/opt/ros/kilted/lib/python3.12/site-packages /usr/bin/python3 -W ignore:setup.py install is deprecated -W ignore:easy_install command is deprecated setup.py egg_info --egg-base ../../build/predator_behavior build --build-base /home/roboticslab/Ros2_predator-project_WS/build/predator_behavior/build install --record /home/roboticslab/Ros2_predator-project_WS/build/predator_behavior/install.log --single-version-externally-managed install_data
[6.513s] DEBUG:colcon.colcon_core.event_handler.log_command:Invoking command in '/home/roboticslab/Ros2_predator-project_WS/src/predator_navigation': DEBUGINFOD_URLS=https://debuginfod.ubuntu.com PYTHONPATH=/home/roboticslab/Ros2_predator-project_WS/build/predator_navigation/prefix_override:/usr/lib/python3/dist-packages/colcon_core/task/python/colcon_distutils_commands:/home/roboticslab/Ros2_predator-project_WS/install/predator_navigation/lib/python3.12/site-packages:/home/roboticslab/Ros2_predator-project_WS/install/predator_msgs/lib/python3.12/site-packages:/home/roboticslab/Ros2_predator-project_WS/install/predator_bringup/lib/python3.12/site-packages:/home/roboticslab/Ros2_predator-project_WS/install/predator_perception/lib/python3.12/site-packages:/home/roboticslab/Ros2_predator-project_WS/install/predator_navigation/lib/python3.12/site-packages:/home/roboticslab/Ros2_predator-project_WS/install/predator_manipulation/lib/python3.12/site-packages:/home/roboticslab/Ros2_predator-project_WS/install/predator_behavior/lib/python3.12/site-packages:/home/roboticslab/ros2_ws/install/moveit_task_constructor_core/lib/python3.12/site-packages:/home/roboticslab/ros2_ws/install/robo_waiter/lib/python3.12/site-packages:/home/roboticslab/ros2_ws/install/robo_chef/lib/python3.12/site-packages:/home/roboticslab/ros2_ws/install/roboChef/lib/python3.12/site-packages:/home/roboticslab/ros2_ws/install/moveit_task_constructor_msgs/lib/python3.12/site-packages:/home/roboticslab/ros2_ws/install/moveit_py/lib/python3.12/site-packages:/home/roboticslab/ros2_ws/install/moveit_msgs/lib/python3.12/site-packages:/home/roboticslab/ros2_ws/build/moveit_configs_utils:/home/roboticslab/ros2_ws/install/moveit_configs_utils/lib/python3.12/site-packages:/opt/ros/kilted/lib/python3.12/site-packages /usr/bin/python3 -W ignore:setup.py install is deprecated -W ignore:easy_install command is deprecated setup.py egg_info --egg-base ../../build/predator_navigation build --build-base /home/roboticslab/Ros2_predator-project_WS/build/predator_navigation/build install --record /home/roboticslab/Ros2_predator-project_WS/build/predator_navigation/install.log --single-version-externally-managed install_data
[7.113s] DEBUG:colcon.colcon_core.event_handler.log_command:Invoking command in '/home/roboticslab/Ros2_predator-project_WS/src/predator_perception': DEBUGINFOD_URLS=https://debuginfod.ubuntu.com PYTHONPATH=/home/roboticslab/Ros2_predator-project_WS/build/predator_perception/prefix_override:/usr/lib/python3/dist-packages/colcon_core/task/python/colcon_distutils_commands:/home/roboticslab/Ros2_predator-project_WS/install/predator_perception/lib/python3.12/site-packages:/home/roboticslab/Ros2_predator-project_WS/install/predator_msgs/lib/python3.12/site-packages:/home/roboticslab/Ros2_predator-project_WS/install/predator_bringup/lib/python3.12/site-packages:/home/roboticslab/Ros2_predator-project_WS/install/predator_perception/lib/python3.12/site-packages:/home/roboticslab/Ros2_predator-project_WS/install/predator_navigation/lib/python3.12/site-packages:/home/roboticslab/Ros2_predator-project_WS/install/predator_manipulation/lib/python3.12/site-packages:/home/roboticslab/Ros2_predator-project_WS/install/predator_behavior/lib/python3.12/site-packages:/home/roboticslab/ros2_ws/install/moveit_task_constructor_core/lib/python3.12/site-packages:/home/roboticslab/ros2_ws/install/robo_waiter/lib/python3.12/site-packages:/home/roboticslab/ros2_ws/install/robo_chef/lib/python3.12/site-packages:/home/roboticslab/ros2_ws/install/roboChef/lib/python3.12/site-packages:/home/roboticslab/ros2_ws/install/moveit_task_constructor_msgs/lib/python3.12/site-packages:/home/roboticslab/ros2_ws/install/moveit_py/lib/python3.12/site-packages:/home/roboticslab/ros2_ws/install/moveit_msgs/lib/python3.12/site-packages:/home/roboticslab/ros2_ws/build/moveit_configs_utils:/home/roboticslab/ros2_ws/install/moveit_configs_utils/lib/python3.12/site-packages:/opt/ros/kilted/lib/python3.12/site-packages /usr/bin/python3 -W ignore:setup.py install is deprecated -W ignore:easy_install command is deprecated setup.py egg_info --egg-base ../../build/predator_perception build --build-base /home/roboticslab/Ros2_predator-project_WS/build/predator_perception/build install --record /home/roboticslab/Ros2_predator-project_WS/build/predator_perception/install.log --single-version-externally-managed install_data
[8.883s] Level 1:colcon.colcon_core.environment:checking '/home/roboticslab/Ros2_predator-project_WS/install/predator_behavior' for CMake module files
[8.884s] DEBUG:colcon.colcon_core.event_handler.log_command:Invoked command in '/home/roboticslab/Ros2_predator-project_WS/src/predator_behavior' returned '0': DEBUGINFOD_URLS=https://debuginfod.ubuntu.com PYTHONPATH=/home/roboticslab/Ros2_predator-project_WS/build/predator_behavior/prefix_override:/usr/lib/python3/dist-packages/colcon_core/task/python/colcon_distutils_commands:/home/roboticslab/Ros2_predator-project_WS/install/predator_behavior/lib/python3.12/site-packages:/home/roboticslab/Ros2_predator-project_WS/install/predator_msgs/lib/python3.12/site-packages:/home/roboticslab/Ros2_predator-project_WS/install/predator_bringup/lib/python3.12/site-packages:/home/roboticslab/Ros2_predator-project_WS/install/predator_perception/lib/python3.12/site-packages:/home/roboticslab/Ros2_predator-project_WS/install/predator_navigation/lib/python3.12/site-packages:/home/roboticslab/Ros2_predator-project_WS/install/predator_manipulation/lib/python3.12/site-packages:/home/roboticslab/Ros2_predator-project_WS/install/predator_behavior/lib/python3.12/site-packages:/home/roboticslab/ros2_ws/install/moveit_task_constructor_core/lib/python3.12/site-packages:/home/roboticslab/ros2_ws/install/robo_waiter/lib/python3.12/site-packages:/home/roboticslab/ros2_ws/install/robo_chef/lib/python3.12/site-packages:/home/roboticslab/ros2_ws/install/roboChef/lib/python3.12/site-packages:/home/roboticslab/ros2_ws/install/moveit_task_constructor_msgs/lib/python3.12/site-packages:/home/roboticslab/ros2_ws/install/moveit_py/lib/python3.12/site-packages:/home/roboticslab/ros2_ws/install/moveit_msgs/lib/python3.12/site-packages:/home/roboticslab/ros2_ws/build/moveit_configs_utils:/home/roboticslab/ros2_ws/install/moveit_configs_utils/lib/python3.12/site-packages:/opt/ros/kilted/lib/python3.12/site-packages /usr/bin/python3 -W ignore:setup.py install is deprecated -W ignore:easy_install command is deprecated setup.py egg_info --egg-base ../../build/predator_behavior build --build-base /home/roboticslab/Ros2_predator-project_WS/build/predator_behavior/build install --record /home/roboticslab/Ros2_predator-project_WS/build/predator_behavior/install.log --single-version-externally-managed install_data
[8.887s] Level 1:colcon.colcon_core.environment:checking '/home/roboticslab/Ros2_predator-project_WS/install/predator_behavior' for CMake config files
[8.889s] Level 1:colcon.colcon_core.environment:checking '/home/roboticslab/Ros2_predator-project_WS/install/predator_behavior/lib'
[8.889s] Level 1:colcon.colcon_core.environment:checking '/home/roboticslab/Ros2_predator-project_WS/install/predator_behavior/bin'
[8.889s] Level 1:colcon.colcon_core.environment:checking '/home/roboticslab/Ros2_predator-project_WS/install/predator_behavior/lib/pkgconfig/predator_behavior.pc'
[8.889s] Level 1:colcon.colcon_core.environment:checking '/home/roboticslab/Ros2_predator-project_WS/install/predator_behavior/lib/python3.12/site-packages'
[8.890s] Level 1:colcon.colcon_core.shell:create_environment_hook('predator_behavior', 'pythonpath')
[8.892s] INFO:colcon.colcon_core.shell:Creating environment hook '/home/roboticslab/Ros2_predator-project_WS/install/predator_behavior/share/predator_behavior/hook/pythonpath.ps1'
[8.895s] INFO:colcon.colcon_core.shell:Creating environment descriptor '/home/roboticslab/Ros2_predator-project_WS/install/predator_behavior/share/predator_behavior/hook/pythonpath.dsv'
[8.895s] INFO:colcon.colcon_core.shell:Creating environment hook '/home/roboticslab/Ros2_predator-project_WS/install/predator_behavior/share/predator_behavior/hook/pythonpath.sh'
[8.901s] Level 1:colcon.colcon_core.environment:checking '/home/roboticslab/Ros2_predator-project_WS/install/predator_behavior/bin'
[8.901s] Level 1:colcon.colcon_core.environment:create_environment_scripts_only(predator_behavior)
[8.901s] INFO:colcon.colcon_core.shell:Creating package script '/home/roboticslab/Ros2_predator-project_WS/install/predator_behavior/share/predator_behavior/package.ps1'
[8.906s] INFO:colcon.colcon_core.shell:Creating package descriptor '/home/roboticslab/Ros2_predator-project_WS/install/predator_behavior/share/predator_behavior/package.dsv'
[8.907s] INFO:colcon.colcon_core.shell:Creating package script '/home/roboticslab/Ros2_predator-project_WS/install/predator_behavior/share/predator_behavior/package.sh'
[8.909s] INFO:colcon.colcon_core.shell:Creating package script '/home/roboticslab/Ros2_predator-project_WS/install/predator_behavior/share/predator_behavior/package.bash'
[8.912s] INFO:colcon.colcon_core.shell:Creating package script '/home/roboticslab/Ros2_predator-project_WS/install/predator_behavior/share/predator_behavior/package.zsh'
[8.913s] Level 1:colcon.colcon_core.environment:create_file_with_runtime_dependencies(/home/roboticslab/Ros2_predator-project_WS/install/predator_behavior/share/colcon-core/packages/predator_behavior)
[9.121s] Level 1:colcon.colcon_core.environment:checking '/home/roboticslab/Ros2_predator-project_WS/install/predator_navigation' for CMake module files
[9.123s] Level 1:colcon.colcon_core.environment:checking '/home/roboticslab/Ros2_predator-project_WS/install/predator_navigation' for CMake config files
[9.122s] DEBUG:colcon.colcon_core.event_handler.log_command:Invoked command in '/home/roboticslab/Ros2_predator-project_WS/src/predator_navigation' returned '0': DEBUGINFOD_URLS=https://debuginfod.ubuntu.com PYTHONPATH=/home/roboticslab/Ros2_predator-project_WS/build/predator_navigation/prefix_override:/usr/lib/python3/dist-packages/colcon_core/task/python/colcon_distutils_commands:/home/roboticslab/Ros2_predator-project_WS/install/predator_navigation/lib/python3.12/site-packages:/home/roboticslab/Ros2_predator-project_WS/install/predator_msgs/lib/python3.12/site-packages:/home/roboticslab/Ros2_predator-project_WS/install/predator_bringup/lib/python3.12/site-packages:/home/roboticslab/Ros2_predator-project_WS/install/predator_perception/lib/python3.12/site-packages:/home/roboticslab/Ros2_predator-project_WS/install/predator_navigation/lib/python3.12/site-packages:/home/roboticslab/Ros2_predator-project_WS/install/predator_manipulation/lib/python3.12/site-packages:/home/roboticslab/Ros2_predator-project_WS/install/predator_behavior/lib/python3.12/site-packages:/home/roboticslab/ros2_ws/install/moveit_task_constructor_core/lib/python3.12/site-packages:/home/roboticslab/ros2_ws/install/robo_waiter/lib/python3.12/site-packages:/home/roboticslab/ros2_ws/install/robo_chef/lib/python3.12/site-packages:/home/roboticslab/ros2_ws/install/roboChef/lib/python3.12/site-packages:/home/roboticslab/ros2_ws/install/moveit_task_constructor_msgs/lib/python3.12/site-packages:/home/roboticslab/ros2_ws/install/moveit_py/lib/python3.12/site-packages:/home/roboticslab/ros2_ws/install/moveit_msgs/lib/python3.12/site-packages:/home/roboticslab/ros2_ws/build/moveit_configs_utils:/home/roboticslab/ros2_ws/install/moveit_configs_utils/lib/python3.12/site-packages:/opt/ros/kilted/lib/python3.12/site-packages /usr/bin/python3 -W ignore:setup.py install is deprecated -W ignore:easy_install command is deprecated setup.py egg_info --egg-base ../../build/predator_navigation build --build-base /home/roboticslab/Ros2_predator-project_WS/build/predator_navigation/build install --record /home/roboticslab/Ros2_predator-project_WS/build/predator_navigation/install.log --single-version-externally-managed install_data
[9.124s] Level 1:colcon.colcon_core.environment:checking '/home/roboticslab/Ros2_predator-project_WS/install/predator_navigation/lib'
[9.124s] Level 1:colcon.colcon_core.environment:checking '/home/roboticslab/Ros2_predator-project_WS/install/predator_navigation/bin'
[9.124s] Level 1:colcon.colcon_core.environment:checking '/home/roboticslab/Ros2_predator-project_WS/install/predator_navigation/lib/pkgconfig/predator_navigation.pc'
[9.125s] Level 1:colcon.colcon_core.environment:checking '/home/roboticslab/Ros2_predator-project_WS/install/predator_navigation/lib/python3.12/site-packages'
[9.125s] Level 1:colcon.colcon_core.shell:create_environment_hook('predator_navigation', 'pythonpath')
[9.125s] INFO:colcon.colcon_core.shell:Creating environment hook '/home/roboticslab/Ros2_predator-project_WS/install/predator_navigation/share/predator_navigation/hook/pythonpath.ps1'
[9.126s] INFO:colcon.colcon_core.shell:Creating environment descriptor '/home/roboticslab/Ros2_predator-project_WS/install/predator_navigation/share/predator_navigation/hook/pythonpath.dsv'
[9.127s] INFO:colcon.colcon_core.shell:Creating environment hook '/home/roboticslab/Ros2_predator-project_WS/install/predator_navigation/share/predator_navigation/hook/pythonpath.sh'
[9.128s] Level 1:colcon.colcon_core.environment:checking '/home/roboticslab/Ros2_predator-project_WS/install/predator_navigation/bin'
[9.129s] Level 1:colcon.colcon_core.environment:create_environment_scripts_only(predator_navigation)
[9.129s] INFO:colcon.colcon_core.shell:Creating package script '/home/roboticslab/Ros2_predator-project_WS/install/predator_navigation/share/predator_navigation/package.ps1'
[9.130s] INFO:colcon.colcon_core.shell:Creating package descriptor '/home/roboticslab/Ros2_predator-project_WS/install/predator_navigation/share/predator_navigation/package.dsv'
[9.131s] INFO:colcon.colcon_core.shell:Creating package script '/home/roboticslab/Ros2_predator-project_WS/install/predator_navigation/share/predator_navigation/package.sh'
[9.132s] INFO:colcon.colcon_core.shell:Creating package script '/home/roboticslab/Ros2_predator-project_WS/install/predator_navigation/share/predator_navigation/package.bash'
[9.134s] INFO:colcon.colcon_core.shell:Creating package script '/home/roboticslab/Ros2_predator-project_WS/install/predator_navigation/share/predator_navigation/package.zsh'
[9.135s] Level 1:colcon.colcon_core.environment:create_file_with_runtime_dependencies(/home/roboticslab/Ros2_predator-project_WS/install/predator_navigation/share/colcon-core/packages/predator_navigation)
[9.330s] Level 1:colcon.colcon_core.environment:checking '/home/roboticslab/Ros2_predator-project_WS/install/predator_manipulation' for CMake module files
[9.331s] Level 1:colcon.colcon_core.environment:checking '/home/roboticslab/Ros2_predator-project_WS/install/predator_manipulation' for CMake config files
[9.330s] DEBUG:colcon.colcon_core.event_handler.log_command:Invoked command in '/home/roboticslab/Ros2_predator-project_WS/src/predator_manipulation' returned '0': DEBUGINFOD_URLS=https://debuginfod.ubuntu.com PYTHONPATH=/home/roboticslab/Ros2_predator-project_WS/build/predator_manipulation/prefix_override:/usr/lib/python3/dist-packages/colcon_core/task/python/colcon_distutils_commands:/home/roboticslab/Ros2_predator-project_WS/install/predator_manipulation/lib/python3.12/site-packages:/home/roboticslab/Ros2_predator-project_WS/install/predator_msgs/lib/python3.12/site-packages:/home/roboticslab/Ros2_predator-project_WS/install/predator_bringup/lib/python3.12/site-packages:/home/roboticslab/Ros2_predator-project_WS/install/predator_perception/lib/python3.12/site-packages:/home/roboticslab/Ros2_predator-project_WS/install/predator_navigation/lib/python3.12/site-packages:/home/roboticslab/Ros2_predator-project_WS/install/predator_manipulation/lib/python3.12/site-packages:/home/roboticslab/Ros2_predator-project_WS/install/predator_behavior/lib/python3.12/site-packages:/home/roboticslab/ros2_ws/install/moveit_task_constructor_core/lib/python3.12/site-packages:/home/roboticslab/ros2_ws/install/robo_waiter/lib/python3.12/site-packages:/home/roboticslab/ros2_ws/install/robo_chef/lib/python3.12/site-packages:/home/roboticslab/ros2_ws/install/roboChef/lib/python3.12/site-packages:/home/roboticslab/ros2_ws/install/moveit_task_constructor_msgs/lib/python3.12/site-packages:/home/roboticslab/ros2_ws/install/moveit_py/lib/python3.12/site-packages:/home/roboticslab/ros2_ws/install/moveit_msgs/lib/python3.12/site-packages:/home/roboticslab/ros2_ws/build/moveit_configs_utils:/home/roboticslab/ros2_ws/install/moveit_configs_utils/lib/python3.12/site-packages:/opt/ros/kilted/lib/python3.12/site-packages /usr/bin/python3 -W ignore:setup.py install is deprecated -W ignore:easy_install command is deprecated setup.py egg_info --egg-base ../../build/predator_manipulation build --build-base /home/roboticslab/Ros2_predator-project_WS/build/predator_manipulation/build install --record /home/roboticslab/Ros2_predator-project_WS/build/predator_manipulation/install.log --single-version-externally-managed install_data
[9.333s] Level 1:colcon.colcon_core.environment:checking '/home/roboticslab/Ros2_predator-project_WS/install/predator_manipulation/lib'
[9.333s] Level 1:colcon.colcon_core.environment:checking '/home/roboticslab/Ros2_predator-project_WS/install/predator_manipulation/bin'
[9.333s] Level 1:colcon.colcon_core.environment:checking '/home/roboticslab/Ros2_predator-project_WS/install/predator_manipulation/lib/pkgconfig/predator_manipulation.pc'
[9.333s] Level 1:colcon.colcon_core.environment:checking '/home/roboticslab/Ros2_predator-project_WS/install/predator_manipulation/lib/python3.12/site-packages'
[9.333s] Level 1:colcon.colcon_core.shell:create_environment_hook('predator_manipulation', 'pythonpath')
[9.334s] INFO:colcon.colcon_core.shell:Creating environment hook '/home/roboticslab/Ros2_predator-project_WS/install/predator_manipulation/share/predator_manipulation/hook/pythonpath.ps1'
[9.335s] INFO:colcon.colcon_core.shell:Creating environment descriptor '/home/roboticslab/Ros2_predator-project_WS/install/predator_manipulation/share/predator_manipulation/hook/pythonpath.dsv'
[9.335s] INFO:colcon.colcon_core.shell:Creating environment hook '/home/roboticslab/Ros2_predator-project_WS/install/predator_manipulation/share/predator_manipulation/hook/pythonpath.sh'
[9.337s] Level 1:colcon.colcon_core.environment:checking '/home/roboticslab/Ros2_predator-project_WS/install/predator_manipulation/bin'
[9.337s] Level 1:colcon.colcon_core.environment:create_environment_scripts_only(predator_manipulation)
[9.337s] INFO:colcon.colcon_core.shell:Creating package script '/home/roboticslab/Ros2_predator-project_WS/install/predator_manipulation/share/predator_manipulation/package.ps1'
[9.339s] INFO:colcon.colcon_core.shell:Creating package descriptor '/home/roboticslab/Ros2_predator-project_WS/install/predator_manipulation/share/predator_manipulation/package.dsv'
[9.339s] INFO:colcon.colcon_core.shell:Creating package script '/home/roboticslab/Ros2_predator-project_WS/install/predator_manipulation/share/predator_manipulation/package.sh'
[9.340s] INFO:colcon.colcon_core.shell:Creating package script '/home/roboticslab/Ros2_predator-project_WS/install/predator_manipulation/share/predator_manipulation/package.bash'
[9.341s] INFO:colcon.colcon_core.shell:Creating package script '/home/roboticslab/Ros2_predator-project_WS/install/predator_manipulation/share/predator_manipulation/package.zsh'
[9.342s] Level 1:colcon.colcon_core.environment:create_file_with_runtime_dependencies(/home/roboticslab/Ros2_predator-project_WS/install/predator_manipulation/share/colcon-core/packages/predator_manipulation)
[9.754s] Level 1:colcon.colcon_core.environment:checking '/home/roboticslab/Ros2_predator-project_WS/install/predator_perception' for CMake module files
[9.757s] DEBUG:colcon.colcon_core.event_handler.log_command:Invoked command in '/home/roboticslab/Ros2_predator-project_WS/src/predator_perception' returned '0': DEBUGINFOD_URLS=https://debuginfod.ubuntu.com PYTHONPATH=/home/roboticslab/Ros2_predator-project_WS/build/predator_perception/prefix_override:/usr/lib/python3/dist-packages/colcon_core/task/python/colcon_distutils_commands:/home/roboticslab/Ros2_predator-project_WS/install/predator_perception/lib/python3.12/site-packages:/home/roboticslab/Ros2_predator-project_WS/install/predator_msgs/lib/python3.12/site-packages:/home/roboticslab/Ros2_predator-project_WS/install/predator_bringup/lib/python3.12/site-packages:/home/roboticslab/Ros2_predator-project_WS/install/predator_perception/lib/python3.12/site-packages:/home/roboticslab/Ros2_predator-project_WS/install/predator_navigation/lib/python3.12/site-packages:/home/roboticslab/Ros2_predator-project_WS/install/predator_manipulation/lib/python3.12/site-packages:/home/roboticslab/Ros2_predator-project_WS/install/predator_behavior/lib/python3.12/site-packages:/home/roboticslab/ros2_ws/install/moveit_task_constructor_core/lib/python3.12/site-packages:/home/roboticslab/ros2_ws/install/robo_waiter/lib/python3.12/site-packages:/home/roboticslab/ros2_ws/install/robo_chef/lib/python3.12/site-packages:/home/roboticslab/ros2_ws/install/roboChef/lib/python3.12/site-packages:/home/roboticslab/ros2_ws/install/moveit_task_constructor_msgs/lib/python3.12/site-packages:/home/roboticslab/ros2_ws/install/moveit_py/lib/python3.12/site-packages:/home/roboticslab/ros2_ws/install/moveit_msgs/lib/python3.12/site-packages:/home/roboticslab/ros2_ws/build/moveit_configs_utils:/home/roboticslab/ros2_ws/install/moveit_configs_utils/lib/python3.12/site-packages:/opt/ros/kilted/lib/python3.12/site-packages /usr/bin/python3 -W ignore:setup.py install is deprecated -W ignore:easy_install command is deprecated setup.py egg_info --egg-base ../../build/predator_perception build --build-base /home/roboticslab/Ros2_predator-project_WS/build/predator_perception/build install --record /home/roboticslab/Ros2_predator-project_WS/build/predator_perception/install.log --single-version-externally-managed install_data
[9.757s] Level 1:colcon.colcon_core.environment:checking '/home/roboticslab/Ros2_predator-project_WS/install/predator_perception' for CMake config files
[9.758s] Level 1:colcon.colcon_core.environment:checking '/home/roboticslab/Ros2_predator-project_WS/install/predator_perception/lib'
[9.759s] Level 1:colcon.colcon_core.environment:checking '/home/roboticslab/Ros2_predator-project_WS/install/predator_perception/bin'
[9.759s] Level 1:colcon.colcon_core.environment:checking '/home/roboticslab/Ros2_predator-project_WS/install/predator_perception/lib/pkgconfig/predator_perception.pc'
[9.759s] Level 1:colcon.colcon_core.environment:checking '/home/roboticslab/Ros2_predator-project_WS/install/predator_perception/lib/python3.12/site-packages'
[9.759s] Level 1:colcon.colcon_core.shell:create_environment_hook('predator_perception', 'pythonpath')
[9.760s] INFO:colcon.colcon_core.shell:Creating environment hook '/home/roboticslab/Ros2_predator-project_WS/install/predator_perception/share/predator_perception/hook/pythonpath.ps1'
[9.761s] INFO:colcon.colcon_core.shell:Creating environment descriptor '/home/roboticslab/Ros2_predator-project_WS/install/predator_perception/share/predator_perception/hook/pythonpath.dsv'
[9.763s] INFO:colcon.colcon_core.shell:Creating environment hook '/home/roboticslab/Ros2_predator-project_WS/install/predator_perception/share/predator_perception/hook/pythonpath.sh'
[9.765s] Level 1:colcon.colcon_core.environment:checking '/home/roboticslab/Ros2_predator-project_WS/install/predator_perception/bin'
[9.765s] Level 1:colcon.colcon_core.environment:create_environment_scripts_only(predator_perception)
[9.766s] INFO:colcon.colcon_core.shell:Creating package script '/home/roboticslab/Ros2_predator-project_WS/install/predator_perception/share/predator_perception/package.ps1'
[9.768s] INFO:colcon.colcon_core.shell:Creating package descriptor '/home/roboticslab/Ros2_predator-project_WS/install/predator_perception/share/predator_perception/package.dsv'
[9.769s] INFO:colcon.colcon_core.shell:Creating package script '/home/roboticslab/Ros2_predator-project_WS/install/predator_perception/share/predator_perception/package.sh'
[9.771s] INFO:colcon.colcon_core.shell:Creating package script '/home/roboticslab/Ros2_predator-project_WS/install/predator_perception/share/predator_perception/package.bash'
[9.771s] INFO:colcon.colcon_core.shell:Creating package script '/home/roboticslab/Ros2_predator-project_WS/install/predator_perception/share/predator_perception/package.zsh'
[9.773s] Level 1:colcon.colcon_core.environment:create_file_with_runtime_dependencies(/home/roboticslab/Ros2_predator-project_WS/install/predator_perception/share/colcon-core/packages/predator_perception)
[9.774s] INFO:colcon.colcon_ros.task.ament_python.build:Building ROS package in '/home/roboticslab/Ros2_predator-project_WS/src/predator_bringup' with build type 'ament_python'
[9.775s] Level 1:colcon.colcon_core.shell:create_environment_hook('predator_bringup', 'ament_prefix_path')
[9.775s] INFO:colcon.colcon_core.shell:Creating environment hook '/home/roboticslab/Ros2_predator-project_WS/install/predator_bringup/share/predator_bringup/hook/ament_prefix_path.ps1'
[9.778s] INFO:colcon.colcon_core.shell:Creating environment descriptor '/home/roboticslab/Ros2_predator-project_WS/install/predator_bringup/share/predator_bringup/hook/ament_prefix_path.dsv'
[9.780s] INFO:colcon.colcon_core.shell:Creating environment hook '/home/roboticslab/Ros2_predator-project_WS/install/predator_bringup/share/predator_bringup/hook/ament_prefix_path.sh'
[9.781s] INFO:colcon.colcon_core.shell:Skip shell extension 'powershell' for command environment: Not usable outside of PowerShell
[9.781s] DEBUG:colcon.colcon_core.shell:Skip shell extension 'dsv' for command environment
[10.474s] INFO:colcon.colcon_core.task.python.build:Building Python package in '/home/roboticslab/Ros2_predator-project_WS/src/predator_bringup'
[10.474s] INFO:colcon.colcon_core.shell:Skip shell extension 'powershell' for command environment: Not usable outside of PowerShell
[10.474s] DEBUG:colcon.colcon_core.shell:Skip shell extension 'dsv' for command environment
[12.184s] DEBUG:colcon.colcon_core.event_handler.log_command:Invoking command in '/home/roboticslab/Ros2_predator-project_WS/src/predator_bringup': AMENT_PREFIX_PATH=/home/roboticslab/Ros2_predator-project_WS/install/predator_perception:/home/roboticslab/Ros2_predator-project_WS/install/predator_navigation:/home/roboticslab/Ros2_predator-project_WS/install/predator_manipulation:/home/roboticslab/Ros2_predator-project_WS/install/predator_behavior:/home/roboticslab/Ros2_predator-project_WS/install/predator_bringup:/home/roboticslab/Ros2_predator-project_WS/install/predator_msgs:/home/roboticslab/ros2_ws/install/usb_cam:/home/roboticslab/ros2_ws/install/ur_simulation_gz:/home/roboticslab/ros2_ws/install/robotiq_hardware_tests:/home/roboticslab/ros2_ws/install/robotiq_driver:/home/roboticslab/ros2_ws/install/serial:/home/roboticslab/ros2_ws/install/moveit2_tutorials:/home/roboticslab/ros2_ws/install/moveit_visual_tools:/home/roboticslab/ros2_ws/install/rviz_visual_tools:/home/roboticslab/ros2_ws/install/moveit_task_constructor_demo:/home/roboticslab/ros2_ws/install/moveit_task_constructor_visualization:/home/roboticslab/ros2_ws/install/moveit_task_constructor_capabilities:/home/roboticslab/ros2_ws/install/moveit_task_constructor_core:/home/roboticslab/ros2_ws/install/rviz_marker_tools:/home/roboticslab/ros2_ws/install/kortex_bringup:/home/roboticslab/ros2_ws/install/kinova_gen3_lite_moveit_config:/home/roboticslab/ros2_ws/install/kinova_gen3_7dof_robotiq_2f_85_moveit_config:/home/roboticslab/ros2_ws/install/kinova_gen3_6dof_robotiq_2f_85_moveit_config:/home/roboticslab/ros2_ws/install/kortex_description:/home/roboticslab/ros2_ws/install/robotiq_description:/home/roboticslab/ros2_ws/install/robotiq_controllers:/home/roboticslab/ros2_ws/install/robo_waiter:/home/roboticslab/ros2_ws/install/robo_chef:/home/roboticslab/ros2_ws/install/roboChef:/home/roboticslab/ros2_ws/install/pilz_industrial_motion_planner_testutils:/home/roboticslab/ros2_ws/install/moveit_runtime:/home/roboticslab/ros2_ws/install/moveit:/home/roboticslab/ros2_ws/install/moveit_planners:/home/roboticslab/ros2_ws/install/pilz_industrial_motion_planner:/home/roboticslab/ros2_ws/install/moveit_task_constructor_msgs:/home/roboticslab/ros2_ws/install/moveit_ros_control_interface:/home/roboticslab/ros2_ws/install/moveit_plugins:/home/roboticslab/ros2_ws/install/moveit_simple_controller_manager:/home/roboticslab/ros2_ws/install/moveit_setup_assistant:/home/roboticslab/ros2_ws/install/moveit_setup_srdf_plugins:/home/roboticslab/ros2_ws/install/moveit_setup_core_plugins:/home/roboticslab/ros2_ws/install/moveit_setup_controllers:/home/roboticslab/ros2_ws/install/moveit_setup_app_plugins:/home/roboticslab/ros2_ws/install/moveit_setup_framework:/home/roboticslab/ros2_ws/install/moveit_servo:/home/roboticslab/ros2_ws/install/moveit_ros_trajectory_cache:/home/roboticslab/ros2_ws/install/moveit_ros:/home/roboticslab/ros2_ws/install/moveit_ros_visualization:/home/roboticslab/ros2_ws/install/moveit_py:/home/roboticslab/ros2_ws/install/moveit_hybrid_planning:/home/roboticslab/ros2_ws/install/moveit_ros_planning_interface:/home/roboticslab/ros2_ws/install/moveit_ros_benchmarks:/home/roboticslab/ros2_ws/install/moveit_ros_warehouse:/home/roboticslab/ros2_ws/install/moveit_ros_robot_interaction:/home/roboticslab/ros2_ws/install/moveit_ros_perception:/home/roboticslab/ros2_ws/install/moveit_resources_prbt_pg70_support:/home/roboticslab/ros2_ws/install/moveit_resources_prbt_moveit_config:/home/roboticslab/ros2_ws/install/moveit_ros_move_group:/home/roboticslab/ros2_ws/install/moveit_planners_ompl:/home/roboticslab/ros2_ws/install/moveit_kinematics:/home/roboticslab/ros2_ws/install/moveit_ros_planning:/home/roboticslab/ros2_ws/install/moveit_ros_occupancy_map_monitor:/home/roboticslab/ros2_ws/install/moveit_resources_prbt_support:/home/roboticslab/ros2_ws/install/moveit_resources_prbt_ikfast_manipulator_plugin:/home/roboticslab/ros2_ws/install/moveit_resources:/home/roboticslab/ros2_ws/install/moveit_resources_pr2_description:/home/roboticslab/ros2_ws/install/moveit_resources_panda_moveit_config:/home/roboticslab/ros2_ws/install/dual_arm_panda_moveit_config:/home/roboticslab/ros2_ws/install/moveit_resources_panda_description:/home/roboticslab/ros2_ws/install/moveit_resources_fanuc_moveit_config:/home/roboticslab/ros2_ws/install/moveit_resources_fanuc_description:/home/roboticslab/ros2_ws/install/moveit_planners_stomp:/home/roboticslab/ros2_ws/install/moveit_planners_chomp:/home/roboticslab/ros2_ws/install/chomp_motion_planner:/home/roboticslab/ros2_ws/install/moveit_core:/home/roboticslab/ros2_ws/install/moveit_msgs:/home/roboticslab/ros2_ws/install/moveit_configs_utils:/home/roboticslab/ros2_ws/install/moveit_common:/home/roboticslab/ros2_ws/install/kortex_driver:/home/roboticslab/ros2_ws/install/kortex_api:/opt/ros/kilted DEBUGINFOD_URLS=https://debuginfod.ubuntu.com PYTHONPATH=/home/roboticslab/Ros2_predator-project_WS/build/predator_bringup/prefix_override:/usr/lib/python3/dist-packages/colcon_core/task/python/colcon_distutils_commands:/home/roboticslab/Ros2_predator-project_WS/install/predator_bringup/lib/python3.12/site-packages:/home/roboticslab/Ros2_predator-project_WS/install/predator_perception/lib/python3.12/site-packages:/home/roboticslab/Ros2_predator-project_WS/install/predator_navigation/lib/python3.12/site-packages:/home/roboticslab/Ros2_predator-project_WS/install/predator_manipulation/lib/python3.12/site-packages:/home/roboticslab/Ros2_predator-project_WS/install/predator_behavior/lib/python3.12/site-packages:/home/roboticslab/Ros2_predator-project_WS/install/predator_msgs/lib/python3.12/site-packages:/home/roboticslab/Ros2_predator-project_WS/install/predator_bringup/lib/python3.12/site-packages:/home/roboticslab/ros2_ws/install/moveit_task_constructor_core/lib/python3.12/site-packages:/home/roboticslab/ros2_ws/install/robo_waiter/lib/python3.12/site-packages:/home/roboticslab/ros2_ws/install/robo_chef/lib/python3.12/site-packages:/home/roboticslab/ros2_ws/install/roboChef/lib/python3.12/site-packages:/home/roboticslab/ros2_ws/install/moveit_task_constructor_msgs/lib/python3.12/site-packages:/home/roboticslab/ros2_ws/install/moveit_py/lib/python3.12/site-packages:/home/roboticslab/ros2_ws/install/moveit_msgs/lib/python3.12/site-packages:/home/roboticslab/ros2_ws/build/moveit_configs_utils:/home/roboticslab/ros2_ws/install/moveit_configs_utils/lib/python3.12/site-packages:/opt/ros/kilted/lib/python3.12/site-packages /usr/bin/python3 -W ignore:setup.py install is deprecated -W ignore:easy_install command is deprecated setup.py egg_info --egg-base ../../build/predator_bringup build --build-base /home/roboticslab/Ros2_predator-project_WS/build/predator_bringup/build install --record /home/roboticslab/Ros2_predator-project_WS/build/predator_bringup/install.log --single-version-externally-managed install_data
[13.546s] Level 1:colcon.colcon_core.environment:checking '/home/roboticslab/Ros2_predator-project_WS/install/predator_bringup' for CMake module files
[13.547s] DEBUG:colcon.colcon_core.event_handler.log_command:Invoked command in '/home/roboticslab/Ros2_predator-project_WS/src/predator_bringup' returned '0': AMENT_PREFIX_PATH=/home/roboticslab/Ros2_predator-project_WS/install/predator_perception:/home/roboticslab/Ros2_predator-project_WS/install/predator_navigation:/home/roboticslab/Ros2_predator-project_WS/install/predator_manipulation:/home/roboticslab/Ros2_predator-project_WS/install/predator_behavior:/home/roboticslab/Ros2_predator-project_WS/install/predator_bringup:/home/roboticslab/Ros2_predator-project_WS/install/predator_msgs:/home/roboticslab/ros2_ws/install/usb_cam:/home/roboticslab/ros2_ws/install/ur_simulation_gz:/home/roboticslab/ros2_ws/install/robotiq_hardware_tests:/home/roboticslab/ros2_ws/install/robotiq_driver:/home/roboticslab/ros2_ws/install/serial:/home/roboticslab/ros2_ws/install/moveit2_tutorials:/home/roboticslab/ros2_ws/install/moveit_visual_tools:/home/roboticslab/ros2_ws/install/rviz_visual_tools:/home/roboticslab/ros2_ws/install/moveit_task_constructor_demo:/home/roboticslab/ros2_ws/install/moveit_task_constructor_visualization:/home/roboticslab/ros2_ws/install/moveit_task_constructor_capabilities:/home/roboticslab/ros2_ws/install/moveit_task_constructor_core:/home/roboticslab/ros2_ws/install/rviz_marker_tools:/home/roboticslab/ros2_ws/install/kortex_bringup:/home/roboticslab/ros2_ws/install/kinova_gen3_lite_moveit_config:/home/roboticslab/ros2_ws/install/kinova_gen3_7dof_robotiq_2f_85_moveit_config:/home/roboticslab/ros2_ws/install/kinova_gen3_6dof_robotiq_2f_85_moveit_config:/home/roboticslab/ros2_ws/install/kortex_description:/home/roboticslab/ros2_ws/install/robotiq_description:/home/roboticslab/ros2_ws/install/robotiq_controllers:/home/roboticslab/ros2_ws/install/robo_waiter:/home/roboticslab/ros2_ws/install/robo_chef:/home/roboticslab/ros2_ws/install/roboChef:/home/roboticslab/ros2_ws/install/pilz_industrial_motion_planner_testutils:/home/roboticslab/ros2_ws/install/moveit_runtime:/home/roboticslab/ros2_ws/install/moveit:/home/roboticslab/ros2_ws/install/moveit_planners:/home/roboticslab/ros2_ws/install/pilz_industrial_motion_planner:/home/roboticslab/ros2_ws/install/moveit_task_constructor_msgs:/home/roboticslab/ros2_ws/install/moveit_ros_control_interface:/home/roboticslab/ros2_ws/install/moveit_plugins:/home/roboticslab/ros2_ws/install/moveit_simple_controller_manager:/home/roboticslab/ros2_ws/install/moveit_setup_assistant:/home/roboticslab/ros2_ws/install/moveit_setup_srdf_plugins:/home/roboticslab/ros2_ws/install/moveit_setup_core_plugins:/home/roboticslab/ros2_ws/install/moveit_setup_controllers:/home/roboticslab/ros2_ws/install/moveit_setup_app_plugins:/home/roboticslab/ros2_ws/install/moveit_setup_framework:/home/roboticslab/ros2_ws/install/moveit_servo:/home/roboticslab/ros2_ws/install/moveit_ros_trajectory_cache:/home/roboticslab/ros2_ws/install/moveit_ros:/home/roboticslab/ros2_ws/install/moveit_ros_visualization:/home/roboticslab/ros2_ws/install/moveit_py:/home/roboticslab/ros2_ws/install/moveit_hybrid_planning:/home/roboticslab/ros2_ws/install/moveit_ros_planning_interface:/home/roboticslab/ros2_ws/install/moveit_ros_benchmarks:/home/roboticslab/ros2_ws/install/moveit_ros_warehouse:/home/roboticslab/ros2_ws/install/moveit_ros_robot_interaction:/home/roboticslab/ros2_ws/install/moveit_ros_perception:/home/roboticslab/ros2_ws/install/moveit_resources_prbt_pg70_support:/home/roboticslab/ros2_ws/install/moveit_resources_prbt_moveit_config:/home/roboticslab/ros2_ws/install/moveit_ros_move_group:/home/roboticslab/ros2_ws/install/moveit_planners_ompl:/home/roboticslab/ros2_ws/install/moveit_kinematics:/home/roboticslab/ros2_ws/install/moveit_ros_planning:/home/roboticslab/ros2_ws/install/moveit_ros_occupancy_map_monitor:/home/roboticslab/ros2_ws/install/moveit_resources_prbt_support:/home/roboticslab/ros2_ws/install/moveit_resources_prbt_ikfast_manipulator_plugin:/home/roboticslab/ros2_ws/install/moveit_resources:/home/roboticslab/ros2_ws/install/moveit_resources_pr2_description:/home/roboticslab/ros2_ws/install/moveit_resources_panda_moveit_config:/home/roboticslab/ros2_ws/install/dual_arm_panda_moveit_config:/home/roboticslab/ros2_ws/install/moveit_resources_panda_description:/home/roboticslab/ros2_ws/install/moveit_resources_fanuc_moveit_config:/home/roboticslab/ros2_ws/install/moveit_resources_fanuc_description:/home/roboticslab/ros2_ws/install/moveit_planners_stomp:/home/roboticslab/ros2_ws/install/moveit_planners_chomp:/home/roboticslab/ros2_ws/install/chomp_motion_planner:/home/roboticslab/ros2_ws/install/moveit_core:/home/roboticslab/ros2_ws/install/moveit_msgs:/home/roboticslab/ros2_ws/install/moveit_configs_utils:/home/roboticslab/ros2_ws/install/moveit_common:/home/roboticslab/ros2_ws/install/kortex_driver:/home/roboticslab/ros2_ws/install/kortex_api:/opt/ros/kilted DEBUGINFOD_URLS=https://debuginfod.ubuntu.com PYTHONPATH=/home/roboticslab/Ros2_predator-project_WS/build/predator_bringup/prefix_override:/usr/lib/python3/dist-packages/colcon_core/task/python/colcon_distutils_commands:/home/roboticslab/Ros2_predator-project_WS/install/predator_bringup/lib/python3.12/site-packages:/home/roboticslab/Ros2_predator-project_WS/install/predator_perception/lib/python3.12/site-packages:/home/roboticslab/Ros2_predator-project_WS/install/predator_navigation/lib/python3.12/site-packages:/home/roboticslab/Ros2_predator-project_WS/install/predator_manipulation/lib/python3.12/site-packages:/home/roboticslab/Ros2_predator-project_WS/install/predator_behavior/lib/python3.12/site-packages:/home/roboticslab/Ros2_predator-project_WS/install/predator_msgs/lib/python3.12/site-packages:/home/roboticslab/Ros2_predator-project_WS/install/predator_bringup/lib/python3.12/site-packages:/home/roboticslab/ros2_ws/install/moveit_task_constructor_core/lib/python3.12/site-packages:/home/roboticslab/ros2_ws/install/robo_waiter/lib/python3.12/site-packages:/home/roboticslab/ros2_ws/install/robo_chef/lib/python3.12/site-packages:/home/roboticslab/ros2_ws/install/roboChef/lib/python3.12/site-packages:/home/roboticslab/ros2_ws/install/moveit_task_constructor_msgs/lib/python3.12/site-packages:/home/roboticslab/ros2_ws/install/moveit_py/lib/python3.12/site-packages:/home/roboticslab/ros2_ws/install/moveit_msgs/lib/python3.12/site-packages:/home/roboticslab/ros2_ws/build/moveit_configs_utils:/home/roboticslab/ros2_ws/install/moveit_configs_utils/lib/python3.12/site-packages:/opt/ros/kilted/lib/python3.12/site-packages /usr/bin/python3 -W ignore:setup.py install is deprecated -W ignore:easy_install command is deprecated setup.py egg_info --egg-base ../../build/predator_bringup build --build-base /home/roboticslab/Ros2_predator-project_WS/build/predator_bringup/build install --record /home/roboticslab/Ros2_predator-project_WS/build/predator_bringup/install.log --single-version-externally-managed install_data
[13.547s] Level 1:colcon.colcon_core.environment:checking '/home/roboticslab/Ros2_predator-project_WS/install/predator_bringup' for CMake config files
[13.549s] Level 1:colcon.colcon_core.environment:checking '/home/roboticslab/Ros2_predator-project_WS/install/predator_bringup/lib'
[13.549s] Level 1:colcon.colcon_core.environment:checking '/home/roboticslab/Ros2_predator-project_WS/install/predator_bringup/bin'
[13.549s] Level 1:colcon.colcon_core.environment:checking '/home/roboticslab/Ros2_predator-project_WS/install/predator_bringup/lib/pkgconfig/predator_bringup.pc'
[13.549s] Level 1:colcon.colcon_core.environment:checking '/home/roboticslab/Ros2_predator-project_WS/install/predator_bringup/lib/python3.12/site-packages'
[13.549s] Level 1:colcon.colcon_core.shell:create_environment_hook('predator_bringup', 'pythonpath')
[13.550s] INFO:colcon.colcon_core.shell:Creating environment hook '/home/roboticslab/Ros2_predator-project_WS/install/predator_bringup/share/predator_bringup/hook/pythonpath.ps1'
[13.551s] INFO:colcon.colcon_core.shell:Creating environment descriptor '/home/roboticslab/Ros2_predator-project_WS/install/predator_bringup/share/predator_bringup/hook/pythonpath.dsv'
[13.551s] INFO:colcon.colcon_core.shell:Creating environment hook '/home/roboticslab/Ros2_predator-project_WS/install/predator_bringup/share/predator_bringup/hook/pythonpath.sh'
[13.553s] Level 1:colcon.colcon_core.environment:checking '/home/roboticslab/Ros2_predator-project_WS/install/predator_bringup/bin'
[13.553s] Level 1:colcon.colcon_core.environment:create_environment_scripts_only(predator_bringup)
[13.553s] INFO:colcon.colcon_core.shell:Creating package script '/home/roboticslab/Ros2_predator-project_WS/install/predator_bringup/share/predator_bringup/package.ps1'
[13.554s] INFO:colcon.colcon_core.shell:Creating package descriptor '/home/roboticslab/Ros2_predator-project_WS/install/predator_bringup/share/predator_bringup/package.dsv'
[13.555s] INFO:colcon.colcon_core.shell:Creating package script '/home/roboticslab/Ros2_predator-project_WS/install/predator_bringup/share/predator_bringup/package.sh'
[13.555s] INFO:colcon.colcon_core.shell:Creating package script '/home/roboticslab/Ros2_predator-project_WS/install/predator_bringup/share/predator_bringup/package.bash'
[13.556s] INFO:colcon.colcon_core.shell:Creating package script '/home/roboticslab/Ros2_predator-project_WS/install/predator_bringup/share/predator_bringup/package.zsh'
[13.557s] Level 1:colcon.colcon_core.environment:create_file_with_runtime_dependencies(/home/roboticslab/Ros2_predator-project_WS/install/predator_bringup/share/colcon-core/packages/predator_bringup)
[13.557s] DEBUG:colcon.colcon_parallel_executor.executor.parallel:closing loop
[13.557s] DEBUG:colcon.colcon_parallel_executor.executor.parallel:loop closed
[13.557s] DEBUG:colcon.colcon_parallel_executor.executor.parallel:run_until_complete finished with '0'
[13.557s] DEBUG:colcon.colcon_core.event_reactor:joining thread
[13.571s] INFO:colcon.colcon_core.plugin_system:Skipping extension 'colcon_notification.desktop_notification.terminal_notifier': Not used on non-Darwin systems
[13.571s] INFO:colcon.colcon_core.plugin_system:Skipping extension 'colcon_notification.desktop_notification.win32': Not used on non-Windows systems
[13.571s] INFO:colcon.colcon_notification.desktop_notification:Sending desktop notification using 'notify2'
[13.592s] DEBUG:colcon.colcon_core.event_reactor:joined thread
[13.592s] INFO:colcon.colcon_core.shell:Creating prefix script '/home/roboticslab/Ros2_predator-project_WS/install/local_setup.ps1'
[13.593s] INFO:colcon.colcon_core.shell:Creating prefix util module '/home/roboticslab/Ros2_predator-project_WS/install/_local_setup_util_ps1.py'
[13.595s] INFO:colcon.colcon_core.shell:Creating prefix chain script '/home/roboticslab/Ros2_predator-project_WS/install/setup.ps1'
[13.603s] INFO:colcon.colcon_core.shell:Creating prefix script '/home/roboticslab/Ros2_predator-project_WS/install/local_setup.sh'
[13.604s] INFO:colcon.colcon_core.shell:Creating prefix util module '/home/roboticslab/Ros2_predator-project_WS/install/_local_setup_util_sh.py'
[13.605s] INFO:colcon.colcon_core.shell:Creating prefix chain script '/home/roboticslab/Ros2_predator-project_WS/install/setup.sh'
[13.614s] INFO:colcon.colcon_core.shell:Creating prefix script '/home/roboticslab/Ros2_predator-project_WS/install/local_setup.bash'
[13.615s] INFO:colcon.colcon_core.shell:Creating prefix chain script '/home/roboticslab/Ros2_predator-project_WS/install/setup.bash'
[13.622s] INFO:colcon.colcon_core.shell:Creating prefix script '/home/roboticslab/Ros2_predator-project_WS/install/local_setup.zsh'
[13.623s] INFO:colcon.colcon_core.shell:Creating prefix chain script '/home/roboticslab/Ros2_predator-project_WS/install/setup.zsh'
