[46.053s] Invoking command in '/home/roboticslab/Ros2_predator-project_WS/src/predator_perception': DEBUGINFOD_URLS=https://debuginfod.ubuntu.com PYTHONPATH=/home/roboticslab/Ros2_predator-project_WS/build/predator_perception/prefix_override:/usr/lib/python3/dist-packages/colcon_core/task/python/colcon_distutils_commands:/home/roboticslab/Ros2_predator-project_WS/install/predator_perception/lib/python3.12/site-packages:/home/roboticslab/Ros2_predator-project_WS/install/predator_msgs/lib/python3.12/site-packages:/home/roboticslab/Ros2_predator-project_WS/install/predator_bringup/lib/python3.12/site-packages:/home/roboticslab/Ros2_predator-project_WS/install/predator_perception/lib/python3.12/site-packages:/home/roboticslab/Ros2_predator-project_WS/install/predator_navigation/lib/python3.12/site-packages:/home/roboticslab/Ros2_predator-project_WS/install/predator_manipulation/lib/python3.12/site-packages:/home/roboticslab/Ros2_predator-project_WS/install/predator_behavior/lib/python3.12/site-packages:/home/roboticslab/ros2_ws/install/moveit_task_constructor_core/lib/python3.12/site-packages:/home/roboticslab/ros2_ws/install/roboChef/lib/python3.12/site-packages:/home/roboticslab/ros2_ws/install/moveit_task_constructor_msgs/lib/python3.12/site-packages:/home/roboticslab/ros2_ws/install/moveit_py/lib/python3.12/site-packages:/home/roboticslab/ros2_ws/install/moveit_msgs/lib/python3.12/site-packages:/home/roboticslab/ros2_ws/build/moveit_configs_utils:/home/roboticslab/ros2_ws/install/moveit_configs_utils/lib/python3.12/site-packages:/opt/ros/kilted/lib/python3.12/site-packages /usr/bin/python3 -W ignore:setup.py install is deprecated -W ignore:easy_install command is deprecated setup.py egg_info --egg-base ../../build/predator_perception build --build-base /home/roboticslab/Ros2_predator-project_WS/build/predator_perception/build install --record /home/roboticslab/Ros2_predator-project_WS/build/predator_perception/install.log --single-version-externally-managed install_data
[47.092s] running egg_info
[47.281s] writing ../../build/predator_perception/predator_perception.egg-info/PKG-INFO
[47.289s] writing dependency_links to ../../build/predator_perception/predator_perception.egg-info/dependency_links.txt
[47.296s] writing entry points to ../../build/predator_perception/predator_perception.egg-info/entry_points.txt
[47.310s] writing requirements to ../../build/predator_perception/predator_perception.egg-info/requires.txt
[47.310s] writing top-level names to ../../build/predator_perception/predator_perception.egg-info/top_level.txt
[47.524s] reading manifest file '../../build/predator_perception/predator_perception.egg-info/SOURCES.txt'
[47.525s] writing manifest file '../../build/predator_perception/predator_perception.egg-info/SOURCES.txt'
[47.738s] running build
[47.738s] running build_py
[47.740s] copying predator_perception/target_tracker_node.py -> /home/roboticslab/Ros2_predator-project_WS/build/predator_perception/build/lib/predator_perception
[47.741s] running install
[47.752s] running install_lib
[47.805s] copying /home/roboticslab/Ros2_predator-project_WS/build/predator_perception/build/lib/predator_perception/target_tracker_node.py -> /home/roboticslab/Ros2_predator-project_WS/install/predator_perception/lib/python3.12/site-packages/predator_perception
[47.806s] byte-compiling /home/roboticslab/Ros2_predator-project_WS/install/predator_perception/lib/python3.12/site-packages/predator_perception/target_tracker_node.py to target_tracker_node.cpython-312.pyc
[47.821s] running install_data
[47.821s] running install_egg_info
[47.870s] removing '/home/roboticslab/Ros2_predator-project_WS/install/predator_perception/lib/python3.12/site-packages/predator_perception-0.0.0-py3.12.egg-info' (and everything under it)
[47.871s] Copying ../../build/predator_perception/predator_perception.egg-info to /home/roboticslab/Ros2_predator-project_WS/install/predator_perception/lib/python3.12/site-packages/predator_perception-0.0.0-py3.12.egg-info
[47.874s] running install_scripts
[48.389s] Installing target_tracker_node script to /home/roboticslab/Ros2_predator-project_WS/install/predator_perception/lib/predator_perception
[48.392s] Installing velocity_estimator_node script to /home/roboticslab/Ros2_predator-project_WS/install/predator_perception/lib/predator_perception
[48.394s] Installing zone_monitor_node script to /home/roboticslab/Ros2_predator-project_WS/install/predator_perception/lib/predator_perception
[48.407s] writing list of installed files to '/home/roboticslab/Ros2_predator-project_WS/build/predator_perception/install.log'
[48.630s] Invoked command in '/home/roboticslab/Ros2_predator-project_WS/src/predator_perception' returned '0': DEBUGINFOD_URLS=https://debuginfod.ubuntu.com PYTHONPATH=/home/roboticslab/Ros2_predator-project_WS/build/predator_perception/prefix_override:/usr/lib/python3/dist-packages/colcon_core/task/python/colcon_distutils_commands:/home/roboticslab/Ros2_predator-project_WS/install/predator_perception/lib/python3.12/site-packages:/home/roboticslab/Ros2_predator-project_WS/install/predator_msgs/lib/python3.12/site-packages:/home/roboticslab/Ros2_predator-project_WS/install/predator_bringup/lib/python3.12/site-packages:/home/roboticslab/Ros2_predator-project_WS/install/predator_perception/lib/python3.12/site-packages:/home/roboticslab/Ros2_predator-project_WS/install/predator_navigation/lib/python3.12/site-packages:/home/roboticslab/Ros2_predator-project_WS/install/predator_manipulation/lib/python3.12/site-packages:/home/roboticslab/Ros2_predator-project_WS/install/predator_behavior/lib/python3.12/site-packages:/home/roboticslab/ros2_ws/install/moveit_task_constructor_core/lib/python3.12/site-packages:/home/roboticslab/ros2_ws/install/roboChef/lib/python3.12/site-packages:/home/roboticslab/ros2_ws/install/moveit_task_constructor_msgs/lib/python3.12/site-packages:/home/roboticslab/ros2_ws/install/moveit_py/lib/python3.12/site-packages:/home/roboticslab/ros2_ws/install/moveit_msgs/lib/python3.12/site-packages:/home/roboticslab/ros2_ws/build/moveit_configs_utils:/home/roboticslab/ros2_ws/install/moveit_configs_utils/lib/python3.12/site-packages:/opt/ros/kilted/lib/python3.12/site-packages /usr/bin/python3 -W ignore:setup.py install is deprecated -W ignore:easy_install command is deprecated setup.py egg_info --egg-base ../../build/predator_perception build --build-base /home/roboticslab/Ros2_predator-project_WS/build/predator_perception/build install --record /home/roboticslab/Ros2_predator-project_WS/build/predator_perception/install.log --single-version-externally-managed install_data
