[0.020s] Invoking command in '/home/roboticslab/Ros2_predator-project_WS/build/predator_msgs': CMAKE_PREFIX_PATH=${CMAKE_PREFIX_PATH}:/home/roboticslab/Ros2_predator-project_WS/install/predator_bringup:/home/roboticslab/Ros2_predator-project_WS/install/predator_perception:/home/roboticslab/Ros2_predator-project_WS/install/predator_navigation:/home/roboticslab/Ros2_predator-project_WS/install/predator_manipulation:/home/roboticslab/Ros2_predator-project_WS/install/predator_behavior:/home/roboticslab/ros2_ws/install/robotiq_description:/home/roboticslab/ros2_ws/install/robo_waiter:/home/roboticslab/ros2_ws/install/robo_chef:/home/roboticslab/ros2_ws/install/roboChef:/home/roboticslab/ros2_ws/install/moveit_configs_utils:/opt/ros/kilted DEBUGINFOD_URLS=https://debuginfod.ubuntu.com /usr/bin/cmake --build /home/roboticslab/Ros2_predator-project_WS/build/predator_msgs -- -j4 -l4
[0.134s] [  1%] Built target predator_msgs__rosidl_generator_type_description
[0.139s] [  3%] Built target predator_msgs__rs
[0.165s] [  3%] Built target ament_cmake_python_copy_predator_msgs
[0.182s] [  4%] Built target predator_msgs__cpp
[0.190s] [ 26%] Built target predator_msgs__rosidl_generator_c
[0.247s] [ 35%] Built target predator_msgs__rosidl_typesupport_c
[0.248s] [ 44%] Built target predator_msgs__rosidl_typesupport_introspection_c
[0.255s] [ 53%] Built target predator_msgs__rosidl_typesupport_fastrtps_c
[0.310s] [ 63%] Built target predator_msgs__rosidl_typesupport_introspection_cpp
[0.311s] [ 72%] Built target predator_msgs__rosidl_typesupport_fastrtps_cpp
[0.314s] [ 81%] Built target predator_msgs__rosidl_typesupport_cpp
[0.352s] [ 81%] Built target predator_msgs
[0.390s] [ 83%] Built target predator_msgs__py
[0.430s] [ 90%] Built target predator_msgs__rosidl_generator_py
[0.492s] [ 93%] Built target predator_msgs_s__rosidl_typesupport_c
[0.496s] [ 96%] Built target predator_msgs_s__rosidl_typesupport_fastrtps_c
[0.497s] [100%] Built target predator_msgs_s__rosidl_typesupport_introspection_c
[0.609s] running egg_info
[0.646s] writing predator_msgs.egg-info/PKG-INFO
[0.646s] writing dependency_links to predator_msgs.egg-info/dependency_links.txt
[0.646s] writing top-level names to predator_msgs.egg-info/top_level.txt
[0.757s] reading manifest file 'predator_msgs.egg-info/SOURCES.txt'
[0.757s] writing manifest file 'predator_msgs.egg-info/SOURCES.txt'
[0.803s] [100%] Built target ament_cmake_python_build_predator_msgs_egg
[0.825s] Invoked command in '/home/roboticslab/Ros2_predator-project_WS/build/predator_msgs' returned '0': CMAKE_PREFIX_PATH=${CMAKE_PREFIX_PATH}:/home/roboticslab/Ros2_predator-project_WS/install/predator_bringup:/home/roboticslab/Ros2_predator-project_WS/install/predator_perception:/home/roboticslab/Ros2_predator-project_WS/install/predator_navigation:/home/roboticslab/Ros2_predator-project_WS/install/predator_manipulation:/home/roboticslab/Ros2_predator-project_WS/install/predator_behavior:/home/roboticslab/ros2_ws/install/robotiq_description:/home/roboticslab/ros2_ws/install/robo_waiter:/home/roboticslab/ros2_ws/install/robo_chef:/home/roboticslab/ros2_ws/install/roboChef:/home/roboticslab/ros2_ws/install/moveit_configs_utils:/opt/ros/kilted DEBUGINFOD_URLS=https://debuginfod.ubuntu.com /usr/bin/cmake --build /home/roboticslab/Ros2_predator-project_WS/build/predator_msgs -- -j4 -l4
[0.842s] Invoking command in '/home/roboticslab/Ros2_predator-project_WS/build/predator_msgs': CMAKE_PREFIX_PATH=${CMAKE_PREFIX_PATH}:/home/roboticslab/Ros2_predator-project_WS/install/predator_bringup:/home/roboticslab/Ros2_predator-project_WS/install/predator_perception:/home/roboticslab/Ros2_predator-project_WS/install/predator_navigation:/home/roboticslab/Ros2_predator-project_WS/install/predator_manipulation:/home/roboticslab/Ros2_predator-project_WS/install/predator_behavior:/home/roboticslab/ros2_ws/install/robotiq_description:/home/roboticslab/ros2_ws/install/robo_waiter:/home/roboticslab/ros2_ws/install/robo_chef:/home/roboticslab/ros2_ws/install/roboChef:/home/roboticslab/ros2_ws/install/moveit_configs_utils:/opt/ros/kilted DEBUGINFOD_URLS=https://debuginfod.ubuntu.com /usr/bin/cmake --install /home/roboticslab/Ros2_predator-project_WS/build/predator_msgs
[0.857s] -- Install configuration: ""
[0.857s] -- Up-to-date: /home/roboticslab/Ros2_predator-project_WS/install/predator_msgs/share/ament_index/resource_index/rosidl_interfaces/predator_msgs
[0.857s] -- Up-to-date: /home/roboticslab/Ros2_predator-project_WS/install/predator_msgs/share/predator_msgs/msg/BehaviorState.json
[0.857s] -- Up-to-date: /home/roboticslab/Ros2_predator-project_WS/install/predator_msgs/share/predator_msgs/msg/GestureRequest.json
[0.857s] -- Up-to-date: /home/roboticslab/Ros2_predator-project_WS/install/predator_msgs/share/predator_msgs/msg/TargetState.json
[0.857s] -- Up-to-date: /home/roboticslab/Ros2_predator-project_WS/install/predator_msgs/share/predator_msgs/msg/ZoneStatus.json
[0.858s] -- Up-to-date: /home/roboticslab/Ros2_predator-project_WS/install/predator_msgs/include/predator_msgs/predator_msgs
[0.858s] -- Up-to-date: /home/roboticslab/Ros2_predator-project_WS/install/predator_msgs/include/predator_msgs/predator_msgs/msg
[0.858s] -- Up-to-date: /home/roboticslab/Ros2_predator-project_WS/install/predator_msgs/include/predator_msgs/predator_msgs/msg/behavior_state.h
[0.858s] -- Up-to-date: /home/roboticslab/Ros2_predator-project_WS/install/predator_msgs/include/predator_msgs/predator_msgs/msg/gesture_request.h
[0.858s] -- Up-to-date: /home/roboticslab/Ros2_predator-project_WS/install/predator_msgs/include/predator_msgs/predator_msgs/msg/detail
[0.858s] -- Up-to-date: /home/roboticslab/Ros2_predator-project_WS/install/predator_msgs/include/predator_msgs/predator_msgs/msg/detail/gesture_request__struct.h
[0.858s] -- Up-to-date: /home/roboticslab/Ros2_predator-project_WS/install/predator_msgs/include/predator_msgs/predator_msgs/msg/detail/target_state__functions.c
[0.859s] -- Up-to-date: /home/roboticslab/Ros2_predator-project_WS/install/predator_msgs/include/predator_msgs/predator_msgs/msg/detail/zone_status__type_support.h
[0.859s] -- Up-to-date: /home/roboticslab/Ros2_predator-project_WS/install/predator_msgs/include/predator_msgs/predator_msgs/msg/detail/target_state__description.c
[0.859s] -- Up-to-date: /home/roboticslab/Ros2_predator-project_WS/install/predator_msgs/include/predator_msgs/predator_msgs/msg/detail/zone_status__functions.c
[0.859s] -- Up-to-date: /home/roboticslab/Ros2_predator-project_WS/install/predator_msgs/include/predator_msgs/predator_msgs/msg/detail/gesture_request__functions.c
[0.859s] -- Up-to-date: /home/roboticslab/Ros2_predator-project_WS/install/predator_msgs/include/predator_msgs/predator_msgs/msg/detail/zone_status__description.c
[0.859s] -- Up-to-date: /home/roboticslab/Ros2_predator-project_WS/install/predator_msgs/include/predator_msgs/predator_msgs/msg/detail/zone_status__functions.h
[0.859s] -- Up-to-date: /home/roboticslab/Ros2_predator-project_WS/install/predator_msgs/include/predator_msgs/predator_msgs/msg/detail/behavior_state__description.c
[0.860s] -- Up-to-date: /home/roboticslab/Ros2_predator-project_WS/install/predator_msgs/include/predator_msgs/predator_msgs/msg/detail/gesture_request__functions.h
[0.860s] -- Up-to-date: /home/roboticslab/Ros2_predator-project_WS/install/predator_msgs/include/predator_msgs/predator_msgs/msg/detail/behavior_state__functions.c
[0.860s] -- Up-to-date: /home/roboticslab/Ros2_predator-project_WS/install/predator_msgs/include/predator_msgs/predator_msgs/msg/detail/target_state__functions.h
[0.860s] -- Up-to-date: /home/roboticslab/Ros2_predator-project_WS/install/predator_msgs/include/predator_msgs/predator_msgs/msg/detail/target_state__type_support.h
[0.860s] -- Up-to-date: /home/roboticslab/Ros2_predator-project_WS/install/predator_msgs/include/predator_msgs/predator_msgs/msg/detail/gesture_request__type_support.h
[0.860s] -- Installing: /home/roboticslab/Ros2_predator-project_WS/install/predator_msgs/include/predator_msgs/predator_msgs/msg/detail/behavior_state__type_support.c
[0.860s] -- Up-to-date: /home/roboticslab/Ros2_predator-project_WS/install/predator_msgs/include/predator_msgs/predator_msgs/msg/detail/zone_status__struct.h
[0.860s] -- Up-to-date: /home/roboticslab/Ros2_predator-project_WS/install/predator_msgs/include/predator_msgs/predator_msgs/msg/detail/behavior_state__functions.h
[0.860s] -- Up-to-date: /home/roboticslab/Ros2_predator-project_WS/install/predator_msgs/include/predator_msgs/predator_msgs/msg/detail/behavior_state__type_support.h
[0.861s] -- Installing: /home/roboticslab/Ros2_predator-project_WS/install/predator_msgs/include/predator_msgs/predator_msgs/msg/detail/gesture_request__type_support.c
[0.861s] -- Up-to-date: /home/roboticslab/Ros2_predator-project_WS/install/predator_msgs/include/predator_msgs/predator_msgs/msg/detail/behavior_state__struct.h
[0.861s] -- Installing: /home/roboticslab/Ros2_predator-project_WS/install/predator_msgs/include/predator_msgs/predator_msgs/msg/detail/target_state__type_support.c
[0.861s] -- Installing: /home/roboticslab/Ros2_predator-project_WS/install/predator_msgs/include/predator_msgs/predator_msgs/msg/detail/zone_status__type_support.c
[0.861s] -- Up-to-date: /home/roboticslab/Ros2_predator-project_WS/install/predator_msgs/include/predator_msgs/predator_msgs/msg/detail/gesture_request__description.c
[0.861s] -- Up-to-date: /home/roboticslab/Ros2_predator-project_WS/install/predator_msgs/include/predator_msgs/predator_msgs/msg/detail/target_state__struct.h
[0.861s] -- Up-to-date: /home/roboticslab/Ros2_predator-project_WS/install/predator_msgs/include/predator_msgs/predator_msgs/msg/zone_status.h
[0.861s] -- Up-to-date: /home/roboticslab/Ros2_predator-project_WS/install/predator_msgs/include/predator_msgs/predator_msgs/msg/target_state.h
[0.861s] -- Up-to-date: /home/roboticslab/Ros2_predator-project_WS/install/predator_msgs/include/predator_msgs/predator_msgs/msg/rosidl_generator_c__visibility_control.h
[0.862s] -- Up-to-date: /home/roboticslab/Ros2_predator-project_WS/install/predator_msgs/share/predator_msgs/environment/library_path.sh
[0.862s] -- Up-to-date: /home/roboticslab/Ros2_predator-project_WS/install/predator_msgs/share/predator_msgs/environment/library_path.dsv
[0.868s] -- Up-to-date: /home/roboticslab/Ros2_predator-project_WS/install/predator_msgs/lib/libpredator_msgs__rosidl_generator_c.so
[0.869s] -- Up-to-date: /home/roboticslab/Ros2_predator-project_WS/install/predator_msgs/include/predator_msgs/predator_msgs
[0.869s] -- Up-to-date: /home/roboticslab/Ros2_predator-project_WS/install/predator_msgs/include/predator_msgs/predator_msgs/msg
[0.869s] -- Up-to-date: /home/roboticslab/Ros2_predator-project_WS/install/predator_msgs/include/predator_msgs/predator_msgs/msg/detail
[0.869s] -- Up-to-date: /home/roboticslab/Ros2_predator-project_WS/install/predator_msgs/include/predator_msgs/predator_msgs/msg/detail/gesture_request__rosidl_typesupport_fastrtps_c.h
[0.869s] -- Up-to-date: /home/roboticslab/Ros2_predator-project_WS/install/predator_msgs/include/predator_msgs/predator_msgs/msg/detail/behavior_state__rosidl_typesupport_fastrtps_c.h
[0.869s] -- Up-to-date: /home/roboticslab/Ros2_predator-project_WS/install/predator_msgs/include/predator_msgs/predator_msgs/msg/detail/target_state__rosidl_typesupport_fastrtps_c.h
[0.870s] -- Up-to-date: /home/roboticslab/Ros2_predator-project_WS/install/predator_msgs/include/predator_msgs/predator_msgs/msg/detail/zone_status__rosidl_typesupport_fastrtps_c.h
[0.870s] -- Up-to-date: /home/roboticslab/Ros2_predator-project_WS/install/predator_msgs/include/predator_msgs/predator_msgs/msg/rosidl_typesupport_fastrtps_c__visibility_control.h
[0.870s] -- Up-to-date: /home/roboticslab/Ros2_predator-project_WS/install/predator_msgs/lib/libpredator_msgs__rosidl_typesupport_fastrtps_c.so
[0.870s] -- Up-to-date: /home/roboticslab/Ros2_predator-project_WS/install/predator_msgs/include/predator_msgs/predator_msgs
[0.870s] -- Up-to-date: /home/roboticslab/Ros2_predator-project_WS/install/predator_msgs/include/predator_msgs/predator_msgs/msg
[0.871s] -- Up-to-date: /home/roboticslab/Ros2_predator-project_WS/install/predator_msgs/include/predator_msgs/predator_msgs/msg/detail
[0.871s] -- Up-to-date: /home/roboticslab/Ros2_predator-project_WS/install/predator_msgs/include/predator_msgs/predator_msgs/msg/detail/zone_status__rosidl_typesupport_introspection_c.h
[0.871s] -- Up-to-date: /home/roboticslab/Ros2_predator-project_WS/install/predator_msgs/include/predator_msgs/predator_msgs/msg/detail/target_state__rosidl_typesupport_introspection_c.h
[0.871s] -- Installing: /home/roboticslab/Ros2_predator-project_WS/install/predator_msgs/include/predator_msgs/predator_msgs/msg/detail/behavior_state__type_support.c
[0.871s] -- Up-to-date: /home/roboticslab/Ros2_predator-project_WS/install/predator_msgs/include/predator_msgs/predator_msgs/msg/detail/gesture_request__rosidl_typesupport_introspection_c.h
[0.871s] -- Installing: /home/roboticslab/Ros2_predator-project_WS/install/predator_msgs/include/predator_msgs/predator_msgs/msg/detail/gesture_request__type_support.c
[0.871s] -- Installing: /home/roboticslab/Ros2_predator-project_WS/install/predator_msgs/include/predator_msgs/predator_msgs/msg/detail/target_state__type_support.c
[0.871s] -- Installing: /home/roboticslab/Ros2_predator-project_WS/install/predator_msgs/include/predator_msgs/predator_msgs/msg/detail/zone_status__type_support.c
[0.872s] -- Up-to-date: /home/roboticslab/Ros2_predator-project_WS/install/predator_msgs/include/predator_msgs/predator_msgs/msg/detail/behavior_state__rosidl_typesupport_introspection_c.h
[0.872s] -- Up-to-date: /home/roboticslab/Ros2_predator-project_WS/install/predator_msgs/include/predator_msgs/predator_msgs/msg/rosidl_typesupport_introspection_c__visibility_control.h
[0.886s] -- Up-to-date: /home/roboticslab/Ros2_predator-project_WS/install/predator_msgs/lib/libpredator_msgs__rosidl_typesupport_introspection_c.so
[0.887s] -- Up-to-date: /home/roboticslab/Ros2_predator-project_WS/install/predator_msgs/lib/libpredator_msgs__rosidl_typesupport_c.so
[0.887s] -- Up-to-date: /home/roboticslab/Ros2_predator-project_WS/install/predator_msgs/include/predator_msgs/predator_msgs
[0.887s] -- Up-to-date: /home/roboticslab/Ros2_predator-project_WS/install/predator_msgs/include/predator_msgs/predator_msgs/msg
[0.888s] -- Up-to-date: /home/roboticslab/Ros2_predator-project_WS/install/predator_msgs/include/predator_msgs/predator_msgs/msg/gesture_request.hpp
[0.888s] -- Up-to-date: /home/roboticslab/Ros2_predator-project_WS/install/predator_msgs/include/predator_msgs/predator_msgs/msg/behavior_state.hpp
[0.888s] -- Up-to-date: /home/roboticslab/Ros2_predator-project_WS/install/predator_msgs/include/predator_msgs/predator_msgs/msg/rosidl_generator_cpp__visibility_control.hpp
[0.888s] -- Up-to-date: /home/roboticslab/Ros2_predator-project_WS/install/predator_msgs/include/predator_msgs/predator_msgs/msg/detail
[0.888s] -- Up-to-date: /home/roboticslab/Ros2_predator-project_WS/install/predator_msgs/include/predator_msgs/predator_msgs/msg/detail/gesture_request__traits.hpp
[0.888s] -- Up-to-date: /home/roboticslab/Ros2_predator-project_WS/install/predator_msgs/include/predator_msgs/predator_msgs/msg/detail/gesture_request__struct.hpp
[0.889s] -- Up-to-date: /home/roboticslab/Ros2_predator-project_WS/install/predator_msgs/include/predator_msgs/predator_msgs/msg/detail/behavior_state__struct.hpp
[0.889s] -- Up-to-date: /home/roboticslab/Ros2_predator-project_WS/install/predator_msgs/include/predator_msgs/predator_msgs/msg/detail/target_state__struct.hpp
[0.889s] -- Up-to-date: /home/roboticslab/Ros2_predator-project_WS/install/predator_msgs/include/predator_msgs/predator_msgs/msg/detail/zone_status__builder.hpp
[0.889s] -- Up-to-date: /home/roboticslab/Ros2_predator-project_WS/install/predator_msgs/include/predator_msgs/predator_msgs/msg/detail/zone_status__type_support.hpp
[0.889s] -- Up-to-date: /home/roboticslab/Ros2_predator-project_WS/install/predator_msgs/include/predator_msgs/predator_msgs/msg/detail/target_state__type_support.hpp
[0.889s] -- Up-to-date: /home/roboticslab/Ros2_predator-project_WS/install/predator_msgs/include/predator_msgs/predator_msgs/msg/detail/zone_status__traits.hpp
[0.890s] -- Up-to-date: /home/roboticslab/Ros2_predator-project_WS/install/predator_msgs/include/predator_msgs/predator_msgs/msg/detail/behavior_state__type_support.hpp
[0.890s] -- Up-to-date: /home/roboticslab/Ros2_predator-project_WS/install/predator_msgs/include/predator_msgs/predator_msgs/msg/detail/zone_status__struct.hpp
[0.890s] -- Up-to-date: /home/roboticslab/Ros2_predator-project_WS/install/predator_msgs/include/predator_msgs/predator_msgs/msg/detail/behavior_state__traits.hpp
[0.890s] -- Up-to-date: /home/roboticslab/Ros2_predator-project_WS/install/predator_msgs/include/predator_msgs/predator_msgs/msg/detail/target_state__builder.hpp
[0.890s] -- Up-to-date: /home/roboticslab/Ros2_predator-project_WS/install/predator_msgs/include/predator_msgs/predator_msgs/msg/detail/target_state__traits.hpp
[0.890s] -- Up-to-date: /home/roboticslab/Ros2_predator-project_WS/install/predator_msgs/include/predator_msgs/predator_msgs/msg/detail/gesture_request__builder.hpp
[0.890s] -- Up-to-date: /home/roboticslab/Ros2_predator-project_WS/install/predator_msgs/include/predator_msgs/predator_msgs/msg/detail/behavior_state__builder.hpp
[0.891s] -- Up-to-date: /home/roboticslab/Ros2_predator-project_WS/install/predator_msgs/include/predator_msgs/predator_msgs/msg/detail/gesture_request__type_support.hpp
[0.891s] -- Up-to-date: /home/roboticslab/Ros2_predator-project_WS/install/predator_msgs/include/predator_msgs/predator_msgs/msg/zone_status.hpp
[0.891s] -- Up-to-date: /home/roboticslab/Ros2_predator-project_WS/install/predator_msgs/include/predator_msgs/predator_msgs/msg/target_state.hpp
[0.891s] -- Up-to-date: /home/roboticslab/Ros2_predator-project_WS/install/predator_msgs/include/predator_msgs/predator_msgs
[0.891s] -- Up-to-date: /home/roboticslab/Ros2_predator-project_WS/install/predator_msgs/include/predator_msgs/predator_msgs/msg
[0.891s] -- Up-to-date: /home/roboticslab/Ros2_predator-project_WS/install/predator_msgs/include/predator_msgs/predator_msgs/msg/detail
[0.892s] -- Up-to-date: /home/roboticslab/Ros2_predator-project_WS/install/predator_msgs/include/predator_msgs/predator_msgs/msg/detail/gesture_request__rosidl_typesupport_fastrtps_cpp.hpp
[0.892s] -- Up-to-date: /home/roboticslab/Ros2_predator-project_WS/install/predator_msgs/include/predator_msgs/predator_msgs/msg/detail/behavior_state__rosidl_typesupport_fastrtps_cpp.hpp
[0.892s] -- Up-to-date: /home/roboticslab/Ros2_predator-project_WS/install/predator_msgs/include/predator_msgs/predator_msgs/msg/detail/dds_fastrtps
[0.892s] -- Up-to-date: /home/roboticslab/Ros2_predator-project_WS/install/predator_msgs/include/predator_msgs/predator_msgs/msg/detail/zone_status__rosidl_typesupport_fastrtps_cpp.hpp
[0.892s] -- Up-to-date: /home/roboticslab/Ros2_predator-project_WS/install/predator_msgs/include/predator_msgs/predator_msgs/msg/detail/target_state__rosidl_typesupport_fastrtps_cpp.hpp
[0.892s] -- Up-to-date: /home/roboticslab/Ros2_predator-project_WS/install/predator_msgs/include/predator_msgs/predator_msgs/msg/rosidl_typesupport_fastrtps_cpp__visibility_control.h
[0.892s] -- Up-to-date: /home/roboticslab/Ros2_predator-project_WS/install/predator_msgs/lib/libpredator_msgs__rosidl_typesupport_fastrtps_cpp.so
[0.893s] -- Up-to-date: /home/roboticslab/Ros2_predator-project_WS/install/predator_msgs/include/predator_msgs/predator_msgs
[0.893s] -- Up-to-date: /home/roboticslab/Ros2_predator-project_WS/install/predator_msgs/include/predator_msgs/predator_msgs/msg
[0.893s] -- Up-to-date: /home/roboticslab/Ros2_predator-project_WS/install/predator_msgs/include/predator_msgs/predator_msgs/msg/detail
[0.893s] -- Up-to-date: /home/roboticslab/Ros2_predator-project_WS/install/predator_msgs/include/predator_msgs/predator_msgs/msg/detail/zone_status__type_support.cpp
[0.893s] -- Up-to-date: /home/roboticslab/Ros2_predator-project_WS/install/predator_msgs/include/predator_msgs/predator_msgs/msg/detail/gesture_request__rosidl_typesupport_introspection_cpp.hpp
[0.893s] -- Up-to-date: /home/roboticslab/Ros2_predator-project_WS/install/predator_msgs/include/predator_msgs/predator_msgs/msg/detail/zone_status__rosidl_typesupport_introspection_cpp.hpp
[0.893s] -- Up-to-date: /home/roboticslab/Ros2_predator-project_WS/install/predator_msgs/include/predator_msgs/predator_msgs/msg/detail/behavior_state__rosidl_typesupport_introspection_cpp.hpp
[0.893s] -- Up-to-date: /home/roboticslab/Ros2_predator-project_WS/install/predator_msgs/include/predator_msgs/predator_msgs/msg/detail/behavior_state__type_support.cpp
[0.893s] -- Up-to-date: /home/roboticslab/Ros2_predator-project_WS/install/predator_msgs/include/predator_msgs/predator_msgs/msg/detail/target_state__type_support.cpp
[0.894s] -- Up-to-date: /home/roboticslab/Ros2_predator-project_WS/install/predator_msgs/include/predator_msgs/predator_msgs/msg/detail/target_state__rosidl_typesupport_introspection_cpp.hpp
[0.894s] -- Up-to-date: /home/roboticslab/Ros2_predator-project_WS/install/predator_msgs/include/predator_msgs/predator_msgs/msg/detail/gesture_request__type_support.cpp
[0.894s] -- Up-to-date: /home/roboticslab/Ros2_predator-project_WS/install/predator_msgs/lib/libpredator_msgs__rosidl_typesupport_introspection_cpp.so
[0.894s] -- Up-to-date: /home/roboticslab/Ros2_predator-project_WS/install/predator_msgs/lib/libpredator_msgs__rosidl_typesupport_cpp.so
[0.894s] -- Up-to-date: /home/roboticslab/Ros2_predator-project_WS/install/predator_msgs/share/predator_msgs/environment/pythonpath.sh
[0.894s] -- Up-to-date: /home/roboticslab/Ros2_predator-project_WS/install/predator_msgs/share/predator_msgs/environment/pythonpath.dsv
[0.894s] -- Up-to-date: /home/roboticslab/Ros2_predator-project_WS/install/predator_msgs/lib/python3.12/site-packages/predator_msgs-0.0.0-py3.12.egg-info
[0.894s] -- Installing: /home/roboticslab/Ros2_predator-project_WS/install/predator_msgs/lib/python3.12/site-packages/predator_msgs-0.0.0-py3.12.egg-info/top_level.txt
[0.895s] -- Installing: /home/roboticslab/Ros2_predator-project_WS/install/predator_msgs/lib/python3.12/site-packages/predator_msgs-0.0.0-py3.12.egg-info/PKG-INFO
[0.895s] -- Installing: /home/roboticslab/Ros2_predator-project_WS/install/predator_msgs/lib/python3.12/site-packages/predator_msgs-0.0.0-py3.12.egg-info/SOURCES.txt
[0.895s] -- Installing: /home/roboticslab/Ros2_predator-project_WS/install/predator_msgs/lib/python3.12/site-packages/predator_msgs-0.0.0-py3.12.egg-info/dependency_links.txt
[0.895s] -- Up-to-date: /home/roboticslab/Ros2_predator-project_WS/install/predator_msgs/lib/python3.12/site-packages/predator_msgs
[0.895s] -- Up-to-date: /home/roboticslab/Ros2_predator-project_WS/install/predator_msgs/lib/python3.12/site-packages/predator_msgs/msg
[0.895s] -- Up-to-date: /home/roboticslab/Ros2_predator-project_WS/install/predator_msgs/lib/python3.12/site-packages/predator_msgs/msg/_zone_status_s.c
[0.895s] -- Up-to-date: /home/roboticslab/Ros2_predator-project_WS/install/predator_msgs/lib/python3.12/site-packages/predator_msgs/msg/_target_state_s.c
[0.895s] -- Up-to-date: /home/roboticslab/Ros2_predator-project_WS/install/predator_msgs/lib/python3.12/site-packages/predator_msgs/msg/_zone_status.py
[0.896s] -- Up-to-date: /home/roboticslab/Ros2_predator-project_WS/install/predator_msgs/lib/python3.12/site-packages/predator_msgs/msg/__init__.py
[0.896s] -- Up-to-date: /home/roboticslab/Ros2_predator-project_WS/install/predator_msgs/lib/python3.12/site-packages/predator_msgs/msg/_target_state.py
[0.896s] -- Up-to-date: /home/roboticslab/Ros2_predator-project_WS/install/predator_msgs/lib/python3.12/site-packages/predator_msgs/msg/_gesture_request_s.c
[0.896s] -- Up-to-date: /home/roboticslab/Ros2_predator-project_WS/install/predator_msgs/lib/python3.12/site-packages/predator_msgs/msg/_behavior_state_s.c
[0.896s] -- Up-to-date: /home/roboticslab/Ros2_predator-project_WS/install/predator_msgs/lib/python3.12/site-packages/predator_msgs/msg/_behavior_state.py
[0.896s] -- Up-to-date: /home/roboticslab/Ros2_predator-project_WS/install/predator_msgs/lib/python3.12/site-packages/predator_msgs/msg/_gesture_request.py
[0.896s] -- Up-to-date: /home/roboticslab/Ros2_predator-project_WS/install/predator_msgs/lib/python3.12/site-packages/predator_msgs/predator_msgs_s__rosidl_typesupport_c.so
[0.896s] -- Up-to-date: /home/roboticslab/Ros2_predator-project_WS/install/predator_msgs/lib/python3.12/site-packages/predator_msgs/__init__.py
[0.896s] -- Up-to-date: /home/roboticslab/Ros2_predator-project_WS/install/predator_msgs/lib/python3.12/site-packages/predator_msgs/_predator_msgs_s.ep.rosidl_typesupport_c.c
[0.896s] -- Up-to-date: /home/roboticslab/Ros2_predator-project_WS/install/predator_msgs/lib/python3.12/site-packages/predator_msgs/_predator_msgs_s.ep.rosidl_typesupport_fastrtps_c.c
[0.896s] -- Up-to-date: /home/roboticslab/Ros2_predator-project_WS/install/predator_msgs/lib/python3.12/site-packages/predator_msgs/predator_msgs_s__rosidl_typesupport_introspection_c.so
[0.897s] -- Up-to-date: /home/roboticslab/Ros2_predator-project_WS/install/predator_msgs/lib/python3.12/site-packages/predator_msgs/predator_msgs_s__rosidl_typesupport_fastrtps_c.so
[0.897s] -- Up-to-date: /home/roboticslab/Ros2_predator-project_WS/install/predator_msgs/lib/python3.12/site-packages/predator_msgs/_predator_msgs_s.ep.rosidl_typesupport_introspection_c.c
[0.938s] Listing '/home/roboticslab/Ros2_predator-project_WS/install/predator_msgs/lib/python3.12/site-packages/predator_msgs'...
[0.938s] Listing '/home/roboticslab/Ros2_predator-project_WS/install/predator_msgs/lib/python3.12/site-packages/predator_msgs/msg'...
[0.945s] -- Up-to-date: /home/roboticslab/Ros2_predator-project_WS/install/predator_msgs/lib/python3.12/site-packages/predator_msgs/predator_msgs_s__rosidl_typesupport_fastrtps_c.so
[0.945s] -- Up-to-date: /home/roboticslab/Ros2_predator-project_WS/install/predator_msgs/lib/python3.12/site-packages/predator_msgs/predator_msgs_s__rosidl_typesupport_introspection_c.so
[0.946s] -- Up-to-date: /home/roboticslab/Ros2_predator-project_WS/install/predator_msgs/lib/python3.12/site-packages/predator_msgs/predator_msgs_s__rosidl_typesupport_c.so
[0.947s] -- Up-to-date: /home/roboticslab/Ros2_predator-project_WS/install/predator_msgs/lib/libpredator_msgs__rosidl_generator_py.so
[0.948s] -- Up-to-date: /home/roboticslab/Ros2_predator-project_WS/install/predator_msgs/share/ament_index/resource_index/rust_packages/predator_msgs
[0.948s] -- Up-to-date: /home/roboticslab/Ros2_predator-project_WS/install/predator_msgs/share/predator_msgs/rust
[0.948s] -- Up-to-date: /home/roboticslab/Ros2_predator-project_WS/install/predator_msgs/share/predator_msgs/rust/src
[0.948s] -- Up-to-date: /home/roboticslab/Ros2_predator-project_WS/install/predator_msgs/share/predator_msgs/rust/src/msg
[0.948s] -- Up-to-date: /home/roboticslab/Ros2_predator-project_WS/install/predator_msgs/share/predator_msgs/rust/src/msg/rmw.rs
[0.948s] -- Up-to-date: /home/roboticslab/Ros2_predator-project_WS/install/predator_msgs/share/predator_msgs/rust/src/msg.rs
[0.948s] -- Up-to-date: /home/roboticslab/Ros2_predator-project_WS/install/predator_msgs/share/predator_msgs/rust/src/lib.rs
[0.948s] -- Up-to-date: /home/roboticslab/Ros2_predator-project_WS/install/predator_msgs/share/predator_msgs/rust/build.rs
[0.949s] -- Up-to-date: /home/roboticslab/Ros2_predator-project_WS/install/predator_msgs/share/predator_msgs/rust/Cargo.toml
[0.949s] -- Up-to-date: /home/roboticslab/Ros2_predator-project_WS/install/predator_msgs/share/predator_msgs/msg/BehaviorState.idl
[0.949s] -- Up-to-date: /home/roboticslab/Ros2_predator-project_WS/install/predator_msgs/share/predator_msgs/msg/GestureRequest.idl
[0.949s] -- Up-to-date: /home/roboticslab/Ros2_predator-project_WS/install/predator_msgs/share/predator_msgs/msg/TargetState.idl
[0.949s] -- Up-to-date: /home/roboticslab/Ros2_predator-project_WS/install/predator_msgs/share/predator_msgs/msg/ZoneStatus.idl
[0.949s] -- Up-to-date: /home/roboticslab/Ros2_predator-project_WS/install/predator_msgs/share/predator_msgs/msg/BehaviorState.msg
[0.949s] -- Up-to-date: /home/roboticslab/Ros2_predator-project_WS/install/predator_msgs/share/predator_msgs/msg/GestureRequest.msg
[0.949s] -- Up-to-date: /home/roboticslab/Ros2_predator-project_WS/install/predator_msgs/share/predator_msgs/msg/TargetState.msg
[0.950s] -- Up-to-date: /home/roboticslab/Ros2_predator-project_WS/install/predator_msgs/share/predator_msgs/msg/ZoneStatus.msg
[0.950s] -- Up-to-date: /home/roboticslab/Ros2_predator-project_WS/install/predator_msgs/share/ament_index/resource_index/package_run_dependencies/predator_msgs
[0.950s] -- Up-to-date: /home/roboticslab/Ros2_predator-project_WS/install/predator_msgs/share/ament_index/resource_index/parent_prefix_path/predator_msgs
[0.950s] -- Up-to-date: /home/roboticslab/Ros2_predator-project_WS/install/predator_msgs/share/predator_msgs/environment/ament_prefix_path.sh
[0.950s] -- Up-to-date: /home/roboticslab/Ros2_predator-project_WS/install/predator_msgs/share/predator_msgs/environment/ament_prefix_path.dsv
[0.950s] -- Up-to-date: /home/roboticslab/Ros2_predator-project_WS/install/predator_msgs/share/predator_msgs/environment/path.sh
[0.951s] -- Up-to-date: /home/roboticslab/Ros2_predator-project_WS/install/predator_msgs/share/predator_msgs/environment/path.dsv
[0.951s] -- Up-to-date: /home/roboticslab/Ros2_predator-project_WS/install/predator_msgs/share/predator_msgs/local_setup.bash
[0.951s] -- Up-to-date: /home/roboticslab/Ros2_predator-project_WS/install/predator_msgs/share/predator_msgs/local_setup.sh
[0.951s] -- Up-to-date: /home/roboticslab/Ros2_predator-project_WS/install/predator_msgs/share/predator_msgs/local_setup.zsh
[0.951s] -- Up-to-date: /home/roboticslab/Ros2_predator-project_WS/install/predator_msgs/share/predator_msgs/local_setup.dsv
[0.951s] -- Installing: /home/roboticslab/Ros2_predator-project_WS/install/predator_msgs/share/predator_msgs/package.dsv
[0.951s] -- Up-to-date: /home/roboticslab/Ros2_predator-project_WS/install/predator_msgs/share/ament_index/resource_index/packages/predator_msgs
[0.952s] -- Up-to-date: /home/roboticslab/Ros2_predator-project_WS/install/predator_msgs/share/predator_msgs/cmake/export_predator_msgs__rosidl_generator_cExport.cmake
[0.952s] -- Up-to-date: /home/roboticslab/Ros2_predator-project_WS/install/predator_msgs/share/predator_msgs/cmake/export_predator_msgs__rosidl_generator_cExport-noconfig.cmake
[0.952s] -- Up-to-date: /home/roboticslab/Ros2_predator-project_WS/install/predator_msgs/share/predator_msgs/cmake/export_predator_msgs__rosidl_typesupport_fastrtps_cExport.cmake
[0.952s] -- Up-to-date: /home/roboticslab/Ros2_predator-project_WS/install/predator_msgs/share/predator_msgs/cmake/export_predator_msgs__rosidl_typesupport_fastrtps_cExport-noconfig.cmake
[0.952s] -- Up-to-date: /home/roboticslab/Ros2_predator-project_WS/install/predator_msgs/share/predator_msgs/cmake/predator_msgs__rosidl_typesupport_introspection_cExport.cmake
[0.952s] -- Up-to-date: /home/roboticslab/Ros2_predator-project_WS/install/predator_msgs/share/predator_msgs/cmake/predator_msgs__rosidl_typesupport_introspection_cExport-noconfig.cmake
[0.952s] -- Up-to-date: /home/roboticslab/Ros2_predator-project_WS/install/predator_msgs/share/predator_msgs/cmake/predator_msgs__rosidl_typesupport_cExport.cmake
[0.953s] -- Up-to-date: /home/roboticslab/Ros2_predator-project_WS/install/predator_msgs/share/predator_msgs/cmake/predator_msgs__rosidl_typesupport_cExport-noconfig.cmake
[0.953s] -- Up-to-date: /home/roboticslab/Ros2_predator-project_WS/install/predator_msgs/share/predator_msgs/cmake/export_predator_msgs__rosidl_generator_cppExport.cmake
[0.953s] -- Up-to-date: /home/roboticslab/Ros2_predator-project_WS/install/predator_msgs/share/predator_msgs/cmake/export_predator_msgs__rosidl_typesupport_fastrtps_cppExport.cmake
[0.953s] -- Up-to-date: /home/roboticslab/Ros2_predator-project_WS/install/predator_msgs/share/predator_msgs/cmake/export_predator_msgs__rosidl_typesupport_fastrtps_cppExport-noconfig.cmake
[0.953s] -- Up-to-date: /home/roboticslab/Ros2_predator-project_WS/install/predator_msgs/share/predator_msgs/cmake/predator_msgs__rosidl_typesupport_introspection_cppExport.cmake
[0.953s] -- Up-to-date: /home/roboticslab/Ros2_predator-project_WS/install/predator_msgs/share/predator_msgs/cmake/predator_msgs__rosidl_typesupport_introspection_cppExport-noconfig.cmake
[0.953s] -- Up-to-date: /home/roboticslab/Ros2_predator-project_WS/install/predator_msgs/share/predator_msgs/cmake/predator_msgs__rosidl_typesupport_cppExport.cmake
[0.953s] -- Up-to-date: /home/roboticslab/Ros2_predator-project_WS/install/predator_msgs/share/predator_msgs/cmake/predator_msgs__rosidl_typesupport_cppExport-noconfig.cmake
[0.954s] -- Up-to-date: /home/roboticslab/Ros2_predator-project_WS/install/predator_msgs/share/predator_msgs/cmake/export_predator_msgs__rosidl_generator_pyExport.cmake
[0.954s] -- Up-to-date: /home/roboticslab/Ros2_predator-project_WS/install/predator_msgs/share/predator_msgs/cmake/export_predator_msgs__rosidl_generator_pyExport-noconfig.cmake
[0.954s] -- Up-to-date: /home/roboticslab/Ros2_predator-project_WS/install/predator_msgs/share/predator_msgs/cmake/rosidl_cmake-extras.cmake
[0.954s] -- Up-to-date: /home/roboticslab/Ros2_predator-project_WS/install/predator_msgs/share/predator_msgs/cmake/ament_cmake_export_dependencies-extras.cmake
[0.954s] -- Up-to-date: /home/roboticslab/Ros2_predator-project_WS/install/predator_msgs/share/predator_msgs/cmake/ament_cmake_export_include_directories-extras.cmake
[0.954s] -- Up-to-date: /home/roboticslab/Ros2_predator-project_WS/install/predator_msgs/share/predator_msgs/cmake/ament_cmake_export_libraries-extras.cmake
[0.954s] -- Up-to-date: /home/roboticslab/Ros2_predator-project_WS/install/predator_msgs/share/predator_msgs/cmake/ament_cmake_export_targets-extras.cmake
[0.954s] -- Up-to-date: /home/roboticslab/Ros2_predator-project_WS/install/predator_msgs/share/predator_msgs/cmake/rosidl_cmake_export_typesupport_targets-extras.cmake
[0.955s] -- Up-to-date: /home/roboticslab/Ros2_predator-project_WS/install/predator_msgs/share/predator_msgs/cmake/rosidl_cmake_export_typesupport_libraries-extras.cmake
[0.955s] -- Up-to-date: /home/roboticslab/Ros2_predator-project_WS/install/predator_msgs/share/predator_msgs/cmake/predator_msgsConfig.cmake
[0.955s] -- Up-to-date: /home/roboticslab/Ros2_predator-project_WS/install/predator_msgs/share/predator_msgs/cmake/predator_msgsConfig-version.cmake
[0.955s] -- Up-to-date: /home/roboticslab/Ros2_predator-project_WS/install/predator_msgs/share/predator_msgs/package.xml
[0.956s] Invoked command in '/home/roboticslab/Ros2_predator-project_WS/build/predator_msgs' returned '0': CMAKE_PREFIX_PATH=${CMAKE_PREFIX_PATH}:/home/roboticslab/Ros2_predator-project_WS/install/predator_bringup:/home/roboticslab/Ros2_predator-project_WS/install/predator_perception:/home/roboticslab/Ros2_predator-project_WS/install/predator_navigation:/home/roboticslab/Ros2_predator-project_WS/install/predator_manipulation:/home/roboticslab/Ros2_predator-project_WS/install/predator_behavior:/home/roboticslab/ros2_ws/install/robotiq_description:/home/roboticslab/ros2_ws/install/robo_waiter:/home/roboticslab/ros2_ws/install/robo_chef:/home/roboticslab/ros2_ws/install/roboChef:/home/roboticslab/ros2_ws/install/moveit_configs_utils:/opt/ros/kilted DEBUGINFOD_URLS=https://debuginfod.ubuntu.com /usr/bin/cmake --install /home/roboticslab/Ros2_predator-project_WS/build/predator_msgs
