[0.019s] Invoking command in '/home/roboticslab/Ros2_predator-project_WS/build/predator_msgs': CMAKE_PREFIX_PATH=${CMAKE_PREFIX_PATH}:/home/roboticslab/Ros2_predator-project_WS/install/predator_bringup:/home/roboticslab/Ros2_predator-project_WS/install/predator_perception:/home/roboticslab/Ros2_predator-project_WS/install/predator_navigation:/home/roboticslab/Ros2_predator-project_WS/install/predator_manipulation:/home/roboticslab/Ros2_predator-project_WS/install/predator_behavior:/home/roboticslab/ros2_ws/install/robotiq_description:/home/roboticslab/ros2_ws/install/roboChef:/home/roboticslab/ros2_ws/install/moveit_configs_utils:/opt/ros/kilted DEBUGINFOD_URLS=https://debuginfod.ubuntu.com /usr/bin/cmake /home/roboticslab/Ros2_predator-project_WS/src/predator_msgs -DCMAKE_INSTALL_PREFIX=/home/roboticslab/Ros2_predator-project_WS/install/predator_msgs
[0.479s] -- The C compiler identification is GNU 13.3.0
[0.667s] -- The CXX compiler identification is GNU 13.3.0
[0.750s] -- Detecting C compiler ABI info
[0.945s] -- Detecting C compiler ABI info - done
[0.954s] -- Check for working C compiler: /usr/bin/cc - skipped
[0.955s] -- Detecting C compile features
[0.955s] -- Detecting C compile features - done
[0.969s] -- Detecting CXX compiler ABI info
[1.106s] -- Detecting CXX compiler ABI info - done
[1.116s] -- Check for working CXX compiler: /usr/bin/c++ - skipped
[1.116s] -- Detecting CXX compile features
[1.117s] -- Detecting CXX compile features - done
[1.258s] -- Found ament_cmake: 2.7.5 (/opt/ros/kilted/share/ament_cmake/cmake)
[1.595s] -- Found Python3: /usr/bin/python3 (found version "3.12.3") found components: Interpreter 
[2.093s] -- Found rosidl_default_generators: 1.7.2 (/opt/ros/kilted/share/rosidl_default_generators/cmake)
[2.175s] -- Using all available rosidl_typesupport_c: rosidl_typesupport_fastrtps_c;rosidl_typesupport_introspection_c
[2.438s] -- Using all available rosidl_typesupport_cpp: rosidl_typesupport_fastrtps_cpp;rosidl_typesupport_introspection_cpp
[2.669s] -- Found rosidl_adapter: 4.9.6 (/opt/ros/kilted/share/rosidl_adapter/cmake)
[2.688s] -- Found geometry_msgs: 5.5.2 (/opt/ros/kilted/share/geometry_msgs/cmake)
[3.620s] -- Found ament_cmake_ros_core: 0.14.7 (/opt/ros/kilted/share/ament_cmake_ros_core/cmake)
[4.196s] -- Using all available rosidl_typesupport_c: rosidl_typesupport_fastrtps_c;rosidl_typesupport_introspection_c
[4.966s] -- Using all available rosidl_typesupport_cpp: rosidl_typesupport_fastrtps_cpp;rosidl_typesupport_introspection_cpp
[5.755s] -- Found Python3: /usr/bin/python3 (found version "3.12.3") found components: Interpreter Development NumPy Development.Module Development.Embed 
[5.889s] -- Found Python3: /usr/bin/python3 (found version "3.12.3") found components: Interpreter 
[5.930s] -- Found ament_lint_auto: 0.19.2 (/opt/ros/kilted/share/ament_lint_auto/cmake)
[6.074s] -- Added test 'lint_cmake' to check CMake code style
[6.079s] -- Added test 'xmllint' to check XML markup files
[6.086s] -- Configuring done (5.9s)
[6.137s] -- Generating done (0.0s)
[6.150s] -- Build files have been written to: /home/roboticslab/Ros2_predator-project_WS/build/predator_msgs
[6.162s] Invoked command in '/home/roboticslab/Ros2_predator-project_WS/build/predator_msgs' returned '0': CMAKE_PREFIX_PATH=${CMAKE_PREFIX_PATH}:/home/roboticslab/Ros2_predator-project_WS/install/predator_bringup:/home/roboticslab/Ros2_predator-project_WS/install/predator_perception:/home/roboticslab/Ros2_predator-project_WS/install/predator_navigation:/home/roboticslab/Ros2_predator-project_WS/install/predator_manipulation:/home/roboticslab/Ros2_predator-project_WS/install/predator_behavior:/home/roboticslab/ros2_ws/install/robotiq_description:/home/roboticslab/ros2_ws/install/roboChef:/home/roboticslab/ros2_ws/install/moveit_configs_utils:/opt/ros/kilted DEBUGINFOD_URLS=https://debuginfod.ubuntu.com /usr/bin/cmake /home/roboticslab/Ros2_predator-project_WS/src/predator_msgs -DCMAKE_INSTALL_PREFIX=/home/roboticslab/Ros2_predator-project_WS/install/predator_msgs
[6.163s] Invoking command in '/home/roboticslab/Ros2_predator-project_WS/build/predator_msgs': CMAKE_PREFIX_PATH=${CMAKE_PREFIX_PATH}:/home/roboticslab/Ros2_predator-project_WS/install/predator_bringup:/home/roboticslab/Ros2_predator-project_WS/install/predator_perception:/home/roboticslab/Ros2_predator-project_WS/install/predator_navigation:/home/roboticslab/Ros2_predator-project_WS/install/predator_manipulation:/home/roboticslab/Ros2_predator-project_WS/install/predator_behavior:/home/roboticslab/ros2_ws/install/robotiq_description:/home/roboticslab/ros2_ws/install/roboChef:/home/roboticslab/ros2_ws/install/moveit_configs_utils:/opt/ros/kilted DEBUGINFOD_URLS=https://debuginfod.ubuntu.com /usr/bin/cmake --build /home/roboticslab/Ros2_predator-project_WS/build/predator_msgs -- -j4 -l4
[6.255s] [  1%] [34m[1mGenerating Rust code for ROS interfaces[0m
[6.257s] [  3%] [34m[1mGenerating type hashes for ROS interfaces[0m
[6.283s] [  3%] Built target ament_cmake_python_copy_predator_msgs
[6.790s] running egg_info
[6.793s] creating predator_msgs.egg-info
[6.860s] writing predator_msgs.egg-info/PKG-INFO
[6.861s] writing dependency_links to predator_msgs.egg-info/dependency_links.txt
[6.861s] writing top-level names to predator_msgs.egg-info/top_level.txt
[6.861s] writing manifest file 'predator_msgs.egg-info/SOURCES.txt'
[6.880s] [  3%] Built target predator_msgs__rs
[6.977s] reading manifest file 'predator_msgs.egg-info/SOURCES.txt'
[6.977s] writing manifest file 'predator_msgs.egg-info/SOURCES.txt'
[7.017s] [  3%] Built target ament_cmake_python_build_predator_msgs_egg
[7.144s] [  3%] Built target predator_msgs__rosidl_generator_type_description
[7.167s] [  4%] [34m[1mGenerating C code for ROS interfaces[0m
[7.191s] [  6%] [34m[1mGenerating C++ code for ROS interfaces[0m
[7.987s] [  6%] Built target predator_msgs__cpp
[8.135s] [  9%] [32mBuilding C object CMakeFiles/predator_msgs__rosidl_generator_c.dir/rosidl_generator_c/predator_msgs/msg/detail/behavior_state__description.c.o[0m
[8.137s] [  9%] [32mBuilding C object CMakeFiles/predator_msgs__rosidl_generator_c.dir/rosidl_generator_c/predator_msgs/msg/detail/gesture_request__description.c.o[0m
[8.137s] [ 10%] [32mBuilding C object CMakeFiles/predator_msgs__rosidl_generator_c.dir/rosidl_generator_c/predator_msgs/msg/detail/behavior_state__functions.c.o[0m
[8.137s] [ 12%] [32mBuilding C object CMakeFiles/predator_msgs__rosidl_generator_c.dir/rosidl_generator_c/predator_msgs/msg/detail/behavior_state__type_support.c.o[0m
[8.523s] [ 13%] [32mBuilding C object CMakeFiles/predator_msgs__rosidl_generator_c.dir/rosidl_generator_c/predator_msgs/msg/detail/gesture_request__functions.c.o[0m
[8.916s] [ 15%] [32mBuilding C object CMakeFiles/predator_msgs__rosidl_generator_c.dir/rosidl_generator_c/predator_msgs/msg/detail/gesture_request__type_support.c.o[0m
[8.971s] [ 16%] [32mBuilding C object CMakeFiles/predator_msgs__rosidl_generator_c.dir/rosidl_generator_c/predator_msgs/msg/detail/target_state__description.c.o[0m
[9.029s] [ 18%] [32mBuilding C object CMakeFiles/predator_msgs__rosidl_generator_c.dir/rosidl_generator_c/predator_msgs/msg/detail/target_state__type_support.c.o[0m
[9.030s] [ 20%] [32mBuilding C object CMakeFiles/predator_msgs__rosidl_generator_c.dir/rosidl_generator_c/predator_msgs/msg/detail/zone_status__description.c.o[0m
[9.033s] [ 21%] [32mBuilding C object CMakeFiles/predator_msgs__rosidl_generator_c.dir/rosidl_generator_c/predator_msgs/msg/detail/target_state__functions.c.o[0m
[9.106s] [ 23%] [32mBuilding C object CMakeFiles/predator_msgs__rosidl_generator_c.dir/rosidl_generator_c/predator_msgs/msg/detail/zone_status__functions.c.o[0m
[9.268s] [ 24%] [32mBuilding C object CMakeFiles/predator_msgs__rosidl_generator_c.dir/rosidl_generator_c/predator_msgs/msg/detail/zone_status__type_support.c.o[0m
[9.368s] [ 26%] [32m[1mLinking C shared library libpredator_msgs__rosidl_generator_c.so[0m
[9.441s] [ 26%] Built target predator_msgs__rosidl_generator_c
[9.470s] [ 32%] [34m[1mGenerating C introspection for ROS interfaces[0m
[9.470s] [ 32%] [34m[1mGenerating C type support dispatch for ROS interfaces[0m
[9.472s] [ 32%] [34m[1mGenerating C type support for eProsima Fast-RTPS[0m
[9.472s] [ 32%] [34m[1mGenerating C++ type support for eProsima Fast-RTPS[0m
[10.537s] [ 33%] [32mBuilding CXX object CMakeFiles/predator_msgs__rosidl_typesupport_c.dir/rosidl_typesupport_c/predator_msgs/msg/behavior_state__type_support.cpp.o[0m
[10.689s] [ 35%] [32mBuilding CXX object CMakeFiles/predator_msgs__rosidl_typesupport_c.dir/rosidl_typesupport_c/predator_msgs/msg/gesture_request__type_support.cpp.o[0m
[10.753s] [ 36%] [32mBuilding C object CMakeFiles/predator_msgs__rosidl_typesupport_introspection_c.dir/rosidl_typesupport_introspection_c/predator_msgs/msg/detail/behavior_state__type_support.c.o[0m
[10.772s] [ 38%] [32mBuilding CXX object CMakeFiles/predator_msgs__rosidl_typesupport_c.dir/rosidl_typesupport_c/predator_msgs/msg/target_state__type_support.cpp.o[0m
[10.807s] [ 40%] [32mBuilding CXX object CMakeFiles/predator_msgs__rosidl_typesupport_fastrtps_cpp.dir/rosidl_typesupport_fastrtps_cpp/predator_msgs/msg/detail/dds_fastrtps/behavior_state__type_support.cpp.o[0m
[10.850s] [ 41%] [32mBuilding C object CMakeFiles/predator_msgs__rosidl_typesupport_introspection_c.dir/rosidl_typesupport_introspection_c/predator_msgs/msg/detail/gesture_request__type_support.c.o[0m
[10.858s] [ 43%] [32mBuilding CXX object CMakeFiles/predator_msgs__rosidl_typesupport_c.dir/rosidl_typesupport_c/predator_msgs/msg/zone_status__type_support.cpp.o[0m
[10.917s] [ 44%] [32mBuilding C object CMakeFiles/predator_msgs__rosidl_typesupport_introspection_c.dir/rosidl_typesupport_introspection_c/predator_msgs/msg/detail/target_state__type_support.c.o[0m
[10.950s] [ 46%] [32m[1mLinking CXX shared library libpredator_msgs__rosidl_typesupport_c.so[0m
[11.008s] [ 47%] [32mBuilding C object CMakeFiles/predator_msgs__rosidl_typesupport_introspection_c.dir/rosidl_typesupport_introspection_c/predator_msgs/msg/detail/zone_status__type_support.c.o[0m
[11.023s] [ 47%] Built target predator_msgs__rosidl_typesupport_c
[11.046s] [ 49%] [32mBuilding CXX object CMakeFiles/predator_msgs__rosidl_typesupport_fastrtps_cpp.dir/rosidl_typesupport_fastrtps_cpp/predator_msgs/msg/detail/dds_fastrtps/gesture_request__type_support.cpp.o[0m
[11.054s] [ 50%] [32mBuilding CXX object CMakeFiles/predator_msgs__rosidl_typesupport_fastrtps_c.dir/rosidl_typesupport_fastrtps_c/predator_msgs/msg/detail/behavior_state__type_support_c.cpp.o[0m
[11.082s] [ 52%] [32m[1mLinking C shared library libpredator_msgs__rosidl_typesupport_introspection_c.so[0m
[11.134s] [ 52%] Built target predator_msgs__rosidl_typesupport_introspection_c
[11.156s] [ 53%] [34m[1mGenerating C++ introspection for ROS interfaces[0m
[11.958s] [ 55%] [32mBuilding CXX object CMakeFiles/predator_msgs__rosidl_typesupport_fastrtps_cpp.dir/rosidl_typesupport_fastrtps_cpp/predator_msgs/msg/detail/dds_fastrtps/target_state__type_support.cpp.o[0m
[11.972s] [ 56%] [32mBuilding CXX object CMakeFiles/predator_msgs__rosidl_typesupport_fastrtps_c.dir/rosidl_typesupport_fastrtps_c/predator_msgs/msg/detail/gesture_request__type_support_c.cpp.o[0m
[12.008s] [ 58%] [34m[1mGenerating C++ type support dispatch for ROS interfaces[0m
[12.417s] [ 60%] [32mBuilding CXX object CMakeFiles/predator_msgs__rosidl_typesupport_introspection_cpp.dir/rosidl_typesupport_introspection_cpp/predator_msgs/msg/detail/behavior_state__type_support.cpp.o[0m
[12.767s] [ 61%] [32mBuilding CXX object CMakeFiles/predator_msgs__rosidl_typesupport_fastrtps_c.dir/rosidl_typesupport_fastrtps_c/predator_msgs/msg/detail/target_state__type_support_c.cpp.o[0m
[12.812s] [ 63%] [32mBuilding CXX object CMakeFiles/predator_msgs__rosidl_typesupport_fastrtps_cpp.dir/rosidl_typesupport_fastrtps_cpp/predator_msgs/msg/detail/dds_fastrtps/zone_status__type_support.cpp.o[0m
[12.987s] [ 64%] [32mBuilding CXX object CMakeFiles/predator_msgs__rosidl_typesupport_introspection_cpp.dir/rosidl_typesupport_introspection_cpp/predator_msgs/msg/detail/gesture_request__type_support.cpp.o[0m
[13.200s] [ 66%] [32mBuilding CXX object CMakeFiles/predator_msgs__rosidl_typesupport_cpp.dir/rosidl_typesupport_cpp/predator_msgs/msg/behavior_state__type_support.cpp.o[0m
[13.555s] [ 67%] [32mBuilding CXX object CMakeFiles/predator_msgs__rosidl_typesupport_introspection_cpp.dir/rosidl_typesupport_introspection_cpp/predator_msgs/msg/detail/target_state__type_support.cpp.o[0m
[13.599s] [ 69%] [32mBuilding CXX object CMakeFiles/predator_msgs__rosidl_typesupport_fastrtps_c.dir/rosidl_typesupport_fastrtps_c/predator_msgs/msg/detail/zone_status__type_support_c.cpp.o[0m
[13.677s] [ 70%] [32m[1mLinking CXX shared library libpredator_msgs__rosidl_typesupport_fastrtps_cpp.so[0m
[13.765s] [ 72%] [32mBuilding CXX object CMakeFiles/predator_msgs__rosidl_typesupport_cpp.dir/rosidl_typesupport_cpp/predator_msgs/msg/gesture_request__type_support.cpp.o[0m
[13.906s] [ 72%] Built target predator_msgs__rosidl_typesupport_fastrtps_cpp
[13.930s] [ 73%] [32mBuilding CXX object CMakeFiles/predator_msgs__rosidl_typesupport_introspection_cpp.dir/rosidl_typesupport_introspection_cpp/predator_msgs/msg/detail/zone_status__type_support.cpp.o[0m
[14.137s] [ 75%] [32mBuilding CXX object CMakeFiles/predator_msgs__rosidl_typesupport_cpp.dir/rosidl_typesupport_cpp/predator_msgs/msg/target_state__type_support.cpp.o[0m
[14.323s] [ 76%] [32mBuilding CXX object CMakeFiles/predator_msgs__rosidl_typesupport_cpp.dir/rosidl_typesupport_cpp/predator_msgs/msg/zone_status__type_support.cpp.o[0m
[14.446s] [ 78%] [32m[1mLinking CXX shared library libpredator_msgs__rosidl_typesupport_fastrtps_c.so[0m
[14.492s] [ 80%] [32m[1mLinking CXX shared library libpredator_msgs__rosidl_typesupport_introspection_cpp.so[0m
[14.645s] [ 80%] Built target predator_msgs__rosidl_typesupport_introspection_cpp
[14.666s] [ 80%] Built target predator_msgs__rosidl_typesupport_fastrtps_c
[14.807s] [ 81%] [32m[1mLinking CXX shared library libpredator_msgs__rosidl_typesupport_cpp.so[0m
[14.868s] [ 81%] Built target predator_msgs__rosidl_typesupport_cpp
[14.903s] [ 81%] Built target predator_msgs
[14.939s] [ 83%] [34m[1mGenerating Python code for ROS interfaces[0m
[16.054s] [ 83%] Built target predator_msgs__py
[16.096s] [ 87%] [32mBuilding C object CMakeFiles/predator_msgs__rosidl_generator_py.dir/rosidl_generator_py/predator_msgs/msg/_behavior_state_s.c.o[0m
[16.098s] [ 87%] [32mBuilding C object CMakeFiles/predator_msgs__rosidl_generator_py.dir/rosidl_generator_py/predator_msgs/msg/_gesture_request_s.c.o[0m
[16.098s] [ 89%] [32mBuilding C object CMakeFiles/predator_msgs__rosidl_generator_py.dir/rosidl_generator_py/predator_msgs/msg/_zone_status_s.c.o[0m
[16.098s] [ 87%] [32mBuilding C object CMakeFiles/predator_msgs__rosidl_generator_py.dir/rosidl_generator_py/predator_msgs/msg/_target_state_s.c.o[0m
[16.759s] [ 90%] [32m[1mLinking C shared library libpredator_msgs__rosidl_generator_py.so[0m
[16.824s] [ 90%] Built target predator_msgs__rosidl_generator_py
[16.861s] [ 92%] [32mBuilding C object CMakeFiles/predator_msgs_s__rosidl_typesupport_c.dir/rosidl_generator_py/predator_msgs/_predator_msgs_s.ep.rosidl_typesupport_c.c.o[0m
[16.874s] [ 93%] [32mBuilding C object CMakeFiles/predator_msgs_s__rosidl_typesupport_introspection_c.dir/rosidl_generator_py/predator_msgs/_predator_msgs_s.ep.rosidl_typesupport_introspection_c.c.o[0m
[16.875s] [ 95%] [32mBuilding C object CMakeFiles/predator_msgs_s__rosidl_typesupport_fastrtps_c.dir/rosidl_generator_py/predator_msgs/_predator_msgs_s.ep.rosidl_typesupport_fastrtps_c.c.o[0m
[16.996s] [ 96%] [32m[1mLinking C shared module rosidl_generator_py/predator_msgs/predator_msgs_s__rosidl_typesupport_c.so[0m
[17.046s] [ 96%] Built target predator_msgs_s__rosidl_typesupport_c
[17.083s] [ 98%] [32m[1mLinking C shared module rosidl_generator_py/predator_msgs/predator_msgs_s__rosidl_typesupport_introspection_c.so[0m
[17.090s] [100%] [32m[1mLinking C shared module rosidl_generator_py/predator_msgs/predator_msgs_s__rosidl_typesupport_fastrtps_c.so[0m
[17.132s] [100%] Built target predator_msgs_s__rosidl_typesupport_introspection_c
[17.141s] [100%] Built target predator_msgs_s__rosidl_typesupport_fastrtps_c
[17.159s] Invoked command in '/home/roboticslab/Ros2_predator-project_WS/build/predator_msgs' returned '0': CMAKE_PREFIX_PATH=${CMAKE_PREFIX_PATH}:/home/roboticslab/Ros2_predator-project_WS/install/predator_bringup:/home/roboticslab/Ros2_predator-project_WS/install/predator_perception:/home/roboticslab/Ros2_predator-project_WS/install/predator_navigation:/home/roboticslab/Ros2_predator-project_WS/install/predator_manipulation:/home/roboticslab/Ros2_predator-project_WS/install/predator_behavior:/home/roboticslab/ros2_ws/install/robotiq_description:/home/roboticslab/ros2_ws/install/roboChef:/home/roboticslab/ros2_ws/install/moveit_configs_utils:/opt/ros/kilted DEBUGINFOD_URLS=https://debuginfod.ubuntu.com /usr/bin/cmake --build /home/roboticslab/Ros2_predator-project_WS/build/predator_msgs -- -j4 -l4
[17.176s] Invoking command in '/home/roboticslab/Ros2_predator-project_WS/build/predator_msgs': CMAKE_PREFIX_PATH=${CMAKE_PREFIX_PATH}:/home/roboticslab/Ros2_predator-project_WS/install/predator_bringup:/home/roboticslab/Ros2_predator-project_WS/install/predator_perception:/home/roboticslab/Ros2_predator-project_WS/install/predator_navigation:/home/roboticslab/Ros2_predator-project_WS/install/predator_manipulation:/home/roboticslab/Ros2_predator-project_WS/install/predator_behavior:/home/roboticslab/ros2_ws/install/robotiq_description:/home/roboticslab/ros2_ws/install/roboChef:/home/roboticslab/ros2_ws/install/moveit_configs_utils:/opt/ros/kilted DEBUGINFOD_URLS=https://debuginfod.ubuntu.com /usr/bin/cmake --install /home/roboticslab/Ros2_predator-project_WS/build/predator_msgs
[17.190s] -- Install configuration: ""
[17.190s] -- Installing: /home/roboticslab/Ros2_predator-project_WS/install/predator_msgs/share/ament_index/resource_index/rosidl_interfaces/predator_msgs
[17.191s] -- Installing: /home/roboticslab/Ros2_predator-project_WS/install/predator_msgs/share/predator_msgs/msg/BehaviorState.json
[17.191s] -- Installing: /home/roboticslab/Ros2_predator-project_WS/install/predator_msgs/share/predator_msgs/msg/GestureRequest.json
[17.191s] -- Installing: /home/roboticslab/Ros2_predator-project_WS/install/predator_msgs/share/predator_msgs/msg/TargetState.json
[17.191s] -- Installing: /home/roboticslab/Ros2_predator-project_WS/install/predator_msgs/share/predator_msgs/msg/ZoneStatus.json
[17.191s] -- Installing: /home/roboticslab/Ros2_predator-project_WS/install/predator_msgs/include/predator_msgs/predator_msgs
[17.191s] -- Installing: /home/roboticslab/Ros2_predator-project_WS/install/predator_msgs/include/predator_msgs/predator_msgs/msg
[17.191s] -- Installing: /home/roboticslab/Ros2_predator-project_WS/install/predator_msgs/include/predator_msgs/predator_msgs/msg/behavior_state.h
[17.192s] -- Installing: /home/roboticslab/Ros2_predator-project_WS/install/predator_msgs/include/predator_msgs/predator_msgs/msg/gesture_request.h
[17.192s] -- Installing: /home/roboticslab/Ros2_predator-project_WS/install/predator_msgs/include/predator_msgs/predator_msgs/msg/detail
[17.192s] -- Installing: /home/roboticslab/Ros2_predator-project_WS/install/predator_msgs/include/predator_msgs/predator_msgs/msg/detail/gesture_request__struct.h
[17.192s] -- Installing: /home/roboticslab/Ros2_predator-project_WS/install/predator_msgs/include/predator_msgs/predator_msgs/msg/detail/target_state__functions.c
[17.192s] -- Installing: /home/roboticslab/Ros2_predator-project_WS/install/predator_msgs/include/predator_msgs/predator_msgs/msg/detail/zone_status__type_support.h
[17.192s] -- Installing: /home/roboticslab/Ros2_predator-project_WS/install/predator_msgs/include/predator_msgs/predator_msgs/msg/detail/target_state__description.c
[17.192s] -- Installing: /home/roboticslab/Ros2_predator-project_WS/install/predator_msgs/include/predator_msgs/predator_msgs/msg/detail/zone_status__functions.c
[17.193s] -- Installing: /home/roboticslab/Ros2_predator-project_WS/install/predator_msgs/include/predator_msgs/predator_msgs/msg/detail/gesture_request__functions.c
[17.193s] -- Installing: /home/roboticslab/Ros2_predator-project_WS/install/predator_msgs/include/predator_msgs/predator_msgs/msg/detail/zone_status__description.c
[17.193s] -- Installing: /home/roboticslab/Ros2_predator-project_WS/install/predator_msgs/include/predator_msgs/predator_msgs/msg/detail/zone_status__functions.h
[17.193s] -- Installing: /home/roboticslab/Ros2_predator-project_WS/install/predator_msgs/include/predator_msgs/predator_msgs/msg/detail/behavior_state__description.c
[17.193s] -- Installing: /home/roboticslab/Ros2_predator-project_WS/install/predator_msgs/include/predator_msgs/predator_msgs/msg/detail/gesture_request__functions.h
[17.193s] -- Installing: /home/roboticslab/Ros2_predator-project_WS/install/predator_msgs/include/predator_msgs/predator_msgs/msg/detail/behavior_state__functions.c
[17.193s] -- Installing: /home/roboticslab/Ros2_predator-project_WS/install/predator_msgs/include/predator_msgs/predator_msgs/msg/detail/target_state__functions.h
[17.194s] -- Installing: /home/roboticslab/Ros2_predator-project_WS/install/predator_msgs/include/predator_msgs/predator_msgs/msg/detail/target_state__type_support.h
[17.194s] -- Installing: /home/roboticslab/Ros2_predator-project_WS/install/predator_msgs/include/predator_msgs/predator_msgs/msg/detail/gesture_request__type_support.h
[17.194s] -- Installing: /home/roboticslab/Ros2_predator-project_WS/install/predator_msgs/include/predator_msgs/predator_msgs/msg/detail/behavior_state__type_support.c
[17.194s] -- Installing: /home/roboticslab/Ros2_predator-project_WS/install/predator_msgs/include/predator_msgs/predator_msgs/msg/detail/zone_status__struct.h
[17.194s] -- Installing: /home/roboticslab/Ros2_predator-project_WS/install/predator_msgs/include/predator_msgs/predator_msgs/msg/detail/behavior_state__functions.h
[17.194s] -- Installing: /home/roboticslab/Ros2_predator-project_WS/install/predator_msgs/include/predator_msgs/predator_msgs/msg/detail/behavior_state__type_support.h
[17.194s] -- Installing: /home/roboticslab/Ros2_predator-project_WS/install/predator_msgs/include/predator_msgs/predator_msgs/msg/detail/gesture_request__type_support.c
[17.195s] -- Installing: /home/roboticslab/Ros2_predator-project_WS/install/predator_msgs/include/predator_msgs/predator_msgs/msg/detail/behavior_state__struct.h
[17.195s] -- Installing: /home/roboticslab/Ros2_predator-project_WS/install/predator_msgs/include/predator_msgs/predator_msgs/msg/detail/target_state__type_support.c
[17.195s] -- Installing: /home/roboticslab/Ros2_predator-project_WS/install/predator_msgs/include/predator_msgs/predator_msgs/msg/detail/zone_status__type_support.c
[17.195s] -- Installing: /home/roboticslab/Ros2_predator-project_WS/install/predator_msgs/include/predator_msgs/predator_msgs/msg/detail/gesture_request__description.c
[17.195s] -- Installing: /home/roboticslab/Ros2_predator-project_WS/install/predator_msgs/include/predator_msgs/predator_msgs/msg/detail/target_state__struct.h
[17.195s] -- Installing: /home/roboticslab/Ros2_predator-project_WS/install/predator_msgs/include/predator_msgs/predator_msgs/msg/zone_status.h
[17.195s] -- Installing: /home/roboticslab/Ros2_predator-project_WS/install/predator_msgs/include/predator_msgs/predator_msgs/msg/target_state.h
[17.196s] -- Installing: /home/roboticslab/Ros2_predator-project_WS/install/predator_msgs/include/predator_msgs/predator_msgs/msg/rosidl_generator_c__visibility_control.h
[17.196s] -- Installing: /home/roboticslab/Ros2_predator-project_WS/install/predator_msgs/share/predator_msgs/environment/library_path.sh
[17.196s] -- Installing: /home/roboticslab/Ros2_predator-project_WS/install/predator_msgs/share/predator_msgs/environment/library_path.dsv
[17.196s] -- Installing: /home/roboticslab/Ros2_predator-project_WS/install/predator_msgs/lib/libpredator_msgs__rosidl_generator_c.so
[17.197s] -- Set non-toolchain portion of runtime path of "/home/roboticslab/Ros2_predator-project_WS/install/predator_msgs/lib/libpredator_msgs__rosidl_generator_c.so" to ""
[17.197s] -- Up-to-date: /home/roboticslab/Ros2_predator-project_WS/install/predator_msgs/include/predator_msgs/predator_msgs
[17.197s] -- Up-to-date: /home/roboticslab/Ros2_predator-project_WS/install/predator_msgs/include/predator_msgs/predator_msgs/msg
[17.197s] -- Up-to-date: /home/roboticslab/Ros2_predator-project_WS/install/predator_msgs/include/predator_msgs/predator_msgs/msg/detail
[17.197s] -- Installing: /home/roboticslab/Ros2_predator-project_WS/install/predator_msgs/include/predator_msgs/predator_msgs/msg/detail/gesture_request__rosidl_typesupport_fastrtps_c.h
[17.197s] -- Installing: /home/roboticslab/Ros2_predator-project_WS/install/predator_msgs/include/predator_msgs/predator_msgs/msg/detail/behavior_state__rosidl_typesupport_fastrtps_c.h
[17.197s] -- Installing: /home/roboticslab/Ros2_predator-project_WS/install/predator_msgs/include/predator_msgs/predator_msgs/msg/detail/target_state__rosidl_typesupport_fastrtps_c.h
[17.197s] -- Installing: /home/roboticslab/Ros2_predator-project_WS/install/predator_msgs/include/predator_msgs/predator_msgs/msg/detail/zone_status__rosidl_typesupport_fastrtps_c.h
[17.198s] -- Installing: /home/roboticslab/Ros2_predator-project_WS/install/predator_msgs/include/predator_msgs/predator_msgs/msg/rosidl_typesupport_fastrtps_c__visibility_control.h
[17.198s] -- Installing: /home/roboticslab/Ros2_predator-project_WS/install/predator_msgs/lib/libpredator_msgs__rosidl_typesupport_fastrtps_c.so
[17.198s] -- Set non-toolchain portion of runtime path of "/home/roboticslab/Ros2_predator-project_WS/install/predator_msgs/lib/libpredator_msgs__rosidl_typesupport_fastrtps_c.so" to ""
[17.199s] -- Up-to-date: /home/roboticslab/Ros2_predator-project_WS/install/predator_msgs/include/predator_msgs/predator_msgs
[17.199s] -- Up-to-date: /home/roboticslab/Ros2_predator-project_WS/install/predator_msgs/include/predator_msgs/predator_msgs/msg
[17.199s] -- Up-to-date: /home/roboticslab/Ros2_predator-project_WS/install/predator_msgs/include/predator_msgs/predator_msgs/msg/detail
[17.199s] -- Installing: /home/roboticslab/Ros2_predator-project_WS/install/predator_msgs/include/predator_msgs/predator_msgs/msg/detail/zone_status__rosidl_typesupport_introspection_c.h
[17.199s] -- Installing: /home/roboticslab/Ros2_predator-project_WS/install/predator_msgs/include/predator_msgs/predator_msgs/msg/detail/target_state__rosidl_typesupport_introspection_c.h
[17.199s] -- Installing: /home/roboticslab/Ros2_predator-project_WS/install/predator_msgs/include/predator_msgs/predator_msgs/msg/detail/behavior_state__type_support.c
[17.199s] -- Installing: /home/roboticslab/Ros2_predator-project_WS/install/predator_msgs/include/predator_msgs/predator_msgs/msg/detail/gesture_request__rosidl_typesupport_introspection_c.h
[17.199s] -- Installing: /home/roboticslab/Ros2_predator-project_WS/install/predator_msgs/include/predator_msgs/predator_msgs/msg/detail/gesture_request__type_support.c
[17.199s] -- Installing: /home/roboticslab/Ros2_predator-project_WS/install/predator_msgs/include/predator_msgs/predator_msgs/msg/detail/target_state__type_support.c
[17.200s] -- Installing: /home/roboticslab/Ros2_predator-project_WS/install/predator_msgs/include/predator_msgs/predator_msgs/msg/detail/zone_status__type_support.c
[17.200s] -- Installing: /home/roboticslab/Ros2_predator-project_WS/install/predator_msgs/include/predator_msgs/predator_msgs/msg/detail/behavior_state__rosidl_typesupport_introspection_c.h
[17.200s] -- Installing: /home/roboticslab/Ros2_predator-project_WS/install/predator_msgs/include/predator_msgs/predator_msgs/msg/rosidl_typesupport_introspection_c__visibility_control.h
[17.200s] -- Installing: /home/roboticslab/Ros2_predator-project_WS/install/predator_msgs/lib/libpredator_msgs__rosidl_typesupport_introspection_c.so
[17.201s] -- Set non-toolchain portion of runtime path of "/home/roboticslab/Ros2_predator-project_WS/install/predator_msgs/lib/libpredator_msgs__rosidl_typesupport_introspection_c.so" to ""
[17.201s] -- Installing: /home/roboticslab/Ros2_predator-project_WS/install/predator_msgs/lib/libpredator_msgs__rosidl_typesupport_c.so
[17.201s] -- Set non-toolchain portion of runtime path of "/home/roboticslab/Ros2_predator-project_WS/install/predator_msgs/lib/libpredator_msgs__rosidl_typesupport_c.so" to ""
[17.201s] -- Up-to-date: /home/roboticslab/Ros2_predator-project_WS/install/predator_msgs/include/predator_msgs/predator_msgs
[17.202s] -- Up-to-date: /home/roboticslab/Ros2_predator-project_WS/install/predator_msgs/include/predator_msgs/predator_msgs/msg
[17.202s] -- Installing: /home/roboticslab/Ros2_predator-project_WS/install/predator_msgs/include/predator_msgs/predator_msgs/msg/gesture_request.hpp
[17.202s] -- Installing: /home/roboticslab/Ros2_predator-project_WS/install/predator_msgs/include/predator_msgs/predator_msgs/msg/behavior_state.hpp
[17.202s] -- Installing: /home/roboticslab/Ros2_predator-project_WS/install/predator_msgs/include/predator_msgs/predator_msgs/msg/rosidl_generator_cpp__visibility_control.hpp
[17.202s] -- Up-to-date: /home/roboticslab/Ros2_predator-project_WS/install/predator_msgs/include/predator_msgs/predator_msgs/msg/detail
[17.202s] -- Installing: /home/roboticslab/Ros2_predator-project_WS/install/predator_msgs/include/predator_msgs/predator_msgs/msg/detail/gesture_request__traits.hpp
[17.202s] -- Installing: /home/roboticslab/Ros2_predator-project_WS/install/predator_msgs/include/predator_msgs/predator_msgs/msg/detail/gesture_request__struct.hpp
[17.202s] -- Installing: /home/roboticslab/Ros2_predator-project_WS/install/predator_msgs/include/predator_msgs/predator_msgs/msg/detail/behavior_state__struct.hpp
[17.203s] -- Installing: /home/roboticslab/Ros2_predator-project_WS/install/predator_msgs/include/predator_msgs/predator_msgs/msg/detail/target_state__struct.hpp
[17.203s] -- Installing: /home/roboticslab/Ros2_predator-project_WS/install/predator_msgs/include/predator_msgs/predator_msgs/msg/detail/zone_status__builder.hpp
[17.203s] -- Installing: /home/roboticslab/Ros2_predator-project_WS/install/predator_msgs/include/predator_msgs/predator_msgs/msg/detail/zone_status__type_support.hpp
[17.203s] -- Installing: /home/roboticslab/Ros2_predator-project_WS/install/predator_msgs/include/predator_msgs/predator_msgs/msg/detail/target_state__type_support.hpp
[17.203s] -- Installing: /home/roboticslab/Ros2_predator-project_WS/install/predator_msgs/include/predator_msgs/predator_msgs/msg/detail/zone_status__traits.hpp
[17.203s] -- Installing: /home/roboticslab/Ros2_predator-project_WS/install/predator_msgs/include/predator_msgs/predator_msgs/msg/detail/behavior_state__type_support.hpp
[17.203s] -- Installing: /home/roboticslab/Ros2_predator-project_WS/install/predator_msgs/include/predator_msgs/predator_msgs/msg/detail/zone_status__struct.hpp
[17.203s] -- Installing: /home/roboticslab/Ros2_predator-project_WS/install/predator_msgs/include/predator_msgs/predator_msgs/msg/detail/behavior_state__traits.hpp
[17.204s] -- Installing: /home/roboticslab/Ros2_predator-project_WS/install/predator_msgs/include/predator_msgs/predator_msgs/msg/detail/target_state__builder.hpp
[17.204s] -- Installing: /home/roboticslab/Ros2_predator-project_WS/install/predator_msgs/include/predator_msgs/predator_msgs/msg/detail/target_state__traits.hpp
[17.204s] -- Installing: /home/roboticslab/Ros2_predator-project_WS/install/predator_msgs/include/predator_msgs/predator_msgs/msg/detail/gesture_request__builder.hpp
[17.204s] -- Installing: /home/roboticslab/Ros2_predator-project_WS/install/predator_msgs/include/predator_msgs/predator_msgs/msg/detail/behavior_state__builder.hpp
[17.204s] -- Installing: /home/roboticslab/Ros2_predator-project_WS/install/predator_msgs/include/predator_msgs/predator_msgs/msg/detail/gesture_request__type_support.hpp
[17.204s] -- Installing: /home/roboticslab/Ros2_predator-project_WS/install/predator_msgs/include/predator_msgs/predator_msgs/msg/zone_status.hpp
[17.204s] -- Installing: /home/roboticslab/Ros2_predator-project_WS/install/predator_msgs/include/predator_msgs/predator_msgs/msg/target_state.hpp
[17.204s] -- Up-to-date: /home/roboticslab/Ros2_predator-project_WS/install/predator_msgs/include/predator_msgs/predator_msgs
[17.205s] -- Up-to-date: /home/roboticslab/Ros2_predator-project_WS/install/predator_msgs/include/predator_msgs/predator_msgs/msg
[17.205s] -- Up-to-date: /home/roboticslab/Ros2_predator-project_WS/install/predator_msgs/include/predator_msgs/predator_msgs/msg/detail
[17.205s] -- Installing: /home/roboticslab/Ros2_predator-project_WS/install/predator_msgs/include/predator_msgs/predator_msgs/msg/detail/gesture_request__rosidl_typesupport_fastrtps_cpp.hpp
[17.205s] -- Installing: /home/roboticslab/Ros2_predator-project_WS/install/predator_msgs/include/predator_msgs/predator_msgs/msg/detail/behavior_state__rosidl_typesupport_fastrtps_cpp.hpp
[17.205s] -- Installing: /home/roboticslab/Ros2_predator-project_WS/install/predator_msgs/include/predator_msgs/predator_msgs/msg/detail/dds_fastrtps
[17.205s] -- Installing: /home/roboticslab/Ros2_predator-project_WS/install/predator_msgs/include/predator_msgs/predator_msgs/msg/detail/zone_status__rosidl_typesupport_fastrtps_cpp.hpp
[17.205s] -- Installing: /home/roboticslab/Ros2_predator-project_WS/install/predator_msgs/include/predator_msgs/predator_msgs/msg/detail/target_state__rosidl_typesupport_fastrtps_cpp.hpp
[17.205s] -- Installing: /home/roboticslab/Ros2_predator-project_WS/install/predator_msgs/include/predator_msgs/predator_msgs/msg/rosidl_typesupport_fastrtps_cpp__visibility_control.h
[17.206s] -- Installing: /home/roboticslab/Ros2_predator-project_WS/install/predator_msgs/lib/libpredator_msgs__rosidl_typesupport_fastrtps_cpp.so
[17.206s] -- Set non-toolchain portion of runtime path of "/home/roboticslab/Ros2_predator-project_WS/install/predator_msgs/lib/libpredator_msgs__rosidl_typesupport_fastrtps_cpp.so" to ""
[17.206s] -- Up-to-date: /home/roboticslab/Ros2_predator-project_WS/install/predator_msgs/include/predator_msgs/predator_msgs
[17.206s] -- Up-to-date: /home/roboticslab/Ros2_predator-project_WS/install/predator_msgs/include/predator_msgs/predator_msgs/msg
[17.207s] -- Up-to-date: /home/roboticslab/Ros2_predator-project_WS/install/predator_msgs/include/predator_msgs/predator_msgs/msg/detail
[17.207s] -- Installing: /home/roboticslab/Ros2_predator-project_WS/install/predator_msgs/include/predator_msgs/predator_msgs/msg/detail/zone_status__type_support.cpp
[17.207s] -- Installing: /home/roboticslab/Ros2_predator-project_WS/install/predator_msgs/include/predator_msgs/predator_msgs/msg/detail/gesture_request__rosidl_typesupport_introspection_cpp.hpp
[17.207s] -- Installing: /home/roboticslab/Ros2_predator-project_WS/install/predator_msgs/include/predator_msgs/predator_msgs/msg/detail/zone_status__rosidl_typesupport_introspection_cpp.hpp
[17.207s] -- Installing: /home/roboticslab/Ros2_predator-project_WS/install/predator_msgs/include/predator_msgs/predator_msgs/msg/detail/behavior_state__rosidl_typesupport_introspection_cpp.hpp
[17.207s] -- Installing: /home/roboticslab/Ros2_predator-project_WS/install/predator_msgs/include/predator_msgs/predator_msgs/msg/detail/behavior_state__type_support.cpp
[17.207s] -- Installing: /home/roboticslab/Ros2_predator-project_WS/install/predator_msgs/include/predator_msgs/predator_msgs/msg/detail/target_state__type_support.cpp
[17.207s] -- Installing: /home/roboticslab/Ros2_predator-project_WS/install/predator_msgs/include/predator_msgs/predator_msgs/msg/detail/target_state__rosidl_typesupport_introspection_cpp.hpp
[17.208s] -- Installing: /home/roboticslab/Ros2_predator-project_WS/install/predator_msgs/include/predator_msgs/predator_msgs/msg/detail/gesture_request__type_support.cpp
[17.208s] -- Installing: /home/roboticslab/Ros2_predator-project_WS/install/predator_msgs/lib/libpredator_msgs__rosidl_typesupport_introspection_cpp.so
[17.208s] -- Set non-toolchain portion of runtime path of "/home/roboticslab/Ros2_predator-project_WS/install/predator_msgs/lib/libpredator_msgs__rosidl_typesupport_introspection_cpp.so" to ""
[17.208s] -- Installing: /home/roboticslab/Ros2_predator-project_WS/install/predator_msgs/lib/libpredator_msgs__rosidl_typesupport_cpp.so
[17.209s] -- Set non-toolchain portion of runtime path of "/home/roboticslab/Ros2_predator-project_WS/install/predator_msgs/lib/libpredator_msgs__rosidl_typesupport_cpp.so" to ""
[17.209s] -- Installing: /home/roboticslab/Ros2_predator-project_WS/install/predator_msgs/share/predator_msgs/environment/pythonpath.sh
[17.209s] -- Installing: /home/roboticslab/Ros2_predator-project_WS/install/predator_msgs/share/predator_msgs/environment/pythonpath.dsv
[17.209s] -- Installing: /home/roboticslab/Ros2_predator-project_WS/install/predator_msgs/lib/python3.12/site-packages/predator_msgs-0.0.0-py3.12.egg-info
[17.210s] -- Installing: /home/roboticslab/Ros2_predator-project_WS/install/predator_msgs/lib/python3.12/site-packages/predator_msgs-0.0.0-py3.12.egg-info/top_level.txt
[17.210s] -- Installing: /home/roboticslab/Ros2_predator-project_WS/install/predator_msgs/lib/python3.12/site-packages/predator_msgs-0.0.0-py3.12.egg-info/PKG-INFO
[17.210s] -- Installing: /home/roboticslab/Ros2_predator-project_WS/install/predator_msgs/lib/python3.12/site-packages/predator_msgs-0.0.0-py3.12.egg-info/SOURCES.txt
[17.210s] -- Installing: /home/roboticslab/Ros2_predator-project_WS/install/predator_msgs/lib/python3.12/site-packages/predator_msgs-0.0.0-py3.12.egg-info/dependency_links.txt
[17.210s] -- Installing: /home/roboticslab/Ros2_predator-project_WS/install/predator_msgs/lib/python3.12/site-packages/predator_msgs
[17.210s] -- Installing: /home/roboticslab/Ros2_predator-project_WS/install/predator_msgs/lib/python3.12/site-packages/predator_msgs/msg
[17.210s] -- Installing: /home/roboticslab/Ros2_predator-project_WS/install/predator_msgs/lib/python3.12/site-packages/predator_msgs/msg/_zone_status_s.c
[17.211s] -- Installing: /home/roboticslab/Ros2_predator-project_WS/install/predator_msgs/lib/python3.12/site-packages/predator_msgs/msg/_target_state_s.c
[17.211s] -- Installing: /home/roboticslab/Ros2_predator-project_WS/install/predator_msgs/lib/python3.12/site-packages/predator_msgs/msg/_zone_status.py
[17.211s] -- Installing: /home/roboticslab/Ros2_predator-project_WS/install/predator_msgs/lib/python3.12/site-packages/predator_msgs/msg/__init__.py
[17.211s] -- Installing: /home/roboticslab/Ros2_predator-project_WS/install/predator_msgs/lib/python3.12/site-packages/predator_msgs/msg/_target_state.py
[17.211s] -- Installing: /home/roboticslab/Ros2_predator-project_WS/install/predator_msgs/lib/python3.12/site-packages/predator_msgs/msg/_gesture_request_s.c
[17.211s] -- Installing: /home/roboticslab/Ros2_predator-project_WS/install/predator_msgs/lib/python3.12/site-packages/predator_msgs/msg/_behavior_state_s.c
[17.211s] -- Installing: /home/roboticslab/Ros2_predator-project_WS/install/predator_msgs/lib/python3.12/site-packages/predator_msgs/msg/_behavior_state.py
[17.211s] -- Installing: /home/roboticslab/Ros2_predator-project_WS/install/predator_msgs/lib/python3.12/site-packages/predator_msgs/msg/_gesture_request.py
[17.212s] -- Installing: /home/roboticslab/Ros2_predator-project_WS/install/predator_msgs/lib/python3.12/site-packages/predator_msgs/predator_msgs_s__rosidl_typesupport_c.so
[17.212s] -- Installing: /home/roboticslab/Ros2_predator-project_WS/install/predator_msgs/lib/python3.12/site-packages/predator_msgs/__init__.py
[17.212s] -- Installing: /home/roboticslab/Ros2_predator-project_WS/install/predator_msgs/lib/python3.12/site-packages/predator_msgs/_predator_msgs_s.ep.rosidl_typesupport_c.c
[17.212s] -- Installing: /home/roboticslab/Ros2_predator-project_WS/install/predator_msgs/lib/python3.12/site-packages/predator_msgs/_predator_msgs_s.ep.rosidl_typesupport_fastrtps_c.c
[17.212s] -- Installing: /home/roboticslab/Ros2_predator-project_WS/install/predator_msgs/lib/python3.12/site-packages/predator_msgs/predator_msgs_s__rosidl_typesupport_introspection_c.so
[17.212s] -- Installing: /home/roboticslab/Ros2_predator-project_WS/install/predator_msgs/lib/python3.12/site-packages/predator_msgs/predator_msgs_s__rosidl_typesupport_fastrtps_c.so
[17.212s] -- Installing: /home/roboticslab/Ros2_predator-project_WS/install/predator_msgs/lib/python3.12/site-packages/predator_msgs/_predator_msgs_s.ep.rosidl_typesupport_introspection_c.c
[17.292s] Listing '/home/roboticslab/Ros2_predator-project_WS/install/predator_msgs/lib/python3.12/site-packages/predator_msgs'...
[17.293s] Compiling '/home/roboticslab/Ros2_predator-project_WS/install/predator_msgs/lib/python3.12/site-packages/predator_msgs/__init__.py'...
[17.293s] Listing '/home/roboticslab/Ros2_predator-project_WS/install/predator_msgs/lib/python3.12/site-packages/predator_msgs/msg'...
[17.293s] Compiling '/home/roboticslab/Ros2_predator-project_WS/install/predator_msgs/lib/python3.12/site-packages/predator_msgs/msg/__init__.py'...
[17.293s] Compiling '/home/roboticslab/Ros2_predator-project_WS/install/predator_msgs/lib/python3.12/site-packages/predator_msgs/msg/_behavior_state.py'...
[17.293s] Compiling '/home/roboticslab/Ros2_predator-project_WS/install/predator_msgs/lib/python3.12/site-packages/predator_msgs/msg/_gesture_request.py'...
[17.293s] Compiling '/home/roboticslab/Ros2_predator-project_WS/install/predator_msgs/lib/python3.12/site-packages/predator_msgs/msg/_target_state.py'...
[17.293s] Compiling '/home/roboticslab/Ros2_predator-project_WS/install/predator_msgs/lib/python3.12/site-packages/predator_msgs/msg/_zone_status.py'...
[17.299s] -- Installing: /home/roboticslab/Ros2_predator-project_WS/install/predator_msgs/lib/python3.12/site-packages/predator_msgs/predator_msgs_s__rosidl_typesupport_fastrtps_c.so
[17.300s] -- Set non-toolchain portion of runtime path of "/home/roboticslab/Ros2_predator-project_WS/install/predator_msgs/lib/python3.12/site-packages/predator_msgs/predator_msgs_s__rosidl_typesupport_fastrtps_c.so" to ""
[17.300s] -- Installing: /home/roboticslab/Ros2_predator-project_WS/install/predator_msgs/lib/python3.12/site-packages/predator_msgs/predator_msgs_s__rosidl_typesupport_introspection_c.so
[17.301s] -- Set non-toolchain portion of runtime path of "/home/roboticslab/Ros2_predator-project_WS/install/predator_msgs/lib/python3.12/site-packages/predator_msgs/predator_msgs_s__rosidl_typesupport_introspection_c.so" to ""
[17.301s] -- Installing: /home/roboticslab/Ros2_predator-project_WS/install/predator_msgs/lib/python3.12/site-packages/predator_msgs/predator_msgs_s__rosidl_typesupport_c.so
[17.301s] -- Set non-toolchain portion of runtime path of "/home/roboticslab/Ros2_predator-project_WS/install/predator_msgs/lib/python3.12/site-packages/predator_msgs/predator_msgs_s__rosidl_typesupport_c.so" to ""
[17.302s] -- Installing: /home/roboticslab/Ros2_predator-project_WS/install/predator_msgs/lib/libpredator_msgs__rosidl_generator_py.so
[17.302s] -- Set non-toolchain portion of runtime path of "/home/roboticslab/Ros2_predator-project_WS/install/predator_msgs/lib/libpredator_msgs__rosidl_generator_py.so" to ""
[17.302s] -- Installing: /home/roboticslab/Ros2_predator-project_WS/install/predator_msgs/share/ament_index/resource_index/rust_packages/predator_msgs
[17.302s] -- Installing: /home/roboticslab/Ros2_predator-project_WS/install/predator_msgs/share/predator_msgs/rust
[17.303s] -- Installing: /home/roboticslab/Ros2_predator-project_WS/install/predator_msgs/share/predator_msgs/rust/src
[17.303s] -- Installing: /home/roboticslab/Ros2_predator-project_WS/install/predator_msgs/share/predator_msgs/rust/src/msg
[17.303s] -- Installing: /home/roboticslab/Ros2_predator-project_WS/install/predator_msgs/share/predator_msgs/rust/src/msg/rmw.rs
[17.303s] -- Installing: /home/roboticslab/Ros2_predator-project_WS/install/predator_msgs/share/predator_msgs/rust/src/msg.rs
[17.303s] -- Installing: /home/roboticslab/Ros2_predator-project_WS/install/predator_msgs/share/predator_msgs/rust/src/lib.rs
[17.303s] -- Installing: /home/roboticslab/Ros2_predator-project_WS/install/predator_msgs/share/predator_msgs/rust/build.rs
[17.304s] -- Installing: /home/roboticslab/Ros2_predator-project_WS/install/predator_msgs/share/predator_msgs/rust/Cargo.toml
[17.304s] -- Installing: /home/roboticslab/Ros2_predator-project_WS/install/predator_msgs/share/predator_msgs/msg/BehaviorState.idl
[17.304s] -- Installing: /home/roboticslab/Ros2_predator-project_WS/install/predator_msgs/share/predator_msgs/msg/GestureRequest.idl
[17.304s] -- Installing: /home/roboticslab/Ros2_predator-project_WS/install/predator_msgs/share/predator_msgs/msg/TargetState.idl
[17.304s] -- Installing: /home/roboticslab/Ros2_predator-project_WS/install/predator_msgs/share/predator_msgs/msg/ZoneStatus.idl
[17.304s] -- Installing: /home/roboticslab/Ros2_predator-project_WS/install/predator_msgs/share/predator_msgs/msg/BehaviorState.msg
[17.304s] -- Installing: /home/roboticslab/Ros2_predator-project_WS/install/predator_msgs/share/predator_msgs/msg/GestureRequest.msg
[17.305s] -- Installing: /home/roboticslab/Ros2_predator-project_WS/install/predator_msgs/share/predator_msgs/msg/TargetState.msg
[17.305s] -- Installing: /home/roboticslab/Ros2_predator-project_WS/install/predator_msgs/share/predator_msgs/msg/ZoneStatus.msg
[17.305s] -- Installing: /home/roboticslab/Ros2_predator-project_WS/install/predator_msgs/share/ament_index/resource_index/package_run_dependencies/predator_msgs
[17.305s] -- Installing: /home/roboticslab/Ros2_predator-project_WS/install/predator_msgs/share/ament_index/resource_index/parent_prefix_path/predator_msgs
[17.305s] -- Installing: /home/roboticslab/Ros2_predator-project_WS/install/predator_msgs/share/predator_msgs/environment/ament_prefix_path.sh
[17.305s] -- Installing: /home/roboticslab/Ros2_predator-project_WS/install/predator_msgs/share/predator_msgs/environment/ament_prefix_path.dsv
[17.306s] -- Installing: /home/roboticslab/Ros2_predator-project_WS/install/predator_msgs/share/predator_msgs/environment/path.sh
[17.306s] -- Installing: /home/roboticslab/Ros2_predator-project_WS/install/predator_msgs/share/predator_msgs/environment/path.dsv
[17.306s] -- Installing: /home/roboticslab/Ros2_predator-project_WS/install/predator_msgs/share/predator_msgs/local_setup.bash
[17.306s] -- Installing: /home/roboticslab/Ros2_predator-project_WS/install/predator_msgs/share/predator_msgs/local_setup.sh
[17.306s] -- Installing: /home/roboticslab/Ros2_predator-project_WS/install/predator_msgs/share/predator_msgs/local_setup.zsh
[17.306s] -- Installing: /home/roboticslab/Ros2_predator-project_WS/install/predator_msgs/share/predator_msgs/local_setup.dsv
[17.306s] -- Installing: /home/roboticslab/Ros2_predator-project_WS/install/predator_msgs/share/predator_msgs/package.dsv
[17.307s] -- Installing: /home/roboticslab/Ros2_predator-project_WS/install/predator_msgs/share/ament_index/resource_index/packages/predator_msgs
[17.307s] -- Installing: /home/roboticslab/Ros2_predator-project_WS/install/predator_msgs/share/predator_msgs/cmake/export_predator_msgs__rosidl_generator_cExport.cmake
[17.307s] -- Installing: /home/roboticslab/Ros2_predator-project_WS/install/predator_msgs/share/predator_msgs/cmake/export_predator_msgs__rosidl_generator_cExport-noconfig.cmake
[17.307s] -- Installing: /home/roboticslab/Ros2_predator-project_WS/install/predator_msgs/share/predator_msgs/cmake/export_predator_msgs__rosidl_typesupport_fastrtps_cExport.cmake
[17.307s] -- Installing: /home/roboticslab/Ros2_predator-project_WS/install/predator_msgs/share/predator_msgs/cmake/export_predator_msgs__rosidl_typesupport_fastrtps_cExport-noconfig.cmake
[17.307s] -- Installing: /home/roboticslab/Ros2_predator-project_WS/install/predator_msgs/share/predator_msgs/cmake/predator_msgs__rosidl_typesupport_introspection_cExport.cmake
[17.307s] -- Installing: /home/roboticslab/Ros2_predator-project_WS/install/predator_msgs/share/predator_msgs/cmake/predator_msgs__rosidl_typesupport_introspection_cExport-noconfig.cmake
[17.308s] -- Installing: /home/roboticslab/Ros2_predator-project_WS/install/predator_msgs/share/predator_msgs/cmake/predator_msgs__rosidl_typesupport_cExport.cmake
[17.308s] -- Installing: /home/roboticslab/Ros2_predator-project_WS/install/predator_msgs/share/predator_msgs/cmake/predator_msgs__rosidl_typesupport_cExport-noconfig.cmake
[17.308s] -- Installing: /home/roboticslab/Ros2_predator-project_WS/install/predator_msgs/share/predator_msgs/cmake/export_predator_msgs__rosidl_generator_cppExport.cmake
[17.308s] -- Installing: /home/roboticslab/Ros2_predator-project_WS/install/predator_msgs/share/predator_msgs/cmake/export_predator_msgs__rosidl_typesupport_fastrtps_cppExport.cmake
[17.308s] -- Installing: /home/roboticslab/Ros2_predator-project_WS/install/predator_msgs/share/predator_msgs/cmake/export_predator_msgs__rosidl_typesupport_fastrtps_cppExport-noconfig.cmake
[17.308s] -- Installing: /home/roboticslab/Ros2_predator-project_WS/install/predator_msgs/share/predator_msgs/cmake/predator_msgs__rosidl_typesupport_introspection_cppExport.cmake
[17.309s] -- Installing: /home/roboticslab/Ros2_predator-project_WS/install/predator_msgs/share/predator_msgs/cmake/predator_msgs__rosidl_typesupport_introspection_cppExport-noconfig.cmake
[17.309s] -- Installing: /home/roboticslab/Ros2_predator-project_WS/install/predator_msgs/share/predator_msgs/cmake/predator_msgs__rosidl_typesupport_cppExport.cmake
[17.309s] -- Installing: /home/roboticslab/Ros2_predator-project_WS/install/predator_msgs/share/predator_msgs/cmake/predator_msgs__rosidl_typesupport_cppExport-noconfig.cmake
[17.309s] -- Installing: /home/roboticslab/Ros2_predator-project_WS/install/predator_msgs/share/predator_msgs/cmake/export_predator_msgs__rosidl_generator_pyExport.cmake
[17.309s] -- Installing: /home/roboticslab/Ros2_predator-project_WS/install/predator_msgs/share/predator_msgs/cmake/export_predator_msgs__rosidl_generator_pyExport-noconfig.cmake
[17.309s] -- Installing: /home/roboticslab/Ros2_predator-project_WS/install/predator_msgs/share/predator_msgs/cmake/rosidl_cmake-extras.cmake
[17.310s] -- Installing: /home/roboticslab/Ros2_predator-project_WS/install/predator_msgs/share/predator_msgs/cmake/ament_cmake_export_dependencies-extras.cmake
[17.310s] -- Installing: /home/roboticslab/Ros2_predator-project_WS/install/predator_msgs/share/predator_msgs/cmake/ament_cmake_export_include_directories-extras.cmake
[17.310s] -- Installing: /home/roboticslab/Ros2_predator-project_WS/install/predator_msgs/share/predator_msgs/cmake/ament_cmake_export_libraries-extras.cmake
[17.310s] -- Installing: /home/roboticslab/Ros2_predator-project_WS/install/predator_msgs/share/predator_msgs/cmake/ament_cmake_export_targets-extras.cmake
[17.310s] -- Installing: /home/roboticslab/Ros2_predator-project_WS/install/predator_msgs/share/predator_msgs/cmake/rosidl_cmake_export_typesupport_targets-extras.cmake
[17.310s] -- Installing: /home/roboticslab/Ros2_predator-project_WS/install/predator_msgs/share/predator_msgs/cmake/rosidl_cmake_export_typesupport_libraries-extras.cmake
[17.310s] -- Installing: /home/roboticslab/Ros2_predator-project_WS/install/predator_msgs/share/predator_msgs/cmake/predator_msgsConfig.cmake
[17.311s] -- Installing: /home/roboticslab/Ros2_predator-project_WS/install/predator_msgs/share/predator_msgs/cmake/predator_msgsConfig-version.cmake
[17.311s] -- Installing: /home/roboticslab/Ros2_predator-project_WS/install/predator_msgs/share/predator_msgs/package.xml
[17.313s] Invoked command in '/home/roboticslab/Ros2_predator-project_WS/build/predator_msgs' returned '0': CMAKE_PREFIX_PATH=${CMAKE_PREFIX_PATH}:/home/roboticslab/Ros2_predator-project_WS/install/predator_bringup:/home/roboticslab/Ros2_predator-project_WS/install/predator_perception:/home/roboticslab/Ros2_predator-project_WS/install/predator_navigation:/home/roboticslab/Ros2_predator-project_WS/install/predator_manipulation:/home/roboticslab/Ros2_predator-project_WS/install/predator_behavior:/home/roboticslab/ros2_ws/install/robotiq_description:/home/roboticslab/ros2_ws/install/roboChef:/home/roboticslab/ros2_ws/install/moveit_configs_utils:/opt/ros/kilted DEBUGINFOD_URLS=https://debuginfod.ubuntu.com /usr/bin/cmake --install /home/roboticslab/Ros2_predator-project_WS/build/predator_msgs
