running egg_info
writing ../../build/predator_bringup/predator_bringup.egg-info/PKG-INFO
writing dependency_links to ../../build/predator_bringup/predator_bringup.egg-info/dependency_links.txt
writing requirements to ../../build/predator_bringup/predator_bringup.egg-info/requires.txt
writing top-level names to ../../build/predator_bringup/predator_bringup.egg-info/top_level.txt
reading manifest file '../../build/predator_bringup/predator_bringup.egg-info/SOURCES.txt'
writing manifest file '../../build/predator_bringup/predator_bringup.egg-info/SOURCES.txt'
running build
running build_py
running install
running install_lib
running install_data
copying config/navigation.yaml -> /home/roboticslab/Ros2_predator-project_WS/install/predator_bringup/share/predator_bringup/config
copying config/zones.yaml -> /home/roboticslab/Ros2_predator-project_WS/install/predator_bringup/share/predator_bringup/config
copying maps/arena_map.yaml -> /home/roboticslab/Ros2_predator-project_WS/install/predator_bringup/share/predator_bringup/maps
running install_egg_info
removing '/home/roboticslab/Ros2_predator-project_WS/install/predator_bringup/lib/python3.12/site-packages/predator_bringup-0.0.0-py3.12.egg-info' (and everything under it)
Copying ../../build/predator_bringup/predator_bringup.egg-info to /home/roboticslab/Ros2_predator-project_WS/install/predator_bringup/lib/python3.12/site-packages/predator_bringup-0.0.0-py3.12.egg-info
running install_scripts
writing list of installed files to '/home/roboticslab/Ros2_predator-project_WS/build/predator_bringup/install.log'
