[0.151s] DEBUG:colcon:Command line arguments: ['/usr/bin/colcon', 'build']
[0.151s] DEBUG:colcon:Parsed command line arguments: Namespace(log_base=None, log_level=None, verb_name='build', build_base='build', install_base='install', merge_install=False, symlink_install=False, test_result_base=None, continue_on_error=False, executor='parallel', parallel_workers=4, event_handlers=None, ignore_user_meta=False, metas=['./colcon.meta'], base_paths=['.'], packages_ignore=None, packages_ignore_regex=None, paths=None, packages_up_to=None, packages_up_to_regex=None, packages_above=None, packages_above_and_dependencies=None, packages_above_depth=None, packages_select_by_dep=None, packages_skip_by_dep=None, packages_skip_up_to=None, packages_select_build_failed=False, packages_skip_build_finished=False, packages_select_test_failures=False, packages_skip_test_passed=False, packages_select=None, packages_skip=None, packages_select_regex=None, packages_skip_regex=None, packages_start=None, packages_end=None, allow_overriding=[], cmake_args=None, cmake_target=None, cmake_target_skip_unavailable=False, cmake_clean_cache=False, cmake_clean_first=False, cmake_force_configure=False, ament_cmake_args=None, catkin_cmake_args=None, catkin_skip_building_tests=False, mixin_files=None, mixin=None, verb_parser=<colcon_mixin.mixin.mixin_argument.MixinArgumentDecorator object at 0x76b61c1047a0>, verb_extension=<colcon_core.verb.build.BuildVerb object at 0x76b61c104650>, main=<bound method BuildVerb.main of <colcon_core.verb.build.BuildVerb object at 0x76b61c104650>>, mixin_verb=('build',))
[0.197s] Level 1:colcon.colcon_core.package_discovery:discover_packages(colcon_meta) check parameters
[0.198s] Level 1:colcon.colcon_core.package_discovery:discover_packages(recursive) check parameters
[0.198s] Level 1:colcon.colcon_core.package_discovery:discover_packages(ignore) check parameters
[0.198s] Level 1:colcon.colcon_core.package_discovery:discover_packages(path) check parameters
[0.198s] Level 1:colcon.colcon_core.package_discovery:discover_packages(colcon_meta) discover
[0.198s] Level 1:colcon.colcon_core.package_discovery:discover_packages(recursive) discover
[0.198s] INFO:colcon.colcon_core.package_discovery:Crawling recursively for packages in '/home/roboticslab/Ros2_predator-project_WS'
[0.198s] Level 1:colcon.colcon_core.package_identification:_identify(.) by extensions ['ignore', 'ignore_ament_install']
[0.198s] Level 1:colcon.colcon_core.package_identification:_identify(.) by extension 'ignore'
[0.198s] Level 1:colcon.colcon_core.package_identification:_identify(.) by extension 'ignore_ament_install'
[0.198s] Level 1:colcon.colcon_core.package_identification:_identify(.) by extensions ['colcon_pkg']
[0.198s] Level 1:colcon.colcon_core.package_identification:_identify(.) by extension 'colcon_pkg'
[0.198s] Level 1:colcon.colcon_core.package_identification:_identify(.) by extensions ['colcon_meta']
[0.198s] Level 1:colcon.colcon_core.package_identification:_identify(.) by extension 'colcon_meta'
[0.198s] Level 1:colcon.colcon_core.package_identification:_identify(.) by extensions ['ros']
[0.198s] Level 1:colcon.colcon_core.package_identification:_identify(.) by extension 'ros'
[0.227s] Level 1:colcon.colcon_core.package_identification:_identify(.) by extensions ['cmake', 'python']
[0.227s] Level 1:colcon.colcon_core.package_identification:_identify(.) by extension 'cmake'
[0.227s] Level 1:colcon.colcon_core.package_identification:_identify(.) by extension 'python'
[0.227s] Level 1:colcon.colcon_core.package_identification:_identify(.) by extensions ['python_setup_py']
[0.227s] Level 1:colcon.colcon_core.package_identification:_identify(.) by extension 'python_setup_py'
[0.227s] Level 1:colcon.colcon_core.package_identification:_identify(build) by extensions ['ignore', 'ignore_ament_install']
[0.227s] Level 1:colcon.colcon_core.package_identification:_identify(build) by extension 'ignore'
[0.227s] Level 1:colcon.colcon_core.package_identification:_identify(build) ignored
[0.227s] Level 1:colcon.colcon_core.package_identification:_identify(install) by extensions ['ignore', 'ignore_ament_install']
[0.227s] Level 1:colcon.colcon_core.package_identification:_identify(install) by extension 'ignore'
[0.227s] Level 1:colcon.colcon_core.package_identification:_identify(install) ignored
[0.228s] Level 1:colcon.colcon_core.package_identification:_identify(log) by extensions ['ignore', 'ignore_ament_install']
[0.228s] Level 1:colcon.colcon_core.package_identification:_identify(log) by extension 'ignore'
[0.228s] Level 1:colcon.colcon_core.package_identification:_identify(log) ignored
[0.228s] Level 1:colcon.colcon_core.package_identification:_identify(src) by extensions ['ignore', 'ignore_ament_install']
[0.228s] Level 1:colcon.colcon_core.package_identification:_identify(src) by extension 'ignore'
[0.228s] Level 1:colcon.colcon_core.package_identification:_identify(src) by extension 'ignore_ament_install'
[0.228s] Level 1:colcon.colcon_core.package_identification:_identify(src) by extensions ['colcon_pkg']
[0.228s] Level 1:colcon.colcon_core.package_identification:_identify(src) by extension 'colcon_pkg'
[0.228s] Level 1:colcon.colcon_core.package_identification:_identify(src) by extensions ['colcon_meta']
[0.228s] Level 1:colcon.colcon_core.package_identification:_identify(src) by extension 'colcon_meta'
[0.228s] Level 1:colcon.colcon_core.package_identification:_identify(src) by extensions ['ros']
[0.228s] Level 1:colcon.colcon_core.package_identification:_identify(src) by extension 'ros'
[0.228s] Level 1:colcon.colcon_core.package_identification:_identify(src) by extensions ['cmake', 'python']
[0.228s] Level 1:colcon.colcon_core.package_identification:_identify(src) by extension 'cmake'
[0.228s] Level 1:colcon.colcon_core.package_identification:_identify(src) by extension 'python'
[0.228s] Level 1:colcon.colcon_core.package_identification:_identify(src) by extensions ['python_setup_py']
[0.228s] Level 1:colcon.colcon_core.package_identification:_identify(src) by extension 'python_setup_py'
[0.228s] Level 1:colcon.colcon_core.package_identification:_identify(src/predator_behavior) by extensions ['ignore', 'ignore_ament_install']
[0.228s] Level 1:colcon.colcon_core.package_identification:_identify(src/predator_behavior) by extension 'ignore'
[0.229s] Level 1:colcon.colcon_core.package_identification:_identify(src/predator_behavior) by extension 'ignore_ament_install'
[0.229s] Level 1:colcon.colcon_core.package_identification:_identify(src/predator_behavior) by extensions ['colcon_pkg']
[0.229s] Level 1:colcon.colcon_core.package_identification:_identify(src/predator_behavior) by extension 'colcon_pkg'
[0.229s] Level 1:colcon.colcon_core.package_identification:_identify(src/predator_behavior) by extensions ['colcon_meta']
[0.229s] Level 1:colcon.colcon_core.package_identification:_identify(src/predator_behavior) by extension 'colcon_meta'
[0.229s] Level 1:colcon.colcon_core.package_identification:_identify(src/predator_behavior) by extensions ['ros']
[0.229s] Level 1:colcon.colcon_core.package_identification:_identify(src/predator_behavior) by extension 'ros'
[0.231s] DEBUG:colcon.colcon_core.package_identification:Package 'src/predator_behavior' with type 'ros.ament_python' and name 'predator_behavior'
[0.232s] Level 1:colcon.colcon_core.package_identification:_identify(src/predator_bringup) by extensions ['ignore', 'ignore_ament_install']
[0.232s] Level 1:colcon.colcon_core.package_identification:_identify(src/predator_bringup) by extension 'ignore'
[0.232s] Level 1:colcon.colcon_core.package_identification:_identify(src/predator_bringup) by extension 'ignore_ament_install'
[0.232s] Level 1:colcon.colcon_core.package_identification:_identify(src/predator_bringup) by extensions ['colcon_pkg']
[0.232s] Level 1:colcon.colcon_core.package_identification:_identify(src/predator_bringup) by extension 'colcon_pkg'
[0.232s] Level 1:colcon.colcon_core.package_identification:_identify(src/predator_bringup) by extensions ['colcon_meta']
[0.232s] Level 1:colcon.colcon_core.package_identification:_identify(src/predator_bringup) by extension 'colcon_meta'
[0.232s] Level 1:colcon.colcon_core.package_identification:_identify(src/predator_bringup) by extensions ['ros']
[0.232s] Level 1:colcon.colcon_core.package_identification:_identify(src/predator_bringup) by extension 'ros'
[0.233s] DEBUG:colcon.colcon_core.package_identification:Package 'src/predator_bringup' with type 'ros.ament_python' and name 'predator_bringup'
[0.233s] Level 1:colcon.colcon_core.package_identification:_identify(src/predator_manipulation) by extensions ['ignore', 'ignore_ament_install']
[0.234s] Level 1:colcon.colcon_core.package_identification:_identify(src/predator_manipulation) by extension 'ignore'
[0.234s] Level 1:colcon.colcon_core.package_identification:_identify(src/predator_manipulation) by extension 'ignore_ament_install'
[0.234s] Level 1:colcon.colcon_core.package_identification:_identify(src/predator_manipulation) by extensions ['colcon_pkg']
[0.234s] Level 1:colcon.colcon_core.package_identification:_identify(src/predator_manipulation) by extension 'colcon_pkg'
[0.234s] Level 1:colcon.colcon_core.package_identification:_identify(src/predator_manipulation) by extensions ['colcon_meta']
[0.234s] Level 1:colcon.colcon_core.package_identification:_identify(src/predator_manipulation) by extension 'colcon_meta'
[0.234s] Level 1:colcon.colcon_core.package_identification:_identify(src/predator_manipulation) by extensions ['ros']
[0.234s] Level 1:colcon.colcon_core.package_identification:_identify(src/predator_manipulation) by extension 'ros'
[0.235s] DEBUG:colcon.colcon_core.package_identification:Package 'src/predator_manipulation' with type 'ros.ament_python' and name 'predator_manipulation'
[0.235s] Level 1:colcon.colcon_core.package_identification:_identify(src/predator_msgs) by extensions ['ignore', 'ignore_ament_install']
[0.235s] Level 1:colcon.colcon_core.package_identification:_identify(src/predator_msgs) by extension 'ignore'
[0.235s] Level 1:colcon.colcon_core.package_identification:_identify(src/predator_msgs) by extension 'ignore_ament_install'
[0.235s] Level 1:colcon.colcon_core.package_identification:_identify(src/predator_msgs) by extensions ['colcon_pkg']
[0.235s] Level 1:colcon.colcon_core.package_identification:_identify(src/predator_msgs) by extension 'colcon_pkg'
[0.235s] Level 1:colcon.colcon_core.package_identification:_identify(src/predator_msgs) by extensions ['colcon_meta']
[0.235s] Level 1:colcon.colcon_core.package_identification:_identify(src/predator_msgs) by extension 'colcon_meta'
[0.235s] Level 1:colcon.colcon_core.package_identification:_identify(src/predator_msgs) by extensions ['ros']
[0.235s] Level 1:colcon.colcon_core.package_identification:_identify(src/predator_msgs) by extension 'ros'
[0.236s] DEBUG:colcon.colcon_core.package_identification:Package 'src/predator_msgs' with type 'ros.ament_cmake' and name 'predator_msgs'
[0.236s] Level 1:colcon.colcon_core.package_identification:_identify(src/predator_navigation) by extensions ['ignore', 'ignore_ament_install']
[0.236s] Level 1:colcon.colcon_core.package_identification:_identify(src/predator_navigation) by extension 'ignore'
[0.236s] Level 1:colcon.colcon_core.package_identification:_identify(src/predator_navigation) by extension 'ignore_ament_install'
[0.236s] Level 1:colcon.colcon_core.package_identification:_identify(src/predator_navigation) by extensions ['colcon_pkg']
[0.236s] Level 1:colcon.colcon_core.package_identification:_identify(src/predator_navigation) by extension 'colcon_pkg'
[0.236s] Level 1:colcon.colcon_core.package_identification:_identify(src/predator_navigation) by extensions ['colcon_meta']
[0.236s] Level 1:colcon.colcon_core.package_identification:_identify(src/predator_navigation) by extension 'colcon_meta'
[0.236s] Level 1:colcon.colcon_core.package_identification:_identify(src/predator_navigation) by extensions ['ros']
[0.236s] Level 1:colcon.colcon_core.package_identification:_identify(src/predator_navigation) by extension 'ros'
[0.237s] DEBUG:colcon.colcon_core.package_identification:Package 'src/predator_navigation' with type 'ros.ament_python' and name 'predator_navigation'
[0.237s] Level 1:colcon.colcon_core.package_identification:_identify(src/predator_perception) by extensions ['ignore', 'ignore_ament_install']
[0.238s] Level 1:colcon.colcon_core.package_identification:_identify(src/predator_perception) by extension 'ignore'
[0.238s] Level 1:colcon.colcon_core.package_identification:_identify(src/predator_perception) by extension 'ignore_ament_install'
[0.238s] Level 1:colcon.colcon_core.package_identification:_identify(src/predator_perception) by extensions ['colcon_pkg']
[0.238s] Level 1:colcon.colcon_core.package_identification:_identify(src/predator_perception) by extension 'colcon_pkg'
[0.238s] Level 1:colcon.colcon_core.package_identification:_identify(src/predator_perception) by extensions ['colcon_meta']
[0.238s] Level 1:colcon.colcon_core.package_identification:_identify(src/predator_perception) by extension 'colcon_meta'
[0.238s] Level 1:colcon.colcon_core.package_identification:_identify(src/predator_perception) by extensions ['ros']
[0.238s] Level 1:colcon.colcon_core.package_identification:_identify(src/predator_perception) by extension 'ros'
[0.238s] DEBUG:colcon.colcon_core.package_identification:Package 'src/predator_perception' with type 'ros.ament_python' and name 'predator_perception'
[0.239s] Level 1:colcon.colcon_core.package_discovery:discover_packages(recursive) using defaults
[0.239s] Level 1:colcon.colcon_core.package_discovery:discover_packages(ignore) discover
[0.239s] Level 1:colcon.colcon_core.package_discovery:discover_packages(ignore) using defaults
[0.239s] Level 1:colcon.colcon_core.package_discovery:discover_packages(path) discover
[0.239s] Level 1:colcon.colcon_core.package_discovery:discover_packages(path) using defaults
[0.260s] Level 1:colcon.colcon_core.package_discovery:discover_packages(prefix_path) check parameters
[0.260s] Level 1:colcon.colcon_core.package_discovery:discover_packages(prefix_path) discover
[0.267s] DEBUG:colcon.colcon_installed_package_information.package_discovery:Found 6 installed packages in /home/roboticslab/Ros2_predator-project_WS/install
[0.269s] DEBUG:colcon.colcon_installed_package_information.package_discovery:Found 73 installed packages in /home/roboticslab/ros2_ws/install
[0.273s] DEBUG:colcon.colcon_installed_package_information.package_discovery:Found 502 installed packages in /opt/ros/kilted
[0.276s] Level 1:colcon.colcon_core.package_discovery:discover_packages(prefix_path) using defaults
[0.824s] Level 5:colcon.colcon_core.verb:set package 'predator_msgs' build argument 'cmake_args' from command line to 'None'
[0.824s] Level 5:colcon.colcon_core.verb:set package 'predator_msgs' build argument 'cmake_target' from command line to 'None'
[0.824s] Level 5:colcon.colcon_core.verb:set package 'predator_msgs' build argument 'cmake_target_skip_unavailable' from command line to 'False'
[0.824s] Level 5:colcon.colcon_core.verb:set package 'predator_msgs' build argument 'cmake_clean_cache' from command line to 'False'
[0.824s] Level 5:colcon.colcon_core.verb:set package 'predator_msgs' build argument 'cmake_clean_first' from command line to 'False'
[0.824s] Level 5:colcon.colcon_core.verb:set package 'predator_msgs' build argument 'cmake_force_configure' from command line to 'False'
[0.824s] Level 5:colcon.colcon_core.verb:set package 'predator_msgs' build argument 'ament_cmake_args' from command line to 'None'
[0.824s] Level 5:colcon.colcon_core.verb:set package 'predator_msgs' build argument 'catkin_cmake_args' from command line to 'None'
[0.824s] Level 5:colcon.colcon_core.verb:set package 'predator_msgs' build argument 'catkin_skip_building_tests' from command line to 'False'
[0.824s] DEBUG:colcon.colcon_core.verb:Building package 'predator_msgs' with the following arguments: {'ament_cmake_args': None, 'build_base': '/home/roboticslab/Ros2_predator-project_WS/build/predator_msgs', 'catkin_cmake_args': None, 'catkin_skip_building_tests': False, 'cmake_args': None, 'cmake_clean_cache': False, 'cmake_clean_first': False, 'cmake_force_configure': False, 'cmake_target': None, 'cmake_target_skip_unavailable': False, 'install_base': '/home/roboticslab/Ros2_predator-project_WS/install/predator_msgs', 'merge_install': False, 'path': '/home/roboticslab/Ros2_predator-project_WS/src/predator_msgs', 'symlink_install': False, 'test_result_base': None}
[0.824s] Level 5:colcon.colcon_core.verb:set package 'predator_behavior' build argument 'cmake_args' from command line to 'None'
[0.824s] Level 5:colcon.colcon_core.verb:set package 'predator_behavior' build argument 'cmake_target' from command line to 'None'
[0.824s] Level 5:colcon.colcon_core.verb:set package 'predator_behavior' build argument 'cmake_target_skip_unavailable' from command line to 'False'
[0.824s] Level 5:colcon.colcon_core.verb:set package 'predator_behavior' build argument 'cmake_clean_cache' from command line to 'False'
[0.825s] Level 5:colcon.colcon_core.verb:set package 'predator_behavior' build argument 'cmake_clean_first' from command line to 'False'
[0.825s] Level 5:colcon.colcon_core.verb:set package 'predator_behavior' build argument 'cmake_force_configure' from command line to 'False'
[0.825s] Level 5:colcon.colcon_core.verb:set package 'predator_behavior' build argument 'ament_cmake_args' from command line to 'None'
[0.825s] Level 5:colcon.colcon_core.verb:set package 'predator_behavior' build argument 'catkin_cmake_args' from command line to 'None'
[0.825s] Level 5:colcon.colcon_core.verb:set package 'predator_behavior' build argument 'catkin_skip_building_tests' from command line to 'False'
[0.825s] DEBUG:colcon.colcon_core.verb:Building package 'predator_behavior' with the following arguments: {'ament_cmake_args': None, 'build_base': '/home/roboticslab/Ros2_predator-project_WS/build/predator_behavior', 'catkin_cmake_args': None, 'catkin_skip_building_tests': False, 'cmake_args': None, 'cmake_clean_cache': False, 'cmake_clean_first': False, 'cmake_force_configure': False, 'cmake_target': None, 'cmake_target_skip_unavailable': False, 'install_base': '/home/roboticslab/Ros2_predator-project_WS/install/predator_behavior', 'merge_install': False, 'path': '/home/roboticslab/Ros2_predator-project_WS/src/predator_behavior', 'symlink_install': False, 'test_result_base': None}
[0.825s] Level 5:colcon.colcon_core.verb:set package 'predator_manipulation' build argument 'cmake_args' from command line to 'None'
[0.825s] Level 5:colcon.colcon_core.verb:set package 'predator_manipulation' build argument 'cmake_target' from command line to 'None'
[0.825s] Level 5:colcon.colcon_core.verb:set package 'predator_manipulation' build argument 'cmake_target_skip_unavailable' from command line to 'False'
[0.825s] Level 5:colcon.colcon_core.verb:set package 'predator_manipulation' build argument 'cmake_clean_cache' from command line to 'False'
[0.825s] Level 5:colcon.colcon_core.verb:set package 'predator_manipulation' build argument 'cmake_clean_first' from command line to 'False'
[0.825s] Level 5:colcon.colcon_core.verb:set package 'predator_manipulation' build argument 'cmake_force_configure' from command line to 'False'
[0.825s] Level 5:colcon.colcon_core.verb:set package 'predator_manipulation' build argument 'ament_cmake_args' from command line to 'None'
[0.825s] Level 5:colcon.colcon_core.verb:set package 'predator_manipulation' build argument 'catkin_cmake_args' from command line to 'None'
[0.825s] Level 5:colcon.colcon_core.verb:set package 'predator_manipulation' build argument 'catkin_skip_building_tests' from command line to 'False'
[0.825s] DEBUG:colcon.colcon_core.verb:Building package 'predator_manipulation' with the following arguments: {'ament_cmake_args': None, 'build_base': '/home/roboticslab/Ros2_predator-project_WS/build/predator_manipulation', 'catkin_cmake_args': None, 'catkin_skip_building_tests': False, 'cmake_args': None, 'cmake_clean_cache': False, 'cmake_clean_first': False, 'cmake_force_configure': False, 'cmake_target': None, 'cmake_target_skip_unavailable': False, 'install_base': '/home/roboticslab/Ros2_predator-project_WS/install/predator_manipulation', 'merge_install': False, 'path': '/home/roboticslab/Ros2_predator-project_WS/src/predator_manipulation', 'symlink_install': False, 'test_result_base': None}
[0.825s] Level 5:colcon.colcon_core.verb:set package 'predator_navigation' build argument 'cmake_args' from command line to 'None'
[0.825s] Level 5:colcon.colcon_core.verb:set package 'predator_navigation' build argument 'cmake_target' from command line to 'None'
[0.825s] Level 5:colcon.colcon_core.verb:set package 'predator_navigation' build argument 'cmake_target_skip_unavailable' from command line to 'False'
[0.826s] Level 5:colcon.colcon_core.verb:set package 'predator_navigation' build argument 'cmake_clean_cache' from command line to 'False'
[0.826s] Level 5:colcon.colcon_core.verb:set package 'predator_navigation' build argument 'cmake_clean_first' from command line to 'False'
[0.826s] Level 5:colcon.colcon_core.verb:set package 'predator_navigation' build argument 'cmake_force_configure' from command line to 'False'
[0.826s] Level 5:colcon.colcon_core.verb:set package 'predator_navigation' build argument 'ament_cmake_args' from command line to 'None'
[0.826s] Level 5:colcon.colcon_core.verb:set package 'predator_navigation' build argument 'catkin_cmake_args' from command line to 'None'
[0.826s] Level 5:colcon.colcon_core.verb:set package 'predator_navigation' build argument 'catkin_skip_building_tests' from command line to 'False'
[0.826s] DEBUG:colcon.colcon_core.verb:Building package 'predator_navigation' with the following arguments: {'ament_cmake_args': None, 'build_base': '/home/roboticslab/Ros2_predator-project_WS/build/predator_navigation', 'catkin_cmake_args': None, 'catkin_skip_building_tests': False, 'cmake_args': None, 'cmake_clean_cache': False, 'cmake_clean_first': False, 'cmake_force_configure': False, 'cmake_target': None, 'cmake_target_skip_unavailable': False, 'install_base': '/home/roboticslab/Ros2_predator-project_WS/install/predator_navigation', 'merge_install': False, 'path': '/home/roboticslab/Ros2_predator-project_WS/src/predator_navigation', 'symlink_install': False, 'test_result_base': None}
[0.826s] Level 5:colcon.colcon_core.verb:set package 'predator_perception' build argument 'cmake_args' from command line to 'None'
[0.826s] Level 5:colcon.colcon_core.verb:set package 'predator_perception' build argument 'cmake_target' from command line to 'None'
[0.826s] Level 5:colcon.colcon_core.verb:set package 'predator_perception' build argument 'cmake_target_skip_unavailable' from command line to 'False'
[0.826s] Level 5:colcon.colcon_core.verb:set package 'predator_perception' build argument 'cmake_clean_cache' from command line to 'False'
[0.826s] Level 5:colcon.colcon_core.verb:set package 'predator_perception' build argument 'cmake_clean_first' from command line to 'False'
[0.826s] Level 5:colcon.colcon_core.verb:set package 'predator_perception' build argument 'cmake_force_configure' from command line to 'False'
[0.826s] Level 5:colcon.colcon_core.verb:set package 'predator_perception' build argument 'ament_cmake_args' from command line to 'None'
[0.826s] Level 5:colcon.colcon_core.verb:set package 'predator_perception' build argument 'catkin_cmake_args' from command line to 'None'
[0.826s] Level 5:colcon.colcon_core.verb:set package 'predator_perception' build argument 'catkin_skip_building_tests' from command line to 'False'
[0.826s] DEBUG:colcon.colcon_core.verb:Building package 'predator_perception' with the following arguments: {'ament_cmake_args': None, 'build_base': '/home/roboticslab/Ros2_predator-project_WS/build/predator_perception', 'catkin_cmake_args': None, 'catkin_skip_building_tests': False, 'cmake_args': None, 'cmake_clean_cache': False, 'cmake_clean_first': False, 'cmake_force_configure': False, 'cmake_target': None, 'cmake_target_skip_unavailable': False, 'install_base': '/home/roboticslab/Ros2_predator-project_WS/install/predator_perception', 'merge_install': False, 'path': '/home/roboticslab/Ros2_predator-project_WS/src/predator_perception', 'symlink_install': False, 'test_result_base': None}
[0.826s] Level 5:colcon.colcon_core.verb:set package 'predator_bringup' build argument 'cmake_args' from command line to 'None'
[0.826s] Level 5:colcon.colcon_core.verb:set package 'predator_bringup' build argument 'cmake_target' from command line to 'None'
[0.826s] Level 5:colcon.colcon_core.verb:set package 'predator_bringup' build argument 'cmake_target_skip_unavailable' from command line to 'False'
[0.826s] Level 5:colcon.colcon_core.verb:set package 'predator_bringup' build argument 'cmake_clean_cache' from command line to 'False'
[0.827s] Level 5:colcon.colcon_core.verb:set package 'predator_bringup' build argument 'cmake_clean_first' from command line to 'False'
[0.827s] Level 5:colcon.colcon_core.verb:set package 'predator_bringup' build argument 'cmake_force_configure' from command line to 'False'
[0.827s] Level 5:colcon.colcon_core.verb:set package 'predator_bringup' build argument 'ament_cmake_args' from command line to 'None'
[0.827s] Level 5:colcon.colcon_core.verb:set package 'predator_bringup' build argument 'catkin_cmake_args' from command line to 'None'
[0.827s] Level 5:colcon.colcon_core.verb:set package 'predator_bringup' build argument 'catkin_skip_building_tests' from command line to 'False'
[0.827s] DEBUG:colcon.colcon_core.verb:Building package 'predator_bringup' with the following arguments: {'ament_cmake_args': None, 'build_base': '/home/roboticslab/Ros2_predator-project_WS/build/predator_bringup', 'catkin_cmake_args': None, 'catkin_skip_building_tests': False, 'cmake_args': None, 'cmake_clean_cache': False, 'cmake_clean_first': False, 'cmake_force_configure': False, 'cmake_target': None, 'cmake_target_skip_unavailable': False, 'install_base': '/home/roboticslab/Ros2_predator-project_WS/install/predator_bringup', 'merge_install': False, 'path': '/home/roboticslab/Ros2_predator-project_WS/src/predator_bringup', 'symlink_install': False, 'test_result_base': None}
[0.827s] INFO:colcon.colcon_core.executor:Executing jobs using 'parallel' executor
[0.828s] DEBUG:colcon.colcon_parallel_executor.executor.parallel:run_until_complete
[0.828s] INFO:colcon.colcon_ros.task.ament_cmake.build:Building ROS package in '/home/roboticslab/Ros2_predator-project_WS/src/predator_msgs' with build type 'ament_cmake'
[0.828s] INFO:colcon.colcon_cmake.task.cmake.build:Building CMake package in '/home/roboticslab/Ros2_predator-project_WS/src/predator_msgs'
[0.934s] INFO:colcon.colcon_core.plugin_system:Skipping extension 'colcon_core.shell.bat': Not used on non-Windows systems
[0.934s] INFO:colcon.colcon_core.shell:Skip shell extension 'powershell' for command environment: Not usable outside of PowerShell
[0.934s] DEBUG:colcon.colcon_core.shell:Skip shell extension 'dsv' for command environment
[1.071s] DEBUG:colcon.colcon_core.event_handler.log_command:Invoking command in '/home/roboticslab/Ros2_predator-project_WS/build/predator_msgs': CMAKE_PREFIX_PATH=${CMAKE_PREFIX_PATH}:/home/roboticslab/Ros2_predator-project_WS/install/predator_bringup:/home/roboticslab/Ros2_predator-project_WS/install/predator_perception:/home/roboticslab/Ros2_predator-project_WS/install/predator_navigation:/home/roboticslab/Ros2_predator-project_WS/install/predator_manipulation:/home/roboticslab/Ros2_predator-project_WS/install/predator_behavior:/home/roboticslab/ros2_ws/install/robotiq_description:/home/roboticslab/ros2_ws/install/roboChef:/home/roboticslab/ros2_ws/install/moveit_configs_utils:/opt/ros/kilted DEBUGINFOD_URLS=https://debuginfod.ubuntu.com /usr/bin/cmake --build /home/roboticslab/Ros2_predator-project_WS/build/predator_msgs -- -j4 -l4
[3.744s] DEBUG:colcon.colcon_core.event_handler.log_command:Invoked command in '/home/roboticslab/Ros2_predator-project_WS/build/predator_msgs' returned '0': CMAKE_PREFIX_PATH=${CMAKE_PREFIX_PATH}:/home/roboticslab/Ros2_predator-project_WS/install/predator_bringup:/home/roboticslab/Ros2_predator-project_WS/install/predator_perception:/home/roboticslab/Ros2_predator-project_WS/install/predator_navigation:/home/roboticslab/Ros2_predator-project_WS/install/predator_manipulation:/home/roboticslab/Ros2_predator-project_WS/install/predator_behavior:/home/roboticslab/ros2_ws/install/robotiq_description:/home/roboticslab/ros2_ws/install/roboChef:/home/roboticslab/ros2_ws/install/moveit_configs_utils:/opt/ros/kilted DEBUGINFOD_URLS=https://debuginfod.ubuntu.com /usr/bin/cmake --build /home/roboticslab/Ros2_predator-project_WS/build/predator_msgs -- -j4 -l4
[3.762s] DEBUG:colcon.colcon_core.event_handler.log_command:Invoking command in '/home/roboticslab/Ros2_predator-project_WS/build/predator_msgs': CMAKE_PREFIX_PATH=${CMAKE_PREFIX_PATH}:/home/roboticslab/Ros2_predator-project_WS/install/predator_bringup:/home/roboticslab/Ros2_predator-project_WS/install/predator_perception:/home/roboticslab/Ros2_predator-project_WS/install/predator_navigation:/home/roboticslab/Ros2_predator-project_WS/install/predator_manipulation:/home/roboticslab/Ros2_predator-project_WS/install/predator_behavior:/home/roboticslab/ros2_ws/install/robotiq_description:/home/roboticslab/ros2_ws/install/roboChef:/home/roboticslab/ros2_ws/install/moveit_configs_utils:/opt/ros/kilted DEBUGINFOD_URLS=https://debuginfod.ubuntu.com /usr/bin/cmake --install /home/roboticslab/Ros2_predator-project_WS/build/predator_msgs
[3.861s] Level 1:colcon.colcon_core.environment:create_environment_scripts_only(predator_msgs)
[3.862s] DEBUG:colcon.colcon_core.event_handler.log_command:Invoked command in '/home/roboticslab/Ros2_predator-project_WS/build/predator_msgs' returned '0': CMAKE_PREFIX_PATH=${CMAKE_PREFIX_PATH}:/home/roboticslab/Ros2_predator-project_WS/install/predator_bringup:/home/roboticslab/Ros2_predator-project_WS/install/predator_perception:/home/roboticslab/Ros2_predator-project_WS/install/predator_navigation:/home/roboticslab/Ros2_predator-project_WS/install/predator_manipulation:/home/roboticslab/Ros2_predator-project_WS/install/predator_behavior:/home/roboticslab/ros2_ws/install/robotiq_description:/home/roboticslab/ros2_ws/install/roboChef:/home/roboticslab/ros2_ws/install/moveit_configs_utils:/opt/ros/kilted DEBUGINFOD_URLS=https://debuginfod.ubuntu.com /usr/bin/cmake --install /home/roboticslab/Ros2_predator-project_WS/build/predator_msgs
[3.997s] Level 1:colcon.colcon_core.environment:checking '/home/roboticslab/Ros2_predator-project_WS/install/predator_msgs' for CMake module files
[3.998s] Level 1:colcon.colcon_core.environment:checking '/home/roboticslab/Ros2_predator-project_WS/install/predator_msgs' for CMake config files
[3.998s] Level 1:colcon.colcon_core.shell:create_environment_hook('predator_msgs', 'cmake_prefix_path')
[3.999s] INFO:colcon.colcon_core.shell:Creating environment hook '/home/roboticslab/Ros2_predator-project_WS/install/predator_msgs/share/predator_msgs/hook/cmake_prefix_path.ps1'
[4.036s] INFO:colcon.colcon_core.shell:Creating environment descriptor '/home/roboticslab/Ros2_predator-project_WS/install/predator_msgs/share/predator_msgs/hook/cmake_prefix_path.dsv'
[4.078s] INFO:colcon.colcon_core.shell:Creating environment hook '/home/roboticslab/Ros2_predator-project_WS/install/predator_msgs/share/predator_msgs/hook/cmake_prefix_path.sh'
[4.133s] Level 1:colcon.colcon_core.environment:checking '/home/roboticslab/Ros2_predator-project_WS/install/predator_msgs/lib'
[4.134s] Level 1:colcon.colcon_core.shell:create_environment_hook('predator_msgs', 'ld_library_path_lib')
[4.135s] INFO:colcon.colcon_core.shell:Creating environment hook '/home/roboticslab/Ros2_predator-project_WS/install/predator_msgs/share/predator_msgs/hook/ld_library_path_lib.ps1'
[4.144s] INFO:colcon.colcon_core.shell:Creating environment descriptor '/home/roboticslab/Ros2_predator-project_WS/install/predator_msgs/share/predator_msgs/hook/ld_library_path_lib.dsv'
[4.152s] INFO:colcon.colcon_core.shell:Creating environment hook '/home/roboticslab/Ros2_predator-project_WS/install/predator_msgs/share/predator_msgs/hook/ld_library_path_lib.sh'
[4.155s] Level 1:colcon.colcon_core.environment:checking '/home/roboticslab/Ros2_predator-project_WS/install/predator_msgs/bin'
[4.155s] Level 1:colcon.colcon_core.environment:checking '/home/roboticslab/Ros2_predator-project_WS/install/predator_msgs/lib/pkgconfig/predator_msgs.pc'
[4.156s] Level 1:colcon.colcon_core.environment:checking '/home/roboticslab/Ros2_predator-project_WS/install/predator_msgs/lib/python3.12/site-packages'
[4.156s] Level 1:colcon.colcon_core.shell:create_environment_hook('predator_msgs', 'pythonpath')
[4.156s] INFO:colcon.colcon_core.shell:Creating environment hook '/home/roboticslab/Ros2_predator-project_WS/install/predator_msgs/share/predator_msgs/hook/pythonpath.ps1'
[4.160s] INFO:colcon.colcon_core.shell:Creating environment descriptor '/home/roboticslab/Ros2_predator-project_WS/install/predator_msgs/share/predator_msgs/hook/pythonpath.dsv'
[4.166s] INFO:colcon.colcon_core.shell:Creating environment hook '/home/roboticslab/Ros2_predator-project_WS/install/predator_msgs/share/predator_msgs/hook/pythonpath.sh'
[4.177s] Level 1:colcon.colcon_core.environment:checking '/home/roboticslab/Ros2_predator-project_WS/install/predator_msgs/bin'
[4.177s] INFO:colcon.colcon_core.shell:Creating package script '/home/roboticslab/Ros2_predator-project_WS/install/predator_msgs/share/predator_msgs/package.ps1'
[4.191s] INFO:colcon.colcon_core.shell:Creating package descriptor '/home/roboticslab/Ros2_predator-project_WS/install/predator_msgs/share/predator_msgs/package.dsv'
[4.218s] INFO:colcon.colcon_core.shell:Creating package script '/home/roboticslab/Ros2_predator-project_WS/install/predator_msgs/share/predator_msgs/package.sh'
[4.245s] INFO:colcon.colcon_core.shell:Creating package script '/home/roboticslab/Ros2_predator-project_WS/install/predator_msgs/share/predator_msgs/package.bash'
[4.279s] INFO:colcon.colcon_core.shell:Creating package script '/home/roboticslab/Ros2_predator-project_WS/install/predator_msgs/share/predator_msgs/package.zsh'
[4.333s] Level 1:colcon.colcon_core.environment:create_file_with_runtime_dependencies(/home/roboticslab/Ros2_predator-project_WS/install/predator_msgs/share/colcon-core/packages/predator_msgs)
[4.337s] Level 1:colcon.colcon_core.environment:create_environment_scripts_only(predator_msgs)
[4.338s] Level 1:colcon.colcon_core.environment:checking '/home/roboticslab/Ros2_predator-project_WS/install/predator_msgs' for CMake module files
[4.342s] Level 1:colcon.colcon_core.environment:checking '/home/roboticslab/Ros2_predator-project_WS/install/predator_msgs' for CMake config files
[4.346s] Level 1:colcon.colcon_core.shell:create_environment_hook('predator_msgs', 'cmake_prefix_path')
[4.347s] INFO:colcon.colcon_core.shell:Creating environment hook '/home/roboticslab/Ros2_predator-project_WS/install/predator_msgs/share/predator_msgs/hook/cmake_prefix_path.ps1'
[4.352s] INFO:colcon.colcon_core.shell:Creating environment descriptor '/home/roboticslab/Ros2_predator-project_WS/install/predator_msgs/share/predator_msgs/hook/cmake_prefix_path.dsv'
[4.357s] INFO:colcon.colcon_core.shell:Creating environment hook '/home/roboticslab/Ros2_predator-project_WS/install/predator_msgs/share/predator_msgs/hook/cmake_prefix_path.sh'
[4.361s] Level 1:colcon.colcon_core.environment:checking '/home/roboticslab/Ros2_predator-project_WS/install/predator_msgs/lib'
[4.362s] Level 1:colcon.colcon_core.shell:create_environment_hook('predator_msgs', 'ld_library_path_lib')
[4.363s] INFO:colcon.colcon_core.shell:Creating environment hook '/home/roboticslab/Ros2_predator-project_WS/install/predator_msgs/share/predator_msgs/hook/ld_library_path_lib.ps1'
[4.371s] INFO:colcon.colcon_core.shell:Creating environment descriptor '/home/roboticslab/Ros2_predator-project_WS/install/predator_msgs/share/predator_msgs/hook/ld_library_path_lib.dsv'
[4.379s] INFO:colcon.colcon_core.shell:Creating environment hook '/home/roboticslab/Ros2_predator-project_WS/install/predator_msgs/share/predator_msgs/hook/ld_library_path_lib.sh'
[4.386s] Level 1:colcon.colcon_core.environment:checking '/home/roboticslab/Ros2_predator-project_WS/install/predator_msgs/bin'
[4.386s] Level 1:colcon.colcon_core.environment:checking '/home/roboticslab/Ros2_predator-project_WS/install/predator_msgs/lib/pkgconfig/predator_msgs.pc'
[4.386s] Level 1:colcon.colcon_core.environment:checking '/home/roboticslab/Ros2_predator-project_WS/install/predator_msgs/lib/python3.12/site-packages'
[4.386s] Level 1:colcon.colcon_core.shell:create_environment_hook('predator_msgs', 'pythonpath')
[4.387s] INFO:colcon.colcon_core.shell:Creating environment hook '/home/roboticslab/Ros2_predator-project_WS/install/predator_msgs/share/predator_msgs/hook/pythonpath.ps1'
[4.394s] INFO:colcon.colcon_core.shell:Creating environment descriptor '/home/roboticslab/Ros2_predator-project_WS/install/predator_msgs/share/predator_msgs/hook/pythonpath.dsv'
[4.406s] INFO:colcon.colcon_core.shell:Creating environment hook '/home/roboticslab/Ros2_predator-project_WS/install/predator_msgs/share/predator_msgs/hook/pythonpath.sh'
[4.413s] Level 1:colcon.colcon_core.environment:checking '/home/roboticslab/Ros2_predator-project_WS/install/predator_msgs/bin'
[4.414s] INFO:colcon.colcon_core.shell:Creating package script '/home/roboticslab/Ros2_predator-project_WS/install/predator_msgs/share/predator_msgs/package.ps1'
[4.433s] INFO:colcon.colcon_core.shell:Creating package descriptor '/home/roboticslab/Ros2_predator-project_WS/install/predator_msgs/share/predator_msgs/package.dsv'
[4.438s] INFO:colcon.colcon_core.shell:Creating package script '/home/roboticslab/Ros2_predator-project_WS/install/predator_msgs/share/predator_msgs/package.sh'
[4.448s] INFO:colcon.colcon_core.shell:Creating package script '/home/roboticslab/Ros2_predator-project_WS/install/predator_msgs/share/predator_msgs/package.bash'
[4.456s] INFO:colcon.colcon_core.shell:Creating package script '/home/roboticslab/Ros2_predator-project_WS/install/predator_msgs/share/predator_msgs/package.zsh'
[4.462s] Level 1:colcon.colcon_core.environment:create_file_with_runtime_dependencies(/home/roboticslab/Ros2_predator-project_WS/install/predator_msgs/share/colcon-core/packages/predator_msgs)
[4.471s] INFO:colcon.colcon_ros.task.ament_python.build:Building ROS package in '/home/roboticslab/Ros2_predator-project_WS/src/predator_behavior' with build type 'ament_python'
[4.471s] Level 1:colcon.colcon_core.shell:create_environment_hook('predator_behavior', 'ament_prefix_path')
[4.471s] INFO:colcon.colcon_core.shell:Creating environment hook '/home/roboticslab/Ros2_predator-project_WS/install/predator_behavior/share/predator_behavior/hook/ament_prefix_path.ps1'
[4.479s] INFO:colcon.colcon_core.shell:Creating environment descriptor '/home/roboticslab/Ros2_predator-project_WS/install/predator_behavior/share/predator_behavior/hook/ament_prefix_path.dsv'
[4.490s] INFO:colcon.colcon_core.shell:Creating environment hook '/home/roboticslab/Ros2_predator-project_WS/install/predator_behavior/share/predator_behavior/hook/ament_prefix_path.sh'
[4.498s] INFO:colcon.colcon_core.shell:Skip shell extension 'powershell' for command environment: Not usable outside of PowerShell
[4.498s] DEBUG:colcon.colcon_core.shell:Skip shell extension 'dsv' for command environment
[4.547s] INFO:colcon.colcon_ros.task.ament_python.build:Building ROS package in '/home/roboticslab/Ros2_predator-project_WS/src/predator_manipulation' with build type 'ament_python'
[4.547s] Level 1:colcon.colcon_core.shell:create_environment_hook('predator_manipulation', 'ament_prefix_path')
[4.548s] INFO:colcon.colcon_core.shell:Creating environment hook '/home/roboticslab/Ros2_predator-project_WS/install/predator_manipulation/share/predator_manipulation/hook/ament_prefix_path.ps1'
[4.556s] INFO:colcon.colcon_core.shell:Creating environment descriptor '/home/roboticslab/Ros2_predator-project_WS/install/predator_manipulation/share/predator_manipulation/hook/ament_prefix_path.dsv'
[4.563s] INFO:colcon.colcon_core.shell:Creating environment hook '/home/roboticslab/Ros2_predator-project_WS/install/predator_manipulation/share/predator_manipulation/hook/ament_prefix_path.sh'
[4.572s] INFO:colcon.colcon_core.shell:Skip shell extension 'powershell' for command environment: Not usable outside of PowerShell
[4.572s] DEBUG:colcon.colcon_core.shell:Skip shell extension 'dsv' for command environment
[4.583s] INFO:colcon.colcon_ros.task.ament_python.build:Building ROS package in '/home/roboticslab/Ros2_predator-project_WS/src/predator_navigation' with build type 'ament_python'
[4.584s] Level 1:colcon.colcon_core.shell:create_environment_hook('predator_navigation', 'ament_prefix_path')
[4.584s] INFO:colcon.colcon_core.shell:Creating environment hook '/home/roboticslab/Ros2_predator-project_WS/install/predator_navigation/share/predator_navigation/hook/ament_prefix_path.ps1'
[4.589s] INFO:colcon.colcon_core.shell:Creating environment descriptor '/home/roboticslab/Ros2_predator-project_WS/install/predator_navigation/share/predator_navigation/hook/ament_prefix_path.dsv'
[4.599s] INFO:colcon.colcon_core.shell:Creating environment hook '/home/roboticslab/Ros2_predator-project_WS/install/predator_navigation/share/predator_navigation/hook/ament_prefix_path.sh'
[4.610s] INFO:colcon.colcon_core.shell:Skip shell extension 'powershell' for command environment: Not usable outside of PowerShell
[4.610s] DEBUG:colcon.colcon_core.shell:Skip shell extension 'dsv' for command environment
[4.634s] INFO:colcon.colcon_ros.task.ament_python.build:Building ROS package in '/home/roboticslab/Ros2_predator-project_WS/src/predator_perception' with build type 'ament_python'
[4.634s] Level 1:colcon.colcon_core.shell:create_environment_hook('predator_perception', 'ament_prefix_path')
[4.634s] INFO:colcon.colcon_core.shell:Creating environment hook '/home/roboticslab/Ros2_predator-project_WS/install/predator_perception/share/predator_perception/hook/ament_prefix_path.ps1'
[4.695s] INFO:colcon.colcon_core.shell:Creating environment descriptor '/home/roboticslab/Ros2_predator-project_WS/install/predator_perception/share/predator_perception/hook/ament_prefix_path.dsv'
[4.748s] INFO:colcon.colcon_core.shell:Creating environment hook '/home/roboticslab/Ros2_predator-project_WS/install/predator_perception/share/predator_perception/hook/ament_prefix_path.sh'
[4.777s] INFO:colcon.colcon_core.shell:Skip shell extension 'powershell' for command environment: Not usable outside of PowerShell
[4.777s] DEBUG:colcon.colcon_core.shell:Skip shell extension 'dsv' for command environment
[5.167s] INFO:colcon.colcon_core.task.python.build:Building Python package in '/home/roboticslab/Ros2_predator-project_WS/src/predator_behavior'
[5.168s] INFO:colcon.colcon_core.shell:Skip shell extension 'powershell' for command environment: Not usable outside of PowerShell
[5.168s] DEBUG:colcon.colcon_core.shell:Skip shell extension 'dsv' for command environment
[5.542s] INFO:colcon.colcon_core.task.python.build:Building Python package in '/home/roboticslab/Ros2_predator-project_WS/src/predator_manipulation'
[5.542s] INFO:colcon.colcon_core.shell:Skip shell extension 'powershell' for command environment: Not usable outside of PowerShell
[5.543s] DEBUG:colcon.colcon_core.shell:Skip shell extension 'dsv' for command environment
[5.986s] INFO:colcon.colcon_core.task.python.build:Building Python package in '/home/roboticslab/Ros2_predator-project_WS/src/predator_navigation'
[5.986s] INFO:colcon.colcon_core.shell:Skip shell extension 'powershell' for command environment: Not usable outside of PowerShell
[5.986s] DEBUG:colcon.colcon_core.shell:Skip shell extension 'dsv' for command environment
[6.351s] INFO:colcon.colcon_core.task.python.build:Building Python package in '/home/roboticslab/Ros2_predator-project_WS/src/predator_perception'
[6.351s] INFO:colcon.colcon_core.shell:Skip shell extension 'powershell' for command environment: Not usable outside of PowerShell
[6.351s] DEBUG:colcon.colcon_core.shell:Skip shell extension 'dsv' for command environment
[50.623s] DEBUG:colcon.colcon_core.event_handler.log_command:Invoking command in '/home/roboticslab/Ros2_predator-project_WS/src/predator_navigation': DEBUGINFOD_URLS=https://debuginfod.ubuntu.com PYTHONPATH=/home/roboticslab/Ros2_predator-project_WS/build/predator_navigation/prefix_override:/usr/lib/python3/dist-packages/colcon_core/task/python/colcon_distutils_commands:/home/roboticslab/Ros2_predator-project_WS/install/predator_navigation/lib/python3.12/site-packages:/home/roboticslab/Ros2_predator-project_WS/install/predator_msgs/lib/python3.12/site-packages:/home/roboticslab/Ros2_predator-project_WS/install/predator_bringup/lib/python3.12/site-packages:/home/roboticslab/Ros2_predator-project_WS/install/predator_perception/lib/python3.12/site-packages:/home/roboticslab/Ros2_predator-project_WS/install/predator_navigation/lib/python3.12/site-packages:/home/roboticslab/Ros2_predator-project_WS/install/predator_manipulation/lib/python3.12/site-packages:/home/roboticslab/Ros2_predator-project_WS/install/predator_behavior/lib/python3.12/site-packages:/home/roboticslab/ros2_ws/install/moveit_task_constructor_core/lib/python3.12/site-packages:/home/roboticslab/ros2_ws/install/roboChef/lib/python3.12/site-packages:/home/roboticslab/ros2_ws/install/moveit_task_constructor_msgs/lib/python3.12/site-packages:/home/roboticslab/ros2_ws/install/moveit_py/lib/python3.12/site-packages:/home/roboticslab/ros2_ws/install/moveit_msgs/lib/python3.12/site-packages:/home/roboticslab/ros2_ws/build/moveit_configs_utils:/home/roboticslab/ros2_ws/install/moveit_configs_utils/lib/python3.12/site-packages:/opt/ros/kilted/lib/python3.12/site-packages /usr/bin/python3 -W ignore:setup.py install is deprecated -W ignore:easy_install command is deprecated setup.py egg_info --egg-base ../../build/predator_navigation build --build-base /home/roboticslab/Ros2_predator-project_WS/build/predator_navigation/build install --record /home/roboticslab/Ros2_predator-project_WS/build/predator_navigation/install.log --single-version-externally-managed install_data
[50.641s] DEBUG:colcon.colcon_core.event_handler.log_command:Invoking command in '/home/roboticslab/Ros2_predator-project_WS/src/predator_behavior': DEBUGINFOD_URLS=https://debuginfod.ubuntu.com PYTHONPATH=/home/roboticslab/Ros2_predator-project_WS/build/predator_behavior/prefix_override:/usr/lib/python3/dist-packages/colcon_core/task/python/colcon_distutils_commands:/home/roboticslab/Ros2_predator-project_WS/install/predator_behavior/lib/python3.12/site-packages:/home/roboticslab/Ros2_predator-project_WS/install/predator_msgs/lib/python3.12/site-packages:/home/roboticslab/Ros2_predator-project_WS/install/predator_bringup/lib/python3.12/site-packages:/home/roboticslab/Ros2_predator-project_WS/install/predator_perception/lib/python3.12/site-packages:/home/roboticslab/Ros2_predator-project_WS/install/predator_navigation/lib/python3.12/site-packages:/home/roboticslab/Ros2_predator-project_WS/install/predator_manipulation/lib/python3.12/site-packages:/home/roboticslab/Ros2_predator-project_WS/install/predator_behavior/lib/python3.12/site-packages:/home/roboticslab/ros2_ws/install/moveit_task_constructor_core/lib/python3.12/site-packages:/home/roboticslab/ros2_ws/install/roboChef/lib/python3.12/site-packages:/home/roboticslab/ros2_ws/install/moveit_task_constructor_msgs/lib/python3.12/site-packages:/home/roboticslab/ros2_ws/install/moveit_py/lib/python3.12/site-packages:/home/roboticslab/ros2_ws/install/moveit_msgs/lib/python3.12/site-packages:/home/roboticslab/ros2_ws/build/moveit_configs_utils:/home/roboticslab/ros2_ws/install/moveit_configs_utils/lib/python3.12/site-packages:/opt/ros/kilted/lib/python3.12/site-packages /usr/bin/python3 -W ignore:setup.py install is deprecated -W ignore:easy_install command is deprecated setup.py egg_info --egg-base ../../build/predator_behavior build --build-base /home/roboticslab/Ros2_predator-project_WS/build/predator_behavior/build install --record /home/roboticslab/Ros2_predator-project_WS/build/predator_behavior/install.log --single-version-externally-managed install_data
[50.647s] DEBUG:colcon.colcon_core.event_handler.log_command:Invoking command in '/home/roboticslab/Ros2_predator-project_WS/src/predator_manipulation': DEBUGINFOD_URLS=https://debuginfod.ubuntu.com PYTHONPATH=/home/roboticslab/Ros2_predator-project_WS/build/predator_manipulation/prefix_override:/usr/lib/python3/dist-packages/colcon_core/task/python/colcon_distutils_commands:/home/roboticslab/Ros2_predator-project_WS/install/predator_manipulation/lib/python3.12/site-packages:/home/roboticslab/Ros2_predator-project_WS/install/predator_msgs/lib/python3.12/site-packages:/home/roboticslab/Ros2_predator-project_WS/install/predator_bringup/lib/python3.12/site-packages:/home/roboticslab/Ros2_predator-project_WS/install/predator_perception/lib/python3.12/site-packages:/home/roboticslab/Ros2_predator-project_WS/install/predator_navigation/lib/python3.12/site-packages:/home/roboticslab/Ros2_predator-project_WS/install/predator_manipulation/lib/python3.12/site-packages:/home/roboticslab/Ros2_predator-project_WS/install/predator_behavior/lib/python3.12/site-packages:/home/roboticslab/ros2_ws/install/moveit_task_constructor_core/lib/python3.12/site-packages:/home/roboticslab/ros2_ws/install/roboChef/lib/python3.12/site-packages:/home/roboticslab/ros2_ws/install/moveit_task_constructor_msgs/lib/python3.12/site-packages:/home/roboticslab/ros2_ws/install/moveit_py/lib/python3.12/site-packages:/home/roboticslab/ros2_ws/install/moveit_msgs/lib/python3.12/site-packages:/home/roboticslab/ros2_ws/build/moveit_configs_utils:/home/roboticslab/ros2_ws/install/moveit_configs_utils/lib/python3.12/site-packages:/opt/ros/kilted/lib/python3.12/site-packages /usr/bin/python3 -W ignore:setup.py install is deprecated -W ignore:easy_install command is deprecated setup.py egg_info --egg-base ../../build/predator_manipulation build --build-base /home/roboticslab/Ros2_predator-project_WS/build/predator_manipulation/build install --record /home/roboticslab/Ros2_predator-project_WS/build/predator_manipulation/install.log --single-version-externally-managed install_data
[50.687s] DEBUG:colcon.colcon_core.event_handler.log_command:Invoking command in '/home/roboticslab/Ros2_predator-project_WS/src/predator_perception': DEBUGINFOD_URLS=https://debuginfod.ubuntu.com PYTHONPATH=/home/roboticslab/Ros2_predator-project_WS/build/predator_perception/prefix_override:/usr/lib/python3/dist-packages/colcon_core/task/python/colcon_distutils_commands:/home/roboticslab/Ros2_predator-project_WS/install/predator_perception/lib/python3.12/site-packages:/home/roboticslab/Ros2_predator-project_WS/install/predator_msgs/lib/python3.12/site-packages:/home/roboticslab/Ros2_predator-project_WS/install/predator_bringup/lib/python3.12/site-packages:/home/roboticslab/Ros2_predator-project_WS/install/predator_perception/lib/python3.12/site-packages:/home/roboticslab/Ros2_predator-project_WS/install/predator_navigation/lib/python3.12/site-packages:/home/roboticslab/Ros2_predator-project_WS/install/predator_manipulation/lib/python3.12/site-packages:/home/roboticslab/Ros2_predator-project_WS/install/predator_behavior/lib/python3.12/site-packages:/home/roboticslab/ros2_ws/install/moveit_task_constructor_core/lib/python3.12/site-packages:/home/roboticslab/ros2_ws/install/roboChef/lib/python3.12/site-packages:/home/roboticslab/ros2_ws/install/moveit_task_constructor_msgs/lib/python3.12/site-packages:/home/roboticslab/ros2_ws/install/moveit_py/lib/python3.12/site-packages:/home/roboticslab/ros2_ws/install/moveit_msgs/lib/python3.12/site-packages:/home/roboticslab/ros2_ws/build/moveit_configs_utils:/home/roboticslab/ros2_ws/install/moveit_configs_utils/lib/python3.12/site-packages:/opt/ros/kilted/lib/python3.12/site-packages /usr/bin/python3 -W ignore:setup.py install is deprecated -W ignore:easy_install command is deprecated setup.py egg_info --egg-base ../../build/predator_perception build --build-base /home/roboticslab/Ros2_predator-project_WS/build/predator_perception/build install --record /home/roboticslab/Ros2_predator-project_WS/build/predator_perception/install.log --single-version-externally-managed install_data
[53.116s] Level 1:colcon.colcon_core.environment:checking '/home/roboticslab/Ros2_predator-project_WS/install/predator_navigation' for CMake module files
[53.118s] DEBUG:colcon.colcon_core.event_handler.log_command:Invoked command in '/home/roboticslab/Ros2_predator-project_WS/src/predator_navigation' returned '0': DEBUGINFOD_URLS=https://debuginfod.ubuntu.com PYTHONPATH=/home/roboticslab/Ros2_predator-project_WS/build/predator_navigation/prefix_override:/usr/lib/python3/dist-packages/colcon_core/task/python/colcon_distutils_commands:/home/roboticslab/Ros2_predator-project_WS/install/predator_navigation/lib/python3.12/site-packages:/home/roboticslab/Ros2_predator-project_WS/install/predator_msgs/lib/python3.12/site-packages:/home/roboticslab/Ros2_predator-project_WS/install/predator_bringup/lib/python3.12/site-packages:/home/roboticslab/Ros2_predator-project_WS/install/predator_perception/lib/python3.12/site-packages:/home/roboticslab/Ros2_predator-project_WS/install/predator_navigation/lib/python3.12/site-packages:/home/roboticslab/Ros2_predator-project_WS/install/predator_manipulation/lib/python3.12/site-packages:/home/roboticslab/Ros2_predator-project_WS/install/predator_behavior/lib/python3.12/site-packages:/home/roboticslab/ros2_ws/install/moveit_task_constructor_core/lib/python3.12/site-packages:/home/roboticslab/ros2_ws/install/roboChef/lib/python3.12/site-packages:/home/roboticslab/ros2_ws/install/moveit_task_constructor_msgs/lib/python3.12/site-packages:/home/roboticslab/ros2_ws/install/moveit_py/lib/python3.12/site-packages:/home/roboticslab/ros2_ws/install/moveit_msgs/lib/python3.12/site-packages:/home/roboticslab/ros2_ws/build/moveit_configs_utils:/home/roboticslab/ros2_ws/install/moveit_configs_utils/lib/python3.12/site-packages:/opt/ros/kilted/lib/python3.12/site-packages /usr/bin/python3 -W ignore:setup.py install is deprecated -W ignore:easy_install command is deprecated setup.py egg_info --egg-base ../../build/predator_navigation build --build-base /home/roboticslab/Ros2_predator-project_WS/build/predator_navigation/build install --record /home/roboticslab/Ros2_predator-project_WS/build/predator_navigation/install.log --single-version-externally-managed install_data
[53.119s] Level 1:colcon.colcon_core.environment:checking '/home/roboticslab/Ros2_predator-project_WS/install/predator_navigation' for CMake config files
[53.120s] Level 1:colcon.colcon_core.environment:checking '/home/roboticslab/Ros2_predator-project_WS/install/predator_navigation/lib'
[53.120s] Level 1:colcon.colcon_core.environment:checking '/home/roboticslab/Ros2_predator-project_WS/install/predator_navigation/bin'
[53.120s] Level 1:colcon.colcon_core.environment:checking '/home/roboticslab/Ros2_predator-project_WS/install/predator_navigation/lib/pkgconfig/predator_navigation.pc'
[53.121s] Level 1:colcon.colcon_core.environment:checking '/home/roboticslab/Ros2_predator-project_WS/install/predator_navigation/lib/python3.12/site-packages'
[53.121s] Level 1:colcon.colcon_core.shell:create_environment_hook('predator_navigation', 'pythonpath')
[53.121s] INFO:colcon.colcon_core.shell:Creating environment hook '/home/roboticslab/Ros2_predator-project_WS/install/predator_navigation/share/predator_navigation/hook/pythonpath.ps1'
[53.144s] INFO:colcon.colcon_core.shell:Creating environment descriptor '/home/roboticslab/Ros2_predator-project_WS/install/predator_navigation/share/predator_navigation/hook/pythonpath.dsv'
[53.150s] INFO:colcon.colcon_core.shell:Creating environment hook '/home/roboticslab/Ros2_predator-project_WS/install/predator_navigation/share/predator_navigation/hook/pythonpath.sh'
[53.155s] Level 1:colcon.colcon_core.environment:checking '/home/roboticslab/Ros2_predator-project_WS/install/predator_navigation/bin'
[53.155s] Level 1:colcon.colcon_core.environment:create_environment_scripts_only(predator_navigation)
[53.155s] INFO:colcon.colcon_core.shell:Creating package script '/home/roboticslab/Ros2_predator-project_WS/install/predator_navigation/share/predator_navigation/package.ps1'
[53.161s] INFO:colcon.colcon_core.shell:Creating package descriptor '/home/roboticslab/Ros2_predator-project_WS/install/predator_navigation/share/predator_navigation/package.dsv'
[53.170s] INFO:colcon.colcon_core.shell:Creating package script '/home/roboticslab/Ros2_predator-project_WS/install/predator_navigation/share/predator_navigation/package.sh'
[53.179s] INFO:colcon.colcon_core.shell:Creating package script '/home/roboticslab/Ros2_predator-project_WS/install/predator_navigation/share/predator_navigation/package.bash'
[53.183s] INFO:colcon.colcon_core.shell:Creating package script '/home/roboticslab/Ros2_predator-project_WS/install/predator_navigation/share/predator_navigation/package.zsh'
[53.241s] Level 1:colcon.colcon_core.environment:create_file_with_runtime_dependencies(/home/roboticslab/Ros2_predator-project_WS/install/predator_navigation/share/colcon-core/packages/predator_navigation)
[53.261s] Level 1:colcon.colcon_core.environment:checking '/home/roboticslab/Ros2_predator-project_WS/install/predator_perception' for CMake module files
[53.264s] DEBUG:colcon.colcon_core.event_handler.log_command:Invoked command in '/home/roboticslab/Ros2_predator-project_WS/src/predator_perception' returned '0': DEBUGINFOD_URLS=https://debuginfod.ubuntu.com PYTHONPATH=/home/roboticslab/Ros2_predator-project_WS/build/predator_perception/prefix_override:/usr/lib/python3/dist-packages/colcon_core/task/python/colcon_distutils_commands:/home/roboticslab/Ros2_predator-project_WS/install/predator_perception/lib/python3.12/site-packages:/home/roboticslab/Ros2_predator-project_WS/install/predator_msgs/lib/python3.12/site-packages:/home/roboticslab/Ros2_predator-project_WS/install/predator_bringup/lib/python3.12/site-packages:/home/roboticslab/Ros2_predator-project_WS/install/predator_perception/lib/python3.12/site-packages:/home/roboticslab/Ros2_predator-project_WS/install/predator_navigation/lib/python3.12/site-packages:/home/roboticslab/Ros2_predator-project_WS/install/predator_manipulation/lib/python3.12/site-packages:/home/roboticslab/Ros2_predator-project_WS/install/predator_behavior/lib/python3.12/site-packages:/home/roboticslab/ros2_ws/install/moveit_task_constructor_core/lib/python3.12/site-packages:/home/roboticslab/ros2_ws/install/roboChef/lib/python3.12/site-packages:/home/roboticslab/ros2_ws/install/moveit_task_constructor_msgs/lib/python3.12/site-packages:/home/roboticslab/ros2_ws/install/moveit_py/lib/python3.12/site-packages:/home/roboticslab/ros2_ws/install/moveit_msgs/lib/python3.12/site-packages:/home/roboticslab/ros2_ws/build/moveit_configs_utils:/home/roboticslab/ros2_ws/install/moveit_configs_utils/lib/python3.12/site-packages:/opt/ros/kilted/lib/python3.12/site-packages /usr/bin/python3 -W ignore:setup.py install is deprecated -W ignore:easy_install command is deprecated setup.py egg_info --egg-base ../../build/predator_perception build --build-base /home/roboticslab/Ros2_predator-project_WS/build/predator_perception/build install --record /home/roboticslab/Ros2_predator-project_WS/build/predator_perception/install.log --single-version-externally-managed install_data
[53.266s] Level 1:colcon.colcon_core.environment:checking '/home/roboticslab/Ros2_predator-project_WS/install/predator_perception' for CMake config files
[53.269s] Level 1:colcon.colcon_core.environment:checking '/home/roboticslab/Ros2_predator-project_WS/install/predator_perception/lib'
[53.269s] Level 1:colcon.colcon_core.environment:checking '/home/roboticslab/Ros2_predator-project_WS/install/predator_perception/bin'
[53.270s] Level 1:colcon.colcon_core.environment:checking '/home/roboticslab/Ros2_predator-project_WS/install/predator_perception/lib/pkgconfig/predator_perception.pc'
[53.271s] Level 1:colcon.colcon_core.environment:checking '/home/roboticslab/Ros2_predator-project_WS/install/predator_perception/lib/python3.12/site-packages'
[53.271s] Level 1:colcon.colcon_core.shell:create_environment_hook('predator_perception', 'pythonpath')
[53.272s] INFO:colcon.colcon_core.shell:Creating environment hook '/home/roboticslab/Ros2_predator-project_WS/install/predator_perception/share/predator_perception/hook/pythonpath.ps1'
[53.290s] INFO:colcon.colcon_core.shell:Creating environment descriptor '/home/roboticslab/Ros2_predator-project_WS/install/predator_perception/share/predator_perception/hook/pythonpath.dsv'
[53.305s] INFO:colcon.colcon_core.shell:Creating environment hook '/home/roboticslab/Ros2_predator-project_WS/install/predator_perception/share/predator_perception/hook/pythonpath.sh'
[53.312s] Level 1:colcon.colcon_core.environment:checking '/home/roboticslab/Ros2_predator-project_WS/install/predator_perception/bin'
[53.312s] Level 1:colcon.colcon_core.environment:create_environment_scripts_only(predator_perception)
[53.313s] INFO:colcon.colcon_core.shell:Creating package script '/home/roboticslab/Ros2_predator-project_WS/install/predator_perception/share/predator_perception/package.ps1'
[53.321s] INFO:colcon.colcon_core.shell:Creating package descriptor '/home/roboticslab/Ros2_predator-project_WS/install/predator_perception/share/predator_perception/package.dsv'
[53.332s] INFO:colcon.colcon_core.shell:Creating package script '/home/roboticslab/Ros2_predator-project_WS/install/predator_perception/share/predator_perception/package.sh'
[53.341s] INFO:colcon.colcon_core.shell:Creating package script '/home/roboticslab/Ros2_predator-project_WS/install/predator_perception/share/predator_perception/package.bash'
[53.351s] INFO:colcon.colcon_core.shell:Creating package script '/home/roboticslab/Ros2_predator-project_WS/install/predator_perception/share/predator_perception/package.zsh'
[53.360s] Level 1:colcon.colcon_core.environment:create_file_with_runtime_dependencies(/home/roboticslab/Ros2_predator-project_WS/install/predator_perception/share/colcon-core/packages/predator_perception)
[53.365s] Level 1:colcon.colcon_core.environment:checking '/home/roboticslab/Ros2_predator-project_WS/install/predator_manipulation' for CMake module files
[53.370s] Level 1:colcon.colcon_core.environment:checking '/home/roboticslab/Ros2_predator-project_WS/install/predator_manipulation' for CMake config files
[53.374s] Level 1:colcon.colcon_core.environment:checking '/home/roboticslab/Ros2_predator-project_WS/install/predator_manipulation/lib'
[53.374s] Level 1:colcon.colcon_core.environment:checking '/home/roboticslab/Ros2_predator-project_WS/install/predator_manipulation/bin'
[53.375s] Level 1:colcon.colcon_core.environment:checking '/home/roboticslab/Ros2_predator-project_WS/install/predator_manipulation/lib/pkgconfig/predator_manipulation.pc'
[53.377s] DEBUG:colcon.colcon_core.event_handler.log_command:Invoked command in '/home/roboticslab/Ros2_predator-project_WS/src/predator_manipulation' returned '0': DEBUGINFOD_URLS=https://debuginfod.ubuntu.com PYTHONPATH=/home/roboticslab/Ros2_predator-project_WS/build/predator_manipulation/prefix_override:/usr/lib/python3/dist-packages/colcon_core/task/python/colcon_distutils_commands:/home/roboticslab/Ros2_predator-project_WS/install/predator_manipulation/lib/python3.12/site-packages:/home/roboticslab/Ros2_predator-project_WS/install/predator_msgs/lib/python3.12/site-packages:/home/roboticslab/Ros2_predator-project_WS/install/predator_bringup/lib/python3.12/site-packages:/home/roboticslab/Ros2_predator-project_WS/install/predator_perception/lib/python3.12/site-packages:/home/roboticslab/Ros2_predator-project_WS/install/predator_navigation/lib/python3.12/site-packages:/home/roboticslab/Ros2_predator-project_WS/install/predator_manipulation/lib/python3.12/site-packages:/home/roboticslab/Ros2_predator-project_WS/install/predator_behavior/lib/python3.12/site-packages:/home/roboticslab/ros2_ws/install/moveit_task_constructor_core/lib/python3.12/site-packages:/home/roboticslab/ros2_ws/install/roboChef/lib/python3.12/site-packages:/home/roboticslab/ros2_ws/install/moveit_task_constructor_msgs/lib/python3.12/site-packages:/home/roboticslab/ros2_ws/install/moveit_py/lib/python3.12/site-packages:/home/roboticslab/ros2_ws/install/moveit_msgs/lib/python3.12/site-packages:/home/roboticslab/ros2_ws/build/moveit_configs_utils:/home/roboticslab/ros2_ws/install/moveit_configs_utils/lib/python3.12/site-packages:/opt/ros/kilted/lib/python3.12/site-packages /usr/bin/python3 -W ignore:setup.py install is deprecated -W ignore:easy_install command is deprecated setup.py egg_info --egg-base ../../build/predator_manipulation build --build-base /home/roboticslab/Ros2_predator-project_WS/build/predator_manipulation/build install --record /home/roboticslab/Ros2_predator-project_WS/build/predator_manipulation/install.log --single-version-externally-managed install_data
[53.378s] Level 1:colcon.colcon_core.environment:checking '/home/roboticslab/Ros2_predator-project_WS/install/predator_manipulation/lib/python3.12/site-packages'
[53.379s] Level 1:colcon.colcon_core.shell:create_environment_hook('predator_manipulation', 'pythonpath')
[53.380s] INFO:colcon.colcon_core.shell:Creating environment hook '/home/roboticslab/Ros2_predator-project_WS/install/predator_manipulation/share/predator_manipulation/hook/pythonpath.ps1'
[53.387s] INFO:colcon.colcon_core.shell:Creating environment descriptor '/home/roboticslab/Ros2_predator-project_WS/install/predator_manipulation/share/predator_manipulation/hook/pythonpath.dsv'
[53.390s] INFO:colcon.colcon_core.shell:Creating environment hook '/home/roboticslab/Ros2_predator-project_WS/install/predator_manipulation/share/predator_manipulation/hook/pythonpath.sh'
[53.398s] Level 1:colcon.colcon_core.environment:checking '/home/roboticslab/Ros2_predator-project_WS/install/predator_manipulation/bin'
[53.398s] Level 1:colcon.colcon_core.environment:create_environment_scripts_only(predator_manipulation)
[53.400s] INFO:colcon.colcon_core.shell:Creating package script '/home/roboticslab/Ros2_predator-project_WS/install/predator_manipulation/share/predator_manipulation/package.ps1'
[53.404s] INFO:colcon.colcon_core.shell:Creating package descriptor '/home/roboticslab/Ros2_predator-project_WS/install/predator_manipulation/share/predator_manipulation/package.dsv'
[53.409s] INFO:colcon.colcon_core.shell:Creating package script '/home/roboticslab/Ros2_predator-project_WS/install/predator_manipulation/share/predator_manipulation/package.sh'
[53.421s] INFO:colcon.colcon_core.shell:Creating package script '/home/roboticslab/Ros2_predator-project_WS/install/predator_manipulation/share/predator_manipulation/package.bash'
[53.445s] INFO:colcon.colcon_core.shell:Creating package script '/home/roboticslab/Ros2_predator-project_WS/install/predator_manipulation/share/predator_manipulation/package.zsh'
[53.451s] Level 1:colcon.colcon_core.environment:create_file_with_runtime_dependencies(/home/roboticslab/Ros2_predator-project_WS/install/predator_manipulation/share/colcon-core/packages/predator_manipulation)
[53.462s] Level 1:colcon.colcon_core.environment:checking '/home/roboticslab/Ros2_predator-project_WS/install/predator_behavior' for CMake module files
[53.466s] Level 1:colcon.colcon_core.environment:checking '/home/roboticslab/Ros2_predator-project_WS/install/predator_behavior' for CMake config files
[53.468s] DEBUG:colcon.colcon_core.event_handler.log_command:Invoked command in '/home/roboticslab/Ros2_predator-project_WS/src/predator_behavior' returned '0': DEBUGINFOD_URLS=https://debuginfod.ubuntu.com PYTHONPATH=/home/roboticslab/Ros2_predator-project_WS/build/predator_behavior/prefix_override:/usr/lib/python3/dist-packages/colcon_core/task/python/colcon_distutils_commands:/home/roboticslab/Ros2_predator-project_WS/install/predator_behavior/lib/python3.12/site-packages:/home/roboticslab/Ros2_predator-project_WS/install/predator_msgs/lib/python3.12/site-packages:/home/roboticslab/Ros2_predator-project_WS/install/predator_bringup/lib/python3.12/site-packages:/home/roboticslab/Ros2_predator-project_WS/install/predator_perception/lib/python3.12/site-packages:/home/roboticslab/Ros2_predator-project_WS/install/predator_navigation/lib/python3.12/site-packages:/home/roboticslab/Ros2_predator-project_WS/install/predator_manipulation/lib/python3.12/site-packages:/home/roboticslab/Ros2_predator-project_WS/install/predator_behavior/lib/python3.12/site-packages:/home/roboticslab/ros2_ws/install/moveit_task_constructor_core/lib/python3.12/site-packages:/home/roboticslab/ros2_ws/install/roboChef/lib/python3.12/site-packages:/home/roboticslab/ros2_ws/install/moveit_task_constructor_msgs/lib/python3.12/site-packages:/home/roboticslab/ros2_ws/install/moveit_py/lib/python3.12/site-packages:/home/roboticslab/ros2_ws/install/moveit_msgs/lib/python3.12/site-packages:/home/roboticslab/ros2_ws/build/moveit_configs_utils:/home/roboticslab/ros2_ws/install/moveit_configs_utils/lib/python3.12/site-packages:/opt/ros/kilted/lib/python3.12/site-packages /usr/bin/python3 -W ignore:setup.py install is deprecated -W ignore:easy_install command is deprecated setup.py egg_info --egg-base ../../build/predator_behavior build --build-base /home/roboticslab/Ros2_predator-project_WS/build/predator_behavior/build install --record /home/roboticslab/Ros2_predator-project_WS/build/predator_behavior/install.log --single-version-externally-managed install_data
[53.471s] Level 1:colcon.colcon_core.environment:checking '/home/roboticslab/Ros2_predator-project_WS/install/predator_behavior/lib'
[53.472s] Level 1:colcon.colcon_core.environment:checking '/home/roboticslab/Ros2_predator-project_WS/install/predator_behavior/bin'
[53.472s] Level 1:colcon.colcon_core.environment:checking '/home/roboticslab/Ros2_predator-project_WS/install/predator_behavior/lib/pkgconfig/predator_behavior.pc'
[53.474s] Level 1:colcon.colcon_core.environment:checking '/home/roboticslab/Ros2_predator-project_WS/install/predator_behavior/lib/python3.12/site-packages'
[53.474s] Level 1:colcon.colcon_core.shell:create_environment_hook('predator_behavior', 'pythonpath')
[53.476s] INFO:colcon.colcon_core.shell:Creating environment hook '/home/roboticslab/Ros2_predator-project_WS/install/predator_behavior/share/predator_behavior/hook/pythonpath.ps1'
[53.480s] INFO:colcon.colcon_core.shell:Creating environment descriptor '/home/roboticslab/Ros2_predator-project_WS/install/predator_behavior/share/predator_behavior/hook/pythonpath.dsv'
[53.485s] INFO:colcon.colcon_core.shell:Creating environment hook '/home/roboticslab/Ros2_predator-project_WS/install/predator_behavior/share/predator_behavior/hook/pythonpath.sh'
[53.491s] Level 1:colcon.colcon_core.environment:checking '/home/roboticslab/Ros2_predator-project_WS/install/predator_behavior/bin'
[53.491s] Level 1:colcon.colcon_core.environment:create_environment_scripts_only(predator_behavior)
[53.492s] INFO:colcon.colcon_core.shell:Creating package script '/home/roboticslab/Ros2_predator-project_WS/install/predator_behavior/share/predator_behavior/package.ps1'
[53.501s] INFO:colcon.colcon_core.shell:Creating package descriptor '/home/roboticslab/Ros2_predator-project_WS/install/predator_behavior/share/predator_behavior/package.dsv'
[53.505s] INFO:colcon.colcon_core.shell:Creating package script '/home/roboticslab/Ros2_predator-project_WS/install/predator_behavior/share/predator_behavior/package.sh'
[53.508s] INFO:colcon.colcon_core.shell:Creating package script '/home/roboticslab/Ros2_predator-project_WS/install/predator_behavior/share/predator_behavior/package.bash'
[53.509s] INFO:colcon.colcon_core.shell:Creating package script '/home/roboticslab/Ros2_predator-project_WS/install/predator_behavior/share/predator_behavior/package.zsh'
[53.522s] Level 1:colcon.colcon_core.environment:create_file_with_runtime_dependencies(/home/roboticslab/Ros2_predator-project_WS/install/predator_behavior/share/colcon-core/packages/predator_behavior)
[53.523s] INFO:colcon.colcon_ros.task.ament_python.build:Building ROS package in '/home/roboticslab/Ros2_predator-project_WS/src/predator_bringup' with build type 'ament_python'
[53.523s] Level 1:colcon.colcon_core.shell:create_environment_hook('predator_bringup', 'ament_prefix_path')
[53.524s] INFO:colcon.colcon_core.shell:Creating environment hook '/home/roboticslab/Ros2_predator-project_WS/install/predator_bringup/share/predator_bringup/hook/ament_prefix_path.ps1'
[53.536s] INFO:colcon.colcon_core.shell:Creating environment descriptor '/home/roboticslab/Ros2_predator-project_WS/install/predator_bringup/share/predator_bringup/hook/ament_prefix_path.dsv'
[53.544s] INFO:colcon.colcon_core.shell:Creating environment hook '/home/roboticslab/Ros2_predator-project_WS/install/predator_bringup/share/predator_bringup/hook/ament_prefix_path.sh'
[53.547s] INFO:colcon.colcon_core.shell:Skip shell extension 'powershell' for command environment: Not usable outside of PowerShell
[53.547s] DEBUG:colcon.colcon_core.shell:Skip shell extension 'dsv' for command environment
[54.064s] INFO:colcon.colcon_core.task.python.build:Building Python package in '/home/roboticslab/Ros2_predator-project_WS/src/predator_bringup'
[54.065s] INFO:colcon.colcon_core.shell:Skip shell extension 'powershell' for command environment: Not usable outside of PowerShell
[54.065s] DEBUG:colcon.colcon_core.shell:Skip shell extension 'dsv' for command environment
[55.559s] DEBUG:colcon.colcon_core.event_handler.log_command:Invoking command in '/home/roboticslab/Ros2_predator-project_WS/src/predator_bringup': AMENT_PREFIX_PATH=/home/roboticslab/Ros2_predator-project_WS/install/predator_perception:/home/roboticslab/Ros2_predator-project_WS/install/predator_navigation:/home/roboticslab/Ros2_predator-project_WS/install/predator_manipulation:/home/roboticslab/Ros2_predator-project_WS/install/predator_behavior:/home/roboticslab/Ros2_predator-project_WS/install/predator_bringup:/home/roboticslab/Ros2_predator-project_WS/install/predator_msgs:/home/roboticslab/ros2_ws/install/usb_cam:/home/roboticslab/ros2_ws/install/ur_simulation_gz:/home/roboticslab/ros2_ws/install/robotiq_hardware_tests:/home/roboticslab/ros2_ws/install/robotiq_driver:/home/roboticslab/ros2_ws/install/serial:/home/roboticslab/ros2_ws/install/moveit2_tutorials:/home/roboticslab/ros2_ws/install/moveit_visual_tools:/home/roboticslab/ros2_ws/install/rviz_visual_tools:/home/roboticslab/ros2_ws/install/moveit_task_constructor_demo:/home/roboticslab/ros2_ws/install/moveit_task_constructor_visualization:/home/roboticslab/ros2_ws/install/moveit_task_constructor_capabilities:/home/roboticslab/ros2_ws/install/moveit_task_constructor_core:/home/roboticslab/ros2_ws/install/rviz_marker_tools:/home/roboticslab/ros2_ws/install/kortex_bringup:/home/roboticslab/ros2_ws/install/kinova_gen3_lite_moveit_config:/home/roboticslab/ros2_ws/install/kinova_gen3_7dof_robotiq_2f_85_moveit_config:/home/roboticslab/ros2_ws/install/kinova_gen3_6dof_robotiq_2f_85_moveit_config:/home/roboticslab/ros2_ws/install/kortex_description:/home/roboticslab/ros2_ws/install/robotiq_description:/home/roboticslab/ros2_ws/install/robotiq_controllers:/home/roboticslab/ros2_ws/install/roboChef:/home/roboticslab/ros2_ws/install/pilz_industrial_motion_planner_testutils:/home/roboticslab/ros2_ws/install/moveit_runtime:/home/roboticslab/ros2_ws/install/moveit:/home/roboticslab/ros2_ws/install/moveit_planners:/home/roboticslab/ros2_ws/install/pilz_industrial_motion_planner:/home/roboticslab/ros2_ws/install/moveit_task_constructor_msgs:/home/roboticslab/ros2_ws/install/moveit_ros_control_interface:/home/roboticslab/ros2_ws/install/moveit_plugins:/home/roboticslab/ros2_ws/install/moveit_simple_controller_manager:/home/roboticslab/ros2_ws/install/moveit_setup_assistant:/home/roboticslab/ros2_ws/install/moveit_setup_srdf_plugins:/home/roboticslab/ros2_ws/install/moveit_setup_core_plugins:/home/roboticslab/ros2_ws/install/moveit_setup_controllers:/home/roboticslab/ros2_ws/install/moveit_setup_app_plugins:/home/roboticslab/ros2_ws/install/moveit_setup_framework:/home/roboticslab/ros2_ws/install/moveit_servo:/home/roboticslab/ros2_ws/install/moveit_ros_trajectory_cache:/home/roboticslab/ros2_ws/install/moveit_ros:/home/roboticslab/ros2_ws/install/moveit_ros_visualization:/home/roboticslab/ros2_ws/install/moveit_py:/home/roboticslab/ros2_ws/install/moveit_hybrid_planning:/home/roboticslab/ros2_ws/install/moveit_ros_planning_interface:/home/roboticslab/ros2_ws/install/moveit_ros_benchmarks:/home/roboticslab/ros2_ws/install/moveit_ros_warehouse:/home/roboticslab/ros2_ws/install/moveit_ros_robot_interaction:/home/roboticslab/ros2_ws/install/moveit_ros_perception:/home/roboticslab/ros2_ws/install/moveit_resources_prbt_pg70_support:/home/roboticslab/ros2_ws/install/moveit_resources_prbt_moveit_config:/home/roboticslab/ros2_ws/install/moveit_ros_move_group:/home/roboticslab/ros2_ws/install/moveit_planners_ompl:/home/roboticslab/ros2_ws/install/moveit_kinematics:/home/roboticslab/ros2_ws/install/moveit_ros_planning:/home/roboticslab/ros2_ws/install/moveit_ros_occupancy_map_monitor:/home/roboticslab/ros2_ws/install/moveit_resources_prbt_support:/home/roboticslab/ros2_ws/install/moveit_resources_prbt_ikfast_manipulator_plugin:/home/roboticslab/ros2_ws/install/moveit_resources:/home/roboticslab/ros2_ws/install/moveit_resources_pr2_description:/home/roboticslab/ros2_ws/install/moveit_resources_panda_moveit_config:/home/roboticslab/ros2_ws/install/dual_arm_panda_moveit_config:/home/roboticslab/ros2_ws/install/moveit_resources_panda_description:/home/roboticslab/ros2_ws/install/moveit_resources_fanuc_moveit_config:/home/roboticslab/ros2_ws/install/moveit_resources_fanuc_description:/home/roboticslab/ros2_ws/install/moveit_planners_stomp:/home/roboticslab/ros2_ws/install/moveit_planners_chomp:/home/roboticslab/ros2_ws/install/chomp_motion_planner:/home/roboticslab/ros2_ws/install/moveit_core:/home/roboticslab/ros2_ws/install/moveit_msgs:/home/roboticslab/ros2_ws/install/moveit_configs_utils:/home/roboticslab/ros2_ws/install/moveit_common:/home/roboticslab/ros2_ws/install/kortex_driver:/home/roboticslab/ros2_ws/install/kortex_api:/opt/ros/kilted DEBUGINFOD_URLS=https://debuginfod.ubuntu.com PYTHONPATH=/home/roboticslab/Ros2_predator-project_WS/build/predator_bringup/prefix_override:/usr/lib/python3/dist-packages/colcon_core/task/python/colcon_distutils_commands:/home/roboticslab/Ros2_predator-project_WS/install/predator_bringup/lib/python3.12/site-packages:/home/roboticslab/Ros2_predator-project_WS/install/predator_perception/lib/python3.12/site-packages:/home/roboticslab/Ros2_predator-project_WS/install/predator_navigation/lib/python3.12/site-packages:/home/roboticslab/Ros2_predator-project_WS/install/predator_manipulation/lib/python3.12/site-packages:/home/roboticslab/Ros2_predator-project_WS/install/predator_behavior/lib/python3.12/site-packages:/home/roboticslab/Ros2_predator-project_WS/install/predator_msgs/lib/python3.12/site-packages:/home/roboticslab/Ros2_predator-project_WS/install/predator_bringup/lib/python3.12/site-packages:/home/roboticslab/ros2_ws/install/moveit_task_constructor_core/lib/python3.12/site-packages:/home/roboticslab/ros2_ws/install/roboChef/lib/python3.12/site-packages:/home/roboticslab/ros2_ws/install/moveit_task_constructor_msgs/lib/python3.12/site-packages:/home/roboticslab/ros2_ws/install/moveit_py/lib/python3.12/site-packages:/home/roboticslab/ros2_ws/install/moveit_msgs/lib/python3.12/site-packages:/home/roboticslab/ros2_ws/build/moveit_configs_utils:/home/roboticslab/ros2_ws/install/moveit_configs_utils/lib/python3.12/site-packages:/opt/ros/kilted/lib/python3.12/site-packages /usr/bin/python3 -W ignore:setup.py install is deprecated -W ignore:easy_install command is deprecated setup.py egg_info --egg-base ../../build/predator_bringup build --build-base /home/roboticslab/Ros2_predator-project_WS/build/predator_bringup/build install --record /home/roboticslab/Ros2_predator-project_WS/build/predator_bringup/install.log --single-version-externally-managed install_data
[56.643s] Level 1:colcon.colcon_core.environment:checking '/home/roboticslab/Ros2_predator-project_WS/install/predator_bringup' for CMake module files
[56.644s] DEBUG:colcon.colcon_core.event_handler.log_command:Invoked command in '/home/roboticslab/Ros2_predator-project_WS/src/predator_bringup' returned '0': AMENT_PREFIX_PATH=/home/roboticslab/Ros2_predator-project_WS/install/predator_perception:/home/roboticslab/Ros2_predator-project_WS/install/predator_navigation:/home/roboticslab/Ros2_predator-project_WS/install/predator_manipulation:/home/roboticslab/Ros2_predator-project_WS/install/predator_behavior:/home/roboticslab/Ros2_predator-project_WS/install/predator_bringup:/home/roboticslab/Ros2_predator-project_WS/install/predator_msgs:/home/roboticslab/ros2_ws/install/usb_cam:/home/roboticslab/ros2_ws/install/ur_simulation_gz:/home/roboticslab/ros2_ws/install/robotiq_hardware_tests:/home/roboticslab/ros2_ws/install/robotiq_driver:/home/roboticslab/ros2_ws/install/serial:/home/roboticslab/ros2_ws/install/moveit2_tutorials:/home/roboticslab/ros2_ws/install/moveit_visual_tools:/home/roboticslab/ros2_ws/install/rviz_visual_tools:/home/roboticslab/ros2_ws/install/moveit_task_constructor_demo:/home/roboticslab/ros2_ws/install/moveit_task_constructor_visualization:/home/roboticslab/ros2_ws/install/moveit_task_constructor_capabilities:/home/roboticslab/ros2_ws/install/moveit_task_constructor_core:/home/roboticslab/ros2_ws/install/rviz_marker_tools:/home/roboticslab/ros2_ws/install/kortex_bringup:/home/roboticslab/ros2_ws/install/kinova_gen3_lite_moveit_config:/home/roboticslab/ros2_ws/install/kinova_gen3_7dof_robotiq_2f_85_moveit_config:/home/roboticslab/ros2_ws/install/kinova_gen3_6dof_robotiq_2f_85_moveit_config:/home/roboticslab/ros2_ws/install/kortex_description:/home/roboticslab/ros2_ws/install/robotiq_description:/home/roboticslab/ros2_ws/install/robotiq_controllers:/home/roboticslab/ros2_ws/install/roboChef:/home/roboticslab/ros2_ws/install/pilz_industrial_motion_planner_testutils:/home/roboticslab/ros2_ws/install/moveit_runtime:/home/roboticslab/ros2_ws/install/moveit:/home/roboticslab/ros2_ws/install/moveit_planners:/home/roboticslab/ros2_ws/install/pilz_industrial_motion_planner:/home/roboticslab/ros2_ws/install/moveit_task_constructor_msgs:/home/roboticslab/ros2_ws/install/moveit_ros_control_interface:/home/roboticslab/ros2_ws/install/moveit_plugins:/home/roboticslab/ros2_ws/install/moveit_simple_controller_manager:/home/roboticslab/ros2_ws/install/moveit_setup_assistant:/home/roboticslab/ros2_ws/install/moveit_setup_srdf_plugins:/home/roboticslab/ros2_ws/install/moveit_setup_core_plugins:/home/roboticslab/ros2_ws/install/moveit_setup_controllers:/home/roboticslab/ros2_ws/install/moveit_setup_app_plugins:/home/roboticslab/ros2_ws/install/moveit_setup_framework:/home/roboticslab/ros2_ws/install/moveit_servo:/home/roboticslab/ros2_ws/install/moveit_ros_trajectory_cache:/home/roboticslab/ros2_ws/install/moveit_ros:/home/roboticslab/ros2_ws/install/moveit_ros_visualization:/home/roboticslab/ros2_ws/install/moveit_py:/home/roboticslab/ros2_ws/install/moveit_hybrid_planning:/home/roboticslab/ros2_ws/install/moveit_ros_planning_interface:/home/roboticslab/ros2_ws/install/moveit_ros_benchmarks:/home/roboticslab/ros2_ws/install/moveit_ros_warehouse:/home/roboticslab/ros2_ws/install/moveit_ros_robot_interaction:/home/roboticslab/ros2_ws/install/moveit_ros_perception:/home/roboticslab/ros2_ws/install/moveit_resources_prbt_pg70_support:/home/roboticslab/ros2_ws/install/moveit_resources_prbt_moveit_config:/home/roboticslab/ros2_ws/install/moveit_ros_move_group:/home/roboticslab/ros2_ws/install/moveit_planners_ompl:/home/roboticslab/ros2_ws/install/moveit_kinematics:/home/roboticslab/ros2_ws/install/moveit_ros_planning:/home/roboticslab/ros2_ws/install/moveit_ros_occupancy_map_monitor:/home/roboticslab/ros2_ws/install/moveit_resources_prbt_support:/home/roboticslab/ros2_ws/install/moveit_resources_prbt_ikfast_manipulator_plugin:/home/roboticslab/ros2_ws/install/moveit_resources:/home/roboticslab/ros2_ws/install/moveit_resources_pr2_description:/home/roboticslab/ros2_ws/install/moveit_resources_panda_moveit_config:/home/roboticslab/ros2_ws/install/dual_arm_panda_moveit_config:/home/roboticslab/ros2_ws/install/moveit_resources_panda_description:/home/roboticslab/ros2_ws/install/moveit_resources_fanuc_moveit_config:/home/roboticslab/ros2_ws/install/moveit_resources_fanuc_description:/home/roboticslab/ros2_ws/install/moveit_planners_stomp:/home/roboticslab/ros2_ws/install/moveit_planners_chomp:/home/roboticslab/ros2_ws/install/chomp_motion_planner:/home/roboticslab/ros2_ws/install/moveit_core:/home/roboticslab/ros2_ws/install/moveit_msgs:/home/roboticslab/ros2_ws/install/moveit_configs_utils:/home/roboticslab/ros2_ws/install/moveit_common:/home/roboticslab/ros2_ws/install/kortex_driver:/home/roboticslab/ros2_ws/install/kortex_api:/opt/ros/kilted DEBUGINFOD_URLS=https://debuginfod.ubuntu.com PYTHONPATH=/home/roboticslab/Ros2_predator-project_WS/build/predator_bringup/prefix_override:/usr/lib/python3/dist-packages/colcon_core/task/python/colcon_distutils_commands:/home/roboticslab/Ros2_predator-project_WS/install/predator_bringup/lib/python3.12/site-packages:/home/roboticslab/Ros2_predator-project_WS/install/predator_perception/lib/python3.12/site-packages:/home/roboticslab/Ros2_predator-project_WS/install/predator_navigation/lib/python3.12/site-packages:/home/roboticslab/Ros2_predator-project_WS/install/predator_manipulation/lib/python3.12/site-packages:/home/roboticslab/Ros2_predator-project_WS/install/predator_behavior/lib/python3.12/site-packages:/home/roboticslab/Ros2_predator-project_WS/install/predator_msgs/lib/python3.12/site-packages:/home/roboticslab/Ros2_predator-project_WS/install/predator_bringup/lib/python3.12/site-packages:/home/roboticslab/ros2_ws/install/moveit_task_constructor_core/lib/python3.12/site-packages:/home/roboticslab/ros2_ws/install/roboChef/lib/python3.12/site-packages:/home/roboticslab/ros2_ws/install/moveit_task_constructor_msgs/lib/python3.12/site-packages:/home/roboticslab/ros2_ws/install/moveit_py/lib/python3.12/site-packages:/home/roboticslab/ros2_ws/install/moveit_msgs/lib/python3.12/site-packages:/home/roboticslab/ros2_ws/build/moveit_configs_utils:/home/roboticslab/ros2_ws/install/moveit_configs_utils/lib/python3.12/site-packages:/opt/ros/kilted/lib/python3.12/site-packages /usr/bin/python3 -W ignore:setup.py install is deprecated -W ignore:easy_install command is deprecated setup.py egg_info --egg-base ../../build/predator_bringup build --build-base /home/roboticslab/Ros2_predator-project_WS/build/predator_bringup/build install --record /home/roboticslab/Ros2_predator-project_WS/build/predator_bringup/install.log --single-version-externally-managed install_data
[56.644s] Level 1:colcon.colcon_core.environment:checking '/home/roboticslab/Ros2_predator-project_WS/install/predator_bringup' for CMake config files
[56.645s] Level 1:colcon.colcon_core.environment:checking '/home/roboticslab/Ros2_predator-project_WS/install/predator_bringup/lib'
[56.645s] Level 1:colcon.colcon_core.environment:checking '/home/roboticslab/Ros2_predator-project_WS/install/predator_bringup/bin'
[56.645s] Level 1:colcon.colcon_core.environment:checking '/home/roboticslab/Ros2_predator-project_WS/install/predator_bringup/lib/pkgconfig/predator_bringup.pc'
[56.646s] Level 1:colcon.colcon_core.environment:checking '/home/roboticslab/Ros2_predator-project_WS/install/predator_bringup/lib/python3.12/site-packages'
[56.646s] Level 1:colcon.colcon_core.shell:create_environment_hook('predator_bringup', 'pythonpath')
[56.646s] INFO:colcon.colcon_core.shell:Creating environment hook '/home/roboticslab/Ros2_predator-project_WS/install/predator_bringup/share/predator_bringup/hook/pythonpath.ps1'
[56.648s] INFO:colcon.colcon_core.shell:Creating environment descriptor '/home/roboticslab/Ros2_predator-project_WS/install/predator_bringup/share/predator_bringup/hook/pythonpath.dsv'
[56.674s] INFO:colcon.colcon_core.shell:Creating environment hook '/home/roboticslab/Ros2_predator-project_WS/install/predator_bringup/share/predator_bringup/hook/pythonpath.sh'
[56.679s] Level 1:colcon.colcon_core.environment:checking '/home/roboticslab/Ros2_predator-project_WS/install/predator_bringup/bin'
[56.679s] Level 1:colcon.colcon_core.environment:create_environment_scripts_only(predator_bringup)
[56.680s] INFO:colcon.colcon_core.shell:Creating package script '/home/roboticslab/Ros2_predator-project_WS/install/predator_bringup/share/predator_bringup/package.ps1'
[56.684s] INFO:colcon.colcon_core.shell:Creating package descriptor '/home/roboticslab/Ros2_predator-project_WS/install/predator_bringup/share/predator_bringup/package.dsv'
[56.690s] INFO:colcon.colcon_core.shell:Creating package script '/home/roboticslab/Ros2_predator-project_WS/install/predator_bringup/share/predator_bringup/package.sh'
[56.692s] INFO:colcon.colcon_core.shell:Creating package script '/home/roboticslab/Ros2_predator-project_WS/install/predator_bringup/share/predator_bringup/package.bash'
[56.701s] INFO:colcon.colcon_core.shell:Creating package script '/home/roboticslab/Ros2_predator-project_WS/install/predator_bringup/share/predator_bringup/package.zsh'
[56.703s] Level 1:colcon.colcon_core.environment:create_file_with_runtime_dependencies(/home/roboticslab/Ros2_predator-project_WS/install/predator_bringup/share/colcon-core/packages/predator_bringup)
[56.718s] DEBUG:colcon.colcon_parallel_executor.executor.parallel:closing loop
[56.718s] DEBUG:colcon.colcon_parallel_executor.executor.parallel:loop closed
[56.719s] DEBUG:colcon.colcon_parallel_executor.executor.parallel:run_until_complete finished with '0'
[56.719s] DEBUG:colcon.colcon_core.event_reactor:joining thread
[56.792s] INFO:colcon.colcon_core.plugin_system:Skipping extension 'colcon_notification.desktop_notification.terminal_notifier': Not used on non-Darwin systems
[56.792s] INFO:colcon.colcon_core.plugin_system:Skipping extension 'colcon_notification.desktop_notification.win32': Not used on non-Windows systems
[56.792s] INFO:colcon.colcon_notification.desktop_notification:Sending desktop notification using 'notify2'
[56.807s] DEBUG:colcon.colcon_core.event_reactor:joined thread
[56.808s] INFO:colcon.colcon_core.shell:Creating prefix script '/home/roboticslab/Ros2_predator-project_WS/install/local_setup.ps1'
[56.858s] INFO:colcon.colcon_core.shell:Creating prefix util module '/home/roboticslab/Ros2_predator-project_WS/install/_local_setup_util_ps1.py'
[56.891s] INFO:colcon.colcon_core.shell:Creating prefix chain script '/home/roboticslab/Ros2_predator-project_WS/install/setup.ps1'
[56.918s] INFO:colcon.colcon_core.shell:Creating prefix script '/home/roboticslab/Ros2_predator-project_WS/install/local_setup.sh'
[56.929s] INFO:colcon.colcon_core.shell:Creating prefix util module '/home/roboticslab/Ros2_predator-project_WS/install/_local_setup_util_sh.py'
[56.935s] INFO:colcon.colcon_core.shell:Creating prefix chain script '/home/roboticslab/Ros2_predator-project_WS/install/setup.sh'
[56.955s] INFO:colcon.colcon_core.shell:Creating prefix script '/home/roboticslab/Ros2_predator-project_WS/install/local_setup.bash'
[57.002s] INFO:colcon.colcon_core.shell:Creating prefix chain script '/home/roboticslab/Ros2_predator-project_WS/install/setup.bash'
[57.033s] INFO:colcon.colcon_core.shell:Creating prefix script '/home/roboticslab/Ros2_predator-project_WS/install/local_setup.zsh'
[57.071s] INFO:colcon.colcon_core.shell:Creating prefix chain script '/home/roboticslab/Ros2_predator-project_WS/install/setup.zsh'
