[0.305s] DEBUG:colcon:Command line arguments: ['/usr/bin/colcon', 'build']
[0.305s] DEBUG:colcon:Parsed command line arguments: Namespace(log_base=None, log_level=None, verb_name='build', build_base='build', install_base='install', merge_install=False, symlink_install=False, test_result_base=None, continue_on_error=False, executor='parallel', parallel_workers=4, event_handlers=None, ignore_user_meta=False, metas=['./colcon.meta'], base_paths=['.'], packages_ignore=None, packages_ignore_regex=None, paths=None, packages_up_to=None, packages_up_to_regex=None, packages_above=None, packages_above_and_dependencies=None, packages_above_depth=None, packages_select_by_dep=None, packages_skip_by_dep=None, packages_skip_up_to=None, packages_select_build_failed=False, packages_skip_build_finished=False, packages_select_test_failures=False, packages_skip_test_passed=False, packages_select=None, packages_skip=None, packages_select_regex=None, packages_skip_regex=None, packages_start=None, packages_end=None, allow_overriding=[], cmake_args=None, cmake_target=None, cmake_target_skip_unavailable=False, cmake_clean_cache=False, cmake_clean_first=False, cmake_force_configure=False, ament_cmake_args=None, catkin_cmake_args=None, catkin_skip_building_tests=False, mixin_files=None, mixin=None, verb_parser=<colcon_mixin.mixin.mixin_argument.MixinArgumentDecorator object at 0x7d4363cfdcd0>, verb_extension=<colcon_core.verb.build.BuildVerb object at 0x7d4363cfda00>, main=<bound method BuildVerb.main of <colcon_core.verb.build.BuildVerb object at 0x7d4363cfda00>>, mixin_verb=('build',))
[0.387s] Level 1:colcon.colcon_core.package_discovery:discover_packages(colcon_meta) check parameters
[0.387s] Level 1:colcon.colcon_core.package_discovery:discover_packages(recursive) check parameters
[0.387s] Level 1:colcon.colcon_core.package_discovery:discover_packages(ignore) check parameters
[0.387s] Level 1:colcon.colcon_core.package_discovery:discover_packages(path) check parameters
[0.387s] Level 1:colcon.colcon_core.package_discovery:discover_packages(colcon_meta) discover
[0.387s] Level 1:colcon.colcon_core.package_discovery:discover_packages(recursive) discover
[0.387s] INFO:colcon.colcon_core.package_discovery:Crawling recursively for packages in '/home/roboticslab/Ros2_predator-project_WS'
[0.387s] Level 1:colcon.colcon_core.package_identification:_identify(.) by extensions ['ignore', 'ignore_ament_install']
[0.387s] Level 1:colcon.colcon_core.package_identification:_identify(.) by extension 'ignore'
[0.387s] Level 1:colcon.colcon_core.package_identification:_identify(.) by extension 'ignore_ament_install'
[0.388s] Level 1:colcon.colcon_core.package_identification:_identify(.) by extensions ['colcon_pkg']
[0.388s] Level 1:colcon.colcon_core.package_identification:_identify(.) by extension 'colcon_pkg'
[0.388s] Level 1:colcon.colcon_core.package_identification:_identify(.) by extensions ['colcon_meta']
[0.388s] Level 1:colcon.colcon_core.package_identification:_identify(.) by extension 'colcon_meta'
[0.388s] Level 1:colcon.colcon_core.package_identification:_identify(.) by extensions ['ros']
[0.388s] Level 1:colcon.colcon_core.package_identification:_identify(.) by extension 'ros'
[0.423s] Level 1:colcon.colcon_core.package_identification:_identify(.) by extensions ['cmake', 'python']
[0.423s] Level 1:colcon.colcon_core.package_identification:_identify(.) by extension 'cmake'
[0.423s] Level 1:colcon.colcon_core.package_identification:_identify(.) by extension 'python'
[0.424s] Level 1:colcon.colcon_core.package_identification:_identify(.) by extensions ['python_setup_py']
[0.424s] Level 1:colcon.colcon_core.package_identification:_identify(.) by extension 'python_setup_py'
[0.424s] Level 1:colcon.colcon_core.package_identification:_identify(build) by extensions ['ignore', 'ignore_ament_install']
[0.424s] Level 1:colcon.colcon_core.package_identification:_identify(build) by extension 'ignore'
[0.424s] Level 1:colcon.colcon_core.package_identification:_identify(build) ignored
[0.424s] Level 1:colcon.colcon_core.package_identification:_identify(install) by extensions ['ignore', 'ignore_ament_install']
[0.424s] Level 1:colcon.colcon_core.package_identification:_identify(install) by extension 'ignore'
[0.424s] Level 1:colcon.colcon_core.package_identification:_identify(install) ignored
[0.424s] Level 1:colcon.colcon_core.package_identification:_identify(log) by extensions ['ignore', 'ignore_ament_install']
[0.425s] Level 1:colcon.colcon_core.package_identification:_identify(log) by extension 'ignore'
[0.425s] Level 1:colcon.colcon_core.package_identification:_identify(log) ignored
[0.425s] Level 1:colcon.colcon_core.package_identification:_identify(src) by extensions ['ignore', 'ignore_ament_install']
[0.425s] Level 1:colcon.colcon_core.package_identification:_identify(src) by extension 'ignore'
[0.425s] Level 1:colcon.colcon_core.package_identification:_identify(src) by extension 'ignore_ament_install'
[0.425s] Level 1:colcon.colcon_core.package_identification:_identify(src) by extensions ['colcon_pkg']
[0.425s] Level 1:colcon.colcon_core.package_identification:_identify(src) by extension 'colcon_pkg'
[0.425s] Level 1:colcon.colcon_core.package_identification:_identify(src) by extensions ['colcon_meta']
[0.425s] Level 1:colcon.colcon_core.package_identification:_identify(src) by extension 'colcon_meta'
[0.425s] Level 1:colcon.colcon_core.package_identification:_identify(src) by extensions ['ros']
[0.425s] Level 1:colcon.colcon_core.package_identification:_identify(src) by extension 'ros'
[0.425s] Level 1:colcon.colcon_core.package_identification:_identify(src) by extensions ['cmake', 'python']
[0.425s] Level 1:colcon.colcon_core.package_identification:_identify(src) by extension 'cmake'
[0.425s] Level 1:colcon.colcon_core.package_identification:_identify(src) by extension 'python'
[0.425s] Level 1:colcon.colcon_core.package_identification:_identify(src) by extensions ['python_setup_py']
[0.425s] Level 1:colcon.colcon_core.package_identification:_identify(src) by extension 'python_setup_py'
[0.425s] Level 1:colcon.colcon_core.package_identification:_identify(src/predator_behavior) by extensions ['ignore', 'ignore_ament_install']
[0.426s] Level 1:colcon.colcon_core.package_identification:_identify(src/predator_behavior) by extension 'ignore'
[0.426s] Level 1:colcon.colcon_core.package_identification:_identify(src/predator_behavior) by extension 'ignore_ament_install'
[0.426s] Level 1:colcon.colcon_core.package_identification:_identify(src/predator_behavior) by extensions ['colcon_pkg']
[0.426s] Level 1:colcon.colcon_core.package_identification:_identify(src/predator_behavior) by extension 'colcon_pkg'
[0.426s] Level 1:colcon.colcon_core.package_identification:_identify(src/predator_behavior) by extensions ['colcon_meta']
[0.426s] Level 1:colcon.colcon_core.package_identification:_identify(src/predator_behavior) by extension 'colcon_meta'
[0.426s] Level 1:colcon.colcon_core.package_identification:_identify(src/predator_behavior) by extensions ['ros']
[0.426s] Level 1:colcon.colcon_core.package_identification:_identify(src/predator_behavior) by extension 'ros'
[0.429s] DEBUG:colcon.colcon_core.package_identification:Package 'src/predator_behavior' with type 'ros.ament_python' and name 'predator_behavior'
[0.429s] Level 1:colcon.colcon_core.package_identification:_identify(src/predator_bringup) by extensions ['ignore', 'ignore_ament_install']
[0.429s] Level 1:colcon.colcon_core.package_identification:_identify(src/predator_bringup) by extension 'ignore'
[0.429s] Level 1:colcon.colcon_core.package_identification:_identify(src/predator_bringup) by extension 'ignore_ament_install'
[0.429s] Level 1:colcon.colcon_core.package_identification:_identify(src/predator_bringup) by extensions ['colcon_pkg']
[0.429s] Level 1:colcon.colcon_core.package_identification:_identify(src/predator_bringup) by extension 'colcon_pkg'
[0.429s] Level 1:colcon.colcon_core.package_identification:_identify(src/predator_bringup) by extensions ['colcon_meta']
[0.429s] Level 1:colcon.colcon_core.package_identification:_identify(src/predator_bringup) by extension 'colcon_meta'
[0.429s] Level 1:colcon.colcon_core.package_identification:_identify(src/predator_bringup) by extensions ['ros']
[0.429s] Level 1:colcon.colcon_core.package_identification:_identify(src/predator_bringup) by extension 'ros'
[0.430s] DEBUG:colcon.colcon_core.package_identification:Package 'src/predator_bringup' with type 'ros.ament_python' and name 'predator_bringup'
[0.430s] Level 1:colcon.colcon_core.package_identification:_identify(src/predator_manipulation) by extensions ['ignore', 'ignore_ament_install']
[0.430s] Level 1:colcon.colcon_core.package_identification:_identify(src/predator_manipulation) by extension 'ignore'
[0.431s] Level 1:colcon.colcon_core.package_identification:_identify(src/predator_manipulation) by extension 'ignore_ament_install'
[0.431s] Level 1:colcon.colcon_core.package_identification:_identify(src/predator_manipulation) by extensions ['colcon_pkg']
[0.431s] Level 1:colcon.colcon_core.package_identification:_identify(src/predator_manipulation) by extension 'colcon_pkg'
[0.431s] Level 1:colcon.colcon_core.package_identification:_identify(src/predator_manipulation) by extensions ['colcon_meta']
[0.431s] Level 1:colcon.colcon_core.package_identification:_identify(src/predator_manipulation) by extension 'colcon_meta'
[0.431s] Level 1:colcon.colcon_core.package_identification:_identify(src/predator_manipulation) by extensions ['ros']
[0.431s] Level 1:colcon.colcon_core.package_identification:_identify(src/predator_manipulation) by extension 'ros'
[0.431s] DEBUG:colcon.colcon_core.package_identification:Package 'src/predator_manipulation' with type 'ros.ament_python' and name 'predator_manipulation'
[0.431s] Level 1:colcon.colcon_core.package_identification:_identify(src/predator_msgs) by extensions ['ignore', 'ignore_ament_install']
[0.432s] Level 1:colcon.colcon_core.package_identification:_identify(src/predator_msgs) by extension 'ignore'
[0.432s] Level 1:colcon.colcon_core.package_identification:_identify(src/predator_msgs) by extension 'ignore_ament_install'
[0.432s] Level 1:colcon.colcon_core.package_identification:_identify(src/predator_msgs) by extensions ['colcon_pkg']
[0.432s] Level 1:colcon.colcon_core.package_identification:_identify(src/predator_msgs) by extension 'colcon_pkg'
[0.432s] Level 1:colcon.colcon_core.package_identification:_identify(src/predator_msgs) by extensions ['colcon_meta']
[0.432s] Level 1:colcon.colcon_core.package_identification:_identify(src/predator_msgs) by extension 'colcon_meta'
[0.432s] Level 1:colcon.colcon_core.package_identification:_identify(src/predator_msgs) by extensions ['ros']
[0.432s] Level 1:colcon.colcon_core.package_identification:_identify(src/predator_msgs) by extension 'ros'
[0.433s] DEBUG:colcon.colcon_core.package_identification:Package 'src/predator_msgs' with type 'ros.ament_cmake' and name 'predator_msgs'
[0.433s] Level 1:colcon.colcon_core.package_identification:_identify(src/predator_navigation) by extensions ['ignore', 'ignore_ament_install']
[0.433s] Level 1:colcon.colcon_core.package_identification:_identify(src/predator_navigation) by extension 'ignore'
[0.433s] Level 1:colcon.colcon_core.package_identification:_identify(src/predator_navigation) by extension 'ignore_ament_install'
[0.433s] Level 1:colcon.colcon_core.package_identification:_identify(src/predator_navigation) by extensions ['colcon_pkg']
[0.433s] Level 1:colcon.colcon_core.package_identification:_identify(src/predator_navigation) by extension 'colcon_pkg'
[0.433s] Level 1:colcon.colcon_core.package_identification:_identify(src/predator_navigation) by extensions ['colcon_meta']
[0.433s] Level 1:colcon.colcon_core.package_identification:_identify(src/predator_navigation) by extension 'colcon_meta'
[0.433s] Level 1:colcon.colcon_core.package_identification:_identify(src/predator_navigation) by extensions ['ros']
[0.433s] Level 1:colcon.colcon_core.package_identification:_identify(src/predator_navigation) by extension 'ros'
[0.434s] DEBUG:colcon.colcon_core.package_identification:Package 'src/predator_navigation' with type 'ros.ament_python' and name 'predator_navigation'
[0.434s] Level 1:colcon.colcon_core.package_identification:_identify(src/predator_perception) by extensions ['ignore', 'ignore_ament_install']
[0.435s] Level 1:colcon.colcon_core.package_identification:_identify(src/predator_perception) by extension 'ignore'
[0.435s] Level 1:colcon.colcon_core.package_identification:_identify(src/predator_perception) by extension 'ignore_ament_install'
[0.435s] Level 1:colcon.colcon_core.package_identification:_identify(src/predator_perception) by extensions ['colcon_pkg']
[0.435s] Level 1:colcon.colcon_core.package_identification:_identify(src/predator_perception) by extension 'colcon_pkg'
[0.435s] Level 1:colcon.colcon_core.package_identification:_identify(src/predator_perception) by extensions ['colcon_meta']
[0.435s] Level 1:colcon.colcon_core.package_identification:_identify(src/predator_perception) by extension 'colcon_meta'
[0.435s] Level 1:colcon.colcon_core.package_identification:_identify(src/predator_perception) by extensions ['ros']
[0.435s] Level 1:colcon.colcon_core.package_identification:_identify(src/predator_perception) by extension 'ros'
[0.436s] DEBUG:colcon.colcon_core.package_identification:Package 'src/predator_perception' with type 'ros.ament_python' and name 'predator_perception'
[0.436s] Level 1:colcon.colcon_core.package_discovery:discover_packages(recursive) using defaults
[0.436s] Level 1:colcon.colcon_core.package_discovery:discover_packages(ignore) discover
[0.436s] Level 1:colcon.colcon_core.package_discovery:discover_packages(ignore) using defaults
[0.436s] Level 1:colcon.colcon_core.package_discovery:discover_packages(path) discover
[0.436s] Level 1:colcon.colcon_core.package_discovery:discover_packages(path) using defaults
[0.469s] Level 1:colcon.colcon_core.package_discovery:discover_packages(prefix_path) check parameters
[0.469s] Level 1:colcon.colcon_core.package_discovery:discover_packages(prefix_path) discover
[0.497s] DEBUG:colcon.colcon_installed_package_information.package_discovery:Found 6 installed packages in /home/roboticslab/Ros2_predator-project_WS/install
[0.501s] DEBUG:colcon.colcon_installed_package_information.package_discovery:Found 75 installed packages in /home/roboticslab/ros2_ws/install
[0.504s] DEBUG:colcon.colcon_installed_package_information.package_discovery:Found 510 installed packages in /opt/ros/kilted
[0.507s] Level 1:colcon.colcon_core.package_discovery:discover_packages(prefix_path) using defaults
[1.996s] Level 5:colcon.colcon_core.verb:set package 'predator_msgs' build argument 'cmake_args' from command line to 'None'
[1.996s] Level 5:colcon.colcon_core.verb:set package 'predator_msgs' build argument 'cmake_target' from command line to 'None'
[1.996s] Level 5:colcon.colcon_core.verb:set package 'predator_msgs' build argument 'cmake_target_skip_unavailable' from command line to 'False'
[1.996s] Level 5:colcon.colcon_core.verb:set package 'predator_msgs' build argument 'cmake_clean_cache' from command line to 'False'
[1.996s] Level 5:colcon.colcon_core.verb:set package 'predator_msgs' build argument 'cmake_clean_first' from command line to 'False'
[1.996s] Level 5:colcon.colcon_core.verb:set package 'predator_msgs' build argument 'cmake_force_configure' from command line to 'False'
[1.996s] Level 5:colcon.colcon_core.verb:set package 'predator_msgs' build argument 'ament_cmake_args' from command line to 'None'
[1.996s] Level 5:colcon.colcon_core.verb:set package 'predator_msgs' build argument 'catkin_cmake_args' from command line to 'None'
[1.996s] Level 5:colcon.colcon_core.verb:set package 'predator_msgs' build argument 'catkin_skip_building_tests' from command line to 'False'
[1.996s] DEBUG:colcon.colcon_core.verb:Building package 'predator_msgs' with the following arguments: {'ament_cmake_args': None, 'build_base': '/home/roboticslab/Ros2_predator-project_WS/build/predator_msgs', 'catkin_cmake_args': None, 'catkin_skip_building_tests': False, 'cmake_args': None, 'cmake_clean_cache': False, 'cmake_clean_first': False, 'cmake_force_configure': False, 'cmake_target': None, 'cmake_target_skip_unavailable': False, 'install_base': '/home/roboticslab/Ros2_predator-project_WS/install/predator_msgs', 'merge_install': False, 'path': '/home/roboticslab/Ros2_predator-project_WS/src/predator_msgs', 'symlink_install': False, 'test_result_base': None}
[1.997s] Level 5:colcon.colcon_core.verb:set package 'predator_behavior' build argument 'cmake_args' from command line to 'None'
[1.997s] Level 5:colcon.colcon_core.verb:set package 'predator_behavior' build argument 'cmake_target' from command line to 'None'
[1.997s] Level 5:colcon.colcon_core.verb:set package 'predator_behavior' build argument 'cmake_target_skip_unavailable' from command line to 'False'
[1.997s] Level 5:colcon.colcon_core.verb:set package 'predator_behavior' build argument 'cmake_clean_cache' from command line to 'False'
[1.997s] Level 5:colcon.colcon_core.verb:set package 'predator_behavior' build argument 'cmake_clean_first' from command line to 'False'
[1.997s] Level 5:colcon.colcon_core.verb:set package 'predator_behavior' build argument 'cmake_force_configure' from command line to 'False'
[1.997s] Level 5:colcon.colcon_core.verb:set package 'predator_behavior' build argument 'ament_cmake_args' from command line to 'None'
[1.997s] Level 5:colcon.colcon_core.verb:set package 'predator_behavior' build argument 'catkin_cmake_args' from command line to 'None'
[1.997s] Level 5:colcon.colcon_core.verb:set package 'predator_behavior' build argument 'catkin_skip_building_tests' from command line to 'False'
[1.997s] DEBUG:colcon.colcon_core.verb:Building package 'predator_behavior' with the following arguments: {'ament_cmake_args': None, 'build_base': '/home/roboticslab/Ros2_predator-project_WS/build/predator_behavior', 'catkin_cmake_args': None, 'catkin_skip_building_tests': False, 'cmake_args': None, 'cmake_clean_cache': False, 'cmake_clean_first': False, 'cmake_force_configure': False, 'cmake_target': None, 'cmake_target_skip_unavailable': False, 'install_base': '/home/roboticslab/Ros2_predator-project_WS/install/predator_behavior', 'merge_install': False, 'path': '/home/roboticslab/Ros2_predator-project_WS/src/predator_behavior', 'symlink_install': False, 'test_result_base': None}
[1.997s] Level 5:colcon.colcon_core.verb:set package 'predator_manipulation' build argument 'cmake_args' from command line to 'None'
[1.997s] Level 5:colcon.colcon_core.verb:set package 'predator_manipulation' build argument 'cmake_target' from command line to 'None'
[1.997s] Level 5:colcon.colcon_core.verb:set package 'predator_manipulation' build argument 'cmake_target_skip_unavailable' from command line to 'False'
[1.997s] Level 5:colcon.colcon_core.verb:set package 'predator_manipulation' build argument 'cmake_clean_cache' from command line to 'False'
[1.997s] Level 5:colcon.colcon_core.verb:set package 'predator_manipulation' build argument 'cmake_clean_first' from command line to 'False'
[1.997s] Level 5:colcon.colcon_core.verb:set package 'predator_manipulation' build argument 'cmake_force_configure' from command line to 'False'
[1.997s] Level 5:colcon.colcon_core.verb:set package 'predator_manipulation' build argument 'ament_cmake_args' from command line to 'None'
[1.997s] Level 5:colcon.colcon_core.verb:set package 'predator_manipulation' build argument 'catkin_cmake_args' from command line to 'None'
[1.997s] Level 5:colcon.colcon_core.verb:set package 'predator_manipulation' build argument 'catkin_skip_building_tests' from command line to 'False'
[1.997s] DEBUG:colcon.colcon_core.verb:Building package 'predator_manipulation' with the following arguments: {'ament_cmake_args': None, 'build_base': '/home/roboticslab/Ros2_predator-project_WS/build/predator_manipulation', 'catkin_cmake_args': None, 'catkin_skip_building_tests': False, 'cmake_args': None, 'cmake_clean_cache': False, 'cmake_clean_first': False, 'cmake_force_configure': False, 'cmake_target': None, 'cmake_target_skip_unavailable': False, 'install_base': '/home/roboticslab/Ros2_predator-project_WS/install/predator_manipulation', 'merge_install': False, 'path': '/home/roboticslab/Ros2_predator-project_WS/src/predator_manipulation', 'symlink_install': False, 'test_result_base': None}
[1.998s] Level 5:colcon.colcon_core.verb:set package 'predator_navigation' build argument 'cmake_args' from command line to 'None'
[1.998s] Level 5:colcon.colcon_core.verb:set package 'predator_navigation' build argument 'cmake_target' from command line to 'None'
[1.998s] Level 5:colcon.colcon_core.verb:set package 'predator_navigation' build argument 'cmake_target_skip_unavailable' from command line to 'False'
[1.998s] Level 5:colcon.colcon_core.verb:set package 'predator_navigation' build argument 'cmake_clean_cache' from command line to 'False'
[1.998s] Level 5:colcon.colcon_core.verb:set package 'predator_navigation' build argument 'cmake_clean_first' from command line to 'False'
[1.998s] Level 5:colcon.colcon_core.verb:set package 'predator_navigation' build argument 'cmake_force_configure' from command line to 'False'
[1.998s] Level 5:colcon.colcon_core.verb:set package 'predator_navigation' build argument 'ament_cmake_args' from command line to 'None'
[1.998s] Level 5:colcon.colcon_core.verb:set package 'predator_navigation' build argument 'catkin_cmake_args' from command line to 'None'
[1.998s] Level 5:colcon.colcon_core.verb:set package 'predator_navigation' build argument 'catkin_skip_building_tests' from command line to 'False'
[1.998s] DEBUG:colcon.colcon_core.verb:Building package 'predator_navigation' with the following arguments: {'ament_cmake_args': None, 'build_base': '/home/roboticslab/Ros2_predator-project_WS/build/predator_navigation', 'catkin_cmake_args': None, 'catkin_skip_building_tests': False, 'cmake_args': None, 'cmake_clean_cache': False, 'cmake_clean_first': False, 'cmake_force_configure': False, 'cmake_target': None, 'cmake_target_skip_unavailable': False, 'install_base': '/home/roboticslab/Ros2_predator-project_WS/install/predator_navigation', 'merge_install': False, 'path': '/home/roboticslab/Ros2_predator-project_WS/src/predator_navigation', 'symlink_install': False, 'test_result_base': None}
[1.998s] Level 5:colcon.colcon_core.verb:set package 'predator_perception' build argument 'cmake_args' from command line to 'None'
[1.998s] Level 5:colcon.colcon_core.verb:set package 'predator_perception' build argument 'cmake_target' from command line to 'None'
[1.999s] Level 5:colcon.colcon_core.verb:set package 'predator_perception' build argument 'cmake_target_skip_unavailable' from command line to 'False'
[1.999s] Level 5:colcon.colcon_core.verb:set package 'predator_perception' build argument 'cmake_clean_cache' from command line to 'False'
[1.999s] Level 5:colcon.colcon_core.verb:set package 'predator_perception' build argument 'cmake_clean_first' from command line to 'False'
[1.999s] Level 5:colcon.colcon_core.verb:set package 'predator_perception' build argument 'cmake_force_configure' from command line to 'False'
[1.999s] Level 5:colcon.colcon_core.verb:set package 'predator_perception' build argument 'ament_cmake_args' from command line to 'None'
[1.999s] Level 5:colcon.colcon_core.verb:set package 'predator_perception' build argument 'catkin_cmake_args' from command line to 'None'
[1.999s] Level 5:colcon.colcon_core.verb:set package 'predator_perception' build argument 'catkin_skip_building_tests' from command line to 'False'
[1.999s] DEBUG:colcon.colcon_core.verb:Building package 'predator_perception' with the following arguments: {'ament_cmake_args': None, 'build_base': '/home/roboticslab/Ros2_predator-project_WS/build/predator_perception', 'catkin_cmake_args': None, 'catkin_skip_building_tests': False, 'cmake_args': None, 'cmake_clean_cache': False, 'cmake_clean_first': False, 'cmake_force_configure': False, 'cmake_target': None, 'cmake_target_skip_unavailable': False, 'install_base': '/home/roboticslab/Ros2_predator-project_WS/install/predator_perception', 'merge_install': False, 'path': '/home/roboticslab/Ros2_predator-project_WS/src/predator_perception', 'symlink_install': False, 'test_result_base': None}
[1.999s] Level 5:colcon.colcon_core.verb:set package 'predator_bringup' build argument 'cmake_args' from command line to 'None'
[1.999s] Level 5:colcon.colcon_core.verb:set package 'predator_bringup' build argument 'cmake_target' from command line to 'None'
[1.999s] Level 5:colcon.colcon_core.verb:set package 'predator_bringup' build argument 'cmake_target_skip_unavailable' from command line to 'False'
[1.999s] Level 5:colcon.colcon_core.verb:set package 'predator_bringup' build argument 'cmake_clean_cache' from command line to 'False'
[1.999s] Level 5:colcon.colcon_core.verb:set package 'predator_bringup' build argument 'cmake_clean_first' from command line to 'False'
[1.999s] Level 5:colcon.colcon_core.verb:set package 'predator_bringup' build argument 'cmake_force_configure' from command line to 'False'
[1.999s] Level 5:colcon.colcon_core.verb:set package 'predator_bringup' build argument 'ament_cmake_args' from command line to 'None'
[1.999s] Level 5:colcon.colcon_core.verb:set package 'predator_bringup' build argument 'catkin_cmake_args' from command line to 'None'
[1.999s] Level 5:colcon.colcon_core.verb:set package 'predator_bringup' build argument 'catkin_skip_building_tests' from command line to 'False'
[1.999s] DEBUG:colcon.colcon_core.verb:Building package 'predator_bringup' with the following arguments: {'ament_cmake_args': None, 'build_base': '/home/roboticslab/Ros2_predator-project_WS/build/predator_bringup', 'catkin_cmake_args': None, 'catkin_skip_building_tests': False, 'cmake_args': None, 'cmake_clean_cache': False, 'cmake_clean_first': False, 'cmake_force_configure': False, 'cmake_target': None, 'cmake_target_skip_unavailable': False, 'install_base': '/home/roboticslab/Ros2_predator-project_WS/install/predator_bringup', 'merge_install': False, 'path': '/home/roboticslab/Ros2_predator-project_WS/src/predator_bringup', 'symlink_install': False, 'test_result_base': None}
[1.999s] INFO:colcon.colcon_core.executor:Executing jobs using 'parallel' executor
[2.000s] DEBUG:colcon.colcon_parallel_executor.executor.parallel:run_until_complete
[2.001s] INFO:colcon.colcon_ros.task.ament_cmake.build:Building ROS package in '/home/roboticslab/Ros2_predator-project_WS/src/predator_msgs' with build type 'ament_cmake'
[2.001s] INFO:colcon.colcon_cmake.task.cmake.build:Building CMake package in '/home/roboticslab/Ros2_predator-project_WS/src/predator_msgs'
[2.056s] INFO:colcon.colcon_core.plugin_system:Skipping extension 'colcon_core.shell.bat': Not used on non-Windows systems
[2.057s] INFO:colcon.colcon_core.shell:Skip shell extension 'powershell' for command environment: Not usable outside of PowerShell
[2.057s] DEBUG:colcon.colcon_core.shell:Skip shell extension 'dsv' for command environment
[2.122s] DEBUG:colcon.colcon_core.event_handler.log_command:Invoking command in '/home/roboticslab/Ros2_predator-project_WS/build/predator_msgs': CMAKE_PREFIX_PATH=${CMAKE_PREFIX_PATH}:/home/roboticslab/Ros2_predator-project_WS/install/predator_bringup:/home/roboticslab/Ros2_predator-project_WS/install/predator_perception:/home/roboticslab/Ros2_predator-project_WS/install/predator_navigation:/home/roboticslab/Ros2_predator-project_WS/install/predator_manipulation:/home/roboticslab/Ros2_predator-project_WS/install/predator_behavior:/home/roboticslab/ros2_ws/install/robotiq_description:/home/roboticslab/ros2_ws/install/robo_waiter:/home/roboticslab/ros2_ws/install/robo_chef:/home/roboticslab/ros2_ws/install/roboChef:/home/roboticslab/ros2_ws/install/moveit_configs_utils:/opt/ros/kilted DEBUGINFOD_URLS=https://debuginfod.ubuntu.com /usr/bin/cmake --build /home/roboticslab/Ros2_predator-project_WS/build/predator_msgs -- -j4 -l4
[4.583s] DEBUG:colcon.colcon_core.event_handler.log_command:Invoked command in '/home/roboticslab/Ros2_predator-project_WS/build/predator_msgs' returned '0': CMAKE_PREFIX_PATH=${CMAKE_PREFIX_PATH}:/home/roboticslab/Ros2_predator-project_WS/install/predator_bringup:/home/roboticslab/Ros2_predator-project_WS/install/predator_perception:/home/roboticslab/Ros2_predator-project_WS/install/predator_navigation:/home/roboticslab/Ros2_predator-project_WS/install/predator_manipulation:/home/roboticslab/Ros2_predator-project_WS/install/predator_behavior:/home/roboticslab/ros2_ws/install/robotiq_description:/home/roboticslab/ros2_ws/install/robo_waiter:/home/roboticslab/ros2_ws/install/robo_chef:/home/roboticslab/ros2_ws/install/roboChef:/home/roboticslab/ros2_ws/install/moveit_configs_utils:/opt/ros/kilted DEBUGINFOD_URLS=https://debuginfod.ubuntu.com /usr/bin/cmake --build /home/roboticslab/Ros2_predator-project_WS/build/predator_msgs -- -j4 -l4
[4.604s] DEBUG:colcon.colcon_core.event_handler.log_command:Invoking command in '/home/roboticslab/Ros2_predator-project_WS/build/predator_msgs': CMAKE_PREFIX_PATH=${CMAKE_PREFIX_PATH}:/home/roboticslab/Ros2_predator-project_WS/install/predator_bringup:/home/roboticslab/Ros2_predator-project_WS/install/predator_perception:/home/roboticslab/Ros2_predator-project_WS/install/predator_navigation:/home/roboticslab/Ros2_predator-project_WS/install/predator_manipulation:/home/roboticslab/Ros2_predator-project_WS/install/predator_behavior:/home/roboticslab/ros2_ws/install/robotiq_description:/home/roboticslab/ros2_ws/install/robo_waiter:/home/roboticslab/ros2_ws/install/robo_chef:/home/roboticslab/ros2_ws/install/roboChef:/home/roboticslab/ros2_ws/install/moveit_configs_utils:/opt/ros/kilted DEBUGINFOD_URLS=https://debuginfod.ubuntu.com /usr/bin/cmake --install /home/roboticslab/Ros2_predator-project_WS/build/predator_msgs
[4.804s] Level 1:colcon.colcon_core.environment:create_environment_scripts_only(predator_msgs)
[4.805s] DEBUG:colcon.colcon_core.event_handler.log_command:Invoked command in '/home/roboticslab/Ros2_predator-project_WS/build/predator_msgs' returned '0': CMAKE_PREFIX_PATH=${CMAKE_PREFIX_PATH}:/home/roboticslab/Ros2_predator-project_WS/install/predator_bringup:/home/roboticslab/Ros2_predator-project_WS/install/predator_perception:/home/roboticslab/Ros2_predator-project_WS/install/predator_navigation:/home/roboticslab/Ros2_predator-project_WS/install/predator_manipulation:/home/roboticslab/Ros2_predator-project_WS/install/predator_behavior:/home/roboticslab/ros2_ws/install/robotiq_description:/home/roboticslab/ros2_ws/install/robo_waiter:/home/roboticslab/ros2_ws/install/robo_chef:/home/roboticslab/ros2_ws/install/roboChef:/home/roboticslab/ros2_ws/install/moveit_configs_utils:/opt/ros/kilted DEBUGINFOD_URLS=https://debuginfod.ubuntu.com /usr/bin/cmake --install /home/roboticslab/Ros2_predator-project_WS/build/predator_msgs
[4.845s] Level 1:colcon.colcon_core.environment:checking '/home/roboticslab/Ros2_predator-project_WS/install/predator_msgs' for CMake module files
[4.846s] Level 1:colcon.colcon_core.environment:checking '/home/roboticslab/Ros2_predator-project_WS/install/predator_msgs' for CMake config files
[4.847s] Level 1:colcon.colcon_core.shell:create_environment_hook('predator_msgs', 'cmake_prefix_path')
[4.847s] INFO:colcon.colcon_core.shell:Creating environment hook '/home/roboticslab/Ros2_predator-project_WS/install/predator_msgs/share/predator_msgs/hook/cmake_prefix_path.ps1'
[4.856s] INFO:colcon.colcon_core.shell:Creating environment descriptor '/home/roboticslab/Ros2_predator-project_WS/install/predator_msgs/share/predator_msgs/hook/cmake_prefix_path.dsv'
[4.866s] INFO:colcon.colcon_core.shell:Creating environment hook '/home/roboticslab/Ros2_predator-project_WS/install/predator_msgs/share/predator_msgs/hook/cmake_prefix_path.sh'
[4.868s] Level 1:colcon.colcon_core.environment:checking '/home/roboticslab/Ros2_predator-project_WS/install/predator_msgs/lib'
[4.868s] Level 1:colcon.colcon_core.shell:create_environment_hook('predator_msgs', 'ld_library_path_lib')
[4.868s] INFO:colcon.colcon_core.shell:Creating environment hook '/home/roboticslab/Ros2_predator-project_WS/install/predator_msgs/share/predator_msgs/hook/ld_library_path_lib.ps1'
[4.869s] INFO:colcon.colcon_core.shell:Creating environment descriptor '/home/roboticslab/Ros2_predator-project_WS/install/predator_msgs/share/predator_msgs/hook/ld_library_path_lib.dsv'
[4.869s] INFO:colcon.colcon_core.shell:Creating environment hook '/home/roboticslab/Ros2_predator-project_WS/install/predator_msgs/share/predator_msgs/hook/ld_library_path_lib.sh'
[4.870s] Level 1:colcon.colcon_core.environment:checking '/home/roboticslab/Ros2_predator-project_WS/install/predator_msgs/bin'
[4.871s] Level 1:colcon.colcon_core.environment:checking '/home/roboticslab/Ros2_predator-project_WS/install/predator_msgs/lib/pkgconfig/predator_msgs.pc'
[4.871s] Level 1:colcon.colcon_core.environment:checking '/home/roboticslab/Ros2_predator-project_WS/install/predator_msgs/lib/python3.12/site-packages'
[4.871s] Level 1:colcon.colcon_core.shell:create_environment_hook('predator_msgs', 'pythonpath')
[4.871s] INFO:colcon.colcon_core.shell:Creating environment hook '/home/roboticslab/Ros2_predator-project_WS/install/predator_msgs/share/predator_msgs/hook/pythonpath.ps1'
[4.872s] INFO:colcon.colcon_core.shell:Creating environment descriptor '/home/roboticslab/Ros2_predator-project_WS/install/predator_msgs/share/predator_msgs/hook/pythonpath.dsv'
[4.873s] INFO:colcon.colcon_core.shell:Creating environment hook '/home/roboticslab/Ros2_predator-project_WS/install/predator_msgs/share/predator_msgs/hook/pythonpath.sh'
[4.874s] Level 1:colcon.colcon_core.environment:checking '/home/roboticslab/Ros2_predator-project_WS/install/predator_msgs/bin'
[4.875s] INFO:colcon.colcon_core.shell:Creating package script '/home/roboticslab/Ros2_predator-project_WS/install/predator_msgs/share/predator_msgs/package.ps1'
[4.877s] INFO:colcon.colcon_core.shell:Creating package descriptor '/home/roboticslab/Ros2_predator-project_WS/install/predator_msgs/share/predator_msgs/package.dsv'
[4.879s] INFO:colcon.colcon_core.shell:Creating package script '/home/roboticslab/Ros2_predator-project_WS/install/predator_msgs/share/predator_msgs/package.sh'
[4.881s] INFO:colcon.colcon_core.shell:Creating package script '/home/roboticslab/Ros2_predator-project_WS/install/predator_msgs/share/predator_msgs/package.bash'
[4.882s] INFO:colcon.colcon_core.shell:Creating package script '/home/roboticslab/Ros2_predator-project_WS/install/predator_msgs/share/predator_msgs/package.zsh'
[4.884s] Level 1:colcon.colcon_core.environment:create_file_with_runtime_dependencies(/home/roboticslab/Ros2_predator-project_WS/install/predator_msgs/share/colcon-core/packages/predator_msgs)
[4.885s] Level 1:colcon.colcon_core.environment:create_environment_scripts_only(predator_msgs)
[4.885s] Level 1:colcon.colcon_core.environment:checking '/home/roboticslab/Ros2_predator-project_WS/install/predator_msgs' for CMake module files
[4.886s] Level 1:colcon.colcon_core.environment:checking '/home/roboticslab/Ros2_predator-project_WS/install/predator_msgs' for CMake config files
[4.887s] Level 1:colcon.colcon_core.shell:create_environment_hook('predator_msgs', 'cmake_prefix_path')
[4.887s] INFO:colcon.colcon_core.shell:Creating environment hook '/home/roboticslab/Ros2_predator-project_WS/install/predator_msgs/share/predator_msgs/hook/cmake_prefix_path.ps1'
[4.889s] INFO:colcon.colcon_core.shell:Creating environment descriptor '/home/roboticslab/Ros2_predator-project_WS/install/predator_msgs/share/predator_msgs/hook/cmake_prefix_path.dsv'
[4.889s] INFO:colcon.colcon_core.shell:Creating environment hook '/home/roboticslab/Ros2_predator-project_WS/install/predator_msgs/share/predator_msgs/hook/cmake_prefix_path.sh'
[4.890s] Level 1:colcon.colcon_core.environment:checking '/home/roboticslab/Ros2_predator-project_WS/install/predator_msgs/lib'
[4.890s] Level 1:colcon.colcon_core.shell:create_environment_hook('predator_msgs', 'ld_library_path_lib')
[4.890s] INFO:colcon.colcon_core.shell:Creating environment hook '/home/roboticslab/Ros2_predator-project_WS/install/predator_msgs/share/predator_msgs/hook/ld_library_path_lib.ps1'
[4.891s] INFO:colcon.colcon_core.shell:Creating environment descriptor '/home/roboticslab/Ros2_predator-project_WS/install/predator_msgs/share/predator_msgs/hook/ld_library_path_lib.dsv'
[4.891s] INFO:colcon.colcon_core.shell:Creating environment hook '/home/roboticslab/Ros2_predator-project_WS/install/predator_msgs/share/predator_msgs/hook/ld_library_path_lib.sh'
[4.892s] Level 1:colcon.colcon_core.environment:checking '/home/roboticslab/Ros2_predator-project_WS/install/predator_msgs/bin'
[4.892s] Level 1:colcon.colcon_core.environment:checking '/home/roboticslab/Ros2_predator-project_WS/install/predator_msgs/lib/pkgconfig/predator_msgs.pc'
[4.892s] Level 1:colcon.colcon_core.environment:checking '/home/roboticslab/Ros2_predator-project_WS/install/predator_msgs/lib/python3.12/site-packages'
[4.892s] Level 1:colcon.colcon_core.shell:create_environment_hook('predator_msgs', 'pythonpath')
[4.893s] INFO:colcon.colcon_core.shell:Creating environment hook '/home/roboticslab/Ros2_predator-project_WS/install/predator_msgs/share/predator_msgs/hook/pythonpath.ps1'
[4.893s] INFO:colcon.colcon_core.shell:Creating environment descriptor '/home/roboticslab/Ros2_predator-project_WS/install/predator_msgs/share/predator_msgs/hook/pythonpath.dsv'
[4.894s] INFO:colcon.colcon_core.shell:Creating environment hook '/home/roboticslab/Ros2_predator-project_WS/install/predator_msgs/share/predator_msgs/hook/pythonpath.sh'
[4.895s] Level 1:colcon.colcon_core.environment:checking '/home/roboticslab/Ros2_predator-project_WS/install/predator_msgs/bin'
[4.896s] INFO:colcon.colcon_core.shell:Creating package script '/home/roboticslab/Ros2_predator-project_WS/install/predator_msgs/share/predator_msgs/package.ps1'
[4.897s] INFO:colcon.colcon_core.shell:Creating package descriptor '/home/roboticslab/Ros2_predator-project_WS/install/predator_msgs/share/predator_msgs/package.dsv'
[4.898s] INFO:colcon.colcon_core.shell:Creating package script '/home/roboticslab/Ros2_predator-project_WS/install/predator_msgs/share/predator_msgs/package.sh'
[4.899s] INFO:colcon.colcon_core.shell:Creating package script '/home/roboticslab/Ros2_predator-project_WS/install/predator_msgs/share/predator_msgs/package.bash'
[4.899s] INFO:colcon.colcon_core.shell:Creating package script '/home/roboticslab/Ros2_predator-project_WS/install/predator_msgs/share/predator_msgs/package.zsh'
[4.900s] Level 1:colcon.colcon_core.environment:create_file_with_runtime_dependencies(/home/roboticslab/Ros2_predator-project_WS/install/predator_msgs/share/colcon-core/packages/predator_msgs)
[4.901s] INFO:colcon.colcon_ros.task.ament_python.build:Building ROS package in '/home/roboticslab/Ros2_predator-project_WS/src/predator_behavior' with build type 'ament_python'
[4.901s] Level 1:colcon.colcon_core.shell:create_environment_hook('predator_behavior', 'ament_prefix_path')
[4.901s] INFO:colcon.colcon_core.shell:Creating environment hook '/home/roboticslab/Ros2_predator-project_WS/install/predator_behavior/share/predator_behavior/hook/ament_prefix_path.ps1'
[4.902s] INFO:colcon.colcon_core.shell:Creating environment descriptor '/home/roboticslab/Ros2_predator-project_WS/install/predator_behavior/share/predator_behavior/hook/ament_prefix_path.dsv'
[4.903s] INFO:colcon.colcon_core.shell:Creating environment hook '/home/roboticslab/Ros2_predator-project_WS/install/predator_behavior/share/predator_behavior/hook/ament_prefix_path.sh'
[4.904s] INFO:colcon.colcon_core.shell:Skip shell extension 'powershell' for command environment: Not usable outside of PowerShell
[4.905s] DEBUG:colcon.colcon_core.shell:Skip shell extension 'dsv' for command environment
[4.924s] INFO:colcon.colcon_ros.task.ament_python.build:Building ROS package in '/home/roboticslab/Ros2_predator-project_WS/src/predator_manipulation' with build type 'ament_python'
[4.925s] Level 1:colcon.colcon_core.shell:create_environment_hook('predator_manipulation', 'ament_prefix_path')
[4.925s] INFO:colcon.colcon_core.shell:Creating environment hook '/home/roboticslab/Ros2_predator-project_WS/install/predator_manipulation/share/predator_manipulation/hook/ament_prefix_path.ps1'
[4.926s] INFO:colcon.colcon_core.shell:Creating environment descriptor '/home/roboticslab/Ros2_predator-project_WS/install/predator_manipulation/share/predator_manipulation/hook/ament_prefix_path.dsv'
[4.928s] INFO:colcon.colcon_core.shell:Creating environment hook '/home/roboticslab/Ros2_predator-project_WS/install/predator_manipulation/share/predator_manipulation/hook/ament_prefix_path.sh'
[4.929s] INFO:colcon.colcon_core.shell:Skip shell extension 'powershell' for command environment: Not usable outside of PowerShell
[4.929s] DEBUG:colcon.colcon_core.shell:Skip shell extension 'dsv' for command environment
[4.950s] INFO:colcon.colcon_ros.task.ament_python.build:Building ROS package in '/home/roboticslab/Ros2_predator-project_WS/src/predator_navigation' with build type 'ament_python'
[4.950s] Level 1:colcon.colcon_core.shell:create_environment_hook('predator_navigation', 'ament_prefix_path')
[4.950s] INFO:colcon.colcon_core.shell:Creating environment hook '/home/roboticslab/Ros2_predator-project_WS/install/predator_navigation/share/predator_navigation/hook/ament_prefix_path.ps1'
[4.951s] INFO:colcon.colcon_core.shell:Creating environment descriptor '/home/roboticslab/Ros2_predator-project_WS/install/predator_navigation/share/predator_navigation/hook/ament_prefix_path.dsv'
[4.952s] INFO:colcon.colcon_core.shell:Creating environment hook '/home/roboticslab/Ros2_predator-project_WS/install/predator_navigation/share/predator_navigation/hook/ament_prefix_path.sh'
[4.953s] INFO:colcon.colcon_core.shell:Skip shell extension 'powershell' for command environment: Not usable outside of PowerShell
[4.953s] DEBUG:colcon.colcon_core.shell:Skip shell extension 'dsv' for command environment
[4.970s] INFO:colcon.colcon_ros.task.ament_python.build:Building ROS package in '/home/roboticslab/Ros2_predator-project_WS/src/predator_perception' with build type 'ament_python'
[4.970s] Level 1:colcon.colcon_core.shell:create_environment_hook('predator_perception', 'ament_prefix_path')
[4.971s] INFO:colcon.colcon_core.shell:Creating environment hook '/home/roboticslab/Ros2_predator-project_WS/install/predator_perception/share/predator_perception/hook/ament_prefix_path.ps1'
[4.972s] INFO:colcon.colcon_core.shell:Creating environment descriptor '/home/roboticslab/Ros2_predator-project_WS/install/predator_perception/share/predator_perception/hook/ament_prefix_path.dsv'
[4.972s] INFO:colcon.colcon_core.shell:Creating environment hook '/home/roboticslab/Ros2_predator-project_WS/install/predator_perception/share/predator_perception/hook/ament_prefix_path.sh'
[4.974s] INFO:colcon.colcon_core.shell:Skip shell extension 'powershell' for command environment: Not usable outside of PowerShell
[4.974s] DEBUG:colcon.colcon_core.shell:Skip shell extension 'dsv' for command environment
[5.477s] INFO:colcon.colcon_core.task.python.build:Building Python package in '/home/roboticslab/Ros2_predator-project_WS/src/predator_behavior'
[5.478s] INFO:colcon.colcon_core.shell:Skip shell extension 'powershell' for command environment: Not usable outside of PowerShell
[5.478s] DEBUG:colcon.colcon_core.shell:Skip shell extension 'dsv' for command environment
[5.956s] INFO:colcon.colcon_core.task.python.build:Building Python package in '/home/roboticslab/Ros2_predator-project_WS/src/predator_manipulation'
[5.957s] INFO:colcon.colcon_core.shell:Skip shell extension 'powershell' for command environment: Not usable outside of PowerShell
[5.957s] DEBUG:colcon.colcon_core.shell:Skip shell extension 'dsv' for command environment
[6.384s] INFO:colcon.colcon_core.task.python.build:Building Python package in '/home/roboticslab/Ros2_predator-project_WS/src/predator_navigation'
[6.385s] INFO:colcon.colcon_core.shell:Skip shell extension 'powershell' for command environment: Not usable outside of PowerShell
[6.385s] DEBUG:colcon.colcon_core.shell:Skip shell extension 'dsv' for command environment
[6.809s] INFO:colcon.colcon_core.task.python.build:Building Python package in '/home/roboticslab/Ros2_predator-project_WS/src/predator_perception'
[6.809s] INFO:colcon.colcon_core.shell:Skip shell extension 'powershell' for command environment: Not usable outside of PowerShell
[6.809s] DEBUG:colcon.colcon_core.shell:Skip shell extension 'dsv' for command environment
[12.825s] DEBUG:colcon.colcon_core.event_handler.log_command:Invoking command in '/home/roboticslab/Ros2_predator-project_WS/src/predator_manipulation': DEBUGINFOD_URLS=https://debuginfod.ubuntu.com PYTHONPATH=/home/roboticslab/Ros2_predator-project_WS/build/predator_manipulation/prefix_override:/usr/lib/python3/dist-packages/colcon_core/task/python/colcon_distutils_commands:/home/roboticslab/Ros2_predator-project_WS/install/predator_manipulation/lib/python3.12/site-packages:/home/roboticslab/Ros2_predator-project_WS/install/predator_msgs/lib/python3.12/site-packages:/home/roboticslab/Ros2_predator-project_WS/install/predator_bringup/lib/python3.12/site-packages:/home/roboticslab/Ros2_predator-project_WS/install/predator_perception/lib/python3.12/site-packages:/home/roboticslab/Ros2_predator-project_WS/install/predator_navigation/lib/python3.12/site-packages:/home/roboticslab/Ros2_predator-project_WS/install/predator_manipulation/lib/python3.12/site-packages:/home/roboticslab/Ros2_predator-project_WS/install/predator_behavior/lib/python3.12/site-packages:/home/roboticslab/ros2_ws/install/moveit_task_constructor_core/lib/python3.12/site-packages:/home/roboticslab/ros2_ws/install/robo_waiter/lib/python3.12/site-packages:/home/roboticslab/ros2_ws/install/robo_chef/lib/python3.12/site-packages:/home/roboticslab/ros2_ws/install/roboChef/lib/python3.12/site-packages:/home/roboticslab/ros2_ws/install/moveit_task_constructor_msgs/lib/python3.12/site-packages:/home/roboticslab/ros2_ws/install/moveit_py/lib/python3.12/site-packages:/home/roboticslab/ros2_ws/install/moveit_msgs/lib/python3.12/site-packages:/home/roboticslab/ros2_ws/build/moveit_configs_utils:/home/roboticslab/ros2_ws/install/moveit_configs_utils/lib/python3.12/site-packages:/opt/ros/kilted/lib/python3.12/site-packages /usr/bin/python3 -W ignore:setup.py install is deprecated -W ignore:easy_install command is deprecated setup.py egg_info --egg-base ../../build/predator_manipulation build --build-base /home/roboticslab/Ros2_predator-project_WS/build/predator_manipulation/build install --record /home/roboticslab/Ros2_predator-project_WS/build/predator_manipulation/install.log --single-version-externally-managed install_data
[13.273s] DEBUG:colcon.colcon_core.event_handler.log_command:Invoking command in '/home/roboticslab/Ros2_predator-project_WS/src/predator_perception': DEBUGINFOD_URLS=https://debuginfod.ubuntu.com PYTHONPATH=/home/roboticslab/Ros2_predator-project_WS/build/predator_perception/prefix_override:/usr/lib/python3/dist-packages/colcon_core/task/python/colcon_distutils_commands:/home/roboticslab/Ros2_predator-project_WS/install/predator_perception/lib/python3.12/site-packages:/home/roboticslab/Ros2_predator-project_WS/install/predator_msgs/lib/python3.12/site-packages:/home/roboticslab/Ros2_predator-project_WS/install/predator_bringup/lib/python3.12/site-packages:/home/roboticslab/Ros2_predator-project_WS/install/predator_perception/lib/python3.12/site-packages:/home/roboticslab/Ros2_predator-project_WS/install/predator_navigation/lib/python3.12/site-packages:/home/roboticslab/Ros2_predator-project_WS/install/predator_manipulation/lib/python3.12/site-packages:/home/roboticslab/Ros2_predator-project_WS/install/predator_behavior/lib/python3.12/site-packages:/home/roboticslab/ros2_ws/install/moveit_task_constructor_core/lib/python3.12/site-packages:/home/roboticslab/ros2_ws/install/robo_waiter/lib/python3.12/site-packages:/home/roboticslab/ros2_ws/install/robo_chef/lib/python3.12/site-packages:/home/roboticslab/ros2_ws/install/roboChef/lib/python3.12/site-packages:/home/roboticslab/ros2_ws/install/moveit_task_constructor_msgs/lib/python3.12/site-packages:/home/roboticslab/ros2_ws/install/moveit_py/lib/python3.12/site-packages:/home/roboticslab/ros2_ws/install/moveit_msgs/lib/python3.12/site-packages:/home/roboticslab/ros2_ws/build/moveit_configs_utils:/home/roboticslab/ros2_ws/install/moveit_configs_utils/lib/python3.12/site-packages:/opt/ros/kilted/lib/python3.12/site-packages /usr/bin/python3 -W ignore:setup.py install is deprecated -W ignore:easy_install command is deprecated setup.py egg_info --egg-base ../../build/predator_perception build --build-base /home/roboticslab/Ros2_predator-project_WS/build/predator_perception/build install --record /home/roboticslab/Ros2_predator-project_WS/build/predator_perception/install.log --single-version-externally-managed install_data
[13.620s] DEBUG:colcon.colcon_core.event_handler.log_command:Invoking command in '/home/roboticslab/Ros2_predator-project_WS/src/predator_behavior': DEBUGINFOD_URLS=https://debuginfod.ubuntu.com PYTHONPATH=/home/roboticslab/Ros2_predator-project_WS/build/predator_behavior/prefix_override:/usr/lib/python3/dist-packages/colcon_core/task/python/colcon_distutils_commands:/home/roboticslab/Ros2_predator-project_WS/install/predator_behavior/lib/python3.12/site-packages:/home/roboticslab/Ros2_predator-project_WS/install/predator_msgs/lib/python3.12/site-packages:/home/roboticslab/Ros2_predator-project_WS/install/predator_bringup/lib/python3.12/site-packages:/home/roboticslab/Ros2_predator-project_WS/install/predator_perception/lib/python3.12/site-packages:/home/roboticslab/Ros2_predator-project_WS/install/predator_navigation/lib/python3.12/site-packages:/home/roboticslab/Ros2_predator-project_WS/install/predator_manipulation/lib/python3.12/site-packages:/home/roboticslab/Ros2_predator-project_WS/install/predator_behavior/lib/python3.12/site-packages:/home/roboticslab/ros2_ws/install/moveit_task_constructor_core/lib/python3.12/site-packages:/home/roboticslab/ros2_ws/install/robo_waiter/lib/python3.12/site-packages:/home/roboticslab/ros2_ws/install/robo_chef/lib/python3.12/site-packages:/home/roboticslab/ros2_ws/install/roboChef/lib/python3.12/site-packages:/home/roboticslab/ros2_ws/install/moveit_task_constructor_msgs/lib/python3.12/site-packages:/home/roboticslab/ros2_ws/install/moveit_py/lib/python3.12/site-packages:/home/roboticslab/ros2_ws/install/moveit_msgs/lib/python3.12/site-packages:/home/roboticslab/ros2_ws/build/moveit_configs_utils:/home/roboticslab/ros2_ws/install/moveit_configs_utils/lib/python3.12/site-packages:/opt/ros/kilted/lib/python3.12/site-packages /usr/bin/python3 -W ignore:setup.py install is deprecated -W ignore:easy_install command is deprecated setup.py egg_info --egg-base ../../build/predator_behavior build --build-base /home/roboticslab/Ros2_predator-project_WS/build/predator_behavior/build install --record /home/roboticslab/Ros2_predator-project_WS/build/predator_behavior/install.log --single-version-externally-managed install_data
[13.891s] DEBUG:colcon.colcon_core.event_handler.log_command:Invoking command in '/home/roboticslab/Ros2_predator-project_WS/src/predator_navigation': DEBUGINFOD_URLS=https://debuginfod.ubuntu.com PYTHONPATH=/home/roboticslab/Ros2_predator-project_WS/build/predator_navigation/prefix_override:/usr/lib/python3/dist-packages/colcon_core/task/python/colcon_distutils_commands:/home/roboticslab/Ros2_predator-project_WS/install/predator_navigation/lib/python3.12/site-packages:/home/roboticslab/Ros2_predator-project_WS/install/predator_msgs/lib/python3.12/site-packages:/home/roboticslab/Ros2_predator-project_WS/install/predator_bringup/lib/python3.12/site-packages:/home/roboticslab/Ros2_predator-project_WS/install/predator_perception/lib/python3.12/site-packages:/home/roboticslab/Ros2_predator-project_WS/install/predator_navigation/lib/python3.12/site-packages:/home/roboticslab/Ros2_predator-project_WS/install/predator_manipulation/lib/python3.12/site-packages:/home/roboticslab/Ros2_predator-project_WS/install/predator_behavior/lib/python3.12/site-packages:/home/roboticslab/ros2_ws/install/moveit_task_constructor_core/lib/python3.12/site-packages:/home/roboticslab/ros2_ws/install/robo_waiter/lib/python3.12/site-packages:/home/roboticslab/ros2_ws/install/robo_chef/lib/python3.12/site-packages:/home/roboticslab/ros2_ws/install/roboChef/lib/python3.12/site-packages:/home/roboticslab/ros2_ws/install/moveit_task_constructor_msgs/lib/python3.12/site-packages:/home/roboticslab/ros2_ws/install/moveit_py/lib/python3.12/site-packages:/home/roboticslab/ros2_ws/install/moveit_msgs/lib/python3.12/site-packages:/home/roboticslab/ros2_ws/build/moveit_configs_utils:/home/roboticslab/ros2_ws/install/moveit_configs_utils/lib/python3.12/site-packages:/opt/ros/kilted/lib/python3.12/site-packages /usr/bin/python3 -W ignore:setup.py install is deprecated -W ignore:easy_install command is deprecated setup.py egg_info --egg-base ../../build/predator_navigation build --build-base /home/roboticslab/Ros2_predator-project_WS/build/predator_navigation/build install --record /home/roboticslab/Ros2_predator-project_WS/build/predator_navigation/install.log --single-version-externally-managed install_data
[16.411s] Level 1:colcon.colcon_core.environment:checking '/home/roboticslab/Ros2_predator-project_WS/install/predator_manipulation' for CMake module files
[16.412s] Level 1:colcon.colcon_core.environment:checking '/home/roboticslab/Ros2_predator-project_WS/install/predator_manipulation' for CMake config files
[16.413s] Level 1:colcon.colcon_core.environment:checking '/home/roboticslab/Ros2_predator-project_WS/install/predator_manipulation/lib'
[16.418s] Level 1:colcon.colcon_core.environment:checking '/home/roboticslab/Ros2_predator-project_WS/install/predator_manipulation/bin'
[16.420s] Level 1:colcon.colcon_core.environment:checking '/home/roboticslab/Ros2_predator-project_WS/install/predator_manipulation/lib/pkgconfig/predator_manipulation.pc'
[16.418s] DEBUG:colcon.colcon_core.event_handler.log_command:Invoked command in '/home/roboticslab/Ros2_predator-project_WS/src/predator_manipulation' returned '0': DEBUGINFOD_URLS=https://debuginfod.ubuntu.com PYTHONPATH=/home/roboticslab/Ros2_predator-project_WS/build/predator_manipulation/prefix_override:/usr/lib/python3/dist-packages/colcon_core/task/python/colcon_distutils_commands:/home/roboticslab/Ros2_predator-project_WS/install/predator_manipulation/lib/python3.12/site-packages:/home/roboticslab/Ros2_predator-project_WS/install/predator_msgs/lib/python3.12/site-packages:/home/roboticslab/Ros2_predator-project_WS/install/predator_bringup/lib/python3.12/site-packages:/home/roboticslab/Ros2_predator-project_WS/install/predator_perception/lib/python3.12/site-packages:/home/roboticslab/Ros2_predator-project_WS/install/predator_navigation/lib/python3.12/site-packages:/home/roboticslab/Ros2_predator-project_WS/install/predator_manipulation/lib/python3.12/site-packages:/home/roboticslab/Ros2_predator-project_WS/install/predator_behavior/lib/python3.12/site-packages:/home/roboticslab/ros2_ws/install/moveit_task_constructor_core/lib/python3.12/site-packages:/home/roboticslab/ros2_ws/install/robo_waiter/lib/python3.12/site-packages:/home/roboticslab/ros2_ws/install/robo_chef/lib/python3.12/site-packages:/home/roboticslab/ros2_ws/install/roboChef/lib/python3.12/site-packages:/home/roboticslab/ros2_ws/install/moveit_task_constructor_msgs/lib/python3.12/site-packages:/home/roboticslab/ros2_ws/install/moveit_py/lib/python3.12/site-packages:/home/roboticslab/ros2_ws/install/moveit_msgs/lib/python3.12/site-packages:/home/roboticslab/ros2_ws/build/moveit_configs_utils:/home/roboticslab/ros2_ws/install/moveit_configs_utils/lib/python3.12/site-packages:/opt/ros/kilted/lib/python3.12/site-packages /usr/bin/python3 -W ignore:setup.py install is deprecated -W ignore:easy_install command is deprecated setup.py egg_info --egg-base ../../build/predator_manipulation build --build-base /home/roboticslab/Ros2_predator-project_WS/build/predator_manipulation/build install --record /home/roboticslab/Ros2_predator-project_WS/build/predator_manipulation/install.log --single-version-externally-managed install_data
[16.422s] Level 1:colcon.colcon_core.environment:checking '/home/roboticslab/Ros2_predator-project_WS/install/predator_manipulation/lib/python3.12/site-packages'
[16.422s] Level 1:colcon.colcon_core.shell:create_environment_hook('predator_manipulation', 'pythonpath')
[16.422s] INFO:colcon.colcon_core.shell:Creating environment hook '/home/roboticslab/Ros2_predator-project_WS/install/predator_manipulation/share/predator_manipulation/hook/pythonpath.ps1'
[16.423s] INFO:colcon.colcon_core.shell:Creating environment descriptor '/home/roboticslab/Ros2_predator-project_WS/install/predator_manipulation/share/predator_manipulation/hook/pythonpath.dsv'
[16.424s] INFO:colcon.colcon_core.shell:Creating environment hook '/home/roboticslab/Ros2_predator-project_WS/install/predator_manipulation/share/predator_manipulation/hook/pythonpath.sh'
[16.425s] Level 1:colcon.colcon_core.environment:checking '/home/roboticslab/Ros2_predator-project_WS/install/predator_manipulation/bin'
[16.425s] Level 1:colcon.colcon_core.environment:create_environment_scripts_only(predator_manipulation)
[16.426s] INFO:colcon.colcon_core.shell:Creating package script '/home/roboticslab/Ros2_predator-project_WS/install/predator_manipulation/share/predator_manipulation/package.ps1'
[16.427s] INFO:colcon.colcon_core.shell:Creating package descriptor '/home/roboticslab/Ros2_predator-project_WS/install/predator_manipulation/share/predator_manipulation/package.dsv'
[16.428s] INFO:colcon.colcon_core.shell:Creating package script '/home/roboticslab/Ros2_predator-project_WS/install/predator_manipulation/share/predator_manipulation/package.sh'
[16.429s] INFO:colcon.colcon_core.shell:Creating package script '/home/roboticslab/Ros2_predator-project_WS/install/predator_manipulation/share/predator_manipulation/package.bash'
[16.430s] INFO:colcon.colcon_core.shell:Creating package script '/home/roboticslab/Ros2_predator-project_WS/install/predator_manipulation/share/predator_manipulation/package.zsh'
[16.430s] Level 1:colcon.colcon_core.environment:create_file_with_runtime_dependencies(/home/roboticslab/Ros2_predator-project_WS/install/predator_manipulation/share/colcon-core/packages/predator_manipulation)
[16.572s] Level 1:colcon.colcon_core.environment:checking '/home/roboticslab/Ros2_predator-project_WS/install/predator_behavior' for CMake module files
[16.573s] DEBUG:colcon.colcon_core.event_handler.log_command:Invoked command in '/home/roboticslab/Ros2_predator-project_WS/src/predator_behavior' returned '0': DEBUGINFOD_URLS=https://debuginfod.ubuntu.com PYTHONPATH=/home/roboticslab/Ros2_predator-project_WS/build/predator_behavior/prefix_override:/usr/lib/python3/dist-packages/colcon_core/task/python/colcon_distutils_commands:/home/roboticslab/Ros2_predator-project_WS/install/predator_behavior/lib/python3.12/site-packages:/home/roboticslab/Ros2_predator-project_WS/install/predator_msgs/lib/python3.12/site-packages:/home/roboticslab/Ros2_predator-project_WS/install/predator_bringup/lib/python3.12/site-packages:/home/roboticslab/Ros2_predator-project_WS/install/predator_perception/lib/python3.12/site-packages:/home/roboticslab/Ros2_predator-project_WS/install/predator_navigation/lib/python3.12/site-packages:/home/roboticslab/Ros2_predator-project_WS/install/predator_manipulation/lib/python3.12/site-packages:/home/roboticslab/Ros2_predator-project_WS/install/predator_behavior/lib/python3.12/site-packages:/home/roboticslab/ros2_ws/install/moveit_task_constructor_core/lib/python3.12/site-packages:/home/roboticslab/ros2_ws/install/robo_waiter/lib/python3.12/site-packages:/home/roboticslab/ros2_ws/install/robo_chef/lib/python3.12/site-packages:/home/roboticslab/ros2_ws/install/roboChef/lib/python3.12/site-packages:/home/roboticslab/ros2_ws/install/moveit_task_constructor_msgs/lib/python3.12/site-packages:/home/roboticslab/ros2_ws/install/moveit_py/lib/python3.12/site-packages:/home/roboticslab/ros2_ws/install/moveit_msgs/lib/python3.12/site-packages:/home/roboticslab/ros2_ws/build/moveit_configs_utils:/home/roboticslab/ros2_ws/install/moveit_configs_utils/lib/python3.12/site-packages:/opt/ros/kilted/lib/python3.12/site-packages /usr/bin/python3 -W ignore:setup.py install is deprecated -W ignore:easy_install command is deprecated setup.py egg_info --egg-base ../../build/predator_behavior build --build-base /home/roboticslab/Ros2_predator-project_WS/build/predator_behavior/build install --record /home/roboticslab/Ros2_predator-project_WS/build/predator_behavior/install.log --single-version-externally-managed install_data
[16.575s] Level 1:colcon.colcon_core.environment:checking '/home/roboticslab/Ros2_predator-project_WS/install/predator_behavior' for CMake config files
[16.578s] Level 1:colcon.colcon_core.environment:checking '/home/roboticslab/Ros2_predator-project_WS/install/predator_behavior/lib'
[16.578s] Level 1:colcon.colcon_core.environment:checking '/home/roboticslab/Ros2_predator-project_WS/install/predator_behavior/bin'
[16.578s] Level 1:colcon.colcon_core.environment:checking '/home/roboticslab/Ros2_predator-project_WS/install/predator_behavior/lib/pkgconfig/predator_behavior.pc'
[16.580s] Level 1:colcon.colcon_core.environment:checking '/home/roboticslab/Ros2_predator-project_WS/install/predator_behavior/lib/python3.12/site-packages'
[16.581s] Level 1:colcon.colcon_core.shell:create_environment_hook('predator_behavior', 'pythonpath')
[16.581s] INFO:colcon.colcon_core.shell:Creating environment hook '/home/roboticslab/Ros2_predator-project_WS/install/predator_behavior/share/predator_behavior/hook/pythonpath.ps1'
[16.585s] INFO:colcon.colcon_core.shell:Creating environment descriptor '/home/roboticslab/Ros2_predator-project_WS/install/predator_behavior/share/predator_behavior/hook/pythonpath.dsv'
[16.587s] INFO:colcon.colcon_core.shell:Creating environment hook '/home/roboticslab/Ros2_predator-project_WS/install/predator_behavior/share/predator_behavior/hook/pythonpath.sh'
[16.590s] Level 1:colcon.colcon_core.environment:checking '/home/roboticslab/Ros2_predator-project_WS/install/predator_behavior/bin'
[16.591s] Level 1:colcon.colcon_core.environment:create_environment_scripts_only(predator_behavior)
[16.593s] INFO:colcon.colcon_core.shell:Creating package script '/home/roboticslab/Ros2_predator-project_WS/install/predator_behavior/share/predator_behavior/package.ps1'
[16.595s] INFO:colcon.colcon_core.shell:Creating package descriptor '/home/roboticslab/Ros2_predator-project_WS/install/predator_behavior/share/predator_behavior/package.dsv'
[16.598s] INFO:colcon.colcon_core.shell:Creating package script '/home/roboticslab/Ros2_predator-project_WS/install/predator_behavior/share/predator_behavior/package.sh'
[16.599s] INFO:colcon.colcon_core.shell:Creating package script '/home/roboticslab/Ros2_predator-project_WS/install/predator_behavior/share/predator_behavior/package.bash'
[16.600s] INFO:colcon.colcon_core.shell:Creating package script '/home/roboticslab/Ros2_predator-project_WS/install/predator_behavior/share/predator_behavior/package.zsh'
[16.603s] Level 1:colcon.colcon_core.environment:create_file_with_runtime_dependencies(/home/roboticslab/Ros2_predator-project_WS/install/predator_behavior/share/colcon-core/packages/predator_behavior)
[16.717s] Level 1:colcon.colcon_core.environment:checking '/home/roboticslab/Ros2_predator-project_WS/install/predator_perception' for CMake module files
[16.718s] DEBUG:colcon.colcon_core.event_handler.log_command:Invoked command in '/home/roboticslab/Ros2_predator-project_WS/src/predator_perception' returned '0': DEBUGINFOD_URLS=https://debuginfod.ubuntu.com PYTHONPATH=/home/roboticslab/Ros2_predator-project_WS/build/predator_perception/prefix_override:/usr/lib/python3/dist-packages/colcon_core/task/python/colcon_distutils_commands:/home/roboticslab/Ros2_predator-project_WS/install/predator_perception/lib/python3.12/site-packages:/home/roboticslab/Ros2_predator-project_WS/install/predator_msgs/lib/python3.12/site-packages:/home/roboticslab/Ros2_predator-project_WS/install/predator_bringup/lib/python3.12/site-packages:/home/roboticslab/Ros2_predator-project_WS/install/predator_perception/lib/python3.12/site-packages:/home/roboticslab/Ros2_predator-project_WS/install/predator_navigation/lib/python3.12/site-packages:/home/roboticslab/Ros2_predator-project_WS/install/predator_manipulation/lib/python3.12/site-packages:/home/roboticslab/Ros2_predator-project_WS/install/predator_behavior/lib/python3.12/site-packages:/home/roboticslab/ros2_ws/install/moveit_task_constructor_core/lib/python3.12/site-packages:/home/roboticslab/ros2_ws/install/robo_waiter/lib/python3.12/site-packages:/home/roboticslab/ros2_ws/install/robo_chef/lib/python3.12/site-packages:/home/roboticslab/ros2_ws/install/roboChef/lib/python3.12/site-packages:/home/roboticslab/ros2_ws/install/moveit_task_constructor_msgs/lib/python3.12/site-packages:/home/roboticslab/ros2_ws/install/moveit_py/lib/python3.12/site-packages:/home/roboticslab/ros2_ws/install/moveit_msgs/lib/python3.12/site-packages:/home/roboticslab/ros2_ws/build/moveit_configs_utils:/home/roboticslab/ros2_ws/install/moveit_configs_utils/lib/python3.12/site-packages:/opt/ros/kilted/lib/python3.12/site-packages /usr/bin/python3 -W ignore:setup.py install is deprecated -W ignore:easy_install command is deprecated setup.py egg_info --egg-base ../../build/predator_perception build --build-base /home/roboticslab/Ros2_predator-project_WS/build/predator_perception/build install --record /home/roboticslab/Ros2_predator-project_WS/build/predator_perception/install.log --single-version-externally-managed install_data
[16.719s] Level 1:colcon.colcon_core.environment:checking '/home/roboticslab/Ros2_predator-project_WS/install/predator_perception' for CMake config files
[16.721s] Level 1:colcon.colcon_core.environment:checking '/home/roboticslab/Ros2_predator-project_WS/install/predator_perception/lib'
[16.721s] Level 1:colcon.colcon_core.environment:checking '/home/roboticslab/Ros2_predator-project_WS/install/predator_perception/bin'
[16.721s] Level 1:colcon.colcon_core.environment:checking '/home/roboticslab/Ros2_predator-project_WS/install/predator_perception/lib/pkgconfig/predator_perception.pc'
[16.721s] Level 1:colcon.colcon_core.environment:checking '/home/roboticslab/Ros2_predator-project_WS/install/predator_perception/lib/python3.12/site-packages'
[16.722s] Level 1:colcon.colcon_core.shell:create_environment_hook('predator_perception', 'pythonpath')
[16.722s] INFO:colcon.colcon_core.shell:Creating environment hook '/home/roboticslab/Ros2_predator-project_WS/install/predator_perception/share/predator_perception/hook/pythonpath.ps1'
[16.723s] INFO:colcon.colcon_core.shell:Creating environment descriptor '/home/roboticslab/Ros2_predator-project_WS/install/predator_perception/share/predator_perception/hook/pythonpath.dsv'
[16.724s] INFO:colcon.colcon_core.shell:Creating environment hook '/home/roboticslab/Ros2_predator-project_WS/install/predator_perception/share/predator_perception/hook/pythonpath.sh'
[16.726s] Level 1:colcon.colcon_core.environment:checking '/home/roboticslab/Ros2_predator-project_WS/install/predator_perception/bin'
[16.726s] Level 1:colcon.colcon_core.environment:create_environment_scripts_only(predator_perception)
[16.727s] INFO:colcon.colcon_core.shell:Creating package script '/home/roboticslab/Ros2_predator-project_WS/install/predator_perception/share/predator_perception/package.ps1'
[16.728s] INFO:colcon.colcon_core.shell:Creating package descriptor '/home/roboticslab/Ros2_predator-project_WS/install/predator_perception/share/predator_perception/package.dsv'
[16.729s] INFO:colcon.colcon_core.shell:Creating package script '/home/roboticslab/Ros2_predator-project_WS/install/predator_perception/share/predator_perception/package.sh'
[16.729s] INFO:colcon.colcon_core.shell:Creating package script '/home/roboticslab/Ros2_predator-project_WS/install/predator_perception/share/predator_perception/package.bash'
[16.730s] INFO:colcon.colcon_core.shell:Creating package script '/home/roboticslab/Ros2_predator-project_WS/install/predator_perception/share/predator_perception/package.zsh'
[16.731s] Level 1:colcon.colcon_core.environment:create_file_with_runtime_dependencies(/home/roboticslab/Ros2_predator-project_WS/install/predator_perception/share/colcon-core/packages/predator_perception)
[17.045s] Level 1:colcon.colcon_core.environment:checking '/home/roboticslab/Ros2_predator-project_WS/install/predator_navigation' for CMake module files
[17.046s] DEBUG:colcon.colcon_core.event_handler.log_command:Invoked command in '/home/roboticslab/Ros2_predator-project_WS/src/predator_navigation' returned '0': DEBUGINFOD_URLS=https://debuginfod.ubuntu.com PYTHONPATH=/home/roboticslab/Ros2_predator-project_WS/build/predator_navigation/prefix_override:/usr/lib/python3/dist-packages/colcon_core/task/python/colcon_distutils_commands:/home/roboticslab/Ros2_predator-project_WS/install/predator_navigation/lib/python3.12/site-packages:/home/roboticslab/Ros2_predator-project_WS/install/predator_msgs/lib/python3.12/site-packages:/home/roboticslab/Ros2_predator-project_WS/install/predator_bringup/lib/python3.12/site-packages:/home/roboticslab/Ros2_predator-project_WS/install/predator_perception/lib/python3.12/site-packages:/home/roboticslab/Ros2_predator-project_WS/install/predator_navigation/lib/python3.12/site-packages:/home/roboticslab/Ros2_predator-project_WS/install/predator_manipulation/lib/python3.12/site-packages:/home/roboticslab/Ros2_predator-project_WS/install/predator_behavior/lib/python3.12/site-packages:/home/roboticslab/ros2_ws/install/moveit_task_constructor_core/lib/python3.12/site-packages:/home/roboticslab/ros2_ws/install/robo_waiter/lib/python3.12/site-packages:/home/roboticslab/ros2_ws/install/robo_chef/lib/python3.12/site-packages:/home/roboticslab/ros2_ws/install/roboChef/lib/python3.12/site-packages:/home/roboticslab/ros2_ws/install/moveit_task_constructor_msgs/lib/python3.12/site-packages:/home/roboticslab/ros2_ws/install/moveit_py/lib/python3.12/site-packages:/home/roboticslab/ros2_ws/install/moveit_msgs/lib/python3.12/site-packages:/home/roboticslab/ros2_ws/build/moveit_configs_utils:/home/roboticslab/ros2_ws/install/moveit_configs_utils/lib/python3.12/site-packages:/opt/ros/kilted/lib/python3.12/site-packages /usr/bin/python3 -W ignore:setup.py install is deprecated -W ignore:easy_install command is deprecated setup.py egg_info --egg-base ../../build/predator_navigation build --build-base /home/roboticslab/Ros2_predator-project_WS/build/predator_navigation/build install --record /home/roboticslab/Ros2_predator-project_WS/build/predator_navigation/install.log --single-version-externally-managed install_data
[17.047s] Level 1:colcon.colcon_core.environment:checking '/home/roboticslab/Ros2_predator-project_WS/install/predator_navigation' for CMake config files
[17.048s] Level 1:colcon.colcon_core.environment:checking '/home/roboticslab/Ros2_predator-project_WS/install/predator_navigation/lib'
[17.048s] Level 1:colcon.colcon_core.environment:checking '/home/roboticslab/Ros2_predator-project_WS/install/predator_navigation/bin'
[17.048s] Level 1:colcon.colcon_core.environment:checking '/home/roboticslab/Ros2_predator-project_WS/install/predator_navigation/lib/pkgconfig/predator_navigation.pc'
[17.049s] Level 1:colcon.colcon_core.environment:checking '/home/roboticslab/Ros2_predator-project_WS/install/predator_navigation/lib/python3.12/site-packages'
[17.049s] Level 1:colcon.colcon_core.shell:create_environment_hook('predator_navigation', 'pythonpath')
[17.049s] INFO:colcon.colcon_core.shell:Creating environment hook '/home/roboticslab/Ros2_predator-project_WS/install/predator_navigation/share/predator_navigation/hook/pythonpath.ps1'
[17.050s] INFO:colcon.colcon_core.shell:Creating environment descriptor '/home/roboticslab/Ros2_predator-project_WS/install/predator_navigation/share/predator_navigation/hook/pythonpath.dsv'
[17.051s] INFO:colcon.colcon_core.shell:Creating environment hook '/home/roboticslab/Ros2_predator-project_WS/install/predator_navigation/share/predator_navigation/hook/pythonpath.sh'
[17.053s] Level 1:colcon.colcon_core.environment:checking '/home/roboticslab/Ros2_predator-project_WS/install/predator_navigation/bin'
[17.053s] Level 1:colcon.colcon_core.environment:create_environment_scripts_only(predator_navigation)
[17.053s] INFO:colcon.colcon_core.shell:Creating package script '/home/roboticslab/Ros2_predator-project_WS/install/predator_navigation/share/predator_navigation/package.ps1'
[17.055s] INFO:colcon.colcon_core.shell:Creating package descriptor '/home/roboticslab/Ros2_predator-project_WS/install/predator_navigation/share/predator_navigation/package.dsv'
[17.056s] INFO:colcon.colcon_core.shell:Creating package script '/home/roboticslab/Ros2_predator-project_WS/install/predator_navigation/share/predator_navigation/package.sh'
[17.057s] INFO:colcon.colcon_core.shell:Creating package script '/home/roboticslab/Ros2_predator-project_WS/install/predator_navigation/share/predator_navigation/package.bash'
[17.058s] INFO:colcon.colcon_core.shell:Creating package script '/home/roboticslab/Ros2_predator-project_WS/install/predator_navigation/share/predator_navigation/package.zsh'
[17.058s] Level 1:colcon.colcon_core.environment:create_file_with_runtime_dependencies(/home/roboticslab/Ros2_predator-project_WS/install/predator_navigation/share/colcon-core/packages/predator_navigation)
[17.059s] INFO:colcon.colcon_ros.task.ament_python.build:Building ROS package in '/home/roboticslab/Ros2_predator-project_WS/src/predator_bringup' with build type 'ament_python'
[17.059s] Level 1:colcon.colcon_core.shell:create_environment_hook('predator_bringup', 'ament_prefix_path')
[17.059s] INFO:colcon.colcon_core.shell:Creating environment hook '/home/roboticslab/Ros2_predator-project_WS/install/predator_bringup/share/predator_bringup/hook/ament_prefix_path.ps1'
[17.060s] INFO:colcon.colcon_core.shell:Creating environment descriptor '/home/roboticslab/Ros2_predator-project_WS/install/predator_bringup/share/predator_bringup/hook/ament_prefix_path.dsv'
[17.061s] INFO:colcon.colcon_core.shell:Creating environment hook '/home/roboticslab/Ros2_predator-project_WS/install/predator_bringup/share/predator_bringup/hook/ament_prefix_path.sh'
[17.062s] INFO:colcon.colcon_core.shell:Skip shell extension 'powershell' for command environment: Not usable outside of PowerShell
[17.062s] DEBUG:colcon.colcon_core.shell:Skip shell extension 'dsv' for command environment
[17.638s] INFO:colcon.colcon_core.task.python.build:Building Python package in '/home/roboticslab/Ros2_predator-project_WS/src/predator_bringup'
[17.638s] INFO:colcon.colcon_core.shell:Skip shell extension 'powershell' for command environment: Not usable outside of PowerShell
[17.639s] DEBUG:colcon.colcon_core.shell:Skip shell extension 'dsv' for command environment
[18.935s] DEBUG:colcon.colcon_core.event_handler.log_command:Invoking command in '/home/roboticslab/Ros2_predator-project_WS/src/predator_bringup': AMENT_PREFIX_PATH=/home/roboticslab/Ros2_predator-project_WS/install/predator_perception:/home/roboticslab/Ros2_predator-project_WS/install/predator_navigation:/home/roboticslab/Ros2_predator-project_WS/install/predator_manipulation:/home/roboticslab/Ros2_predator-project_WS/install/predator_behavior:/home/roboticslab/Ros2_predator-project_WS/install/predator_bringup:/home/roboticslab/Ros2_predator-project_WS/install/predator_msgs:/home/roboticslab/ros2_ws/install/usb_cam:/home/roboticslab/ros2_ws/install/ur_simulation_gz:/home/roboticslab/ros2_ws/install/robotiq_hardware_tests:/home/roboticslab/ros2_ws/install/robotiq_driver:/home/roboticslab/ros2_ws/install/serial:/home/roboticslab/ros2_ws/install/moveit2_tutorials:/home/roboticslab/ros2_ws/install/moveit_visual_tools:/home/roboticslab/ros2_ws/install/rviz_visual_tools:/home/roboticslab/ros2_ws/install/moveit_task_constructor_demo:/home/roboticslab/ros2_ws/install/moveit_task_constructor_visualization:/home/roboticslab/ros2_ws/install/moveit_task_constructor_capabilities:/home/roboticslab/ros2_ws/install/moveit_task_constructor_core:/home/roboticslab/ros2_ws/install/rviz_marker_tools:/home/roboticslab/ros2_ws/install/kortex_bringup:/home/roboticslab/ros2_ws/install/kinova_gen3_lite_moveit_config:/home/roboticslab/ros2_ws/install/kinova_gen3_7dof_robotiq_2f_85_moveit_config:/home/roboticslab/ros2_ws/install/kinova_gen3_6dof_robotiq_2f_85_moveit_config:/home/roboticslab/ros2_ws/install/kortex_description:/home/roboticslab/ros2_ws/install/robotiq_description:/home/roboticslab/ros2_ws/install/robotiq_controllers:/home/roboticslab/ros2_ws/install/robo_waiter:/home/roboticslab/ros2_ws/install/robo_chef:/home/roboticslab/ros2_ws/install/roboChef:/home/roboticslab/ros2_ws/install/pilz_industrial_motion_planner_testutils:/home/roboticslab/ros2_ws/install/moveit_runtime:/home/roboticslab/ros2_ws/install/moveit:/home/roboticslab/ros2_ws/install/moveit_planners:/home/roboticslab/ros2_ws/install/pilz_industrial_motion_planner:/home/roboticslab/ros2_ws/install/moveit_task_constructor_msgs:/home/roboticslab/ros2_ws/install/moveit_ros_control_interface:/home/roboticslab/ros2_ws/install/moveit_plugins:/home/roboticslab/ros2_ws/install/moveit_simple_controller_manager:/home/roboticslab/ros2_ws/install/moveit_setup_assistant:/home/roboticslab/ros2_ws/install/moveit_setup_srdf_plugins:/home/roboticslab/ros2_ws/install/moveit_setup_core_plugins:/home/roboticslab/ros2_ws/install/moveit_setup_controllers:/home/roboticslab/ros2_ws/install/moveit_setup_app_plugins:/home/roboticslab/ros2_ws/install/moveit_setup_framework:/home/roboticslab/ros2_ws/install/moveit_servo:/home/roboticslab/ros2_ws/install/moveit_ros_trajectory_cache:/home/roboticslab/ros2_ws/install/moveit_ros:/home/roboticslab/ros2_ws/install/moveit_ros_visualization:/home/roboticslab/ros2_ws/install/moveit_py:/home/roboticslab/ros2_ws/install/moveit_hybrid_planning:/home/roboticslab/ros2_ws/install/moveit_ros_planning_interface:/home/roboticslab/ros2_ws/install/moveit_ros_benchmarks:/home/roboticslab/ros2_ws/install/moveit_ros_warehouse:/home/roboticslab/ros2_ws/install/moveit_ros_robot_interaction:/home/roboticslab/ros2_ws/install/moveit_ros_perception:/home/roboticslab/ros2_ws/install/moveit_resources_prbt_pg70_support:/home/roboticslab/ros2_ws/install/moveit_resources_prbt_moveit_config:/home/roboticslab/ros2_ws/install/moveit_ros_move_group:/home/roboticslab/ros2_ws/install/moveit_planners_ompl:/home/roboticslab/ros2_ws/install/moveit_kinematics:/home/roboticslab/ros2_ws/install/moveit_ros_planning:/home/roboticslab/ros2_ws/install/moveit_ros_occupancy_map_monitor:/home/roboticslab/ros2_ws/install/moveit_resources_prbt_support:/home/roboticslab/ros2_ws/install/moveit_resources_prbt_ikfast_manipulator_plugin:/home/roboticslab/ros2_ws/install/moveit_resources:/home/roboticslab/ros2_ws/install/moveit_resources_pr2_description:/home/roboticslab/ros2_ws/install/moveit_resources_panda_moveit_config:/home/roboticslab/ros2_ws/install/dual_arm_panda_moveit_config:/home/roboticslab/ros2_ws/install/moveit_resources_panda_description:/home/roboticslab/ros2_ws/install/moveit_resources_fanuc_moveit_config:/home/roboticslab/ros2_ws/install/moveit_resources_fanuc_description:/home/roboticslab/ros2_ws/install/moveit_planners_stomp:/home/roboticslab/ros2_ws/install/moveit_planners_chomp:/home/roboticslab/ros2_ws/install/chomp_motion_planner:/home/roboticslab/ros2_ws/install/moveit_core:/home/roboticslab/ros2_ws/install/moveit_msgs:/home/roboticslab/ros2_ws/install/moveit_configs_utils:/home/roboticslab/ros2_ws/install/moveit_common:/home/roboticslab/ros2_ws/install/kortex_driver:/home/roboticslab/ros2_ws/install/kortex_api:/opt/ros/kilted DEBUGINFOD_URLS=https://debuginfod.ubuntu.com PYTHONPATH=/home/roboticslab/Ros2_predator-project_WS/build/predator_bringup/prefix_override:/usr/lib/python3/dist-packages/colcon_core/task/python/colcon_distutils_commands:/home/roboticslab/Ros2_predator-project_WS/install/predator_bringup/lib/python3.12/site-packages:/home/roboticslab/Ros2_predator-project_WS/install/predator_perception/lib/python3.12/site-packages:/home/roboticslab/Ros2_predator-project_WS/install/predator_navigation/lib/python3.12/site-packages:/home/roboticslab/Ros2_predator-project_WS/install/predator_manipulation/lib/python3.12/site-packages:/home/roboticslab/Ros2_predator-project_WS/install/predator_behavior/lib/python3.12/site-packages:/home/roboticslab/Ros2_predator-project_WS/install/predator_msgs/lib/python3.12/site-packages:/home/roboticslab/Ros2_predator-project_WS/install/predator_bringup/lib/python3.12/site-packages:/home/roboticslab/ros2_ws/install/moveit_task_constructor_core/lib/python3.12/site-packages:/home/roboticslab/ros2_ws/install/robo_waiter/lib/python3.12/site-packages:/home/roboticslab/ros2_ws/install/robo_chef/lib/python3.12/site-packages:/home/roboticslab/ros2_ws/install/roboChef/lib/python3.12/site-packages:/home/roboticslab/ros2_ws/install/moveit_task_constructor_msgs/lib/python3.12/site-packages:/home/roboticslab/ros2_ws/install/moveit_py/lib/python3.12/site-packages:/home/roboticslab/ros2_ws/install/moveit_msgs/lib/python3.12/site-packages:/home/roboticslab/ros2_ws/build/moveit_configs_utils:/home/roboticslab/ros2_ws/install/moveit_configs_utils/lib/python3.12/site-packages:/opt/ros/kilted/lib/python3.12/site-packages /usr/bin/python3 -W ignore:setup.py install is deprecated -W ignore:easy_install command is deprecated setup.py egg_info --egg-base ../../build/predator_bringup build --build-base /home/roboticslab/Ros2_predator-project_WS/build/predator_bringup/build install --record /home/roboticslab/Ros2_predator-project_WS/build/predator_bringup/install.log --single-version-externally-managed install_data
[20.207s] Level 1:colcon.colcon_core.environment:checking '/home/roboticslab/Ros2_predator-project_WS/install/predator_bringup' for CMake module files
[20.208s] DEBUG:colcon.colcon_core.event_handler.log_command:Invoked command in '/home/roboticslab/Ros2_predator-project_WS/src/predator_bringup' returned '0': AMENT_PREFIX_PATH=/home/roboticslab/Ros2_predator-project_WS/install/predator_perception:/home/roboticslab/Ros2_predator-project_WS/install/predator_navigation:/home/roboticslab/Ros2_predator-project_WS/install/predator_manipulation:/home/roboticslab/Ros2_predator-project_WS/install/predator_behavior:/home/roboticslab/Ros2_predator-project_WS/install/predator_bringup:/home/roboticslab/Ros2_predator-project_WS/install/predator_msgs:/home/roboticslab/ros2_ws/install/usb_cam:/home/roboticslab/ros2_ws/install/ur_simulation_gz:/home/roboticslab/ros2_ws/install/robotiq_hardware_tests:/home/roboticslab/ros2_ws/install/robotiq_driver:/home/roboticslab/ros2_ws/install/serial:/home/roboticslab/ros2_ws/install/moveit2_tutorials:/home/roboticslab/ros2_ws/install/moveit_visual_tools:/home/roboticslab/ros2_ws/install/rviz_visual_tools:/home/roboticslab/ros2_ws/install/moveit_task_constructor_demo:/home/roboticslab/ros2_ws/install/moveit_task_constructor_visualization:/home/roboticslab/ros2_ws/install/moveit_task_constructor_capabilities:/home/roboticslab/ros2_ws/install/moveit_task_constructor_core:/home/roboticslab/ros2_ws/install/rviz_marker_tools:/home/roboticslab/ros2_ws/install/kortex_bringup:/home/roboticslab/ros2_ws/install/kinova_gen3_lite_moveit_config:/home/roboticslab/ros2_ws/install/kinova_gen3_7dof_robotiq_2f_85_moveit_config:/home/roboticslab/ros2_ws/install/kinova_gen3_6dof_robotiq_2f_85_moveit_config:/home/roboticslab/ros2_ws/install/kortex_description:/home/roboticslab/ros2_ws/install/robotiq_description:/home/roboticslab/ros2_ws/install/robotiq_controllers:/home/roboticslab/ros2_ws/install/robo_waiter:/home/roboticslab/ros2_ws/install/robo_chef:/home/roboticslab/ros2_ws/install/roboChef:/home/roboticslab/ros2_ws/install/pilz_industrial_motion_planner_testutils:/home/roboticslab/ros2_ws/install/moveit_runtime:/home/roboticslab/ros2_ws/install/moveit:/home/roboticslab/ros2_ws/install/moveit_planners:/home/roboticslab/ros2_ws/install/pilz_industrial_motion_planner:/home/roboticslab/ros2_ws/install/moveit_task_constructor_msgs:/home/roboticslab/ros2_ws/install/moveit_ros_control_interface:/home/roboticslab/ros2_ws/install/moveit_plugins:/home/roboticslab/ros2_ws/install/moveit_simple_controller_manager:/home/roboticslab/ros2_ws/install/moveit_setup_assistant:/home/roboticslab/ros2_ws/install/moveit_setup_srdf_plugins:/home/roboticslab/ros2_ws/install/moveit_setup_core_plugins:/home/roboticslab/ros2_ws/install/moveit_setup_controllers:/home/roboticslab/ros2_ws/install/moveit_setup_app_plugins:/home/roboticslab/ros2_ws/install/moveit_setup_framework:/home/roboticslab/ros2_ws/install/moveit_servo:/home/roboticslab/ros2_ws/install/moveit_ros_trajectory_cache:/home/roboticslab/ros2_ws/install/moveit_ros:/home/roboticslab/ros2_ws/install/moveit_ros_visualization:/home/roboticslab/ros2_ws/install/moveit_py:/home/roboticslab/ros2_ws/install/moveit_hybrid_planning:/home/roboticslab/ros2_ws/install/moveit_ros_planning_interface:/home/roboticslab/ros2_ws/install/moveit_ros_benchmarks:/home/roboticslab/ros2_ws/install/moveit_ros_warehouse:/home/roboticslab/ros2_ws/install/moveit_ros_robot_interaction:/home/roboticslab/ros2_ws/install/moveit_ros_perception:/home/roboticslab/ros2_ws/install/moveit_resources_prbt_pg70_support:/home/roboticslab/ros2_ws/install/moveit_resources_prbt_moveit_config:/home/roboticslab/ros2_ws/install/moveit_ros_move_group:/home/roboticslab/ros2_ws/install/moveit_planners_ompl:/home/roboticslab/ros2_ws/install/moveit_kinematics:/home/roboticslab/ros2_ws/install/moveit_ros_planning:/home/roboticslab/ros2_ws/install/moveit_ros_occupancy_map_monitor:/home/roboticslab/ros2_ws/install/moveit_resources_prbt_support:/home/roboticslab/ros2_ws/install/moveit_resources_prbt_ikfast_manipulator_plugin:/home/roboticslab/ros2_ws/install/moveit_resources:/home/roboticslab/ros2_ws/install/moveit_resources_pr2_description:/home/roboticslab/ros2_ws/install/moveit_resources_panda_moveit_config:/home/roboticslab/ros2_ws/install/dual_arm_panda_moveit_config:/home/roboticslab/ros2_ws/install/moveit_resources_panda_description:/home/roboticslab/ros2_ws/install/moveit_resources_fanuc_moveit_config:/home/roboticslab/ros2_ws/install/moveit_resources_fanuc_description:/home/roboticslab/ros2_ws/install/moveit_planners_stomp:/home/roboticslab/ros2_ws/install/moveit_planners_chomp:/home/roboticslab/ros2_ws/install/chomp_motion_planner:/home/roboticslab/ros2_ws/install/moveit_core:/home/roboticslab/ros2_ws/install/moveit_msgs:/home/roboticslab/ros2_ws/install/moveit_configs_utils:/home/roboticslab/ros2_ws/install/moveit_common:/home/roboticslab/ros2_ws/install/kortex_driver:/home/roboticslab/ros2_ws/install/kortex_api:/opt/ros/kilted DEBUGINFOD_URLS=https://debuginfod.ubuntu.com PYTHONPATH=/home/roboticslab/Ros2_predator-project_WS/build/predator_bringup/prefix_override:/usr/lib/python3/dist-packages/colcon_core/task/python/colcon_distutils_commands:/home/roboticslab/Ros2_predator-project_WS/install/predator_bringup/lib/python3.12/site-packages:/home/roboticslab/Ros2_predator-project_WS/install/predator_perception/lib/python3.12/site-packages:/home/roboticslab/Ros2_predator-project_WS/install/predator_navigation/lib/python3.12/site-packages:/home/roboticslab/Ros2_predator-project_WS/install/predator_manipulation/lib/python3.12/site-packages:/home/roboticslab/Ros2_predator-project_WS/install/predator_behavior/lib/python3.12/site-packages:/home/roboticslab/Ros2_predator-project_WS/install/predator_msgs/lib/python3.12/site-packages:/home/roboticslab/Ros2_predator-project_WS/install/predator_bringup/lib/python3.12/site-packages:/home/roboticslab/ros2_ws/install/moveit_task_constructor_core/lib/python3.12/site-packages:/home/roboticslab/ros2_ws/install/robo_waiter/lib/python3.12/site-packages:/home/roboticslab/ros2_ws/install/robo_chef/lib/python3.12/site-packages:/home/roboticslab/ros2_ws/install/roboChef/lib/python3.12/site-packages:/home/roboticslab/ros2_ws/install/moveit_task_constructor_msgs/lib/python3.12/site-packages:/home/roboticslab/ros2_ws/install/moveit_py/lib/python3.12/site-packages:/home/roboticslab/ros2_ws/install/moveit_msgs/lib/python3.12/site-packages:/home/roboticslab/ros2_ws/build/moveit_configs_utils:/home/roboticslab/ros2_ws/install/moveit_configs_utils/lib/python3.12/site-packages:/opt/ros/kilted/lib/python3.12/site-packages /usr/bin/python3 -W ignore:setup.py install is deprecated -W ignore:easy_install command is deprecated setup.py egg_info --egg-base ../../build/predator_bringup build --build-base /home/roboticslab/Ros2_predator-project_WS/build/predator_bringup/build install --record /home/roboticslab/Ros2_predator-project_WS/build/predator_bringup/install.log --single-version-externally-managed install_data
[20.208s] Level 1:colcon.colcon_core.environment:checking '/home/roboticslab/Ros2_predator-project_WS/install/predator_bringup' for CMake config files
[20.209s] Level 1:colcon.colcon_core.environment:checking '/home/roboticslab/Ros2_predator-project_WS/install/predator_bringup/lib'
[20.209s] Level 1:colcon.colcon_core.environment:checking '/home/roboticslab/Ros2_predator-project_WS/install/predator_bringup/bin'
[20.209s] Level 1:colcon.colcon_core.environment:checking '/home/roboticslab/Ros2_predator-project_WS/install/predator_bringup/lib/pkgconfig/predator_bringup.pc'
[20.209s] Level 1:colcon.colcon_core.environment:checking '/home/roboticslab/Ros2_predator-project_WS/install/predator_bringup/lib/python3.12/site-packages'
[20.209s] Level 1:colcon.colcon_core.shell:create_environment_hook('predator_bringup', 'pythonpath')
[20.210s] INFO:colcon.colcon_core.shell:Creating environment hook '/home/roboticslab/Ros2_predator-project_WS/install/predator_bringup/share/predator_bringup/hook/pythonpath.ps1'
[20.211s] INFO:colcon.colcon_core.shell:Creating environment descriptor '/home/roboticslab/Ros2_predator-project_WS/install/predator_bringup/share/predator_bringup/hook/pythonpath.dsv'
[20.211s] INFO:colcon.colcon_core.shell:Creating environment hook '/home/roboticslab/Ros2_predator-project_WS/install/predator_bringup/share/predator_bringup/hook/pythonpath.sh'
[20.213s] Level 1:colcon.colcon_core.environment:checking '/home/roboticslab/Ros2_predator-project_WS/install/predator_bringup/bin'
[20.213s] Level 1:colcon.colcon_core.environment:create_environment_scripts_only(predator_bringup)
[20.213s] INFO:colcon.colcon_core.shell:Creating package script '/home/roboticslab/Ros2_predator-project_WS/install/predator_bringup/share/predator_bringup/package.ps1'
[20.215s] INFO:colcon.colcon_core.shell:Creating package descriptor '/home/roboticslab/Ros2_predator-project_WS/install/predator_bringup/share/predator_bringup/package.dsv'
[20.215s] INFO:colcon.colcon_core.shell:Creating package script '/home/roboticslab/Ros2_predator-project_WS/install/predator_bringup/share/predator_bringup/package.sh'
[20.216s] INFO:colcon.colcon_core.shell:Creating package script '/home/roboticslab/Ros2_predator-project_WS/install/predator_bringup/share/predator_bringup/package.bash'
[20.216s] INFO:colcon.colcon_core.shell:Creating package script '/home/roboticslab/Ros2_predator-project_WS/install/predator_bringup/share/predator_bringup/package.zsh'
[20.217s] Level 1:colcon.colcon_core.environment:create_file_with_runtime_dependencies(/home/roboticslab/Ros2_predator-project_WS/install/predator_bringup/share/colcon-core/packages/predator_bringup)
[20.217s] DEBUG:colcon.colcon_parallel_executor.executor.parallel:closing loop
[20.218s] DEBUG:colcon.colcon_parallel_executor.executor.parallel:loop closed
[20.218s] DEBUG:colcon.colcon_parallel_executor.executor.parallel:run_until_complete finished with '0'
[20.218s] DEBUG:colcon.colcon_core.event_reactor:joining thread
[20.239s] INFO:colcon.colcon_core.plugin_system:Skipping extension 'colcon_notification.desktop_notification.terminal_notifier': Not used on non-Darwin systems
[20.239s] INFO:colcon.colcon_core.plugin_system:Skipping extension 'colcon_notification.desktop_notification.win32': Not used on non-Windows systems
[20.239s] INFO:colcon.colcon_notification.desktop_notification:Sending desktop notification using 'notify2'
[20.275s] DEBUG:colcon.colcon_core.event_reactor:joined thread
[20.276s] INFO:colcon.colcon_core.shell:Creating prefix script '/home/roboticslab/Ros2_predator-project_WS/install/local_setup.ps1'
[20.306s] INFO:colcon.colcon_core.shell:Creating prefix util module '/home/roboticslab/Ros2_predator-project_WS/install/_local_setup_util_ps1.py'
[20.327s] INFO:colcon.colcon_core.shell:Creating prefix chain script '/home/roboticslab/Ros2_predator-project_WS/install/setup.ps1'
[20.336s] INFO:colcon.colcon_core.shell:Creating prefix script '/home/roboticslab/Ros2_predator-project_WS/install/local_setup.sh'
[20.338s] INFO:colcon.colcon_core.shell:Creating prefix util module '/home/roboticslab/Ros2_predator-project_WS/install/_local_setup_util_sh.py'
[20.339s] INFO:colcon.colcon_core.shell:Creating prefix chain script '/home/roboticslab/Ros2_predator-project_WS/install/setup.sh'
[20.347s] INFO:colcon.colcon_core.shell:Creating prefix script '/home/roboticslab/Ros2_predator-project_WS/install/local_setup.bash'
[20.348s] INFO:colcon.colcon_core.shell:Creating prefix chain script '/home/roboticslab/Ros2_predator-project_WS/install/setup.bash'
[20.357s] INFO:colcon.colcon_core.shell:Creating prefix script '/home/roboticslab/Ros2_predator-project_WS/install/local_setup.zsh'
[20.359s] INFO:colcon.colcon_core.shell:Creating prefix chain script '/home/roboticslab/Ros2_predator-project_WS/install/setup.zsh'
