[7.187s] Invoking command in '/home/roboticslab/Ros2_predator-project_WS/src/predator_manipulation': DEBUGINFOD_URLS=https://debuginfod.ubuntu.com PYTHONPATH=/home/roboticslab/Ros2_predator-project_WS/build/predator_manipulation/prefix_override:/usr/lib/python3/dist-packages/colcon_core/task/python/colcon_distutils_commands:/home/roboticslab/Ros2_predator-project_WS/install/predator_manipulation/lib/python3.12/site-packages:/home/roboticslab/Ros2_predator-project_WS/install/predator_msgs/lib/python3.12/site-packages:/home/roboticslab/Ros2_predator-project_WS/install/predator_bringup/lib/python3.12/site-packages:/home/roboticslab/Ros2_predator-project_WS/install/predator_perception/lib/python3.12/site-packages:/home/roboticslab/Ros2_predator-project_WS/install/predator_navigation/lib/python3.12/site-packages:/home/roboticslab/Ros2_predator-project_WS/install/predator_manipulation/lib/python3.12/site-packages:/home/roboticslab/Ros2_predator-project_WS/install/predator_behavior/lib/python3.12/site-packages:/home/roboticslab/ros2_ws/install/moveit_task_constructor_core/lib/python3.12/site-packages:/home/roboticslab/ros2_ws/install/robo_waiter/lib/python3.12/site-packages:/home/roboticslab/ros2_ws/install/robo_chef/lib/python3.12/site-packages:/home/roboticslab/ros2_ws/install/roboChef/lib/python3.12/site-packages:/home/roboticslab/ros2_ws/install/moveit_task_constructor_msgs/lib/python3.12/site-packages:/home/roboticslab/ros2_ws/install/moveit_py/lib/python3.12/site-packages:/home/roboticslab/ros2_ws/install/moveit_msgs/lib/python3.12/site-packages:/home/roboticslab/ros2_ws/build/moveit_configs_utils:/home/roboticslab/ros2_ws/install/moveit_configs_utils/lib/python3.12/site-packages:/opt/ros/kilted/lib/python3.12/site-packages /usr/bin/python3 -W ignore:setup.py install is deprecated -W ignore:easy_install command is deprecated setup.py egg_info --egg-base ../../build/predator_manipulation build --build-base /home/roboticslab/Ros2_predator-project_WS/build/predator_manipulation/build install --record /home/roboticslab/Ros2_predator-project_WS/build/predator_manipulation/install.log --single-version-externally-managed install_data
[8.194s] running egg_info
[8.415s] writing ../../build/predator_manipulation/predator_manipulation.egg-info/PKG-INFO
[8.439s] writing dependency_links to ../../build/predator_manipulation/predator_manipulation.egg-info/dependency_links.txt
[8.439s] writing entry points to ../../build/predator_manipulation/predator_manipulation.egg-info/entry_points.txt
[8.439s] writing requirements to ../../build/predator_manipulation/predator_manipulation.egg-info/requires.txt
[8.439s] writing top-level names to ../../build/predator_manipulation/predator_manipulation.egg-info/top_level.txt
[8.941s] reading manifest file '../../build/predator_manipulation/predator_manipulation.egg-info/SOURCES.txt'
[8.958s] writing manifest file '../../build/predator_manipulation/predator_manipulation.egg-info/SOURCES.txt'
[8.958s] running build
[8.960s] running build_py
[8.967s] running install
[9.012s] running install_lib
[9.134s] running install_data
[9.134s] running install_egg_info
[9.206s] removing '/home/roboticslab/Ros2_predator-project_WS/install/predator_manipulation/lib/python3.12/site-packages/predator_manipulation-0.0.0-py3.12.egg-info' (and everything under it)
[9.206s] Copying ../../build/predator_manipulation/predator_manipulation.egg-info to /home/roboticslab/Ros2_predator-project_WS/install/predator_manipulation/lib/python3.12/site-packages/predator_manipulation-0.0.0-py3.12.egg-info
[9.229s] running install_scripts
[9.773s] Installing arm_gesture_node script to /home/roboticslab/Ros2_predator-project_WS/install/predator_manipulation/lib/predator_manipulation
[9.786s] writing list of installed files to '/home/roboticslab/Ros2_predator-project_WS/build/predator_manipulation/install.log'
[9.865s] Invoked command in '/home/roboticslab/Ros2_predator-project_WS/src/predator_manipulation' returned '0': DEBUGINFOD_URLS=https://debuginfod.ubuntu.com PYTHONPATH=/home/roboticslab/Ros2_predator-project_WS/build/predator_manipulation/prefix_override:/usr/lib/python3/dist-packages/colcon_core/task/python/colcon_distutils_commands:/home/roboticslab/Ros2_predator-project_WS/install/predator_manipulation/lib/python3.12/site-packages:/home/roboticslab/Ros2_predator-project_WS/install/predator_msgs/lib/python3.12/site-packages:/home/roboticslab/Ros2_predator-project_WS/install/predator_bringup/lib/python3.12/site-packages:/home/roboticslab/Ros2_predator-project_WS/install/predator_perception/lib/python3.12/site-packages:/home/roboticslab/Ros2_predator-project_WS/install/predator_navigation/lib/python3.12/site-packages:/home/roboticslab/Ros2_predator-project_WS/install/predator_manipulation/lib/python3.12/site-packages:/home/roboticslab/Ros2_predator-project_WS/install/predator_behavior/lib/python3.12/site-packages:/home/roboticslab/ros2_ws/install/moveit_task_constructor_core/lib/python3.12/site-packages:/home/roboticslab/ros2_ws/install/robo_waiter/lib/python3.12/site-packages:/home/roboticslab/ros2_ws/install/robo_chef/lib/python3.12/site-packages:/home/roboticslab/ros2_ws/install/roboChef/lib/python3.12/site-packages:/home/roboticslab/ros2_ws/install/moveit_task_constructor_msgs/lib/python3.12/site-packages:/home/roboticslab/ros2_ws/install/moveit_py/lib/python3.12/site-packages:/home/roboticslab/ros2_ws/install/moveit_msgs/lib/python3.12/site-packages:/home/roboticslab/ros2_ws/build/moveit_configs_utils:/home/roboticslab/ros2_ws/install/moveit_configs_utils/lib/python3.12/site-packages:/opt/ros/kilted/lib/python3.12/site-packages /usr/bin/python3 -W ignore:setup.py install is deprecated -W ignore:easy_install command is deprecated setup.py egg_info --egg-base ../../build/predator_manipulation build --build-base /home/roboticslab/Ros2_predator-project_WS/build/predator_manipulation/build install --record /home/roboticslab/Ros2_predator-project_WS/build/predator_manipulation/install.log --single-version-externally-managed install_data
