[1.819s] Invoking command in '/home/roboticslab/Ros2_predator-project_WS/src/predator_manipulation': DEBUGINFOD_URLS=https://debuginfod.ubuntu.com PYTHONPATH=/home/roboticslab/Ros2_predator-project_WS/build/predator_manipulation/prefix_override:/usr/lib/python3/dist-packages/colcon_core/task/python/colcon_distutils_commands:/home/roboticslab/Ros2_predator-project_WS/install/predator_manipulation/lib/python3.12/site-packages:/home/roboticslab/Ros2_predator-project_WS/install/predator_msgs/lib/python3.12/site-packages:/home/roboticslab/Ros2_predator-project_WS/install/predator_bringup/lib/python3.12/site-packages:/home/roboticslab/Ros2_predator-project_WS/install/predator_perception/lib/python3.12/site-packages:/home/roboticslab/Ros2_predator-project_WS/install/predator_navigation/lib/python3.12/site-packages:/home/roboticslab/Ros2_predator-project_WS/install/predator_manipulation/lib/python3.12/site-packages:/home/roboticslab/Ros2_predator-project_WS/install/predator_behavior/lib/python3.12/site-packages:/home/roboticslab/ros2_ws/install/moveit_task_constructor_core/lib/python3.12/site-packages:/home/roboticslab/ros2_ws/install/robo_waiter/lib/python3.12/site-packages:/home/roboticslab/ros2_ws/install/robo_chef/lib/python3.12/site-packages:/home/roboticslab/ros2_ws/install/roboChef/lib/python3.12/site-packages:/home/roboticslab/ros2_ws/install/moveit_task_constructor_msgs/lib/python3.12/site-packages:/home/roboticslab/ros2_ws/install/moveit_py/lib/python3.12/site-packages:/home/roboticslab/ros2_ws/install/moveit_msgs/lib/python3.12/site-packages:/home/roboticslab/ros2_ws/build/moveit_configs_utils:/home/roboticslab/ros2_ws/install/moveit_configs_utils/lib/python3.12/site-packages:/opt/ros/kilted/lib/python3.12/site-packages /usr/bin/python3 -W ignore:setup.py install is deprecated -W ignore:easy_install command is deprecated setup.py egg_info --egg-base ../../build/predator_manipulation build --build-base /home/roboticslab/Ros2_predator-project_WS/build/predator_manipulation/build install --record /home/roboticslab/Ros2_predator-project_WS/build/predator_manipulation/install.log --single-version-externally-managed install_data
[2.447s] running egg_info
[2.497s] writing ../../build/predator_manipulation/predator_manipulation.egg-info/PKG-INFO
[2.497s] writing dependency_links to ../../build/predator_manipulation/predator_manipulation.egg-info/dependency_links.txt
[2.498s] writing entry points to ../../build/predator_manipulation/predator_manipulation.egg-info/entry_points.txt
[2.498s] writing requirements to ../../build/predator_manipulation/predator_manipulation.egg-info/requires.txt
[2.498s] writing top-level names to ../../build/predator_manipulation/predator_manipulation.egg-info/top_level.txt
[2.604s] reading manifest file '../../build/predator_manipulation/predator_manipulation.egg-info/SOURCES.txt'
[2.614s] writing manifest file '../../build/predator_manipulation/predator_manipulation.egg-info/SOURCES.txt'
[2.614s] running build
[2.614s] running build_py
[2.615s] copying predator_manipulation/arm_gesture_node.py -> /home/roboticslab/Ros2_predator-project_WS/build/predator_manipulation/build/lib/predator_manipulation
[2.615s] running install
[2.623s] running install_lib
[2.677s] copying /home/roboticslab/Ros2_predator-project_WS/build/predator_manipulation/build/lib/predator_manipulation/arm_gesture_node.py -> /home/roboticslab/Ros2_predator-project_WS/install/predator_manipulation/lib/python3.12/site-packages/predator_manipulation
[2.678s] byte-compiling /home/roboticslab/Ros2_predator-project_WS/install/predator_manipulation/lib/python3.12/site-packages/predator_manipulation/arm_gesture_node.py to arm_gesture_node.cpython-312.pyc
[2.681s] running install_data
[2.681s] running install_egg_info
[2.739s] removing '/home/roboticslab/Ros2_predator-project_WS/install/predator_manipulation/lib/python3.12/site-packages/predator_manipulation-0.0.0-py3.12.egg-info' (and everything under it)
[2.739s] Copying ../../build/predator_manipulation/predator_manipulation.egg-info to /home/roboticslab/Ros2_predator-project_WS/install/predator_manipulation/lib/python3.12/site-packages/predator_manipulation-0.0.0-py3.12.egg-info
[2.755s] running install_scripts
[3.076s] Installing arm_gesture_node script to /home/roboticslab/Ros2_predator-project_WS/install/predator_manipulation/lib/predator_manipulation
[3.077s] writing list of installed files to '/home/roboticslab/Ros2_predator-project_WS/build/predator_manipulation/install.log'
[3.134s] Invoked command in '/home/roboticslab/Ros2_predator-project_WS/src/predator_manipulation' returned '0': DEBUGINFOD_URLS=https://debuginfod.ubuntu.com PYTHONPATH=/home/roboticslab/Ros2_predator-project_WS/build/predator_manipulation/prefix_override:/usr/lib/python3/dist-packages/colcon_core/task/python/colcon_distutils_commands:/home/roboticslab/Ros2_predator-project_WS/install/predator_manipulation/lib/python3.12/site-packages:/home/roboticslab/Ros2_predator-project_WS/install/predator_msgs/lib/python3.12/site-packages:/home/roboticslab/Ros2_predator-project_WS/install/predator_bringup/lib/python3.12/site-packages:/home/roboticslab/Ros2_predator-project_WS/install/predator_perception/lib/python3.12/site-packages:/home/roboticslab/Ros2_predator-project_WS/install/predator_navigation/lib/python3.12/site-packages:/home/roboticslab/Ros2_predator-project_WS/install/predator_manipulation/lib/python3.12/site-packages:/home/roboticslab/Ros2_predator-project_WS/install/predator_behavior/lib/python3.12/site-packages:/home/roboticslab/ros2_ws/install/moveit_task_constructor_core/lib/python3.12/site-packages:/home/roboticslab/ros2_ws/install/robo_waiter/lib/python3.12/site-packages:/home/roboticslab/ros2_ws/install/robo_chef/lib/python3.12/site-packages:/home/roboticslab/ros2_ws/install/roboChef/lib/python3.12/site-packages:/home/roboticslab/ros2_ws/install/moveit_task_constructor_msgs/lib/python3.12/site-packages:/home/roboticslab/ros2_ws/install/moveit_py/lib/python3.12/site-packages:/home/roboticslab/ros2_ws/install/moveit_msgs/lib/python3.12/site-packages:/home/roboticslab/ros2_ws/build/moveit_configs_utils:/home/roboticslab/ros2_ws/install/moveit_configs_utils/lib/python3.12/site-packages:/opt/ros/kilted/lib/python3.12/site-packages /usr/bin/python3 -W ignore:setup.py install is deprecated -W ignore:easy_install command is deprecated setup.py egg_info --egg-base ../../build/predator_manipulation build --build-base /home/roboticslab/Ros2_predator-project_WS/build/predator_manipulation/build install --record /home/roboticslab/Ros2_predator-project_WS/build/predator_manipulation/install.log --single-version-externally-managed install_data
