[0.152s] Invoking command in '/home/roboticslab/Ros2_predator-project_WS/build/predator_msgs': CMAKE_PREFIX_PATH=${CMAKE_PREFIX_PATH}:/home/roboticslab/Ros2_predator-project_WS/install/predator_bringup:/home/roboticslab/Ros2_predator-project_WS/install/predator_perception:/home/roboticslab/Ros2_predator-project_WS/install/predator_navigation:/home/roboticslab/Ros2_predator-project_WS/install/predator_manipulation:/home/roboticslab/Ros2_predator-project_WS/install/predator_behavior:/home/roboticslab/ros2_ws/install/robotiq_description:/home/roboticslab/ros2_ws/install/robo_waiter:/home/roboticslab/ros2_ws/install/robo_chef:/home/roboticslab/ros2_ws/install/roboChef:/home/roboticslab/ros2_ws/install/moveit_configs_utils:/opt/ros/kilted DEBUGINFOD_URLS=https://debuginfod.ubuntu.com /usr/bin/cmake --build /home/roboticslab/Ros2_predator-project_WS/build/predator_msgs -- -j4 -l4
[0.691s] [  1%] Built target predator_msgs__rosidl_generator_type_description
[0.741s] [  3%] Built target predator_msgs__rs
[0.778s] [  4%] Built target predator_msgs__cpp
[0.786s] [  4%] Built target ament_cmake_python_copy_predator_msgs
[0.806s] [ 26%] Built target predator_msgs__rosidl_generator_c
[0.888s] [ 35%] Built target predator_msgs__rosidl_typesupport_introspection_c
[0.901s] [ 44%] Built target predator_msgs__rosidl_typesupport_fastrtps_c
[0.914s] [ 53%] Built target predator_msgs__rosidl_typesupport_c
[0.985s] [ 63%] Built target predator_msgs__rosidl_typesupport_fastrtps_cpp
[1.002s] [ 72%] Built target predator_msgs__rosidl_typesupport_introspection_cpp
[1.010s] [ 81%] Built target predator_msgs__rosidl_typesupport_cpp
[1.060s] [ 81%] Built target predator_msgs
[1.112s] [ 83%] Built target predator_msgs__py
[1.177s] [ 90%] Built target predator_msgs__rosidl_generator_py
[1.264s] [ 93%] Built target predator_msgs_s__rosidl_typesupport_c
[1.276s] [ 96%] Built target predator_msgs_s__rosidl_typesupport_fastrtps_c
[1.282s] [100%] Built target predator_msgs_s__rosidl_typesupport_introspection_c
[1.372s] running egg_info
[1.411s] writing predator_msgs.egg-info/PKG-INFO
[1.411s] writing dependency_links to predator_msgs.egg-info/dependency_links.txt
[1.411s] writing top-level names to predator_msgs.egg-info/top_level.txt
[1.523s] reading manifest file 'predator_msgs.egg-info/SOURCES.txt'
[1.540s] writing manifest file 'predator_msgs.egg-info/SOURCES.txt'
[1.588s] [100%] Built target ament_cmake_python_build_predator_msgs_egg
[1.608s] Invoked command in '/home/roboticslab/Ros2_predator-project_WS/build/predator_msgs' returned '0': CMAKE_PREFIX_PATH=${CMAKE_PREFIX_PATH}:/home/roboticslab/Ros2_predator-project_WS/install/predator_bringup:/home/roboticslab/Ros2_predator-project_WS/install/predator_perception:/home/roboticslab/Ros2_predator-project_WS/install/predator_navigation:/home/roboticslab/Ros2_predator-project_WS/install/predator_manipulation:/home/roboticslab/Ros2_predator-project_WS/install/predator_behavior:/home/roboticslab/ros2_ws/install/robotiq_description:/home/roboticslab/ros2_ws/install/robo_waiter:/home/roboticslab/ros2_ws/install/robo_chef:/home/roboticslab/ros2_ws/install/roboChef:/home/roboticslab/ros2_ws/install/moveit_configs_utils:/opt/ros/kilted DEBUGINFOD_URLS=https://debuginfod.ubuntu.com /usr/bin/cmake --build /home/roboticslab/Ros2_predator-project_WS/build/predator_msgs -- -j4 -l4
[1.743s] Invoking command in '/home/roboticslab/Ros2_predator-project_WS/build/predator_msgs': CMAKE_PREFIX_PATH=${CMAKE_PREFIX_PATH}:/home/roboticslab/Ros2_predator-project_WS/install/predator_bringup:/home/roboticslab/Ros2_predator-project_WS/install/predator_perception:/home/roboticslab/Ros2_predator-project_WS/install/predator_navigation:/home/roboticslab/Ros2_predator-project_WS/install/predator_manipulation:/home/roboticslab/Ros2_predator-project_WS/install/predator_behavior:/home/roboticslab/ros2_ws/install/robotiq_description:/home/roboticslab/ros2_ws/install/robo_waiter:/home/roboticslab/ros2_ws/install/robo_chef:/home/roboticslab/ros2_ws/install/roboChef:/home/roboticslab/ros2_ws/install/moveit_configs_utils:/opt/ros/kilted DEBUGINFOD_URLS=https://debuginfod.ubuntu.com /usr/bin/cmake --install /home/roboticslab/Ros2_predator-project_WS/build/predator_msgs
[1.766s] -- Install configuration: ""
[1.767s] -- Up-to-date: /home/roboticslab/Ros2_predator-project_WS/install/predator_msgs/share/ament_index/resource_index/rosidl_interfaces/predator_msgs
[1.782s] -- Up-to-date: /home/roboticslab/Ros2_predator-project_WS/install/predator_msgs/share/predator_msgs/msg/BehaviorState.json
[1.782s] -- Up-to-date: /home/roboticslab/Ros2_predator-project_WS/install/predator_msgs/share/predator_msgs/msg/GestureRequest.json
[1.782s] -- Up-to-date: /home/roboticslab/Ros2_predator-project_WS/install/predator_msgs/share/predator_msgs/msg/TargetState.json
[1.782s] -- Up-to-date: /home/roboticslab/Ros2_predator-project_WS/install/predator_msgs/share/predator_msgs/msg/ZoneStatus.json
[1.782s] -- Up-to-date: /home/roboticslab/Ros2_predator-project_WS/install/predator_msgs/include/predator_msgs/predator_msgs
[1.782s] -- Up-to-date: /home/roboticslab/Ros2_predator-project_WS/install/predator_msgs/include/predator_msgs/predator_msgs/msg
[1.783s] -- Up-to-date: /home/roboticslab/Ros2_predator-project_WS/install/predator_msgs/include/predator_msgs/predator_msgs/msg/behavior_state.h
[1.783s] -- Up-to-date: /home/roboticslab/Ros2_predator-project_WS/install/predator_msgs/include/predator_msgs/predator_msgs/msg/gesture_request.h
[1.783s] -- Up-to-date: /home/roboticslab/Ros2_predator-project_WS/install/predator_msgs/include/predator_msgs/predator_msgs/msg/detail
[1.783s] -- Up-to-date: /home/roboticslab/Ros2_predator-project_WS/install/predator_msgs/include/predator_msgs/predator_msgs/msg/detail/gesture_request__struct.h
[1.783s] -- Up-to-date: /home/roboticslab/Ros2_predator-project_WS/install/predator_msgs/include/predator_msgs/predator_msgs/msg/detail/target_state__functions.c
[1.784s] -- Up-to-date: /home/roboticslab/Ros2_predator-project_WS/install/predator_msgs/include/predator_msgs/predator_msgs/msg/detail/zone_status__type_support.h
[1.784s] -- Up-to-date: /home/roboticslab/Ros2_predator-project_WS/install/predator_msgs/include/predator_msgs/predator_msgs/msg/detail/target_state__description.c
[1.784s] -- Up-to-date: /home/roboticslab/Ros2_predator-project_WS/install/predator_msgs/include/predator_msgs/predator_msgs/msg/detail/zone_status__functions.c
[1.784s] -- Up-to-date: /home/roboticslab/Ros2_predator-project_WS/install/predator_msgs/include/predator_msgs/predator_msgs/msg/detail/gesture_request__functions.c
[1.784s] -- Up-to-date: /home/roboticslab/Ros2_predator-project_WS/install/predator_msgs/include/predator_msgs/predator_msgs/msg/detail/zone_status__description.c
[1.785s] -- Up-to-date: /home/roboticslab/Ros2_predator-project_WS/install/predator_msgs/include/predator_msgs/predator_msgs/msg/detail/zone_status__functions.h
[1.785s] -- Up-to-date: /home/roboticslab/Ros2_predator-project_WS/install/predator_msgs/include/predator_msgs/predator_msgs/msg/detail/behavior_state__description.c
[1.785s] -- Up-to-date: /home/roboticslab/Ros2_predator-project_WS/install/predator_msgs/include/predator_msgs/predator_msgs/msg/detail/gesture_request__functions.h
[1.785s] -- Up-to-date: /home/roboticslab/Ros2_predator-project_WS/install/predator_msgs/include/predator_msgs/predator_msgs/msg/detail/behavior_state__functions.c
[1.785s] -- Up-to-date: /home/roboticslab/Ros2_predator-project_WS/install/predator_msgs/include/predator_msgs/predator_msgs/msg/detail/target_state__functions.h
[1.785s] -- Up-to-date: /home/roboticslab/Ros2_predator-project_WS/install/predator_msgs/include/predator_msgs/predator_msgs/msg/detail/target_state__type_support.h
[1.786s] -- Up-to-date: /home/roboticslab/Ros2_predator-project_WS/install/predator_msgs/include/predator_msgs/predator_msgs/msg/detail/gesture_request__type_support.h
[1.786s] -- Installing: /home/roboticslab/Ros2_predator-project_WS/install/predator_msgs/include/predator_msgs/predator_msgs/msg/detail/behavior_state__type_support.c
[1.786s] -- Up-to-date: /home/roboticslab/Ros2_predator-project_WS/install/predator_msgs/include/predator_msgs/predator_msgs/msg/detail/zone_status__struct.h
[1.786s] -- Up-to-date: /home/roboticslab/Ros2_predator-project_WS/install/predator_msgs/include/predator_msgs/predator_msgs/msg/detail/behavior_state__functions.h
[1.786s] -- Up-to-date: /home/roboticslab/Ros2_predator-project_WS/install/predator_msgs/include/predator_msgs/predator_msgs/msg/detail/behavior_state__type_support.h
[1.786s] -- Installing: /home/roboticslab/Ros2_predator-project_WS/install/predator_msgs/include/predator_msgs/predator_msgs/msg/detail/gesture_request__type_support.c
[1.786s] -- Up-to-date: /home/roboticslab/Ros2_predator-project_WS/install/predator_msgs/include/predator_msgs/predator_msgs/msg/detail/behavior_state__struct.h
[1.786s] -- Installing: /home/roboticslab/Ros2_predator-project_WS/install/predator_msgs/include/predator_msgs/predator_msgs/msg/detail/target_state__type_support.c
[1.786s] -- Installing: /home/roboticslab/Ros2_predator-project_WS/install/predator_msgs/include/predator_msgs/predator_msgs/msg/detail/zone_status__type_support.c
[1.786s] -- Up-to-date: /home/roboticslab/Ros2_predator-project_WS/install/predator_msgs/include/predator_msgs/predator_msgs/msg/detail/gesture_request__description.c
[1.786s] -- Up-to-date: /home/roboticslab/Ros2_predator-project_WS/install/predator_msgs/include/predator_msgs/predator_msgs/msg/detail/target_state__struct.h
[1.787s] -- Up-to-date: /home/roboticslab/Ros2_predator-project_WS/install/predator_msgs/include/predator_msgs/predator_msgs/msg/zone_status.h
[1.787s] -- Up-to-date: /home/roboticslab/Ros2_predator-project_WS/install/predator_msgs/include/predator_msgs/predator_msgs/msg/target_state.h
[1.787s] -- Up-to-date: /home/roboticslab/Ros2_predator-project_WS/install/predator_msgs/include/predator_msgs/predator_msgs/msg/rosidl_generator_c__visibility_control.h
[1.787s] -- Up-to-date: /home/roboticslab/Ros2_predator-project_WS/install/predator_msgs/share/predator_msgs/environment/library_path.sh
[1.787s] -- Up-to-date: /home/roboticslab/Ros2_predator-project_WS/install/predator_msgs/share/predator_msgs/environment/library_path.dsv
[1.797s] -- Up-to-date: /home/roboticslab/Ros2_predator-project_WS/install/predator_msgs/lib/libpredator_msgs__rosidl_generator_c.so
[1.797s] -- Up-to-date: /home/roboticslab/Ros2_predator-project_WS/install/predator_msgs/include/predator_msgs/predator_msgs
[1.797s] -- Up-to-date: /home/roboticslab/Ros2_predator-project_WS/install/predator_msgs/include/predator_msgs/predator_msgs/msg
[1.798s] -- Up-to-date: /home/roboticslab/Ros2_predator-project_WS/install/predator_msgs/include/predator_msgs/predator_msgs/msg/detail
[1.798s] -- Up-to-date: /home/roboticslab/Ros2_predator-project_WS/install/predator_msgs/include/predator_msgs/predator_msgs/msg/detail/gesture_request__rosidl_typesupport_fastrtps_c.h
[1.798s] -- Up-to-date: /home/roboticslab/Ros2_predator-project_WS/install/predator_msgs/include/predator_msgs/predator_msgs/msg/detail/behavior_state__rosidl_typesupport_fastrtps_c.h
[1.798s] -- Up-to-date: /home/roboticslab/Ros2_predator-project_WS/install/predator_msgs/include/predator_msgs/predator_msgs/msg/detail/target_state__rosidl_typesupport_fastrtps_c.h
[1.798s] -- Up-to-date: /home/roboticslab/Ros2_predator-project_WS/install/predator_msgs/include/predator_msgs/predator_msgs/msg/detail/zone_status__rosidl_typesupport_fastrtps_c.h
[1.798s] -- Up-to-date: /home/roboticslab/Ros2_predator-project_WS/install/predator_msgs/include/predator_msgs/predator_msgs/msg/rosidl_typesupport_fastrtps_c__visibility_control.h
[1.798s] -- Up-to-date: /home/roboticslab/Ros2_predator-project_WS/install/predator_msgs/lib/libpredator_msgs__rosidl_typesupport_fastrtps_c.so
[1.799s] -- Up-to-date: /home/roboticslab/Ros2_predator-project_WS/install/predator_msgs/include/predator_msgs/predator_msgs
[1.799s] -- Up-to-date: /home/roboticslab/Ros2_predator-project_WS/install/predator_msgs/include/predator_msgs/predator_msgs/msg
[1.799s] -- Up-to-date: /home/roboticslab/Ros2_predator-project_WS/install/predator_msgs/include/predator_msgs/predator_msgs/msg/detail
[1.799s] -- Up-to-date: /home/roboticslab/Ros2_predator-project_WS/install/predator_msgs/include/predator_msgs/predator_msgs/msg/detail/zone_status__rosidl_typesupport_introspection_c.h
[1.799s] -- Up-to-date: /home/roboticslab/Ros2_predator-project_WS/install/predator_msgs/include/predator_msgs/predator_msgs/msg/detail/target_state__rosidl_typesupport_introspection_c.h
[1.799s] -- Installing: /home/roboticslab/Ros2_predator-project_WS/install/predator_msgs/include/predator_msgs/predator_msgs/msg/detail/behavior_state__type_support.c
[1.815s] -- Up-to-date: /home/roboticslab/Ros2_predator-project_WS/install/predator_msgs/include/predator_msgs/predator_msgs/msg/detail/gesture_request__rosidl_typesupport_introspection_c.h
[1.815s] -- Installing: /home/roboticslab/Ros2_predator-project_WS/install/predator_msgs/include/predator_msgs/predator_msgs/msg/detail/gesture_request__type_support.c
[1.840s] -- Installing: /home/roboticslab/Ros2_predator-project_WS/install/predator_msgs/include/predator_msgs/predator_msgs/msg/detail/target_state__type_support.c
[1.909s] -- Installing: /home/roboticslab/Ros2_predator-project_WS/install/predator_msgs/include/predator_msgs/predator_msgs/msg/detail/zone_status__type_support.c
[1.909s] -- Up-to-date: /home/roboticslab/Ros2_predator-project_WS/install/predator_msgs/include/predator_msgs/predator_msgs/msg/detail/behavior_state__rosidl_typesupport_introspection_c.h
[1.910s] -- Up-to-date: /home/roboticslab/Ros2_predator-project_WS/install/predator_msgs/include/predator_msgs/predator_msgs/msg/rosidl_typesupport_introspection_c__visibility_control.h
[1.910s] -- Up-to-date: /home/roboticslab/Ros2_predator-project_WS/install/predator_msgs/lib/libpredator_msgs__rosidl_typesupport_introspection_c.so
[1.911s] -- Up-to-date: /home/roboticslab/Ros2_predator-project_WS/install/predator_msgs/lib/libpredator_msgs__rosidl_typesupport_c.so
[1.911s] -- Up-to-date: /home/roboticslab/Ros2_predator-project_WS/install/predator_msgs/include/predator_msgs/predator_msgs
[1.911s] -- Up-to-date: /home/roboticslab/Ros2_predator-project_WS/install/predator_msgs/include/predator_msgs/predator_msgs/msg
[1.912s] -- Up-to-date: /home/roboticslab/Ros2_predator-project_WS/install/predator_msgs/include/predator_msgs/predator_msgs/msg/gesture_request.hpp
[1.912s] -- Up-to-date: /home/roboticslab/Ros2_predator-project_WS/install/predator_msgs/include/predator_msgs/predator_msgs/msg/behavior_state.hpp
[1.912s] -- Up-to-date: /home/roboticslab/Ros2_predator-project_WS/install/predator_msgs/include/predator_msgs/predator_msgs/msg/rosidl_generator_cpp__visibility_control.hpp
[1.912s] -- Up-to-date: /home/roboticslab/Ros2_predator-project_WS/install/predator_msgs/include/predator_msgs/predator_msgs/msg/detail
[1.912s] -- Up-to-date: /home/roboticslab/Ros2_predator-project_WS/install/predator_msgs/include/predator_msgs/predator_msgs/msg/detail/gesture_request__traits.hpp
[1.913s] -- Up-to-date: /home/roboticslab/Ros2_predator-project_WS/install/predator_msgs/include/predator_msgs/predator_msgs/msg/detail/gesture_request__struct.hpp
[1.913s] -- Up-to-date: /home/roboticslab/Ros2_predator-project_WS/install/predator_msgs/include/predator_msgs/predator_msgs/msg/detail/behavior_state__struct.hpp
[1.913s] -- Up-to-date: /home/roboticslab/Ros2_predator-project_WS/install/predator_msgs/include/predator_msgs/predator_msgs/msg/detail/target_state__struct.hpp
[1.913s] -- Up-to-date: /home/roboticslab/Ros2_predator-project_WS/install/predator_msgs/include/predator_msgs/predator_msgs/msg/detail/zone_status__builder.hpp
[1.913s] -- Up-to-date: /home/roboticslab/Ros2_predator-project_WS/install/predator_msgs/include/predator_msgs/predator_msgs/msg/detail/zone_status__type_support.hpp
[1.914s] -- Up-to-date: /home/roboticslab/Ros2_predator-project_WS/install/predator_msgs/include/predator_msgs/predator_msgs/msg/detail/target_state__type_support.hpp
[1.914s] -- Up-to-date: /home/roboticslab/Ros2_predator-project_WS/install/predator_msgs/include/predator_msgs/predator_msgs/msg/detail/zone_status__traits.hpp
[1.914s] -- Up-to-date: /home/roboticslab/Ros2_predator-project_WS/install/predator_msgs/include/predator_msgs/predator_msgs/msg/detail/behavior_state__type_support.hpp
[1.914s] -- Up-to-date: /home/roboticslab/Ros2_predator-project_WS/install/predator_msgs/include/predator_msgs/predator_msgs/msg/detail/zone_status__struct.hpp
[1.914s] -- Up-to-date: /home/roboticslab/Ros2_predator-project_WS/install/predator_msgs/include/predator_msgs/predator_msgs/msg/detail/behavior_state__traits.hpp
[1.914s] -- Up-to-date: /home/roboticslab/Ros2_predator-project_WS/install/predator_msgs/include/predator_msgs/predator_msgs/msg/detail/target_state__builder.hpp
[1.914s] -- Up-to-date: /home/roboticslab/Ros2_predator-project_WS/install/predator_msgs/include/predator_msgs/predator_msgs/msg/detail/target_state__traits.hpp
[1.915s] -- Up-to-date: /home/roboticslab/Ros2_predator-project_WS/install/predator_msgs/include/predator_msgs/predator_msgs/msg/detail/gesture_request__builder.hpp
[1.915s] -- Up-to-date: /home/roboticslab/Ros2_predator-project_WS/install/predator_msgs/include/predator_msgs/predator_msgs/msg/detail/behavior_state__builder.hpp
[1.915s] -- Up-to-date: /home/roboticslab/Ros2_predator-project_WS/install/predator_msgs/include/predator_msgs/predator_msgs/msg/detail/gesture_request__type_support.hpp
[1.915s] -- Up-to-date: /home/roboticslab/Ros2_predator-project_WS/install/predator_msgs/include/predator_msgs/predator_msgs/msg/zone_status.hpp
[1.915s] -- Up-to-date: /home/roboticslab/Ros2_predator-project_WS/install/predator_msgs/include/predator_msgs/predator_msgs/msg/target_state.hpp
[1.915s] -- Up-to-date: /home/roboticslab/Ros2_predator-project_WS/install/predator_msgs/include/predator_msgs/predator_msgs
[1.915s] -- Up-to-date: /home/roboticslab/Ros2_predator-project_WS/install/predator_msgs/include/predator_msgs/predator_msgs/msg
[1.915s] -- Up-to-date: /home/roboticslab/Ros2_predator-project_WS/install/predator_msgs/include/predator_msgs/predator_msgs/msg/detail
[1.916s] -- Up-to-date: /home/roboticslab/Ros2_predator-project_WS/install/predator_msgs/include/predator_msgs/predator_msgs/msg/detail/gesture_request__rosidl_typesupport_fastrtps_cpp.hpp
[1.916s] -- Up-to-date: /home/roboticslab/Ros2_predator-project_WS/install/predator_msgs/include/predator_msgs/predator_msgs/msg/detail/behavior_state__rosidl_typesupport_fastrtps_cpp.hpp
[1.916s] -- Up-to-date: /home/roboticslab/Ros2_predator-project_WS/install/predator_msgs/include/predator_msgs/predator_msgs/msg/detail/dds_fastrtps
[1.916s] -- Up-to-date: /home/roboticslab/Ros2_predator-project_WS/install/predator_msgs/include/predator_msgs/predator_msgs/msg/detail/zone_status__rosidl_typesupport_fastrtps_cpp.hpp
[1.916s] -- Up-to-date: /home/roboticslab/Ros2_predator-project_WS/install/predator_msgs/include/predator_msgs/predator_msgs/msg/detail/target_state__rosidl_typesupport_fastrtps_cpp.hpp
[1.916s] -- Up-to-date: /home/roboticslab/Ros2_predator-project_WS/install/predator_msgs/include/predator_msgs/predator_msgs/msg/rosidl_typesupport_fastrtps_cpp__visibility_control.h
[1.945s] -- Up-to-date: /home/roboticslab/Ros2_predator-project_WS/install/predator_msgs/lib/libpredator_msgs__rosidl_typesupport_fastrtps_cpp.so
[1.946s] -- Up-to-date: /home/roboticslab/Ros2_predator-project_WS/install/predator_msgs/include/predator_msgs/predator_msgs
[1.946s] -- Up-to-date: /home/roboticslab/Ros2_predator-project_WS/install/predator_msgs/include/predator_msgs/predator_msgs/msg
[1.946s] -- Up-to-date: /home/roboticslab/Ros2_predator-project_WS/install/predator_msgs/include/predator_msgs/predator_msgs/msg/detail
[1.946s] -- Up-to-date: /home/roboticslab/Ros2_predator-project_WS/install/predator_msgs/include/predator_msgs/predator_msgs/msg/detail/zone_status__type_support.cpp
[1.946s] -- Up-to-date: /home/roboticslab/Ros2_predator-project_WS/install/predator_msgs/include/predator_msgs/predator_msgs/msg/detail/gesture_request__rosidl_typesupport_introspection_cpp.hpp
[1.946s] -- Up-to-date: /home/roboticslab/Ros2_predator-project_WS/install/predator_msgs/include/predator_msgs/predator_msgs/msg/detail/zone_status__rosidl_typesupport_introspection_cpp.hpp
[1.946s] -- Up-to-date: /home/roboticslab/Ros2_predator-project_WS/install/predator_msgs/include/predator_msgs/predator_msgs/msg/detail/behavior_state__rosidl_typesupport_introspection_cpp.hpp
[1.946s] -- Up-to-date: /home/roboticslab/Ros2_predator-project_WS/install/predator_msgs/include/predator_msgs/predator_msgs/msg/detail/behavior_state__type_support.cpp
[1.946s] -- Up-to-date: /home/roboticslab/Ros2_predator-project_WS/install/predator_msgs/include/predator_msgs/predator_msgs/msg/detail/target_state__type_support.cpp
[1.947s] -- Up-to-date: /home/roboticslab/Ros2_predator-project_WS/install/predator_msgs/include/predator_msgs/predator_msgs/msg/detail/target_state__rosidl_typesupport_introspection_cpp.hpp
[1.947s] -- Up-to-date: /home/roboticslab/Ros2_predator-project_WS/install/predator_msgs/include/predator_msgs/predator_msgs/msg/detail/gesture_request__type_support.cpp
[1.991s] -- Up-to-date: /home/roboticslab/Ros2_predator-project_WS/install/predator_msgs/lib/libpredator_msgs__rosidl_typesupport_introspection_cpp.so
[2.012s] -- Up-to-date: /home/roboticslab/Ros2_predator-project_WS/install/predator_msgs/lib/libpredator_msgs__rosidl_typesupport_cpp.so
[2.012s] -- Up-to-date: /home/roboticslab/Ros2_predator-project_WS/install/predator_msgs/share/predator_msgs/environment/pythonpath.sh
[2.013s] -- Up-to-date: /home/roboticslab/Ros2_predator-project_WS/install/predator_msgs/share/predator_msgs/environment/pythonpath.dsv
[2.013s] -- Up-to-date: /home/roboticslab/Ros2_predator-project_WS/install/predator_msgs/lib/python3.12/site-packages/predator_msgs-0.0.0-py3.12.egg-info
[2.014s] -- Installing: /home/roboticslab/Ros2_predator-project_WS/install/predator_msgs/lib/python3.12/site-packages/predator_msgs-0.0.0-py3.12.egg-info/top_level.txt
[2.014s] -- Installing: /home/roboticslab/Ros2_predator-project_WS/install/predator_msgs/lib/python3.12/site-packages/predator_msgs-0.0.0-py3.12.egg-info/PKG-INFO
[2.014s] -- Installing: /home/roboticslab/Ros2_predator-project_WS/install/predator_msgs/lib/python3.12/site-packages/predator_msgs-0.0.0-py3.12.egg-info/SOURCES.txt
[2.014s] -- Installing: /home/roboticslab/Ros2_predator-project_WS/install/predator_msgs/lib/python3.12/site-packages/predator_msgs-0.0.0-py3.12.egg-info/dependency_links.txt
[2.014s] -- Up-to-date: /home/roboticslab/Ros2_predator-project_WS/install/predator_msgs/lib/python3.12/site-packages/predator_msgs
[2.015s] -- Up-to-date: /home/roboticslab/Ros2_predator-project_WS/install/predator_msgs/lib/python3.12/site-packages/predator_msgs/msg
[2.015s] -- Up-to-date: /home/roboticslab/Ros2_predator-project_WS/install/predator_msgs/lib/python3.12/site-packages/predator_msgs/msg/_zone_status_s.c
[2.015s] -- Up-to-date: /home/roboticslab/Ros2_predator-project_WS/install/predator_msgs/lib/python3.12/site-packages/predator_msgs/msg/_target_state_s.c
[2.015s] -- Up-to-date: /home/roboticslab/Ros2_predator-project_WS/install/predator_msgs/lib/python3.12/site-packages/predator_msgs/msg/_zone_status.py
[2.015s] -- Up-to-date: /home/roboticslab/Ros2_predator-project_WS/install/predator_msgs/lib/python3.12/site-packages/predator_msgs/msg/__init__.py
[2.015s] -- Up-to-date: /home/roboticslab/Ros2_predator-project_WS/install/predator_msgs/lib/python3.12/site-packages/predator_msgs/msg/_target_state.py
[2.015s] -- Up-to-date: /home/roboticslab/Ros2_predator-project_WS/install/predator_msgs/lib/python3.12/site-packages/predator_msgs/msg/_gesture_request_s.c
[2.016s] -- Up-to-date: /home/roboticslab/Ros2_predator-project_WS/install/predator_msgs/lib/python3.12/site-packages/predator_msgs/msg/_behavior_state_s.c
[2.016s] -- Up-to-date: /home/roboticslab/Ros2_predator-project_WS/install/predator_msgs/lib/python3.12/site-packages/predator_msgs/msg/_behavior_state.py
[2.016s] -- Up-to-date: /home/roboticslab/Ros2_predator-project_WS/install/predator_msgs/lib/python3.12/site-packages/predator_msgs/msg/_gesture_request.py
[2.016s] -- Up-to-date: /home/roboticslab/Ros2_predator-project_WS/install/predator_msgs/lib/python3.12/site-packages/predator_msgs/predator_msgs_s__rosidl_typesupport_c.so
[2.016s] -- Up-to-date: /home/roboticslab/Ros2_predator-project_WS/install/predator_msgs/lib/python3.12/site-packages/predator_msgs/__init__.py
[2.016s] -- Up-to-date: /home/roboticslab/Ros2_predator-project_WS/install/predator_msgs/lib/python3.12/site-packages/predator_msgs/_predator_msgs_s.ep.rosidl_typesupport_c.c
[2.016s] -- Up-to-date: /home/roboticslab/Ros2_predator-project_WS/install/predator_msgs/lib/python3.12/site-packages/predator_msgs/_predator_msgs_s.ep.rosidl_typesupport_fastrtps_c.c
[2.016s] -- Up-to-date: /home/roboticslab/Ros2_predator-project_WS/install/predator_msgs/lib/python3.12/site-packages/predator_msgs/predator_msgs_s__rosidl_typesupport_introspection_c.so
[2.017s] -- Up-to-date: /home/roboticslab/Ros2_predator-project_WS/install/predator_msgs/lib/python3.12/site-packages/predator_msgs/predator_msgs_s__rosidl_typesupport_fastrtps_c.so
[2.017s] -- Up-to-date: /home/roboticslab/Ros2_predator-project_WS/install/predator_msgs/lib/python3.12/site-packages/predator_msgs/_predator_msgs_s.ep.rosidl_typesupport_introspection_c.c
[2.409s] Listing '/home/roboticslab/Ros2_predator-project_WS/install/predator_msgs/lib/python3.12/site-packages/predator_msgs'...
[2.410s] Listing '/home/roboticslab/Ros2_predator-project_WS/install/predator_msgs/lib/python3.12/site-packages/predator_msgs/msg'...
[2.525s] -- Up-to-date: /home/roboticslab/Ros2_predator-project_WS/install/predator_msgs/lib/python3.12/site-packages/predator_msgs/predator_msgs_s__rosidl_typesupport_fastrtps_c.so
[2.568s] -- Up-to-date: /home/roboticslab/Ros2_predator-project_WS/install/predator_msgs/lib/python3.12/site-packages/predator_msgs/predator_msgs_s__rosidl_typesupport_introspection_c.so
[2.569s] -- Up-to-date: /home/roboticslab/Ros2_predator-project_WS/install/predator_msgs/lib/python3.12/site-packages/predator_msgs/predator_msgs_s__rosidl_typesupport_c.so
[2.570s] -- Up-to-date: /home/roboticslab/Ros2_predator-project_WS/install/predator_msgs/lib/libpredator_msgs__rosidl_generator_py.so
[2.657s] -- Up-to-date: /home/roboticslab/Ros2_predator-project_WS/install/predator_msgs/share/ament_index/resource_index/rust_packages/predator_msgs
[2.657s] -- Up-to-date: /home/roboticslab/Ros2_predator-project_WS/install/predator_msgs/share/predator_msgs/rust
[2.657s] -- Up-to-date: /home/roboticslab/Ros2_predator-project_WS/install/predator_msgs/share/predator_msgs/rust/src
[2.657s] -- Up-to-date: /home/roboticslab/Ros2_predator-project_WS/install/predator_msgs/share/predator_msgs/rust/src/msg
[2.658s] -- Up-to-date: /home/roboticslab/Ros2_predator-project_WS/install/predator_msgs/share/predator_msgs/rust/src/msg/rmw.rs
[2.658s] -- Up-to-date: /home/roboticslab/Ros2_predator-project_WS/install/predator_msgs/share/predator_msgs/rust/src/msg.rs
[2.658s] -- Up-to-date: /home/roboticslab/Ros2_predator-project_WS/install/predator_msgs/share/predator_msgs/rust/src/lib.rs
[2.658s] -- Up-to-date: /home/roboticslab/Ros2_predator-project_WS/install/predator_msgs/share/predator_msgs/rust/build.rs
[2.658s] -- Up-to-date: /home/roboticslab/Ros2_predator-project_WS/install/predator_msgs/share/predator_msgs/rust/Cargo.toml
[2.658s] -- Up-to-date: /home/roboticslab/Ros2_predator-project_WS/install/predator_msgs/share/predator_msgs/msg/BehaviorState.idl
[2.658s] -- Up-to-date: /home/roboticslab/Ros2_predator-project_WS/install/predator_msgs/share/predator_msgs/msg/GestureRequest.idl
[2.659s] -- Up-to-date: /home/roboticslab/Ros2_predator-project_WS/install/predator_msgs/share/predator_msgs/msg/TargetState.idl
[2.659s] -- Up-to-date: /home/roboticslab/Ros2_predator-project_WS/install/predator_msgs/share/predator_msgs/msg/ZoneStatus.idl
[2.659s] -- Up-to-date: /home/roboticslab/Ros2_predator-project_WS/install/predator_msgs/share/predator_msgs/msg/BehaviorState.msg
[2.659s] -- Up-to-date: /home/roboticslab/Ros2_predator-project_WS/install/predator_msgs/share/predator_msgs/msg/GestureRequest.msg
[2.659s] -- Up-to-date: /home/roboticslab/Ros2_predator-project_WS/install/predator_msgs/share/predator_msgs/msg/TargetState.msg
[2.659s] -- Up-to-date: /home/roboticslab/Ros2_predator-project_WS/install/predator_msgs/share/predator_msgs/msg/ZoneStatus.msg
[2.660s] -- Up-to-date: /home/roboticslab/Ros2_predator-project_WS/install/predator_msgs/share/ament_index/resource_index/package_run_dependencies/predator_msgs
[2.660s] -- Up-to-date: /home/roboticslab/Ros2_predator-project_WS/install/predator_msgs/share/ament_index/resource_index/parent_prefix_path/predator_msgs
[2.660s] -- Up-to-date: /home/roboticslab/Ros2_predator-project_WS/install/predator_msgs/share/predator_msgs/environment/ament_prefix_path.sh
[2.660s] -- Up-to-date: /home/roboticslab/Ros2_predator-project_WS/install/predator_msgs/share/predator_msgs/environment/ament_prefix_path.dsv
[2.660s] -- Up-to-date: /home/roboticslab/Ros2_predator-project_WS/install/predator_msgs/share/predator_msgs/environment/path.sh
[2.660s] -- Up-to-date: /home/roboticslab/Ros2_predator-project_WS/install/predator_msgs/share/predator_msgs/environment/path.dsv
[2.660s] -- Up-to-date: /home/roboticslab/Ros2_predator-project_WS/install/predator_msgs/share/predator_msgs/local_setup.bash
[2.660s] -- Up-to-date: /home/roboticslab/Ros2_predator-project_WS/install/predator_msgs/share/predator_msgs/local_setup.sh
[2.661s] -- Up-to-date: /home/roboticslab/Ros2_predator-project_WS/install/predator_msgs/share/predator_msgs/local_setup.zsh
[2.661s] -- Up-to-date: /home/roboticslab/Ros2_predator-project_WS/install/predator_msgs/share/predator_msgs/local_setup.dsv
[2.661s] -- Installing: /home/roboticslab/Ros2_predator-project_WS/install/predator_msgs/share/predator_msgs/package.dsv
[2.720s] -- Up-to-date: /home/roboticslab/Ros2_predator-project_WS/install/predator_msgs/share/ament_index/resource_index/packages/predator_msgs
[2.940s] -- Up-to-date: /home/roboticslab/Ros2_predator-project_WS/install/predator_msgs/share/predator_msgs/cmake/export_predator_msgs__rosidl_generator_cExport.cmake
[2.940s] -- Up-to-date: /home/roboticslab/Ros2_predator-project_WS/install/predator_msgs/share/predator_msgs/cmake/export_predator_msgs__rosidl_generator_cExport-noconfig.cmake
[2.940s] -- Up-to-date: /home/roboticslab/Ros2_predator-project_WS/install/predator_msgs/share/predator_msgs/cmake/export_predator_msgs__rosidl_typesupport_fastrtps_cExport.cmake
[2.941s] -- Up-to-date: /home/roboticslab/Ros2_predator-project_WS/install/predator_msgs/share/predator_msgs/cmake/export_predator_msgs__rosidl_typesupport_fastrtps_cExport-noconfig.cmake
[2.941s] -- Up-to-date: /home/roboticslab/Ros2_predator-project_WS/install/predator_msgs/share/predator_msgs/cmake/predator_msgs__rosidl_typesupport_introspection_cExport.cmake
[2.941s] -- Up-to-date: /home/roboticslab/Ros2_predator-project_WS/install/predator_msgs/share/predator_msgs/cmake/predator_msgs__rosidl_typesupport_introspection_cExport-noconfig.cmake
[2.942s] -- Up-to-date: /home/roboticslab/Ros2_predator-project_WS/install/predator_msgs/share/predator_msgs/cmake/predator_msgs__rosidl_typesupport_cExport.cmake
[2.942s] -- Up-to-date: /home/roboticslab/Ros2_predator-project_WS/install/predator_msgs/share/predator_msgs/cmake/predator_msgs__rosidl_typesupport_cExport-noconfig.cmake
[2.942s] -- Up-to-date: /home/roboticslab/Ros2_predator-project_WS/install/predator_msgs/share/predator_msgs/cmake/export_predator_msgs__rosidl_generator_cppExport.cmake
[2.943s] -- Up-to-date: /home/roboticslab/Ros2_predator-project_WS/install/predator_msgs/share/predator_msgs/cmake/export_predator_msgs__rosidl_typesupport_fastrtps_cppExport.cmake
[2.943s] -- Up-to-date: /home/roboticslab/Ros2_predator-project_WS/install/predator_msgs/share/predator_msgs/cmake/export_predator_msgs__rosidl_typesupport_fastrtps_cppExport-noconfig.cmake
[2.944s] -- Up-to-date: /home/roboticslab/Ros2_predator-project_WS/install/predator_msgs/share/predator_msgs/cmake/predator_msgs__rosidl_typesupport_introspection_cppExport.cmake
[2.944s] -- Up-to-date: /home/roboticslab/Ros2_predator-project_WS/install/predator_msgs/share/predator_msgs/cmake/predator_msgs__rosidl_typesupport_introspection_cppExport-noconfig.cmake
[2.953s] -- Up-to-date: /home/roboticslab/Ros2_predator-project_WS/install/predator_msgs/share/predator_msgs/cmake/predator_msgs__rosidl_typesupport_cppExport.cmake
[2.953s] -- Up-to-date: /home/roboticslab/Ros2_predator-project_WS/install/predator_msgs/share/predator_msgs/cmake/predator_msgs__rosidl_typesupport_cppExport-noconfig.cmake
[2.954s] -- Up-to-date: /home/roboticslab/Ros2_predator-project_WS/install/predator_msgs/share/predator_msgs/cmake/export_predator_msgs__rosidl_generator_pyExport.cmake
[2.954s] -- Up-to-date: /home/roboticslab/Ros2_predator-project_WS/install/predator_msgs/share/predator_msgs/cmake/export_predator_msgs__rosidl_generator_pyExport-noconfig.cmake
[2.955s] -- Up-to-date: /home/roboticslab/Ros2_predator-project_WS/install/predator_msgs/share/predator_msgs/cmake/rosidl_cmake-extras.cmake
[2.955s] -- Up-to-date: /home/roboticslab/Ros2_predator-project_WS/install/predator_msgs/share/predator_msgs/cmake/ament_cmake_export_dependencies-extras.cmake
[2.955s] -- Up-to-date: /home/roboticslab/Ros2_predator-project_WS/install/predator_msgs/share/predator_msgs/cmake/ament_cmake_export_include_directories-extras.cmake
[2.955s] -- Up-to-date: /home/roboticslab/Ros2_predator-project_WS/install/predator_msgs/share/predator_msgs/cmake/ament_cmake_export_libraries-extras.cmake
[2.956s] -- Up-to-date: /home/roboticslab/Ros2_predator-project_WS/install/predator_msgs/share/predator_msgs/cmake/ament_cmake_export_targets-extras.cmake
[2.956s] -- Up-to-date: /home/roboticslab/Ros2_predator-project_WS/install/predator_msgs/share/predator_msgs/cmake/rosidl_cmake_export_typesupport_targets-extras.cmake
[2.956s] -- Up-to-date: /home/roboticslab/Ros2_predator-project_WS/install/predator_msgs/share/predator_msgs/cmake/rosidl_cmake_export_typesupport_libraries-extras.cmake
[2.956s] -- Up-to-date: /home/roboticslab/Ros2_predator-project_WS/install/predator_msgs/share/predator_msgs/cmake/predator_msgsConfig.cmake
[2.957s] -- Up-to-date: /home/roboticslab/Ros2_predator-project_WS/install/predator_msgs/share/predator_msgs/cmake/predator_msgsConfig-version.cmake
[2.957s] -- Up-to-date: /home/roboticslab/Ros2_predator-project_WS/install/predator_msgs/share/predator_msgs/package.xml
[2.959s] Invoked command in '/home/roboticslab/Ros2_predator-project_WS/build/predator_msgs' returned '0': CMAKE_PREFIX_PATH=${CMAKE_PREFIX_PATH}:/home/roboticslab/Ros2_predator-project_WS/install/predator_bringup:/home/roboticslab/Ros2_predator-project_WS/install/predator_perception:/home/roboticslab/Ros2_predator-project_WS/install/predator_navigation:/home/roboticslab/Ros2_predator-project_WS/install/predator_manipulation:/home/roboticslab/Ros2_predator-project_WS/install/predator_behavior:/home/roboticslab/ros2_ws/install/robotiq_description:/home/roboticslab/ros2_ws/install/robo_waiter:/home/roboticslab/ros2_ws/install/robo_chef:/home/roboticslab/ros2_ws/install/roboChef:/home/roboticslab/ros2_ws/install/moveit_configs_utils:/opt/ros/kilted DEBUGINFOD_URLS=https://debuginfod.ubuntu.com /usr/bin/cmake --install /home/roboticslab/Ros2_predator-project_WS/build/predator_msgs
