[2.753s] Invoking command in '/home/roboticslab/Ros2_predator-project_WS/src/predator_perception': DEBUGINFOD_URLS=https://debuginfod.ubuntu.com PYTHONPATH=/home/roboticslab/Ros2_predator-project_WS/build/predator_perception/prefix_override:/usr/lib/python3/dist-packages/colcon_core/task/python/colcon_distutils_commands:/home/roboticslab/Ros2_predator-project_WS/install/predator_perception/lib/python3.12/site-packages:/home/roboticslab/Ros2_predator-project_WS/install/predator_msgs/lib/python3.12/site-packages:/home/roboticslab/Ros2_predator-project_WS/install/predator_bringup/lib/python3.12/site-packages:/home/roboticslab/Ros2_predator-project_WS/install/predator_perception/lib/python3.12/site-packages:/home/roboticslab/Ros2_predator-project_WS/install/predator_navigation/lib/python3.12/site-packages:/home/roboticslab/Ros2_predator-project_WS/install/predator_manipulation/lib/python3.12/site-packages:/home/roboticslab/Ros2_predator-project_WS/install/predator_behavior/lib/python3.12/site-packages:/home/roboticslab/ros2_ws/install/moveit_task_constructor_core/lib/python3.12/site-packages:/home/roboticslab/ros2_ws/install/roboChef/lib/python3.12/site-packages:/home/roboticslab/ros2_ws/install/moveit_task_constructor_msgs/lib/python3.12/site-packages:/home/roboticslab/ros2_ws/install/moveit_py/lib/python3.12/site-packages:/home/roboticslab/ros2_ws/install/moveit_msgs/lib/python3.12/site-packages:/home/roboticslab/ros2_ws/build/moveit_configs_utils:/home/roboticslab/ros2_ws/install/moveit_configs_utils/lib/python3.12/site-packages:/opt/ros/kilted/lib/python3.12/site-packages /usr/bin/python3 -W ignore:setup.py install is deprecated -W ignore:easy_install command is deprecated setup.py egg_info --egg-base ../../build/predator_perception build --build-base /home/roboticslab/Ros2_predator-project_WS/build/predator_perception/build install --record /home/roboticslab/Ros2_predator-project_WS/build/predator_perception/install.log --single-version-externally-managed install_data
[3.431s] running egg_info
[3.432s] creating ../../build/predator_perception/predator_perception.egg-info
[3.490s] writing ../../build/predator_perception/predator_perception.egg-info/PKG-INFO
[3.493s] writing dependency_links to ../../build/predator_perception/predator_perception.egg-info/dependency_links.txt
[3.493s] writing entry points to ../../build/predator_perception/predator_perception.egg-info/entry_points.txt
[3.493s] writing requirements to ../../build/predator_perception/predator_perception.egg-info/requires.txt
[3.494s] writing top-level names to ../../build/predator_perception/predator_perception.egg-info/top_level.txt
[3.494s] writing manifest file '../../build/predator_perception/predator_perception.egg-info/SOURCES.txt'
[3.612s] reading manifest file '../../build/predator_perception/predator_perception.egg-info/SOURCES.txt'
[3.614s] writing manifest file '../../build/predator_perception/predator_perception.egg-info/SOURCES.txt'
[3.614s] running build
[3.614s] running build_py
[3.616s] creating /home/roboticslab/Ros2_predator-project_WS/build/predator_perception/build
[3.616s] creating /home/roboticslab/Ros2_predator-project_WS/build/predator_perception/build/lib
[3.616s] creating /home/roboticslab/Ros2_predator-project_WS/build/predator_perception/build/lib/predator_perception
[3.617s] copying predator_perception/zone_monitor_node.py -> /home/roboticslab/Ros2_predator-project_WS/build/predator_perception/build/lib/predator_perception
[3.617s] copying predator_perception/__init__.py -> /home/roboticslab/Ros2_predator-project_WS/build/predator_perception/build/lib/predator_perception
[3.617s] copying predator_perception/target_tracker_node.py -> /home/roboticslab/Ros2_predator-project_WS/build/predator_perception/build/lib/predator_perception
[3.617s] copying predator_perception/velocity_estimator_node.py -> /home/roboticslab/Ros2_predator-project_WS/build/predator_perception/build/lib/predator_perception
[3.617s] running install
[3.628s] running install_lib
[3.687s] creating /home/roboticslab/Ros2_predator-project_WS/install/predator_perception/lib/python3.12/site-packages/predator_perception
[3.687s] copying /home/roboticslab/Ros2_predator-project_WS/build/predator_perception/build/lib/predator_perception/zone_monitor_node.py -> /home/roboticslab/Ros2_predator-project_WS/install/predator_perception/lib/python3.12/site-packages/predator_perception
[3.688s] copying /home/roboticslab/Ros2_predator-project_WS/build/predator_perception/build/lib/predator_perception/__init__.py -> /home/roboticslab/Ros2_predator-project_WS/install/predator_perception/lib/python3.12/site-packages/predator_perception
[3.688s] copying /home/roboticslab/Ros2_predator-project_WS/build/predator_perception/build/lib/predator_perception/target_tracker_node.py -> /home/roboticslab/Ros2_predator-project_WS/install/predator_perception/lib/python3.12/site-packages/predator_perception
[3.688s] copying /home/roboticslab/Ros2_predator-project_WS/build/predator_perception/build/lib/predator_perception/velocity_estimator_node.py -> /home/roboticslab/Ros2_predator-project_WS/install/predator_perception/lib/python3.12/site-packages/predator_perception
[3.689s] byte-compiling /home/roboticslab/Ros2_predator-project_WS/install/predator_perception/lib/python3.12/site-packages/predator_perception/zone_monitor_node.py to zone_monitor_node.cpython-312.pyc
[3.693s] byte-compiling /home/roboticslab/Ros2_predator-project_WS/install/predator_perception/lib/python3.12/site-packages/predator_perception/__init__.py to __init__.cpython-312.pyc
[3.693s] byte-compiling /home/roboticslab/Ros2_predator-project_WS/install/predator_perception/lib/python3.12/site-packages/predator_perception/target_tracker_node.py to target_tracker_node.cpython-312.pyc
[3.695s] byte-compiling /home/roboticslab/Ros2_predator-project_WS/install/predator_perception/lib/python3.12/site-packages/predator_perception/velocity_estimator_node.py to velocity_estimator_node.cpython-312.pyc
[3.697s] running install_data
[3.697s] creating /home/roboticslab/Ros2_predator-project_WS/install/predator_perception/share/ament_index
[3.697s] creating /home/roboticslab/Ros2_predator-project_WS/install/predator_perception/share/ament_index/resource_index
[3.698s] creating /home/roboticslab/Ros2_predator-project_WS/install/predator_perception/share/ament_index/resource_index/packages
[3.698s] copying resource/predator_perception -> /home/roboticslab/Ros2_predator-project_WS/install/predator_perception/share/ament_index/resource_index/packages
[3.698s] copying package.xml -> /home/roboticslab/Ros2_predator-project_WS/install/predator_perception/share/predator_perception
[3.698s] running install_egg_info
[3.759s] Copying ../../build/predator_perception/predator_perception.egg-info to /home/roboticslab/Ros2_predator-project_WS/install/predator_perception/lib/python3.12/site-packages/predator_perception-0.0.0-py3.12.egg-info
[3.760s] running install_scripts
[4.128s] Installing target_tracker_node script to /home/roboticslab/Ros2_predator-project_WS/install/predator_perception/lib/predator_perception
[4.129s] Installing velocity_estimator_node script to /home/roboticslab/Ros2_predator-project_WS/install/predator_perception/lib/predator_perception
[4.129s] Installing zone_monitor_node script to /home/roboticslab/Ros2_predator-project_WS/install/predator_perception/lib/predator_perception
[4.129s] writing list of installed files to '/home/roboticslab/Ros2_predator-project_WS/build/predator_perception/install.log'
[4.210s] Invoked command in '/home/roboticslab/Ros2_predator-project_WS/src/predator_perception' returned '0': DEBUGINFOD_URLS=https://debuginfod.ubuntu.com PYTHONPATH=/home/roboticslab/Ros2_predator-project_WS/build/predator_perception/prefix_override:/usr/lib/python3/dist-packages/colcon_core/task/python/colcon_distutils_commands:/home/roboticslab/Ros2_predator-project_WS/install/predator_perception/lib/python3.12/site-packages:/home/roboticslab/Ros2_predator-project_WS/install/predator_msgs/lib/python3.12/site-packages:/home/roboticslab/Ros2_predator-project_WS/install/predator_bringup/lib/python3.12/site-packages:/home/roboticslab/Ros2_predator-project_WS/install/predator_perception/lib/python3.12/site-packages:/home/roboticslab/Ros2_predator-project_WS/install/predator_navigation/lib/python3.12/site-packages:/home/roboticslab/Ros2_predator-project_WS/install/predator_manipulation/lib/python3.12/site-packages:/home/roboticslab/Ros2_predator-project_WS/install/predator_behavior/lib/python3.12/site-packages:/home/roboticslab/ros2_ws/install/moveit_task_constructor_core/lib/python3.12/site-packages:/home/roboticslab/ros2_ws/install/roboChef/lib/python3.12/site-packages:/home/roboticslab/ros2_ws/install/moveit_task_constructor_msgs/lib/python3.12/site-packages:/home/roboticslab/ros2_ws/install/moveit_py/lib/python3.12/site-packages:/home/roboticslab/ros2_ws/install/moveit_msgs/lib/python3.12/site-packages:/home/roboticslab/ros2_ws/build/moveit_configs_utils:/home/roboticslab/ros2_ws/install/moveit_configs_utils/lib/python3.12/site-packages:/opt/ros/kilted/lib/python3.12/site-packages /usr/bin/python3 -W ignore:setup.py install is deprecated -W ignore:easy_install command is deprecated setup.py egg_info --egg-base ../../build/predator_perception build --build-base /home/roboticslab/Ros2_predator-project_WS/build/predator_perception/build install --record /home/roboticslab/Ros2_predator-project_WS/build/predator_perception/install.log --single-version-externally-managed install_data
