[2.909s] Invoking command in '/home/roboticslab/Ros2_predator-project_WS/src/predator_perception': DEBUGINFOD_URLS=https://debuginfod.ubuntu.com PYTHONPATH=/home/roboticslab/Ros2_predator-project_WS/build/predator_perception/prefix_override:/usr/lib/python3/dist-packages/colcon_core/task/python/colcon_distutils_commands:/home/roboticslab/Ros2_predator-project_WS/install/predator_perception/lib/python3.12/site-packages:/home/roboticslab/Ros2_predator-project_WS/install/predator_msgs/lib/python3.12/site-packages:/home/roboticslab/Ros2_predator-project_WS/install/predator_bringup/lib/python3.12/site-packages:/home/roboticslab/Ros2_predator-project_WS/install/predator_perception/lib/python3.12/site-packages:/home/roboticslab/Ros2_predator-project_WS/install/predator_navigation/lib/python3.12/site-packages:/home/roboticslab/Ros2_predator-project_WS/install/predator_manipulation/lib/python3.12/site-packages:/home/roboticslab/Ros2_predator-project_WS/install/predator_behavior/lib/python3.12/site-packages:/home/roboticslab/ros2_ws/install/moveit_task_constructor_core/lib/python3.12/site-packages:/home/roboticslab/ros2_ws/install/robo_waiter/lib/python3.12/site-packages:/home/roboticslab/ros2_ws/install/robo_chef/lib/python3.12/site-packages:/home/roboticslab/ros2_ws/install/roboChef/lib/python3.12/site-packages:/home/roboticslab/ros2_ws/install/moveit_task_constructor_msgs/lib/python3.12/site-packages:/home/roboticslab/ros2_ws/install/moveit_py/lib/python3.12/site-packages:/home/roboticslab/ros2_ws/install/moveit_msgs/lib/python3.12/site-packages:/home/roboticslab/ros2_ws/build/moveit_configs_utils:/home/roboticslab/ros2_ws/install/moveit_configs_utils/lib/python3.12/site-packages:/opt/ros/kilted/lib/python3.12/site-packages /usr/bin/python3 -W ignore:setup.py install is deprecated -W ignore:easy_install command is deprecated setup.py egg_info --egg-base ../../build/predator_perception build --build-base /home/roboticslab/Ros2_predator-project_WS/build/predator_perception/build install --record /home/roboticslab/Ros2_predator-project_WS/build/predator_perception/install.log --single-version-externally-managed install_data
[3.719s] running egg_info
[3.784s] writing ../../build/predator_perception/predator_perception.egg-info/PKG-INFO
[3.785s] writing dependency_links to ../../build/predator_perception/predator_perception.egg-info/dependency_links.txt
[3.785s] writing entry points to ../../build/predator_perception/predator_perception.egg-info/entry_points.txt
[3.786s] writing requirements to ../../build/predator_perception/predator_perception.egg-info/requires.txt
[3.788s] writing top-level names to ../../build/predator_perception/predator_perception.egg-info/top_level.txt
[3.921s] reading manifest file '../../build/predator_perception/predator_perception.egg-info/SOURCES.txt'
[3.923s] writing manifest file '../../build/predator_perception/predator_perception.egg-info/SOURCES.txt'
[3.923s] running build
[3.923s] running build_py
[3.923s] copying predator_perception/zone_monitor_node.py -> /home/roboticslab/Ros2_predator-project_WS/build/predator_perception/build/lib/predator_perception
[3.924s] copying predator_perception/camera_to_map_transform_node.py -> /home/roboticslab/Ros2_predator-project_WS/build/predator_perception/build/lib/predator_perception
[3.925s] running install
[3.938s] running install_lib
[4.009s] copying /home/roboticslab/Ros2_predator-project_WS/build/predator_perception/build/lib/predator_perception/zone_monitor_node.py -> /home/roboticslab/Ros2_predator-project_WS/install/predator_perception/lib/python3.12/site-packages/predator_perception
[4.010s] copying /home/roboticslab/Ros2_predator-project_WS/build/predator_perception/build/lib/predator_perception/camera_to_map_transform_node.py -> /home/roboticslab/Ros2_predator-project_WS/install/predator_perception/lib/python3.12/site-packages/predator_perception
[4.010s] byte-compiling /home/roboticslab/Ros2_predator-project_WS/install/predator_perception/lib/python3.12/site-packages/predator_perception/zone_monitor_node.py to zone_monitor_node.cpython-312.pyc
[4.012s] byte-compiling /home/roboticslab/Ros2_predator-project_WS/install/predator_perception/lib/python3.12/site-packages/predator_perception/camera_to_map_transform_node.py to camera_to_map_transform_node.cpython-312.pyc
[4.015s] running install_data
[4.015s] running install_egg_info
[4.084s] removing '/home/roboticslab/Ros2_predator-project_WS/install/predator_perception/lib/python3.12/site-packages/predator_perception-0.0.0-py3.12.egg-info' (and everything under it)
[4.087s] Copying ../../build/predator_perception/predator_perception.egg-info to /home/roboticslab/Ros2_predator-project_WS/install/predator_perception/lib/python3.12/site-packages/predator_perception-0.0.0-py3.12.egg-info
[4.088s] running install_scripts
[4.550s] Installing target_tracker_node script to /home/roboticslab/Ros2_predator-project_WS/install/predator_perception/lib/predator_perception
[4.551s] Installing velocity_estimator_node script to /home/roboticslab/Ros2_predator-project_WS/install/predator_perception/lib/predator_perception
[4.551s] Installing zone_monitor_node script to /home/roboticslab/Ros2_predator-project_WS/install/predator_perception/lib/predator_perception
[4.552s] writing list of installed files to '/home/roboticslab/Ros2_predator-project_WS/build/predator_perception/install.log'
[4.635s] Invoked command in '/home/roboticslab/Ros2_predator-project_WS/src/predator_perception' returned '0': DEBUGINFOD_URLS=https://debuginfod.ubuntu.com PYTHONPATH=/home/roboticslab/Ros2_predator-project_WS/build/predator_perception/prefix_override:/usr/lib/python3/dist-packages/colcon_core/task/python/colcon_distutils_commands:/home/roboticslab/Ros2_predator-project_WS/install/predator_perception/lib/python3.12/site-packages:/home/roboticslab/Ros2_predator-project_WS/install/predator_msgs/lib/python3.12/site-packages:/home/roboticslab/Ros2_predator-project_WS/install/predator_bringup/lib/python3.12/site-packages:/home/roboticslab/Ros2_predator-project_WS/install/predator_perception/lib/python3.12/site-packages:/home/roboticslab/Ros2_predator-project_WS/install/predator_navigation/lib/python3.12/site-packages:/home/roboticslab/Ros2_predator-project_WS/install/predator_manipulation/lib/python3.12/site-packages:/home/roboticslab/Ros2_predator-project_WS/install/predator_behavior/lib/python3.12/site-packages:/home/roboticslab/ros2_ws/install/moveit_task_constructor_core/lib/python3.12/site-packages:/home/roboticslab/ros2_ws/install/robo_waiter/lib/python3.12/site-packages:/home/roboticslab/ros2_ws/install/robo_chef/lib/python3.12/site-packages:/home/roboticslab/ros2_ws/install/roboChef/lib/python3.12/site-packages:/home/roboticslab/ros2_ws/install/moveit_task_constructor_msgs/lib/python3.12/site-packages:/home/roboticslab/ros2_ws/install/moveit_py/lib/python3.12/site-packages:/home/roboticslab/ros2_ws/install/moveit_msgs/lib/python3.12/site-packages:/home/roboticslab/ros2_ws/build/moveit_configs_utils:/home/roboticslab/ros2_ws/install/moveit_configs_utils/lib/python3.12/site-packages:/opt/ros/kilted/lib/python3.12/site-packages /usr/bin/python3 -W ignore:setup.py install is deprecated -W ignore:easy_install command is deprecated setup.py egg_info --egg-base ../../build/predator_perception build --build-base /home/roboticslab/Ros2_predator-project_WS/build/predator_perception/build install --record /home/roboticslab/Ros2_predator-project_WS/build/predator_perception/install.log --single-version-externally-managed install_data
