[4.062s] Invoking command in '/home/roboticslab/Ros2_predator-project_WS/src/predator_manipulation': DEBUGINFOD_URLS=https://debuginfod.ubuntu.com PYTHONPATH=/home/roboticslab/Ros2_predator-project_WS/build/predator_manipulation/prefix_override:/usr/lib/python3/dist-packages/colcon_core/task/python/colcon_distutils_commands:/home/roboticslab/Ros2_predator-project_WS/install/predator_manipulation/lib/python3.12/site-packages:/home/roboticslab/Ros2_predator-project_WS/install/predator_msgs/lib/python3.12/site-packages:/home/roboticslab/Ros2_predator-project_WS/install/predator_bringup/lib/python3.12/site-packages:/home/roboticslab/Ros2_predator-project_WS/install/predator_perception/lib/python3.12/site-packages:/home/roboticslab/Ros2_predator-project_WS/install/predator_navigation/lib/python3.12/site-packages:/home/roboticslab/Ros2_predator-project_WS/install/predator_manipulation/lib/python3.12/site-packages:/home/roboticslab/Ros2_predator-project_WS/install/predator_behavior/lib/python3.12/site-packages:/home/roboticslab/ros2_ws/install/moveit_task_constructor_core/lib/python3.12/site-packages:/home/roboticslab/ros2_ws/install/robo_waiter/lib/python3.12/site-packages:/home/roboticslab/ros2_ws/install/robo_chef/lib/python3.12/site-packages:/home/roboticslab/ros2_ws/install/roboChef/lib/python3.12/site-packages:/home/roboticslab/ros2_ws/install/moveit_task_constructor_msgs/lib/python3.12/site-packages:/home/roboticslab/ros2_ws/install/moveit_py/lib/python3.12/site-packages:/home/roboticslab/ros2_ws/install/moveit_msgs/lib/python3.12/site-packages:/home/roboticslab/ros2_ws/build/moveit_configs_utils:/home/roboticslab/ros2_ws/install/moveit_configs_utils/lib/python3.12/site-packages:/opt/ros/kilted/lib/python3.12/site-packages /usr/bin/python3 -W ignore:setup.py install is deprecated -W ignore:easy_install command is deprecated setup.py egg_info --egg-base ../../build/predator_manipulation build --build-base /home/roboticslab/Ros2_predator-project_WS/build/predator_manipulation/build install --record /home/roboticslab/Ros2_predator-project_WS/build/predator_manipulation/install.log --single-version-externally-managed install_data
[5.387s] running egg_info
[5.589s] writing ../../build/predator_manipulation/predator_manipulation.egg-info/PKG-INFO
[5.589s] writing dependency_links to ../../build/predator_manipulation/predator_manipulation.egg-info/dependency_links.txt
[5.590s] writing entry points to ../../build/predator_manipulation/predator_manipulation.egg-info/entry_points.txt
[5.590s] writing requirements to ../../build/predator_manipulation/predator_manipulation.egg-info/requires.txt
[5.591s] writing top-level names to ../../build/predator_manipulation/predator_manipulation.egg-info/top_level.txt
[5.911s] reading manifest file '../../build/predator_manipulation/predator_manipulation.egg-info/SOURCES.txt'
[5.918s] writing manifest file '../../build/predator_manipulation/predator_manipulation.egg-info/SOURCES.txt'
[5.918s] running build
[5.919s] running build_py
[5.922s] copying predator_manipulation/arm_gesture_node.py -> /home/roboticslab/Ros2_predator-project_WS/build/predator_manipulation/build/lib/predator_manipulation
[5.924s] running install
[6.004s] running install_lib
[6.172s] copying /home/roboticslab/Ros2_predator-project_WS/build/predator_manipulation/build/lib/predator_manipulation/arm_gesture_node.py -> /home/roboticslab/Ros2_predator-project_WS/install/predator_manipulation/lib/python3.12/site-packages/predator_manipulation
[6.174s] byte-compiling /home/roboticslab/Ros2_predator-project_WS/install/predator_manipulation/lib/python3.12/site-packages/predator_manipulation/arm_gesture_node.py to arm_gesture_node.cpython-312.pyc
[6.180s] running install_data
[6.181s] running install_egg_info
[6.281s] removing '/home/roboticslab/Ros2_predator-project_WS/install/predator_manipulation/lib/python3.12/site-packages/predator_manipulation-0.0.0-py3.12.egg-info' (and everything under it)
[6.284s] Copying ../../build/predator_manipulation/predator_manipulation.egg-info to /home/roboticslab/Ros2_predator-project_WS/install/predator_manipulation/lib/python3.12/site-packages/predator_manipulation-0.0.0-py3.12.egg-info
[6.288s] running install_scripts
[6.773s] Installing arm_gesture_node script to /home/roboticslab/Ros2_predator-project_WS/install/predator_manipulation/lib/predator_manipulation
[6.775s] writing list of installed files to '/home/roboticslab/Ros2_predator-project_WS/build/predator_manipulation/install.log'
[6.852s] Invoked command in '/home/roboticslab/Ros2_predator-project_WS/src/predator_manipulation' returned '0': DEBUGINFOD_URLS=https://debuginfod.ubuntu.com PYTHONPATH=/home/roboticslab/Ros2_predator-project_WS/build/predator_manipulation/prefix_override:/usr/lib/python3/dist-packages/colcon_core/task/python/colcon_distutils_commands:/home/roboticslab/Ros2_predator-project_WS/install/predator_manipulation/lib/python3.12/site-packages:/home/roboticslab/Ros2_predator-project_WS/install/predator_msgs/lib/python3.12/site-packages:/home/roboticslab/Ros2_predator-project_WS/install/predator_bringup/lib/python3.12/site-packages:/home/roboticslab/Ros2_predator-project_WS/install/predator_perception/lib/python3.12/site-packages:/home/roboticslab/Ros2_predator-project_WS/install/predator_navigation/lib/python3.12/site-packages:/home/roboticslab/Ros2_predator-project_WS/install/predator_manipulation/lib/python3.12/site-packages:/home/roboticslab/Ros2_predator-project_WS/install/predator_behavior/lib/python3.12/site-packages:/home/roboticslab/ros2_ws/install/moveit_task_constructor_core/lib/python3.12/site-packages:/home/roboticslab/ros2_ws/install/robo_waiter/lib/python3.12/site-packages:/home/roboticslab/ros2_ws/install/robo_chef/lib/python3.12/site-packages:/home/roboticslab/ros2_ws/install/roboChef/lib/python3.12/site-packages:/home/roboticslab/ros2_ws/install/moveit_task_constructor_msgs/lib/python3.12/site-packages:/home/roboticslab/ros2_ws/install/moveit_py/lib/python3.12/site-packages:/home/roboticslab/ros2_ws/install/moveit_msgs/lib/python3.12/site-packages:/home/roboticslab/ros2_ws/build/moveit_configs_utils:/home/roboticslab/ros2_ws/install/moveit_configs_utils/lib/python3.12/site-packages:/opt/ros/kilted/lib/python3.12/site-packages /usr/bin/python3 -W ignore:setup.py install is deprecated -W ignore:easy_install command is deprecated setup.py egg_info --egg-base ../../build/predator_manipulation build --build-base /home/roboticslab/Ros2_predator-project_WS/build/predator_manipulation/build install --record /home/roboticslab/Ros2_predator-project_WS/build/predator_manipulation/install.log --single-version-externally-managed install_data
