[0.139s] DEBUG:colcon:Command line arguments: ['/usr/bin/colcon', 'build']
[0.139s] DEBUG:colcon:Parsed command line arguments: Namespace(log_base=None, log_level=None, verb_name='build', build_base='build', install_base='install', merge_install=False, symlink_install=False, test_result_base=None, continue_on_error=False, executor='parallel', parallel_workers=4, event_handlers=None, ignore_user_meta=False, metas=['./colcon.meta'], base_paths=['.'], packages_ignore=None, packages_ignore_regex=None, paths=None, packages_up_to=None, packages_up_to_regex=None, packages_above=None, packages_above_and_dependencies=None, packages_above_depth=None, packages_select_by_dep=None, packages_skip_by_dep=None, packages_skip_up_to=None, packages_select_build_failed=False, packages_skip_build_finished=False, packages_select_test_failures=False, packages_skip_test_passed=False, packages_select=None, packages_skip=None, packages_select_regex=None, packages_skip_regex=None, packages_start=None, packages_end=None, allow_overriding=[], cmake_args=None, cmake_target=None, cmake_target_skip_unavailable=False, cmake_clean_cache=False, cmake_clean_first=False, cmake_force_configure=False, ament_cmake_args=None, catkin_cmake_args=None, catkin_skip_building_tests=False, mixin_files=None, mixin=None, verb_parser=<colcon_mixin.mixin.mixin_argument.MixinArgumentDecorator object at 0x716d8b5f4b30>, verb_extension=<colcon_core.verb.build.BuildVerb object at 0x716d8b5f4830>, main=<bound method BuildVerb.main of <colcon_core.verb.build.BuildVerb object at 0x716d8b5f4830>>, mixin_verb=('build',))
[0.181s] Level 1:colcon.colcon_core.package_discovery:discover_packages(colcon_meta) check parameters
[0.181s] Level 1:colcon.colcon_core.package_discovery:discover_packages(recursive) check parameters
[0.181s] Level 1:colcon.colcon_core.package_discovery:discover_packages(ignore) check parameters
[0.181s] Level 1:colcon.colcon_core.package_discovery:discover_packages(path) check parameters
[0.181s] Level 1:colcon.colcon_core.package_discovery:discover_packages(colcon_meta) discover
[0.182s] Level 1:colcon.colcon_core.package_discovery:discover_packages(recursive) discover
[0.182s] INFO:colcon.colcon_core.package_discovery:Crawling recursively for packages in '/home/roboticslab/Ros2_predator-project_WS'
[0.182s] Level 1:colcon.colcon_core.package_identification:_identify(.) by extensions ['ignore', 'ignore_ament_install']
[0.182s] Level 1:colcon.colcon_core.package_identification:_identify(.) by extension 'ignore'
[0.182s] Level 1:colcon.colcon_core.package_identification:_identify(.) by extension 'ignore_ament_install'
[0.182s] Level 1:colcon.colcon_core.package_identification:_identify(.) by extensions ['colcon_pkg']
[0.182s] Level 1:colcon.colcon_core.package_identification:_identify(.) by extension 'colcon_pkg'
[0.182s] Level 1:colcon.colcon_core.package_identification:_identify(.) by extensions ['colcon_meta']
[0.182s] Level 1:colcon.colcon_core.package_identification:_identify(.) by extension 'colcon_meta'
[0.182s] Level 1:colcon.colcon_core.package_identification:_identify(.) by extensions ['ros']
[0.182s] Level 1:colcon.colcon_core.package_identification:_identify(.) by extension 'ros'
[0.208s] Level 1:colcon.colcon_core.package_identification:_identify(.) by extensions ['cmake', 'python']
[0.208s] Level 1:colcon.colcon_core.package_identification:_identify(.) by extension 'cmake'
[0.208s] Level 1:colcon.colcon_core.package_identification:_identify(.) by extension 'python'
[0.208s] Level 1:colcon.colcon_core.package_identification:_identify(.) by extensions ['python_setup_py']
[0.208s] Level 1:colcon.colcon_core.package_identification:_identify(.) by extension 'python_setup_py'
[0.208s] Level 1:colcon.colcon_core.package_identification:_identify(build) by extensions ['ignore', 'ignore_ament_install']
[0.208s] Level 1:colcon.colcon_core.package_identification:_identify(build) by extension 'ignore'
[0.208s] Level 1:colcon.colcon_core.package_identification:_identify(build) ignored
[0.208s] Level 1:colcon.colcon_core.package_identification:_identify(install) by extensions ['ignore', 'ignore_ament_install']
[0.208s] Level 1:colcon.colcon_core.package_identification:_identify(install) by extension 'ignore'
[0.208s] Level 1:colcon.colcon_core.package_identification:_identify(install) ignored
[0.208s] Level 1:colcon.colcon_core.package_identification:_identify(log) by extensions ['ignore', 'ignore_ament_install']
[0.208s] Level 1:colcon.colcon_core.package_identification:_identify(log) by extension 'ignore'
[0.208s] Level 1:colcon.colcon_core.package_identification:_identify(log) ignored
[0.209s] Level 1:colcon.colcon_core.package_identification:_identify(src) by extensions ['ignore', 'ignore_ament_install']
[0.209s] Level 1:colcon.colcon_core.package_identification:_identify(src) by extension 'ignore'
[0.209s] Level 1:colcon.colcon_core.package_identification:_identify(src) by extension 'ignore_ament_install'
[0.209s] Level 1:colcon.colcon_core.package_identification:_identify(src) by extensions ['colcon_pkg']
[0.209s] Level 1:colcon.colcon_core.package_identification:_identify(src) by extension 'colcon_pkg'
[0.209s] Level 1:colcon.colcon_core.package_identification:_identify(src) by extensions ['colcon_meta']
[0.209s] Level 1:colcon.colcon_core.package_identification:_identify(src) by extension 'colcon_meta'
[0.209s] Level 1:colcon.colcon_core.package_identification:_identify(src) by extensions ['ros']
[0.209s] Level 1:colcon.colcon_core.package_identification:_identify(src) by extension 'ros'
[0.209s] Level 1:colcon.colcon_core.package_identification:_identify(src) by extensions ['cmake', 'python']
[0.209s] Level 1:colcon.colcon_core.package_identification:_identify(src) by extension 'cmake'
[0.209s] Level 1:colcon.colcon_core.package_identification:_identify(src) by extension 'python'
[0.209s] Level 1:colcon.colcon_core.package_identification:_identify(src) by extensions ['python_setup_py']
[0.209s] Level 1:colcon.colcon_core.package_identification:_identify(src) by extension 'python_setup_py'
[0.209s] Level 1:colcon.colcon_core.package_identification:_identify(src/predator_behavior) by extensions ['ignore', 'ignore_ament_install']
[0.209s] Level 1:colcon.colcon_core.package_identification:_identify(src/predator_behavior) by extension 'ignore'
[0.209s] Level 1:colcon.colcon_core.package_identification:_identify(src/predator_behavior) by extension 'ignore_ament_install'
[0.209s] Level 1:colcon.colcon_core.package_identification:_identify(src/predator_behavior) by extensions ['colcon_pkg']
[0.209s] Level 1:colcon.colcon_core.package_identification:_identify(src/predator_behavior) by extension 'colcon_pkg'
[0.210s] Level 1:colcon.colcon_core.package_identification:_identify(src/predator_behavior) by extensions ['colcon_meta']
[0.210s] Level 1:colcon.colcon_core.package_identification:_identify(src/predator_behavior) by extension 'colcon_meta'
[0.210s] Level 1:colcon.colcon_core.package_identification:_identify(src/predator_behavior) by extensions ['ros']
[0.210s] Level 1:colcon.colcon_core.package_identification:_identify(src/predator_behavior) by extension 'ros'
[0.212s] DEBUG:colcon.colcon_core.package_identification:Package 'src/predator_behavior' with type 'ros.ament_python' and name 'predator_behavior'
[0.212s] Level 1:colcon.colcon_core.package_identification:_identify(src/predator_bringup) by extensions ['ignore', 'ignore_ament_install']
[0.212s] Level 1:colcon.colcon_core.package_identification:_identify(src/predator_bringup) by extension 'ignore'
[0.212s] Level 1:colcon.colcon_core.package_identification:_identify(src/predator_bringup) by extension 'ignore_ament_install'
[0.212s] Level 1:colcon.colcon_core.package_identification:_identify(src/predator_bringup) by extensions ['colcon_pkg']
[0.212s] Level 1:colcon.colcon_core.package_identification:_identify(src/predator_bringup) by extension 'colcon_pkg'
[0.212s] Level 1:colcon.colcon_core.package_identification:_identify(src/predator_bringup) by extensions ['colcon_meta']
[0.212s] Level 1:colcon.colcon_core.package_identification:_identify(src/predator_bringup) by extension 'colcon_meta'
[0.213s] Level 1:colcon.colcon_core.package_identification:_identify(src/predator_bringup) by extensions ['ros']
[0.213s] Level 1:colcon.colcon_core.package_identification:_identify(src/predator_bringup) by extension 'ros'
[0.213s] DEBUG:colcon.colcon_core.package_identification:Package 'src/predator_bringup' with type 'ros.ament_python' and name 'predator_bringup'
[0.213s] Level 1:colcon.colcon_core.package_identification:_identify(src/predator_manipulation) by extensions ['ignore', 'ignore_ament_install']
[0.213s] Level 1:colcon.colcon_core.package_identification:_identify(src/predator_manipulation) by extension 'ignore'
[0.213s] Level 1:colcon.colcon_core.package_identification:_identify(src/predator_manipulation) by extension 'ignore_ament_install'
[0.213s] Level 1:colcon.colcon_core.package_identification:_identify(src/predator_manipulation) by extensions ['colcon_pkg']
[0.213s] Level 1:colcon.colcon_core.package_identification:_identify(src/predator_manipulation) by extension 'colcon_pkg'
[0.213s] Level 1:colcon.colcon_core.package_identification:_identify(src/predator_manipulation) by extensions ['colcon_meta']
[0.213s] Level 1:colcon.colcon_core.package_identification:_identify(src/predator_manipulation) by extension 'colcon_meta'
[0.214s] Level 1:colcon.colcon_core.package_identification:_identify(src/predator_manipulation) by extensions ['ros']
[0.214s] Level 1:colcon.colcon_core.package_identification:_identify(src/predator_manipulation) by extension 'ros'
[0.214s] DEBUG:colcon.colcon_core.package_identification:Package 'src/predator_manipulation' with type 'ros.ament_python' and name 'predator_manipulation'
[0.214s] Level 1:colcon.colcon_core.package_identification:_identify(src/predator_msgs) by extensions ['ignore', 'ignore_ament_install']
[0.214s] Level 1:colcon.colcon_core.package_identification:_identify(src/predator_msgs) by extension 'ignore'
[0.214s] Level 1:colcon.colcon_core.package_identification:_identify(src/predator_msgs) by extension 'ignore_ament_install'
[0.214s] Level 1:colcon.colcon_core.package_identification:_identify(src/predator_msgs) by extensions ['colcon_pkg']
[0.214s] Level 1:colcon.colcon_core.package_identification:_identify(src/predator_msgs) by extension 'colcon_pkg'
[0.214s] Level 1:colcon.colcon_core.package_identification:_identify(src/predator_msgs) by extensions ['colcon_meta']
[0.215s] Level 1:colcon.colcon_core.package_identification:_identify(src/predator_msgs) by extension 'colcon_meta'
[0.215s] Level 1:colcon.colcon_core.package_identification:_identify(src/predator_msgs) by extensions ['ros']
[0.215s] Level 1:colcon.colcon_core.package_identification:_identify(src/predator_msgs) by extension 'ros'
[0.215s] DEBUG:colcon.colcon_core.package_identification:Package 'src/predator_msgs' with type 'ros.ament_cmake' and name 'predator_msgs'
[0.215s] Level 1:colcon.colcon_core.package_identification:_identify(src/predator_navigation) by extensions ['ignore', 'ignore_ament_install']
[0.215s] Level 1:colcon.colcon_core.package_identification:_identify(src/predator_navigation) by extension 'ignore'
[0.215s] Level 1:colcon.colcon_core.package_identification:_identify(src/predator_navigation) by extension 'ignore_ament_install'
[0.215s] Level 1:colcon.colcon_core.package_identification:_identify(src/predator_navigation) by extensions ['colcon_pkg']
[0.215s] Level 1:colcon.colcon_core.package_identification:_identify(src/predator_navigation) by extension 'colcon_pkg'
[0.215s] Level 1:colcon.colcon_core.package_identification:_identify(src/predator_navigation) by extensions ['colcon_meta']
[0.216s] Level 1:colcon.colcon_core.package_identification:_identify(src/predator_navigation) by extension 'colcon_meta'
[0.216s] Level 1:colcon.colcon_core.package_identification:_identify(src/predator_navigation) by extensions ['ros']
[0.216s] Level 1:colcon.colcon_core.package_identification:_identify(src/predator_navigation) by extension 'ros'
[0.216s] DEBUG:colcon.colcon_core.package_identification:Package 'src/predator_navigation' with type 'ros.ament_python' and name 'predator_navigation'
[0.216s] Level 1:colcon.colcon_core.package_identification:_identify(src/predator_perception) by extensions ['ignore', 'ignore_ament_install']
[0.216s] Level 1:colcon.colcon_core.package_identification:_identify(src/predator_perception) by extension 'ignore'
[0.216s] Level 1:colcon.colcon_core.package_identification:_identify(src/predator_perception) by extension 'ignore_ament_install'
[0.216s] Level 1:colcon.colcon_core.package_identification:_identify(src/predator_perception) by extensions ['colcon_pkg']
[0.217s] Level 1:colcon.colcon_core.package_identification:_identify(src/predator_perception) by extension 'colcon_pkg'
[0.217s] Level 1:colcon.colcon_core.package_identification:_identify(src/predator_perception) by extensions ['colcon_meta']
[0.217s] Level 1:colcon.colcon_core.package_identification:_identify(src/predator_perception) by extension 'colcon_meta'
[0.217s] Level 1:colcon.colcon_core.package_identification:_identify(src/predator_perception) by extensions ['ros']
[0.217s] Level 1:colcon.colcon_core.package_identification:_identify(src/predator_perception) by extension 'ros'
[0.217s] DEBUG:colcon.colcon_core.package_identification:Package 'src/predator_perception' with type 'ros.ament_python' and name 'predator_perception'
[0.217s] Level 1:colcon.colcon_core.package_discovery:discover_packages(recursive) using defaults
[0.217s] Level 1:colcon.colcon_core.package_discovery:discover_packages(ignore) discover
[0.217s] Level 1:colcon.colcon_core.package_discovery:discover_packages(ignore) using defaults
[0.217s] Level 1:colcon.colcon_core.package_discovery:discover_packages(path) discover
[0.217s] Level 1:colcon.colcon_core.package_discovery:discover_packages(path) using defaults
[0.237s] Level 1:colcon.colcon_core.package_discovery:discover_packages(prefix_path) check parameters
[0.237s] Level 1:colcon.colcon_core.package_discovery:discover_packages(prefix_path) discover
[0.238s] WARNING:colcon.colcon_ros.prefix_path.ament:The path '/home/roboticslab/Ros2_predator-project_WS/install/predator_bringup' in the environment variable AMENT_PREFIX_PATH doesn't exist
[0.238s] WARNING:colcon.colcon_ros.prefix_path.ament:The path '/home/roboticslab/Ros2_predator-project_WS/install/predator_perception' in the environment variable AMENT_PREFIX_PATH doesn't exist
[0.239s] WARNING:colcon.colcon_ros.prefix_path.ament:The path '/home/roboticslab/Ros2_predator-project_WS/install/predator_navigation' in the environment variable AMENT_PREFIX_PATH doesn't exist
[0.239s] WARNING:colcon.colcon_ros.prefix_path.ament:The path '/home/roboticslab/Ros2_predator-project_WS/install/predator_manipulation' in the environment variable AMENT_PREFIX_PATH doesn't exist
[0.239s] WARNING:colcon.colcon_ros.prefix_path.ament:The path '/home/roboticslab/Ros2_predator-project_WS/install/predator_behavior' in the environment variable AMENT_PREFIX_PATH doesn't exist
[0.239s] WARNING:colcon.colcon_ros.prefix_path.ament:The path '/home/roboticslab/Ros2_predator-project_WS/install/predator_msgs' in the environment variable AMENT_PREFIX_PATH doesn't exist
[0.244s] WARNING:colcon.colcon_ros.prefix_path.catkin:The path '/home/roboticslab/Ros2_predator-project_WS/install/predator_msgs' in the environment variable CMAKE_PREFIX_PATH doesn't exist
[0.246s] DEBUG:colcon.colcon_installed_package_information.package_discovery:Found 0 installed packages in /home/roboticslab/Ros2_predator-project_WS/install
[0.250s] DEBUG:colcon.colcon_installed_package_information.package_discovery:Found 73 installed packages in /home/roboticslab/ros2_ws/install
[0.256s] DEBUG:colcon.colcon_installed_package_information.package_discovery:Found 500 installed packages in /opt/ros/kilted
[0.260s] Level 1:colcon.colcon_core.package_discovery:discover_packages(prefix_path) using defaults
[0.352s] Level 5:colcon.colcon_core.verb:set package 'predator_msgs' build argument 'cmake_args' from command line to 'None'
[0.352s] Level 5:colcon.colcon_core.verb:set package 'predator_msgs' build argument 'cmake_target' from command line to 'None'
[0.353s] Level 5:colcon.colcon_core.verb:set package 'predator_msgs' build argument 'cmake_target_skip_unavailable' from command line to 'False'
[0.353s] Level 5:colcon.colcon_core.verb:set package 'predator_msgs' build argument 'cmake_clean_cache' from command line to 'False'
[0.353s] Level 5:colcon.colcon_core.verb:set package 'predator_msgs' build argument 'cmake_clean_first' from command line to 'False'
[0.353s] Level 5:colcon.colcon_core.verb:set package 'predator_msgs' build argument 'cmake_force_configure' from command line to 'False'
[0.353s] Level 5:colcon.colcon_core.verb:set package 'predator_msgs' build argument 'ament_cmake_args' from command line to 'None'
[0.353s] Level 5:colcon.colcon_core.verb:set package 'predator_msgs' build argument 'catkin_cmake_args' from command line to 'None'
[0.353s] Level 5:colcon.colcon_core.verb:set package 'predator_msgs' build argument 'catkin_skip_building_tests' from command line to 'False'
[0.353s] DEBUG:colcon.colcon_core.verb:Building package 'predator_msgs' with the following arguments: {'ament_cmake_args': None, 'build_base': '/home/roboticslab/Ros2_predator-project_WS/build/predator_msgs', 'catkin_cmake_args': None, 'catkin_skip_building_tests': False, 'cmake_args': None, 'cmake_clean_cache': False, 'cmake_clean_first': False, 'cmake_force_configure': False, 'cmake_target': None, 'cmake_target_skip_unavailable': False, 'install_base': '/home/roboticslab/Ros2_predator-project_WS/install/predator_msgs', 'merge_install': False, 'path': '/home/roboticslab/Ros2_predator-project_WS/src/predator_msgs', 'symlink_install': False, 'test_result_base': None}
[0.353s] Level 5:colcon.colcon_core.verb:set package 'predator_behavior' build argument 'cmake_args' from command line to 'None'
[0.353s] Level 5:colcon.colcon_core.verb:set package 'predator_behavior' build argument 'cmake_target' from command line to 'None'
[0.353s] Level 5:colcon.colcon_core.verb:set package 'predator_behavior' build argument 'cmake_target_skip_unavailable' from command line to 'False'
[0.353s] Level 5:colcon.colcon_core.verb:set package 'predator_behavior' build argument 'cmake_clean_cache' from command line to 'False'
[0.353s] Level 5:colcon.colcon_core.verb:set package 'predator_behavior' build argument 'cmake_clean_first' from command line to 'False'
[0.353s] Level 5:colcon.colcon_core.verb:set package 'predator_behavior' build argument 'cmake_force_configure' from command line to 'False'
[0.353s] Level 5:colcon.colcon_core.verb:set package 'predator_behavior' build argument 'ament_cmake_args' from command line to 'None'
[0.353s] Level 5:colcon.colcon_core.verb:set package 'predator_behavior' build argument 'catkin_cmake_args' from command line to 'None'
[0.353s] Level 5:colcon.colcon_core.verb:set package 'predator_behavior' build argument 'catkin_skip_building_tests' from command line to 'False'
[0.353s] DEBUG:colcon.colcon_core.verb:Building package 'predator_behavior' with the following arguments: {'ament_cmake_args': None, 'build_base': '/home/roboticslab/Ros2_predator-project_WS/build/predator_behavior', 'catkin_cmake_args': None, 'catkin_skip_building_tests': False, 'cmake_args': None, 'cmake_clean_cache': False, 'cmake_clean_first': False, 'cmake_force_configure': False, 'cmake_target': None, 'cmake_target_skip_unavailable': False, 'install_base': '/home/roboticslab/Ros2_predator-project_WS/install/predator_behavior', 'merge_install': False, 'path': '/home/roboticslab/Ros2_predator-project_WS/src/predator_behavior', 'symlink_install': False, 'test_result_base': None}
[0.353s] Level 5:colcon.colcon_core.verb:set package 'predator_manipulation' build argument 'cmake_args' from command line to 'None'
[0.353s] Level 5:colcon.colcon_core.verb:set package 'predator_manipulation' build argument 'cmake_target' from command line to 'None'
[0.353s] Level 5:colcon.colcon_core.verb:set package 'predator_manipulation' build argument 'cmake_target_skip_unavailable' from command line to 'False'
[0.354s] Level 5:colcon.colcon_core.verb:set package 'predator_manipulation' build argument 'cmake_clean_cache' from command line to 'False'
[0.354s] Level 5:colcon.colcon_core.verb:set package 'predator_manipulation' build argument 'cmake_clean_first' from command line to 'False'
[0.354s] Level 5:colcon.colcon_core.verb:set package 'predator_manipulation' build argument 'cmake_force_configure' from command line to 'False'
[0.354s] Level 5:colcon.colcon_core.verb:set package 'predator_manipulation' build argument 'ament_cmake_args' from command line to 'None'
[0.354s] Level 5:colcon.colcon_core.verb:set package 'predator_manipulation' build argument 'catkin_cmake_args' from command line to 'None'
[0.354s] Level 5:colcon.colcon_core.verb:set package 'predator_manipulation' build argument 'catkin_skip_building_tests' from command line to 'False'
[0.354s] DEBUG:colcon.colcon_core.verb:Building package 'predator_manipulation' with the following arguments: {'ament_cmake_args': None, 'build_base': '/home/roboticslab/Ros2_predator-project_WS/build/predator_manipulation', 'catkin_cmake_args': None, 'catkin_skip_building_tests': False, 'cmake_args': None, 'cmake_clean_cache': False, 'cmake_clean_first': False, 'cmake_force_configure': False, 'cmake_target': None, 'cmake_target_skip_unavailable': False, 'install_base': '/home/roboticslab/Ros2_predator-project_WS/install/predator_manipulation', 'merge_install': False, 'path': '/home/roboticslab/Ros2_predator-project_WS/src/predator_manipulation', 'symlink_install': False, 'test_result_base': None}
[0.354s] Level 5:colcon.colcon_core.verb:set package 'predator_navigation' build argument 'cmake_args' from command line to 'None'
[0.354s] Level 5:colcon.colcon_core.verb:set package 'predator_navigation' build argument 'cmake_target' from command line to 'None'
[0.354s] Level 5:colcon.colcon_core.verb:set package 'predator_navigation' build argument 'cmake_target_skip_unavailable' from command line to 'False'
[0.354s] Level 5:colcon.colcon_core.verb:set package 'predator_navigation' build argument 'cmake_clean_cache' from command line to 'False'
[0.354s] Level 5:colcon.colcon_core.verb:set package 'predator_navigation' build argument 'cmake_clean_first' from command line to 'False'
[0.354s] Level 5:colcon.colcon_core.verb:set package 'predator_navigation' build argument 'cmake_force_configure' from command line to 'False'
[0.354s] Level 5:colcon.colcon_core.verb:set package 'predator_navigation' build argument 'ament_cmake_args' from command line to 'None'
[0.354s] Level 5:colcon.colcon_core.verb:set package 'predator_navigation' build argument 'catkin_cmake_args' from command line to 'None'
[0.354s] Level 5:colcon.colcon_core.verb:set package 'predator_navigation' build argument 'catkin_skip_building_tests' from command line to 'False'
[0.354s] DEBUG:colcon.colcon_core.verb:Building package 'predator_navigation' with the following arguments: {'ament_cmake_args': None, 'build_base': '/home/roboticslab/Ros2_predator-project_WS/build/predator_navigation', 'catkin_cmake_args': None, 'catkin_skip_building_tests': False, 'cmake_args': None, 'cmake_clean_cache': False, 'cmake_clean_first': False, 'cmake_force_configure': False, 'cmake_target': None, 'cmake_target_skip_unavailable': False, 'install_base': '/home/roboticslab/Ros2_predator-project_WS/install/predator_navigation', 'merge_install': False, 'path': '/home/roboticslab/Ros2_predator-project_WS/src/predator_navigation', 'symlink_install': False, 'test_result_base': None}
[0.354s] Level 5:colcon.colcon_core.verb:set package 'predator_perception' build argument 'cmake_args' from command line to 'None'
[0.354s] Level 5:colcon.colcon_core.verb:set package 'predator_perception' build argument 'cmake_target' from command line to 'None'
[0.354s] Level 5:colcon.colcon_core.verb:set package 'predator_perception' build argument 'cmake_target_skip_unavailable' from command line to 'False'
[0.354s] Level 5:colcon.colcon_core.verb:set package 'predator_perception' build argument 'cmake_clean_cache' from command line to 'False'
[0.354s] Level 5:colcon.colcon_core.verb:set package 'predator_perception' build argument 'cmake_clean_first' from command line to 'False'
[0.354s] Level 5:colcon.colcon_core.verb:set package 'predator_perception' build argument 'cmake_force_configure' from command line to 'False'
[0.354s] Level 5:colcon.colcon_core.verb:set package 'predator_perception' build argument 'ament_cmake_args' from command line to 'None'
[0.354s] Level 5:colcon.colcon_core.verb:set package 'predator_perception' build argument 'catkin_cmake_args' from command line to 'None'
[0.354s] Level 5:colcon.colcon_core.verb:set package 'predator_perception' build argument 'catkin_skip_building_tests' from command line to 'False'
[0.355s] DEBUG:colcon.colcon_core.verb:Building package 'predator_perception' with the following arguments: {'ament_cmake_args': None, 'build_base': '/home/roboticslab/Ros2_predator-project_WS/build/predator_perception', 'catkin_cmake_args': None, 'catkin_skip_building_tests': False, 'cmake_args': None, 'cmake_clean_cache': False, 'cmake_clean_first': False, 'cmake_force_configure': False, 'cmake_target': None, 'cmake_target_skip_unavailable': False, 'install_base': '/home/roboticslab/Ros2_predator-project_WS/install/predator_perception', 'merge_install': False, 'path': '/home/roboticslab/Ros2_predator-project_WS/src/predator_perception', 'symlink_install': False, 'test_result_base': None}
[0.355s] Level 5:colcon.colcon_core.verb:set package 'predator_bringup' build argument 'cmake_args' from command line to 'None'
[0.355s] Level 5:colcon.colcon_core.verb:set package 'predator_bringup' build argument 'cmake_target' from command line to 'None'
[0.355s] Level 5:colcon.colcon_core.verb:set package 'predator_bringup' build argument 'cmake_target_skip_unavailable' from command line to 'False'
[0.355s] Level 5:colcon.colcon_core.verb:set package 'predator_bringup' build argument 'cmake_clean_cache' from command line to 'False'
[0.355s] Level 5:colcon.colcon_core.verb:set package 'predator_bringup' build argument 'cmake_clean_first' from command line to 'False'
[0.355s] Level 5:colcon.colcon_core.verb:set package 'predator_bringup' build argument 'cmake_force_configure' from command line to 'False'
[0.355s] Level 5:colcon.colcon_core.verb:set package 'predator_bringup' build argument 'ament_cmake_args' from command line to 'None'
[0.355s] Level 5:colcon.colcon_core.verb:set package 'predator_bringup' build argument 'catkin_cmake_args' from command line to 'None'
[0.355s] Level 5:colcon.colcon_core.verb:set package 'predator_bringup' build argument 'catkin_skip_building_tests' from command line to 'False'
[0.355s] DEBUG:colcon.colcon_core.verb:Building package 'predator_bringup' with the following arguments: {'ament_cmake_args': None, 'build_base': '/home/roboticslab/Ros2_predator-project_WS/build/predator_bringup', 'catkin_cmake_args': None, 'catkin_skip_building_tests': False, 'cmake_args': None, 'cmake_clean_cache': False, 'cmake_clean_first': False, 'cmake_force_configure': False, 'cmake_target': None, 'cmake_target_skip_unavailable': False, 'install_base': '/home/roboticslab/Ros2_predator-project_WS/install/predator_bringup', 'merge_install': False, 'path': '/home/roboticslab/Ros2_predator-project_WS/src/predator_bringup', 'symlink_install': False, 'test_result_base': None}
[0.355s] INFO:colcon.colcon_core.executor:Executing jobs using 'parallel' executor
[0.356s] DEBUG:colcon.colcon_parallel_executor.executor.parallel:run_until_complete
[0.356s] INFO:colcon.colcon_ros.task.ament_cmake.build:Building ROS package in '/home/roboticslab/Ros2_predator-project_WS/src/predator_msgs' with build type 'ament_cmake'
[0.356s] INFO:colcon.colcon_cmake.task.cmake.build:Building CMake package in '/home/roboticslab/Ros2_predator-project_WS/src/predator_msgs'
[0.359s] INFO:colcon.colcon_core.plugin_system:Skipping extension 'colcon_core.shell.bat': Not used on non-Windows systems
[0.359s] INFO:colcon.colcon_core.shell:Skip shell extension 'powershell' for command environment: Not usable outside of PowerShell
[0.360s] DEBUG:colcon.colcon_core.shell:Skip shell extension 'dsv' for command environment
[0.376s] DEBUG:colcon.colcon_core.event_handler.log_command:Invoking command in '/home/roboticslab/Ros2_predator-project_WS/build/predator_msgs': CMAKE_PREFIX_PATH=${CMAKE_PREFIX_PATH}:/home/roboticslab/Ros2_predator-project_WS/install/predator_bringup:/home/roboticslab/Ros2_predator-project_WS/install/predator_perception:/home/roboticslab/Ros2_predator-project_WS/install/predator_navigation:/home/roboticslab/Ros2_predator-project_WS/install/predator_manipulation:/home/roboticslab/Ros2_predator-project_WS/install/predator_behavior:/home/roboticslab/ros2_ws/install/robotiq_description:/home/roboticslab/ros2_ws/install/roboChef:/home/roboticslab/ros2_ws/install/moveit_configs_utils:/opt/ros/kilted DEBUGINFOD_URLS=https://debuginfod.ubuntu.com /usr/bin/cmake /home/roboticslab/Ros2_predator-project_WS/src/predator_msgs -DCMAKE_INSTALL_PREFIX=/home/roboticslab/Ros2_predator-project_WS/install/predator_msgs
[6.519s] DEBUG:colcon.colcon_core.event_handler.log_command:Invoked command in '/home/roboticslab/Ros2_predator-project_WS/build/predator_msgs' returned '0': CMAKE_PREFIX_PATH=${CMAKE_PREFIX_PATH}:/home/roboticslab/Ros2_predator-project_WS/install/predator_bringup:/home/roboticslab/Ros2_predator-project_WS/install/predator_perception:/home/roboticslab/Ros2_predator-project_WS/install/predator_navigation:/home/roboticslab/Ros2_predator-project_WS/install/predator_manipulation:/home/roboticslab/Ros2_predator-project_WS/install/predator_behavior:/home/roboticslab/ros2_ws/install/robotiq_description:/home/roboticslab/ros2_ws/install/roboChef:/home/roboticslab/ros2_ws/install/moveit_configs_utils:/opt/ros/kilted DEBUGINFOD_URLS=https://debuginfod.ubuntu.com /usr/bin/cmake /home/roboticslab/Ros2_predator-project_WS/src/predator_msgs -DCMAKE_INSTALL_PREFIX=/home/roboticslab/Ros2_predator-project_WS/install/predator_msgs
[6.520s] DEBUG:colcon.colcon_core.event_handler.log_command:Invoking command in '/home/roboticslab/Ros2_predator-project_WS/build/predator_msgs': CMAKE_PREFIX_PATH=${CMAKE_PREFIX_PATH}:/home/roboticslab/Ros2_predator-project_WS/install/predator_bringup:/home/roboticslab/Ros2_predator-project_WS/install/predator_perception:/home/roboticslab/Ros2_predator-project_WS/install/predator_navigation:/home/roboticslab/Ros2_predator-project_WS/install/predator_manipulation:/home/roboticslab/Ros2_predator-project_WS/install/predator_behavior:/home/roboticslab/ros2_ws/install/robotiq_description:/home/roboticslab/ros2_ws/install/roboChef:/home/roboticslab/ros2_ws/install/moveit_configs_utils:/opt/ros/kilted DEBUGINFOD_URLS=https://debuginfod.ubuntu.com /usr/bin/cmake --build /home/roboticslab/Ros2_predator-project_WS/build/predator_msgs -- -j4 -l4
[17.516s] DEBUG:colcon.colcon_core.event_handler.log_command:Invoked command in '/home/roboticslab/Ros2_predator-project_WS/build/predator_msgs' returned '0': CMAKE_PREFIX_PATH=${CMAKE_PREFIX_PATH}:/home/roboticslab/Ros2_predator-project_WS/install/predator_bringup:/home/roboticslab/Ros2_predator-project_WS/install/predator_perception:/home/roboticslab/Ros2_predator-project_WS/install/predator_navigation:/home/roboticslab/Ros2_predator-project_WS/install/predator_manipulation:/home/roboticslab/Ros2_predator-project_WS/install/predator_behavior:/home/roboticslab/ros2_ws/install/robotiq_description:/home/roboticslab/ros2_ws/install/roboChef:/home/roboticslab/ros2_ws/install/moveit_configs_utils:/opt/ros/kilted DEBUGINFOD_URLS=https://debuginfod.ubuntu.com /usr/bin/cmake --build /home/roboticslab/Ros2_predator-project_WS/build/predator_msgs -- -j4 -l4
[17.533s] DEBUG:colcon.colcon_core.event_handler.log_command:Invoking command in '/home/roboticslab/Ros2_predator-project_WS/build/predator_msgs': CMAKE_PREFIX_PATH=${CMAKE_PREFIX_PATH}:/home/roboticslab/Ros2_predator-project_WS/install/predator_bringup:/home/roboticslab/Ros2_predator-project_WS/install/predator_perception:/home/roboticslab/Ros2_predator-project_WS/install/predator_navigation:/home/roboticslab/Ros2_predator-project_WS/install/predator_manipulation:/home/roboticslab/Ros2_predator-project_WS/install/predator_behavior:/home/roboticslab/ros2_ws/install/robotiq_description:/home/roboticslab/ros2_ws/install/roboChef:/home/roboticslab/ros2_ws/install/moveit_configs_utils:/opt/ros/kilted DEBUGINFOD_URLS=https://debuginfod.ubuntu.com /usr/bin/cmake --install /home/roboticslab/Ros2_predator-project_WS/build/predator_msgs
[17.669s] Level 1:colcon.colcon_core.environment:create_environment_scripts_only(predator_msgs)
[17.670s] DEBUG:colcon.colcon_core.event_handler.log_command:Invoked command in '/home/roboticslab/Ros2_predator-project_WS/build/predator_msgs' returned '0': CMAKE_PREFIX_PATH=${CMAKE_PREFIX_PATH}:/home/roboticslab/Ros2_predator-project_WS/install/predator_bringup:/home/roboticslab/Ros2_predator-project_WS/install/predator_perception:/home/roboticslab/Ros2_predator-project_WS/install/predator_navigation:/home/roboticslab/Ros2_predator-project_WS/install/predator_manipulation:/home/roboticslab/Ros2_predator-project_WS/install/predator_behavior:/home/roboticslab/ros2_ws/install/robotiq_description:/home/roboticslab/ros2_ws/install/roboChef:/home/roboticslab/ros2_ws/install/moveit_configs_utils:/opt/ros/kilted DEBUGINFOD_URLS=https://debuginfod.ubuntu.com /usr/bin/cmake --install /home/roboticslab/Ros2_predator-project_WS/build/predator_msgs
[17.672s] Level 1:colcon.colcon_core.environment:checking '/home/roboticslab/Ros2_predator-project_WS/install/predator_msgs' for CMake module files
[17.673s] Level 1:colcon.colcon_core.environment:checking '/home/roboticslab/Ros2_predator-project_WS/install/predator_msgs' for CMake config files
[17.673s] Level 1:colcon.colcon_core.shell:create_environment_hook('predator_msgs', 'cmake_prefix_path')
[17.673s] INFO:colcon.colcon_core.shell:Creating environment hook '/home/roboticslab/Ros2_predator-project_WS/install/predator_msgs/share/predator_msgs/hook/cmake_prefix_path.ps1'
[17.674s] INFO:colcon.colcon_core.shell:Creating environment descriptor '/home/roboticslab/Ros2_predator-project_WS/install/predator_msgs/share/predator_msgs/hook/cmake_prefix_path.dsv'
[17.674s] INFO:colcon.colcon_core.shell:Creating environment hook '/home/roboticslab/Ros2_predator-project_WS/install/predator_msgs/share/predator_msgs/hook/cmake_prefix_path.sh'
[17.675s] Level 1:colcon.colcon_core.environment:checking '/home/roboticslab/Ros2_predator-project_WS/install/predator_msgs/lib'
[17.675s] Level 1:colcon.colcon_core.shell:create_environment_hook('predator_msgs', 'ld_library_path_lib')
[17.675s] INFO:colcon.colcon_core.shell:Creating environment hook '/home/roboticslab/Ros2_predator-project_WS/install/predator_msgs/share/predator_msgs/hook/ld_library_path_lib.ps1'
[17.676s] INFO:colcon.colcon_core.shell:Creating environment descriptor '/home/roboticslab/Ros2_predator-project_WS/install/predator_msgs/share/predator_msgs/hook/ld_library_path_lib.dsv'
[17.676s] INFO:colcon.colcon_core.shell:Creating environment hook '/home/roboticslab/Ros2_predator-project_WS/install/predator_msgs/share/predator_msgs/hook/ld_library_path_lib.sh'
[17.676s] Level 1:colcon.colcon_core.environment:checking '/home/roboticslab/Ros2_predator-project_WS/install/predator_msgs/bin'
[17.676s] Level 1:colcon.colcon_core.environment:checking '/home/roboticslab/Ros2_predator-project_WS/install/predator_msgs/lib/pkgconfig/predator_msgs.pc'
[17.677s] Level 1:colcon.colcon_core.environment:checking '/home/roboticslab/Ros2_predator-project_WS/install/predator_msgs/lib/python3.12/site-packages'
[17.677s] Level 1:colcon.colcon_core.shell:create_environment_hook('predator_msgs', 'pythonpath')
[17.677s] INFO:colcon.colcon_core.shell:Creating environment hook '/home/roboticslab/Ros2_predator-project_WS/install/predator_msgs/share/predator_msgs/hook/pythonpath.ps1'
[17.677s] INFO:colcon.colcon_core.shell:Creating environment descriptor '/home/roboticslab/Ros2_predator-project_WS/install/predator_msgs/share/predator_msgs/hook/pythonpath.dsv'
[17.677s] INFO:colcon.colcon_core.shell:Creating environment hook '/home/roboticslab/Ros2_predator-project_WS/install/predator_msgs/share/predator_msgs/hook/pythonpath.sh'
[17.678s] Level 1:colcon.colcon_core.environment:checking '/home/roboticslab/Ros2_predator-project_WS/install/predator_msgs/bin'
[17.678s] INFO:colcon.colcon_core.shell:Creating package script '/home/roboticslab/Ros2_predator-project_WS/install/predator_msgs/share/predator_msgs/package.ps1'
[17.679s] INFO:colcon.colcon_core.shell:Creating package descriptor '/home/roboticslab/Ros2_predator-project_WS/install/predator_msgs/share/predator_msgs/package.dsv'
[17.680s] INFO:colcon.colcon_core.shell:Creating package script '/home/roboticslab/Ros2_predator-project_WS/install/predator_msgs/share/predator_msgs/package.sh'
[17.680s] INFO:colcon.colcon_core.shell:Creating package script '/home/roboticslab/Ros2_predator-project_WS/install/predator_msgs/share/predator_msgs/package.bash'
[17.681s] INFO:colcon.colcon_core.shell:Creating package script '/home/roboticslab/Ros2_predator-project_WS/install/predator_msgs/share/predator_msgs/package.zsh'
[17.681s] Level 1:colcon.colcon_core.environment:create_file_with_runtime_dependencies(/home/roboticslab/Ros2_predator-project_WS/install/predator_msgs/share/colcon-core/packages/predator_msgs)
[17.682s] Level 1:colcon.colcon_core.environment:create_environment_scripts_only(predator_msgs)
[17.682s] Level 1:colcon.colcon_core.environment:checking '/home/roboticslab/Ros2_predator-project_WS/install/predator_msgs' for CMake module files
[17.683s] Level 1:colcon.colcon_core.environment:checking '/home/roboticslab/Ros2_predator-project_WS/install/predator_msgs' for CMake config files
[17.683s] Level 1:colcon.colcon_core.shell:create_environment_hook('predator_msgs', 'cmake_prefix_path')
[17.683s] INFO:colcon.colcon_core.shell:Creating environment hook '/home/roboticslab/Ros2_predator-project_WS/install/predator_msgs/share/predator_msgs/hook/cmake_prefix_path.ps1'
[17.684s] INFO:colcon.colcon_core.shell:Creating environment descriptor '/home/roboticslab/Ros2_predator-project_WS/install/predator_msgs/share/predator_msgs/hook/cmake_prefix_path.dsv'
[17.684s] INFO:colcon.colcon_core.shell:Creating environment hook '/home/roboticslab/Ros2_predator-project_WS/install/predator_msgs/share/predator_msgs/hook/cmake_prefix_path.sh'
[17.685s] Level 1:colcon.colcon_core.environment:checking '/home/roboticslab/Ros2_predator-project_WS/install/predator_msgs/lib'
[17.685s] Level 1:colcon.colcon_core.shell:create_environment_hook('predator_msgs', 'ld_library_path_lib')
[17.685s] INFO:colcon.colcon_core.shell:Creating environment hook '/home/roboticslab/Ros2_predator-project_WS/install/predator_msgs/share/predator_msgs/hook/ld_library_path_lib.ps1'
[17.685s] INFO:colcon.colcon_core.shell:Creating environment descriptor '/home/roboticslab/Ros2_predator-project_WS/install/predator_msgs/share/predator_msgs/hook/ld_library_path_lib.dsv'
[17.686s] INFO:colcon.colcon_core.shell:Creating environment hook '/home/roboticslab/Ros2_predator-project_WS/install/predator_msgs/share/predator_msgs/hook/ld_library_path_lib.sh'
[17.686s] Level 1:colcon.colcon_core.environment:checking '/home/roboticslab/Ros2_predator-project_WS/install/predator_msgs/bin'
[17.686s] Level 1:colcon.colcon_core.environment:checking '/home/roboticslab/Ros2_predator-project_WS/install/predator_msgs/lib/pkgconfig/predator_msgs.pc'
[17.686s] Level 1:colcon.colcon_core.environment:checking '/home/roboticslab/Ros2_predator-project_WS/install/predator_msgs/lib/python3.12/site-packages'
[17.686s] Level 1:colcon.colcon_core.shell:create_environment_hook('predator_msgs', 'pythonpath')
[17.687s] INFO:colcon.colcon_core.shell:Creating environment hook '/home/roboticslab/Ros2_predator-project_WS/install/predator_msgs/share/predator_msgs/hook/pythonpath.ps1'
[17.687s] INFO:colcon.colcon_core.shell:Creating environment descriptor '/home/roboticslab/Ros2_predator-project_WS/install/predator_msgs/share/predator_msgs/hook/pythonpath.dsv'
[17.687s] INFO:colcon.colcon_core.shell:Creating environment hook '/home/roboticslab/Ros2_predator-project_WS/install/predator_msgs/share/predator_msgs/hook/pythonpath.sh'
[17.688s] Level 1:colcon.colcon_core.environment:checking '/home/roboticslab/Ros2_predator-project_WS/install/predator_msgs/bin'
[17.688s] INFO:colcon.colcon_core.shell:Creating package script '/home/roboticslab/Ros2_predator-project_WS/install/predator_msgs/share/predator_msgs/package.ps1'
[17.689s] INFO:colcon.colcon_core.shell:Creating package descriptor '/home/roboticslab/Ros2_predator-project_WS/install/predator_msgs/share/predator_msgs/package.dsv'
[17.689s] INFO:colcon.colcon_core.shell:Creating package script '/home/roboticslab/Ros2_predator-project_WS/install/predator_msgs/share/predator_msgs/package.sh'
[17.690s] INFO:colcon.colcon_core.shell:Creating package script '/home/roboticslab/Ros2_predator-project_WS/install/predator_msgs/share/predator_msgs/package.bash'
[17.690s] INFO:colcon.colcon_core.shell:Creating package script '/home/roboticslab/Ros2_predator-project_WS/install/predator_msgs/share/predator_msgs/package.zsh'
[17.690s] Level 1:colcon.colcon_core.environment:create_file_with_runtime_dependencies(/home/roboticslab/Ros2_predator-project_WS/install/predator_msgs/share/colcon-core/packages/predator_msgs)
[17.691s] INFO:colcon.colcon_ros.task.ament_python.build:Building ROS package in '/home/roboticslab/Ros2_predator-project_WS/src/predator_behavior' with build type 'ament_python'
[17.691s] Level 1:colcon.colcon_core.shell:create_environment_hook('predator_behavior', 'ament_prefix_path')
[17.691s] INFO:colcon.colcon_core.shell:Creating environment hook '/home/roboticslab/Ros2_predator-project_WS/install/predator_behavior/share/predator_behavior/hook/ament_prefix_path.ps1'
[17.692s] INFO:colcon.colcon_core.shell:Creating environment descriptor '/home/roboticslab/Ros2_predator-project_WS/install/predator_behavior/share/predator_behavior/hook/ament_prefix_path.dsv'
[17.693s] INFO:colcon.colcon_core.shell:Creating environment hook '/home/roboticslab/Ros2_predator-project_WS/install/predator_behavior/share/predator_behavior/hook/ament_prefix_path.sh'
[17.693s] INFO:colcon.colcon_core.shell:Skip shell extension 'powershell' for command environment: Not usable outside of PowerShell
[17.693s] DEBUG:colcon.colcon_core.shell:Skip shell extension 'dsv' for command environment
[17.706s] INFO:colcon.colcon_ros.task.ament_python.build:Building ROS package in '/home/roboticslab/Ros2_predator-project_WS/src/predator_manipulation' with build type 'ament_python'
[17.706s] Level 1:colcon.colcon_core.shell:create_environment_hook('predator_manipulation', 'ament_prefix_path')
[17.706s] INFO:colcon.colcon_core.shell:Creating environment hook '/home/roboticslab/Ros2_predator-project_WS/install/predator_manipulation/share/predator_manipulation/hook/ament_prefix_path.ps1'
[17.707s] INFO:colcon.colcon_core.shell:Creating environment descriptor '/home/roboticslab/Ros2_predator-project_WS/install/predator_manipulation/share/predator_manipulation/hook/ament_prefix_path.dsv'
[17.707s] INFO:colcon.colcon_core.shell:Creating environment hook '/home/roboticslab/Ros2_predator-project_WS/install/predator_manipulation/share/predator_manipulation/hook/ament_prefix_path.sh'
[17.708s] INFO:colcon.colcon_core.shell:Skip shell extension 'powershell' for command environment: Not usable outside of PowerShell
[17.708s] DEBUG:colcon.colcon_core.shell:Skip shell extension 'dsv' for command environment
[17.719s] INFO:colcon.colcon_ros.task.ament_python.build:Building ROS package in '/home/roboticslab/Ros2_predator-project_WS/src/predator_navigation' with build type 'ament_python'
[17.720s] Level 1:colcon.colcon_core.shell:create_environment_hook('predator_navigation', 'ament_prefix_path')
[17.720s] INFO:colcon.colcon_core.shell:Creating environment hook '/home/roboticslab/Ros2_predator-project_WS/install/predator_navigation/share/predator_navigation/hook/ament_prefix_path.ps1'
[17.721s] INFO:colcon.colcon_core.shell:Creating environment descriptor '/home/roboticslab/Ros2_predator-project_WS/install/predator_navigation/share/predator_navigation/hook/ament_prefix_path.dsv'
[17.721s] INFO:colcon.colcon_core.shell:Creating environment hook '/home/roboticslab/Ros2_predator-project_WS/install/predator_navigation/share/predator_navigation/hook/ament_prefix_path.sh'
[17.721s] INFO:colcon.colcon_core.shell:Skip shell extension 'powershell' for command environment: Not usable outside of PowerShell
[17.721s] DEBUG:colcon.colcon_core.shell:Skip shell extension 'dsv' for command environment
[17.734s] INFO:colcon.colcon_ros.task.ament_python.build:Building ROS package in '/home/roboticslab/Ros2_predator-project_WS/src/predator_perception' with build type 'ament_python'
[17.734s] Level 1:colcon.colcon_core.shell:create_environment_hook('predator_perception', 'ament_prefix_path')
[17.735s] INFO:colcon.colcon_core.shell:Creating environment hook '/home/roboticslab/Ros2_predator-project_WS/install/predator_perception/share/predator_perception/hook/ament_prefix_path.ps1'
[17.735s] INFO:colcon.colcon_core.shell:Creating environment descriptor '/home/roboticslab/Ros2_predator-project_WS/install/predator_perception/share/predator_perception/hook/ament_prefix_path.dsv'
[17.736s] INFO:colcon.colcon_core.shell:Creating environment hook '/home/roboticslab/Ros2_predator-project_WS/install/predator_perception/share/predator_perception/hook/ament_prefix_path.sh'
[17.736s] INFO:colcon.colcon_core.shell:Skip shell extension 'powershell' for command environment: Not usable outside of PowerShell
[17.736s] DEBUG:colcon.colcon_core.shell:Skip shell extension 'dsv' for command environment
[18.036s] INFO:colcon.colcon_core.task.python.build:Building Python package in '/home/roboticslab/Ros2_predator-project_WS/src/predator_behavior'
[18.036s] INFO:colcon.colcon_core.shell:Skip shell extension 'powershell' for command environment: Not usable outside of PowerShell
[18.036s] DEBUG:colcon.colcon_core.shell:Skip shell extension 'dsv' for command environment
[18.336s] INFO:colcon.colcon_core.task.python.build:Building Python package in '/home/roboticslab/Ros2_predator-project_WS/src/predator_manipulation'
[18.336s] INFO:colcon.colcon_core.shell:Skip shell extension 'powershell' for command environment: Not usable outside of PowerShell
[18.336s] DEBUG:colcon.colcon_core.shell:Skip shell extension 'dsv' for command environment
[18.633s] INFO:colcon.colcon_core.task.python.build:Building Python package in '/home/roboticslab/Ros2_predator-project_WS/src/predator_navigation'
[18.633s] INFO:colcon.colcon_core.shell:Skip shell extension 'powershell' for command environment: Not usable outside of PowerShell
[18.633s] DEBUG:colcon.colcon_core.shell:Skip shell extension 'dsv' for command environment
[18.931s] INFO:colcon.colcon_core.task.python.build:Building Python package in '/home/roboticslab/Ros2_predator-project_WS/src/predator_perception'
[18.931s] INFO:colcon.colcon_core.shell:Skip shell extension 'powershell' for command environment: Not usable outside of PowerShell
[18.931s] DEBUG:colcon.colcon_core.shell:Skip shell extension 'dsv' for command environment
[20.457s] DEBUG:colcon.colcon_core.event_handler.log_command:Invoking command in '/home/roboticslab/Ros2_predator-project_WS/src/predator_navigation': DEBUGINFOD_URLS=https://debuginfod.ubuntu.com PYTHONPATH=/home/roboticslab/Ros2_predator-project_WS/build/predator_navigation/prefix_override:/usr/lib/python3/dist-packages/colcon_core/task/python/colcon_distutils_commands:/home/roboticslab/Ros2_predator-project_WS/install/predator_navigation/lib/python3.12/site-packages:/home/roboticslab/Ros2_predator-project_WS/install/predator_msgs/lib/python3.12/site-packages:/home/roboticslab/Ros2_predator-project_WS/install/predator_bringup/lib/python3.12/site-packages:/home/roboticslab/Ros2_predator-project_WS/install/predator_perception/lib/python3.12/site-packages:/home/roboticslab/Ros2_predator-project_WS/install/predator_navigation/lib/python3.12/site-packages:/home/roboticslab/Ros2_predator-project_WS/install/predator_manipulation/lib/python3.12/site-packages:/home/roboticslab/Ros2_predator-project_WS/install/predator_behavior/lib/python3.12/site-packages:/home/roboticslab/ros2_ws/install/moveit_task_constructor_core/lib/python3.12/site-packages:/home/roboticslab/ros2_ws/install/roboChef/lib/python3.12/site-packages:/home/roboticslab/ros2_ws/install/moveit_task_constructor_msgs/lib/python3.12/site-packages:/home/roboticslab/ros2_ws/install/moveit_py/lib/python3.12/site-packages:/home/roboticslab/ros2_ws/install/moveit_msgs/lib/python3.12/site-packages:/home/roboticslab/ros2_ws/build/moveit_configs_utils:/home/roboticslab/ros2_ws/install/moveit_configs_utils/lib/python3.12/site-packages:/opt/ros/kilted/lib/python3.12/site-packages /usr/bin/python3 -W ignore:setup.py install is deprecated -W ignore:easy_install command is deprecated setup.py egg_info --egg-base ../../build/predator_navigation build --build-base /home/roboticslab/Ros2_predator-project_WS/build/predator_navigation/build install --record /home/roboticslab/Ros2_predator-project_WS/build/predator_navigation/install.log --single-version-externally-managed install_data
[20.460s] DEBUG:colcon.colcon_core.event_handler.log_command:Invoking command in '/home/roboticslab/Ros2_predator-project_WS/src/predator_behavior': DEBUGINFOD_URLS=https://debuginfod.ubuntu.com PYTHONPATH=/home/roboticslab/Ros2_predator-project_WS/build/predator_behavior/prefix_override:/usr/lib/python3/dist-packages/colcon_core/task/python/colcon_distutils_commands:/home/roboticslab/Ros2_predator-project_WS/install/predator_behavior/lib/python3.12/site-packages:/home/roboticslab/Ros2_predator-project_WS/install/predator_msgs/lib/python3.12/site-packages:/home/roboticslab/Ros2_predator-project_WS/install/predator_bringup/lib/python3.12/site-packages:/home/roboticslab/Ros2_predator-project_WS/install/predator_perception/lib/python3.12/site-packages:/home/roboticslab/Ros2_predator-project_WS/install/predator_navigation/lib/python3.12/site-packages:/home/roboticslab/Ros2_predator-project_WS/install/predator_manipulation/lib/python3.12/site-packages:/home/roboticslab/Ros2_predator-project_WS/install/predator_behavior/lib/python3.12/site-packages:/home/roboticslab/ros2_ws/install/moveit_task_constructor_core/lib/python3.12/site-packages:/home/roboticslab/ros2_ws/install/roboChef/lib/python3.12/site-packages:/home/roboticslab/ros2_ws/install/moveit_task_constructor_msgs/lib/python3.12/site-packages:/home/roboticslab/ros2_ws/install/moveit_py/lib/python3.12/site-packages:/home/roboticslab/ros2_ws/install/moveit_msgs/lib/python3.12/site-packages:/home/roboticslab/ros2_ws/build/moveit_configs_utils:/home/roboticslab/ros2_ws/install/moveit_configs_utils/lib/python3.12/site-packages:/opt/ros/kilted/lib/python3.12/site-packages /usr/bin/python3 -W ignore:setup.py install is deprecated -W ignore:easy_install command is deprecated setup.py egg_info --egg-base ../../build/predator_behavior build --build-base /home/roboticslab/Ros2_predator-project_WS/build/predator_behavior/build install --record /home/roboticslab/Ros2_predator-project_WS/build/predator_behavior/install.log --single-version-externally-managed install_data
[20.465s] DEBUG:colcon.colcon_core.event_handler.log_command:Invoking command in '/home/roboticslab/Ros2_predator-project_WS/src/predator_manipulation': DEBUGINFOD_URLS=https://debuginfod.ubuntu.com PYTHONPATH=/home/roboticslab/Ros2_predator-project_WS/build/predator_manipulation/prefix_override:/usr/lib/python3/dist-packages/colcon_core/task/python/colcon_distutils_commands:/home/roboticslab/Ros2_predator-project_WS/install/predator_manipulation/lib/python3.12/site-packages:/home/roboticslab/Ros2_predator-project_WS/install/predator_msgs/lib/python3.12/site-packages:/home/roboticslab/Ros2_predator-project_WS/install/predator_bringup/lib/python3.12/site-packages:/home/roboticslab/Ros2_predator-project_WS/install/predator_perception/lib/python3.12/site-packages:/home/roboticslab/Ros2_predator-project_WS/install/predator_navigation/lib/python3.12/site-packages:/home/roboticslab/Ros2_predator-project_WS/install/predator_manipulation/lib/python3.12/site-packages:/home/roboticslab/Ros2_predator-project_WS/install/predator_behavior/lib/python3.12/site-packages:/home/roboticslab/ros2_ws/install/moveit_task_constructor_core/lib/python3.12/site-packages:/home/roboticslab/ros2_ws/install/roboChef/lib/python3.12/site-packages:/home/roboticslab/ros2_ws/install/moveit_task_constructor_msgs/lib/python3.12/site-packages:/home/roboticslab/ros2_ws/install/moveit_py/lib/python3.12/site-packages:/home/roboticslab/ros2_ws/install/moveit_msgs/lib/python3.12/site-packages:/home/roboticslab/ros2_ws/build/moveit_configs_utils:/home/roboticslab/ros2_ws/install/moveit_configs_utils/lib/python3.12/site-packages:/opt/ros/kilted/lib/python3.12/site-packages /usr/bin/python3 -W ignore:setup.py install is deprecated -W ignore:easy_install command is deprecated setup.py egg_info --egg-base ../../build/predator_manipulation build --build-base /home/roboticslab/Ros2_predator-project_WS/build/predator_manipulation/build install --record /home/roboticslab/Ros2_predator-project_WS/build/predator_manipulation/install.log --single-version-externally-managed install_data
[20.488s] DEBUG:colcon.colcon_core.event_handler.log_command:Invoking command in '/home/roboticslab/Ros2_predator-project_WS/src/predator_perception': DEBUGINFOD_URLS=https://debuginfod.ubuntu.com PYTHONPATH=/home/roboticslab/Ros2_predator-project_WS/build/predator_perception/prefix_override:/usr/lib/python3/dist-packages/colcon_core/task/python/colcon_distutils_commands:/home/roboticslab/Ros2_predator-project_WS/install/predator_perception/lib/python3.12/site-packages:/home/roboticslab/Ros2_predator-project_WS/install/predator_msgs/lib/python3.12/site-packages:/home/roboticslab/Ros2_predator-project_WS/install/predator_bringup/lib/python3.12/site-packages:/home/roboticslab/Ros2_predator-project_WS/install/predator_perception/lib/python3.12/site-packages:/home/roboticslab/Ros2_predator-project_WS/install/predator_navigation/lib/python3.12/site-packages:/home/roboticslab/Ros2_predator-project_WS/install/predator_manipulation/lib/python3.12/site-packages:/home/roboticslab/Ros2_predator-project_WS/install/predator_behavior/lib/python3.12/site-packages:/home/roboticslab/ros2_ws/install/moveit_task_constructor_core/lib/python3.12/site-packages:/home/roboticslab/ros2_ws/install/roboChef/lib/python3.12/site-packages:/home/roboticslab/ros2_ws/install/moveit_task_constructor_msgs/lib/python3.12/site-packages:/home/roboticslab/ros2_ws/install/moveit_py/lib/python3.12/site-packages:/home/roboticslab/ros2_ws/install/moveit_msgs/lib/python3.12/site-packages:/home/roboticslab/ros2_ws/build/moveit_configs_utils:/home/roboticslab/ros2_ws/install/moveit_configs_utils/lib/python3.12/site-packages:/opt/ros/kilted/lib/python3.12/site-packages /usr/bin/python3 -W ignore:setup.py install is deprecated -W ignore:easy_install command is deprecated setup.py egg_info --egg-base ../../build/predator_perception build --build-base /home/roboticslab/Ros2_predator-project_WS/build/predator_perception/build install --record /home/roboticslab/Ros2_predator-project_WS/build/predator_perception/install.log --single-version-externally-managed install_data
[21.926s] Level 1:colcon.colcon_core.environment:checking '/home/roboticslab/Ros2_predator-project_WS/install/predator_manipulation' for CMake module files
[21.927s] DEBUG:colcon.colcon_core.event_handler.log_command:Invoked command in '/home/roboticslab/Ros2_predator-project_WS/src/predator_manipulation' returned '0': DEBUGINFOD_URLS=https://debuginfod.ubuntu.com PYTHONPATH=/home/roboticslab/Ros2_predator-project_WS/build/predator_manipulation/prefix_override:/usr/lib/python3/dist-packages/colcon_core/task/python/colcon_distutils_commands:/home/roboticslab/Ros2_predator-project_WS/install/predator_manipulation/lib/python3.12/site-packages:/home/roboticslab/Ros2_predator-project_WS/install/predator_msgs/lib/python3.12/site-packages:/home/roboticslab/Ros2_predator-project_WS/install/predator_bringup/lib/python3.12/site-packages:/home/roboticslab/Ros2_predator-project_WS/install/predator_perception/lib/python3.12/site-packages:/home/roboticslab/Ros2_predator-project_WS/install/predator_navigation/lib/python3.12/site-packages:/home/roboticslab/Ros2_predator-project_WS/install/predator_manipulation/lib/python3.12/site-packages:/home/roboticslab/Ros2_predator-project_WS/install/predator_behavior/lib/python3.12/site-packages:/home/roboticslab/ros2_ws/install/moveit_task_constructor_core/lib/python3.12/site-packages:/home/roboticslab/ros2_ws/install/roboChef/lib/python3.12/site-packages:/home/roboticslab/ros2_ws/install/moveit_task_constructor_msgs/lib/python3.12/site-packages:/home/roboticslab/ros2_ws/install/moveit_py/lib/python3.12/site-packages:/home/roboticslab/ros2_ws/install/moveit_msgs/lib/python3.12/site-packages:/home/roboticslab/ros2_ws/build/moveit_configs_utils:/home/roboticslab/ros2_ws/install/moveit_configs_utils/lib/python3.12/site-packages:/opt/ros/kilted/lib/python3.12/site-packages /usr/bin/python3 -W ignore:setup.py install is deprecated -W ignore:easy_install command is deprecated setup.py egg_info --egg-base ../../build/predator_manipulation build --build-base /home/roboticslab/Ros2_predator-project_WS/build/predator_manipulation/build install --record /home/roboticslab/Ros2_predator-project_WS/build/predator_manipulation/install.log --single-version-externally-managed install_data
[21.928s] Level 1:colcon.colcon_core.environment:checking '/home/roboticslab/Ros2_predator-project_WS/install/predator_manipulation' for CMake config files
[21.929s] Level 1:colcon.colcon_core.environment:checking '/home/roboticslab/Ros2_predator-project_WS/install/predator_manipulation/lib'
[21.930s] Level 1:colcon.colcon_core.environment:checking '/home/roboticslab/Ros2_predator-project_WS/install/predator_manipulation/bin'
[21.930s] Level 1:colcon.colcon_core.environment:checking '/home/roboticslab/Ros2_predator-project_WS/install/predator_manipulation/lib/pkgconfig/predator_manipulation.pc'
[21.930s] Level 1:colcon.colcon_core.environment:checking '/home/roboticslab/Ros2_predator-project_WS/install/predator_manipulation/lib/python3.12/site-packages'
[21.931s] Level 1:colcon.colcon_core.shell:create_environment_hook('predator_manipulation', 'pythonpath')
[21.931s] INFO:colcon.colcon_core.shell:Creating environment hook '/home/roboticslab/Ros2_predator-project_WS/install/predator_manipulation/share/predator_manipulation/hook/pythonpath.ps1'
[21.932s] INFO:colcon.colcon_core.shell:Creating environment descriptor '/home/roboticslab/Ros2_predator-project_WS/install/predator_manipulation/share/predator_manipulation/hook/pythonpath.dsv'
[21.933s] INFO:colcon.colcon_core.shell:Creating environment hook '/home/roboticslab/Ros2_predator-project_WS/install/predator_manipulation/share/predator_manipulation/hook/pythonpath.sh'
[21.935s] Level 1:colcon.colcon_core.environment:checking '/home/roboticslab/Ros2_predator-project_WS/install/predator_manipulation/bin'
[21.935s] Level 1:colcon.colcon_core.environment:create_environment_scripts_only(predator_manipulation)
[21.936s] INFO:colcon.colcon_core.shell:Creating package script '/home/roboticslab/Ros2_predator-project_WS/install/predator_manipulation/share/predator_manipulation/package.ps1'
[21.937s] INFO:colcon.colcon_core.shell:Creating package descriptor '/home/roboticslab/Ros2_predator-project_WS/install/predator_manipulation/share/predator_manipulation/package.dsv'
[21.939s] INFO:colcon.colcon_core.shell:Creating package script '/home/roboticslab/Ros2_predator-project_WS/install/predator_manipulation/share/predator_manipulation/package.sh'
[21.940s] INFO:colcon.colcon_core.shell:Creating package script '/home/roboticslab/Ros2_predator-project_WS/install/predator_manipulation/share/predator_manipulation/package.bash'
[21.940s] INFO:colcon.colcon_core.shell:Creating package script '/home/roboticslab/Ros2_predator-project_WS/install/predator_manipulation/share/predator_manipulation/package.zsh'
[21.941s] Level 1:colcon.colcon_core.environment:create_file_with_runtime_dependencies(/home/roboticslab/Ros2_predator-project_WS/install/predator_manipulation/share/colcon-core/packages/predator_manipulation)
[21.944s] Level 1:colcon.colcon_core.environment:checking '/home/roboticslab/Ros2_predator-project_WS/install/predator_perception' for CMake module files
[21.945s] DEBUG:colcon.colcon_core.event_handler.log_command:Invoked command in '/home/roboticslab/Ros2_predator-project_WS/src/predator_perception' returned '0': DEBUGINFOD_URLS=https://debuginfod.ubuntu.com PYTHONPATH=/home/roboticslab/Ros2_predator-project_WS/build/predator_perception/prefix_override:/usr/lib/python3/dist-packages/colcon_core/task/python/colcon_distutils_commands:/home/roboticslab/Ros2_predator-project_WS/install/predator_perception/lib/python3.12/site-packages:/home/roboticslab/Ros2_predator-project_WS/install/predator_msgs/lib/python3.12/site-packages:/home/roboticslab/Ros2_predator-project_WS/install/predator_bringup/lib/python3.12/site-packages:/home/roboticslab/Ros2_predator-project_WS/install/predator_perception/lib/python3.12/site-packages:/home/roboticslab/Ros2_predator-project_WS/install/predator_navigation/lib/python3.12/site-packages:/home/roboticslab/Ros2_predator-project_WS/install/predator_manipulation/lib/python3.12/site-packages:/home/roboticslab/Ros2_predator-project_WS/install/predator_behavior/lib/python3.12/site-packages:/home/roboticslab/ros2_ws/install/moveit_task_constructor_core/lib/python3.12/site-packages:/home/roboticslab/ros2_ws/install/roboChef/lib/python3.12/site-packages:/home/roboticslab/ros2_ws/install/moveit_task_constructor_msgs/lib/python3.12/site-packages:/home/roboticslab/ros2_ws/install/moveit_py/lib/python3.12/site-packages:/home/roboticslab/ros2_ws/install/moveit_msgs/lib/python3.12/site-packages:/home/roboticslab/ros2_ws/build/moveit_configs_utils:/home/roboticslab/ros2_ws/install/moveit_configs_utils/lib/python3.12/site-packages:/opt/ros/kilted/lib/python3.12/site-packages /usr/bin/python3 -W ignore:setup.py install is deprecated -W ignore:easy_install command is deprecated setup.py egg_info --egg-base ../../build/predator_perception build --build-base /home/roboticslab/Ros2_predator-project_WS/build/predator_perception/build install --record /home/roboticslab/Ros2_predator-project_WS/build/predator_perception/install.log --single-version-externally-managed install_data
[21.946s] Level 1:colcon.colcon_core.environment:checking '/home/roboticslab/Ros2_predator-project_WS/install/predator_perception' for CMake config files
[21.947s] Level 1:colcon.colcon_core.environment:checking '/home/roboticslab/Ros2_predator-project_WS/install/predator_perception/lib'
[21.947s] Level 1:colcon.colcon_core.environment:checking '/home/roboticslab/Ros2_predator-project_WS/install/predator_perception/bin'
[21.947s] Level 1:colcon.colcon_core.environment:checking '/home/roboticslab/Ros2_predator-project_WS/install/predator_perception/lib/pkgconfig/predator_perception.pc'
[21.948s] Level 1:colcon.colcon_core.environment:checking '/home/roboticslab/Ros2_predator-project_WS/install/predator_perception/lib/python3.12/site-packages'
[21.948s] Level 1:colcon.colcon_core.shell:create_environment_hook('predator_perception', 'pythonpath')
[21.948s] INFO:colcon.colcon_core.shell:Creating environment hook '/home/roboticslab/Ros2_predator-project_WS/install/predator_perception/share/predator_perception/hook/pythonpath.ps1'
[21.949s] INFO:colcon.colcon_core.shell:Creating environment descriptor '/home/roboticslab/Ros2_predator-project_WS/install/predator_perception/share/predator_perception/hook/pythonpath.dsv'
[21.950s] INFO:colcon.colcon_core.shell:Creating environment hook '/home/roboticslab/Ros2_predator-project_WS/install/predator_perception/share/predator_perception/hook/pythonpath.sh'
[21.952s] Level 1:colcon.colcon_core.environment:checking '/home/roboticslab/Ros2_predator-project_WS/install/predator_perception/bin'
[21.952s] Level 1:colcon.colcon_core.environment:create_environment_scripts_only(predator_perception)
[21.952s] INFO:colcon.colcon_core.shell:Creating package script '/home/roboticslab/Ros2_predator-project_WS/install/predator_perception/share/predator_perception/package.ps1'
[21.954s] INFO:colcon.colcon_core.shell:Creating package descriptor '/home/roboticslab/Ros2_predator-project_WS/install/predator_perception/share/predator_perception/package.dsv'
[21.954s] INFO:colcon.colcon_core.shell:Creating package script '/home/roboticslab/Ros2_predator-project_WS/install/predator_perception/share/predator_perception/package.sh'
[21.955s] INFO:colcon.colcon_core.shell:Creating package script '/home/roboticslab/Ros2_predator-project_WS/install/predator_perception/share/predator_perception/package.bash'
[21.955s] INFO:colcon.colcon_core.shell:Creating package script '/home/roboticslab/Ros2_predator-project_WS/install/predator_perception/share/predator_perception/package.zsh'
[21.956s] Level 1:colcon.colcon_core.environment:create_file_with_runtime_dependencies(/home/roboticslab/Ros2_predator-project_WS/install/predator_perception/share/colcon-core/packages/predator_perception)
[21.957s] Level 1:colcon.colcon_core.environment:checking '/home/roboticslab/Ros2_predator-project_WS/install/predator_navigation' for CMake module files
[21.958s] DEBUG:colcon.colcon_core.event_handler.log_command:Invoked command in '/home/roboticslab/Ros2_predator-project_WS/src/predator_navigation' returned '0': DEBUGINFOD_URLS=https://debuginfod.ubuntu.com PYTHONPATH=/home/roboticslab/Ros2_predator-project_WS/build/predator_navigation/prefix_override:/usr/lib/python3/dist-packages/colcon_core/task/python/colcon_distutils_commands:/home/roboticslab/Ros2_predator-project_WS/install/predator_navigation/lib/python3.12/site-packages:/home/roboticslab/Ros2_predator-project_WS/install/predator_msgs/lib/python3.12/site-packages:/home/roboticslab/Ros2_predator-project_WS/install/predator_bringup/lib/python3.12/site-packages:/home/roboticslab/Ros2_predator-project_WS/install/predator_perception/lib/python3.12/site-packages:/home/roboticslab/Ros2_predator-project_WS/install/predator_navigation/lib/python3.12/site-packages:/home/roboticslab/Ros2_predator-project_WS/install/predator_manipulation/lib/python3.12/site-packages:/home/roboticslab/Ros2_predator-project_WS/install/predator_behavior/lib/python3.12/site-packages:/home/roboticslab/ros2_ws/install/moveit_task_constructor_core/lib/python3.12/site-packages:/home/roboticslab/ros2_ws/install/roboChef/lib/python3.12/site-packages:/home/roboticslab/ros2_ws/install/moveit_task_constructor_msgs/lib/python3.12/site-packages:/home/roboticslab/ros2_ws/install/moveit_py/lib/python3.12/site-packages:/home/roboticslab/ros2_ws/install/moveit_msgs/lib/python3.12/site-packages:/home/roboticslab/ros2_ws/build/moveit_configs_utils:/home/roboticslab/ros2_ws/install/moveit_configs_utils/lib/python3.12/site-packages:/opt/ros/kilted/lib/python3.12/site-packages /usr/bin/python3 -W ignore:setup.py install is deprecated -W ignore:easy_install command is deprecated setup.py egg_info --egg-base ../../build/predator_navigation build --build-base /home/roboticslab/Ros2_predator-project_WS/build/predator_navigation/build install --record /home/roboticslab/Ros2_predator-project_WS/build/predator_navigation/install.log --single-version-externally-managed install_data
[21.959s] Level 1:colcon.colcon_core.environment:checking '/home/roboticslab/Ros2_predator-project_WS/install/predator_navigation' for CMake config files
[21.960s] Level 1:colcon.colcon_core.environment:checking '/home/roboticslab/Ros2_predator-project_WS/install/predator_navigation/lib'
[21.960s] Level 1:colcon.colcon_core.environment:checking '/home/roboticslab/Ros2_predator-project_WS/install/predator_navigation/bin'
[21.960s] Level 1:colcon.colcon_core.environment:checking '/home/roboticslab/Ros2_predator-project_WS/install/predator_navigation/lib/pkgconfig/predator_navigation.pc'
[21.960s] Level 1:colcon.colcon_core.environment:checking '/home/roboticslab/Ros2_predator-project_WS/install/predator_navigation/lib/python3.12/site-packages'
[21.960s] Level 1:colcon.colcon_core.shell:create_environment_hook('predator_navigation', 'pythonpath')
[21.960s] INFO:colcon.colcon_core.shell:Creating environment hook '/home/roboticslab/Ros2_predator-project_WS/install/predator_navigation/share/predator_navigation/hook/pythonpath.ps1'
[21.961s] INFO:colcon.colcon_core.shell:Creating environment descriptor '/home/roboticslab/Ros2_predator-project_WS/install/predator_navigation/share/predator_navigation/hook/pythonpath.dsv'
[21.961s] INFO:colcon.colcon_core.shell:Creating environment hook '/home/roboticslab/Ros2_predator-project_WS/install/predator_navigation/share/predator_navigation/hook/pythonpath.sh'
[21.962s] Level 1:colcon.colcon_core.environment:checking '/home/roboticslab/Ros2_predator-project_WS/install/predator_navigation/bin'
[21.962s] Level 1:colcon.colcon_core.environment:create_environment_scripts_only(predator_navigation)
[21.962s] INFO:colcon.colcon_core.shell:Creating package script '/home/roboticslab/Ros2_predator-project_WS/install/predator_navigation/share/predator_navigation/package.ps1'
[21.963s] INFO:colcon.colcon_core.shell:Creating package descriptor '/home/roboticslab/Ros2_predator-project_WS/install/predator_navigation/share/predator_navigation/package.dsv'
[21.964s] INFO:colcon.colcon_core.shell:Creating package script '/home/roboticslab/Ros2_predator-project_WS/install/predator_navigation/share/predator_navigation/package.sh'
[21.964s] INFO:colcon.colcon_core.shell:Creating package script '/home/roboticslab/Ros2_predator-project_WS/install/predator_navigation/share/predator_navigation/package.bash'
[21.965s] INFO:colcon.colcon_core.shell:Creating package script '/home/roboticslab/Ros2_predator-project_WS/install/predator_navigation/share/predator_navigation/package.zsh'
[21.965s] Level 1:colcon.colcon_core.environment:create_file_with_runtime_dependencies(/home/roboticslab/Ros2_predator-project_WS/install/predator_navigation/share/colcon-core/packages/predator_navigation)
[21.967s] Level 1:colcon.colcon_core.environment:checking '/home/roboticslab/Ros2_predator-project_WS/install/predator_behavior' for CMake module files
[21.967s] DEBUG:colcon.colcon_core.event_handler.log_command:Invoked command in '/home/roboticslab/Ros2_predator-project_WS/src/predator_behavior' returned '0': DEBUGINFOD_URLS=https://debuginfod.ubuntu.com PYTHONPATH=/home/roboticslab/Ros2_predator-project_WS/build/predator_behavior/prefix_override:/usr/lib/python3/dist-packages/colcon_core/task/python/colcon_distutils_commands:/home/roboticslab/Ros2_predator-project_WS/install/predator_behavior/lib/python3.12/site-packages:/home/roboticslab/Ros2_predator-project_WS/install/predator_msgs/lib/python3.12/site-packages:/home/roboticslab/Ros2_predator-project_WS/install/predator_bringup/lib/python3.12/site-packages:/home/roboticslab/Ros2_predator-project_WS/install/predator_perception/lib/python3.12/site-packages:/home/roboticslab/Ros2_predator-project_WS/install/predator_navigation/lib/python3.12/site-packages:/home/roboticslab/Ros2_predator-project_WS/install/predator_manipulation/lib/python3.12/site-packages:/home/roboticslab/Ros2_predator-project_WS/install/predator_behavior/lib/python3.12/site-packages:/home/roboticslab/ros2_ws/install/moveit_task_constructor_core/lib/python3.12/site-packages:/home/roboticslab/ros2_ws/install/roboChef/lib/python3.12/site-packages:/home/roboticslab/ros2_ws/install/moveit_task_constructor_msgs/lib/python3.12/site-packages:/home/roboticslab/ros2_ws/install/moveit_py/lib/python3.12/site-packages:/home/roboticslab/ros2_ws/install/moveit_msgs/lib/python3.12/site-packages:/home/roboticslab/ros2_ws/build/moveit_configs_utils:/home/roboticslab/ros2_ws/install/moveit_configs_utils/lib/python3.12/site-packages:/opt/ros/kilted/lib/python3.12/site-packages /usr/bin/python3 -W ignore:setup.py install is deprecated -W ignore:easy_install command is deprecated setup.py egg_info --egg-base ../../build/predator_behavior build --build-base /home/roboticslab/Ros2_predator-project_WS/build/predator_behavior/build install --record /home/roboticslab/Ros2_predator-project_WS/build/predator_behavior/install.log --single-version-externally-managed install_data
[21.968s] Level 1:colcon.colcon_core.environment:checking '/home/roboticslab/Ros2_predator-project_WS/install/predator_behavior' for CMake config files
[21.969s] Level 1:colcon.colcon_core.environment:checking '/home/roboticslab/Ros2_predator-project_WS/install/predator_behavior/lib'
[21.969s] Level 1:colcon.colcon_core.environment:checking '/home/roboticslab/Ros2_predator-project_WS/install/predator_behavior/bin'
[21.969s] Level 1:colcon.colcon_core.environment:checking '/home/roboticslab/Ros2_predator-project_WS/install/predator_behavior/lib/pkgconfig/predator_behavior.pc'
[21.970s] Level 1:colcon.colcon_core.environment:checking '/home/roboticslab/Ros2_predator-project_WS/install/predator_behavior/lib/python3.12/site-packages'
[21.970s] Level 1:colcon.colcon_core.shell:create_environment_hook('predator_behavior', 'pythonpath')
[21.970s] INFO:colcon.colcon_core.shell:Creating environment hook '/home/roboticslab/Ros2_predator-project_WS/install/predator_behavior/share/predator_behavior/hook/pythonpath.ps1'
[21.971s] INFO:colcon.colcon_core.shell:Creating environment descriptor '/home/roboticslab/Ros2_predator-project_WS/install/predator_behavior/share/predator_behavior/hook/pythonpath.dsv'
[21.971s] INFO:colcon.colcon_core.shell:Creating environment hook '/home/roboticslab/Ros2_predator-project_WS/install/predator_behavior/share/predator_behavior/hook/pythonpath.sh'
[21.972s] Level 1:colcon.colcon_core.environment:checking '/home/roboticslab/Ros2_predator-project_WS/install/predator_behavior/bin'
[21.972s] Level 1:colcon.colcon_core.environment:create_environment_scripts_only(predator_behavior)
[21.973s] INFO:colcon.colcon_core.shell:Creating package script '/home/roboticslab/Ros2_predator-project_WS/install/predator_behavior/share/predator_behavior/package.ps1'
[21.974s] INFO:colcon.colcon_core.shell:Creating package descriptor '/home/roboticslab/Ros2_predator-project_WS/install/predator_behavior/share/predator_behavior/package.dsv'
[21.974s] INFO:colcon.colcon_core.shell:Creating package script '/home/roboticslab/Ros2_predator-project_WS/install/predator_behavior/share/predator_behavior/package.sh'
[21.975s] INFO:colcon.colcon_core.shell:Creating package script '/home/roboticslab/Ros2_predator-project_WS/install/predator_behavior/share/predator_behavior/package.bash'
[21.975s] INFO:colcon.colcon_core.shell:Creating package script '/home/roboticslab/Ros2_predator-project_WS/install/predator_behavior/share/predator_behavior/package.zsh'
[21.976s] Level 1:colcon.colcon_core.environment:create_file_with_runtime_dependencies(/home/roboticslab/Ros2_predator-project_WS/install/predator_behavior/share/colcon-core/packages/predator_behavior)
[21.976s] INFO:colcon.colcon_ros.task.ament_python.build:Building ROS package in '/home/roboticslab/Ros2_predator-project_WS/src/predator_bringup' with build type 'ament_python'
[21.976s] Level 1:colcon.colcon_core.shell:create_environment_hook('predator_bringup', 'ament_prefix_path')
[21.976s] INFO:colcon.colcon_core.shell:Creating environment hook '/home/roboticslab/Ros2_predator-project_WS/install/predator_bringup/share/predator_bringup/hook/ament_prefix_path.ps1'
[21.977s] INFO:colcon.colcon_core.shell:Creating environment descriptor '/home/roboticslab/Ros2_predator-project_WS/install/predator_bringup/share/predator_bringup/hook/ament_prefix_path.dsv'
[21.978s] INFO:colcon.colcon_core.shell:Creating environment hook '/home/roboticslab/Ros2_predator-project_WS/install/predator_bringup/share/predator_bringup/hook/ament_prefix_path.sh'
[21.978s] INFO:colcon.colcon_core.shell:Skip shell extension 'powershell' for command environment: Not usable outside of PowerShell
[21.978s] DEBUG:colcon.colcon_core.shell:Skip shell extension 'dsv' for command environment
[22.292s] INFO:colcon.colcon_core.task.python.build:Building Python package in '/home/roboticslab/Ros2_predator-project_WS/src/predator_bringup'
[22.293s] INFO:colcon.colcon_core.shell:Skip shell extension 'powershell' for command environment: Not usable outside of PowerShell
[22.293s] DEBUG:colcon.colcon_core.shell:Skip shell extension 'dsv' for command environment
[23.192s] DEBUG:colcon.colcon_core.event_handler.log_command:Invoking command in '/home/roboticslab/Ros2_predator-project_WS/src/predator_bringup': AMENT_PREFIX_PATH=/home/roboticslab/Ros2_predator-project_WS/install/predator_perception:/home/roboticslab/Ros2_predator-project_WS/install/predator_navigation:/home/roboticslab/Ros2_predator-project_WS/install/predator_manipulation:/home/roboticslab/Ros2_predator-project_WS/install/predator_behavior:/home/roboticslab/Ros2_predator-project_WS/install/predator_bringup:/home/roboticslab/Ros2_predator-project_WS/install/predator_msgs:/home/roboticslab/ros2_ws/install/usb_cam:/home/roboticslab/ros2_ws/install/ur_simulation_gz:/home/roboticslab/ros2_ws/install/robotiq_hardware_tests:/home/roboticslab/ros2_ws/install/robotiq_driver:/home/roboticslab/ros2_ws/install/serial:/home/roboticslab/ros2_ws/install/moveit2_tutorials:/home/roboticslab/ros2_ws/install/moveit_visual_tools:/home/roboticslab/ros2_ws/install/rviz_visual_tools:/home/roboticslab/ros2_ws/install/moveit_task_constructor_demo:/home/roboticslab/ros2_ws/install/moveit_task_constructor_visualization:/home/roboticslab/ros2_ws/install/moveit_task_constructor_capabilities:/home/roboticslab/ros2_ws/install/moveit_task_constructor_core:/home/roboticslab/ros2_ws/install/rviz_marker_tools:/home/roboticslab/ros2_ws/install/kortex_bringup:/home/roboticslab/ros2_ws/install/kinova_gen3_lite_moveit_config:/home/roboticslab/ros2_ws/install/kinova_gen3_7dof_robotiq_2f_85_moveit_config:/home/roboticslab/ros2_ws/install/kinova_gen3_6dof_robotiq_2f_85_moveit_config:/home/roboticslab/ros2_ws/install/kortex_description:/home/roboticslab/ros2_ws/install/robotiq_description:/home/roboticslab/ros2_ws/install/robotiq_controllers:/home/roboticslab/ros2_ws/install/roboChef:/home/roboticslab/ros2_ws/install/pilz_industrial_motion_planner_testutils:/home/roboticslab/ros2_ws/install/moveit_runtime:/home/roboticslab/ros2_ws/install/moveit:/home/roboticslab/ros2_ws/install/moveit_planners:/home/roboticslab/ros2_ws/install/pilz_industrial_motion_planner:/home/roboticslab/ros2_ws/install/moveit_task_constructor_msgs:/home/roboticslab/ros2_ws/install/moveit_ros_control_interface:/home/roboticslab/ros2_ws/install/moveit_plugins:/home/roboticslab/ros2_ws/install/moveit_simple_controller_manager:/home/roboticslab/ros2_ws/install/moveit_setup_assistant:/home/roboticslab/ros2_ws/install/moveit_setup_srdf_plugins:/home/roboticslab/ros2_ws/install/moveit_setup_core_plugins:/home/roboticslab/ros2_ws/install/moveit_setup_controllers:/home/roboticslab/ros2_ws/install/moveit_setup_app_plugins:/home/roboticslab/ros2_ws/install/moveit_setup_framework:/home/roboticslab/ros2_ws/install/moveit_servo:/home/roboticslab/ros2_ws/install/moveit_ros_trajectory_cache:/home/roboticslab/ros2_ws/install/moveit_ros:/home/roboticslab/ros2_ws/install/moveit_ros_visualization:/home/roboticslab/ros2_ws/install/moveit_py:/home/roboticslab/ros2_ws/install/moveit_hybrid_planning:/home/roboticslab/ros2_ws/install/moveit_ros_planning_interface:/home/roboticslab/ros2_ws/install/moveit_ros_benchmarks:/home/roboticslab/ros2_ws/install/moveit_ros_warehouse:/home/roboticslab/ros2_ws/install/moveit_ros_robot_interaction:/home/roboticslab/ros2_ws/install/moveit_ros_perception:/home/roboticslab/ros2_ws/install/moveit_resources_prbt_pg70_support:/home/roboticslab/ros2_ws/install/moveit_resources_prbt_moveit_config:/home/roboticslab/ros2_ws/install/moveit_ros_move_group:/home/roboticslab/ros2_ws/install/moveit_planners_ompl:/home/roboticslab/ros2_ws/install/moveit_kinematics:/home/roboticslab/ros2_ws/install/moveit_ros_planning:/home/roboticslab/ros2_ws/install/moveit_ros_occupancy_map_monitor:/home/roboticslab/ros2_ws/install/moveit_resources_prbt_support:/home/roboticslab/ros2_ws/install/moveit_resources_prbt_ikfast_manipulator_plugin:/home/roboticslab/ros2_ws/install/moveit_resources:/home/roboticslab/ros2_ws/install/moveit_resources_pr2_description:/home/roboticslab/ros2_ws/install/moveit_resources_panda_moveit_config:/home/roboticslab/ros2_ws/install/dual_arm_panda_moveit_config:/home/roboticslab/ros2_ws/install/moveit_resources_panda_description:/home/roboticslab/ros2_ws/install/moveit_resources_fanuc_moveit_config:/home/roboticslab/ros2_ws/install/moveit_resources_fanuc_description:/home/roboticslab/ros2_ws/install/moveit_planners_stomp:/home/roboticslab/ros2_ws/install/moveit_planners_chomp:/home/roboticslab/ros2_ws/install/chomp_motion_planner:/home/roboticslab/ros2_ws/install/moveit_core:/home/roboticslab/ros2_ws/install/moveit_msgs:/home/roboticslab/ros2_ws/install/moveit_configs_utils:/home/roboticslab/ros2_ws/install/moveit_common:/home/roboticslab/ros2_ws/install/kortex_driver:/home/roboticslab/ros2_ws/install/kortex_api:/opt/ros/kilted DEBUGINFOD_URLS=https://debuginfod.ubuntu.com PYTHONPATH=/home/roboticslab/Ros2_predator-project_WS/build/predator_bringup/prefix_override:/usr/lib/python3/dist-packages/colcon_core/task/python/colcon_distutils_commands:/home/roboticslab/Ros2_predator-project_WS/install/predator_bringup/lib/python3.12/site-packages:/home/roboticslab/Ros2_predator-project_WS/install/predator_perception/lib/python3.12/site-packages:/home/roboticslab/Ros2_predator-project_WS/install/predator_navigation/lib/python3.12/site-packages:/home/roboticslab/Ros2_predator-project_WS/install/predator_manipulation/lib/python3.12/site-packages:/home/roboticslab/Ros2_predator-project_WS/install/predator_behavior/lib/python3.12/site-packages:/home/roboticslab/Ros2_predator-project_WS/install/predator_msgs/lib/python3.12/site-packages:/home/roboticslab/Ros2_predator-project_WS/install/predator_bringup/lib/python3.12/site-packages:/home/roboticslab/ros2_ws/install/moveit_task_constructor_core/lib/python3.12/site-packages:/home/roboticslab/ros2_ws/install/roboChef/lib/python3.12/site-packages:/home/roboticslab/ros2_ws/install/moveit_task_constructor_msgs/lib/python3.12/site-packages:/home/roboticslab/ros2_ws/install/moveit_py/lib/python3.12/site-packages:/home/roboticslab/ros2_ws/install/moveit_msgs/lib/python3.12/site-packages:/home/roboticslab/ros2_ws/build/moveit_configs_utils:/home/roboticslab/ros2_ws/install/moveit_configs_utils/lib/python3.12/site-packages:/opt/ros/kilted/lib/python3.12/site-packages /usr/bin/python3 -W ignore:setup.py install is deprecated -W ignore:easy_install command is deprecated setup.py egg_info --egg-base ../../build/predator_bringup build --build-base /home/roboticslab/Ros2_predator-project_WS/build/predator_bringup/build install --record /home/roboticslab/Ros2_predator-project_WS/build/predator_bringup/install.log --single-version-externally-managed install_data
[24.037s] Level 1:colcon.colcon_core.environment:checking '/home/roboticslab/Ros2_predator-project_WS/install/predator_bringup' for CMake module files
[24.037s] DEBUG:colcon.colcon_core.event_handler.log_command:Invoked command in '/home/roboticslab/Ros2_predator-project_WS/src/predator_bringup' returned '0': AMENT_PREFIX_PATH=/home/roboticslab/Ros2_predator-project_WS/install/predator_perception:/home/roboticslab/Ros2_predator-project_WS/install/predator_navigation:/home/roboticslab/Ros2_predator-project_WS/install/predator_manipulation:/home/roboticslab/Ros2_predator-project_WS/install/predator_behavior:/home/roboticslab/Ros2_predator-project_WS/install/predator_bringup:/home/roboticslab/Ros2_predator-project_WS/install/predator_msgs:/home/roboticslab/ros2_ws/install/usb_cam:/home/roboticslab/ros2_ws/install/ur_simulation_gz:/home/roboticslab/ros2_ws/install/robotiq_hardware_tests:/home/roboticslab/ros2_ws/install/robotiq_driver:/home/roboticslab/ros2_ws/install/serial:/home/roboticslab/ros2_ws/install/moveit2_tutorials:/home/roboticslab/ros2_ws/install/moveit_visual_tools:/home/roboticslab/ros2_ws/install/rviz_visual_tools:/home/roboticslab/ros2_ws/install/moveit_task_constructor_demo:/home/roboticslab/ros2_ws/install/moveit_task_constructor_visualization:/home/roboticslab/ros2_ws/install/moveit_task_constructor_capabilities:/home/roboticslab/ros2_ws/install/moveit_task_constructor_core:/home/roboticslab/ros2_ws/install/rviz_marker_tools:/home/roboticslab/ros2_ws/install/kortex_bringup:/home/roboticslab/ros2_ws/install/kinova_gen3_lite_moveit_config:/home/roboticslab/ros2_ws/install/kinova_gen3_7dof_robotiq_2f_85_moveit_config:/home/roboticslab/ros2_ws/install/kinova_gen3_6dof_robotiq_2f_85_moveit_config:/home/roboticslab/ros2_ws/install/kortex_description:/home/roboticslab/ros2_ws/install/robotiq_description:/home/roboticslab/ros2_ws/install/robotiq_controllers:/home/roboticslab/ros2_ws/install/roboChef:/home/roboticslab/ros2_ws/install/pilz_industrial_motion_planner_testutils:/home/roboticslab/ros2_ws/install/moveit_runtime:/home/roboticslab/ros2_ws/install/moveit:/home/roboticslab/ros2_ws/install/moveit_planners:/home/roboticslab/ros2_ws/install/pilz_industrial_motion_planner:/home/roboticslab/ros2_ws/install/moveit_task_constructor_msgs:/home/roboticslab/ros2_ws/install/moveit_ros_control_interface:/home/roboticslab/ros2_ws/install/moveit_plugins:/home/roboticslab/ros2_ws/install/moveit_simple_controller_manager:/home/roboticslab/ros2_ws/install/moveit_setup_assistant:/home/roboticslab/ros2_ws/install/moveit_setup_srdf_plugins:/home/roboticslab/ros2_ws/install/moveit_setup_core_plugins:/home/roboticslab/ros2_ws/install/moveit_setup_controllers:/home/roboticslab/ros2_ws/install/moveit_setup_app_plugins:/home/roboticslab/ros2_ws/install/moveit_setup_framework:/home/roboticslab/ros2_ws/install/moveit_servo:/home/roboticslab/ros2_ws/install/moveit_ros_trajectory_cache:/home/roboticslab/ros2_ws/install/moveit_ros:/home/roboticslab/ros2_ws/install/moveit_ros_visualization:/home/roboticslab/ros2_ws/install/moveit_py:/home/roboticslab/ros2_ws/install/moveit_hybrid_planning:/home/roboticslab/ros2_ws/install/moveit_ros_planning_interface:/home/roboticslab/ros2_ws/install/moveit_ros_benchmarks:/home/roboticslab/ros2_ws/install/moveit_ros_warehouse:/home/roboticslab/ros2_ws/install/moveit_ros_robot_interaction:/home/roboticslab/ros2_ws/install/moveit_ros_perception:/home/roboticslab/ros2_ws/install/moveit_resources_prbt_pg70_support:/home/roboticslab/ros2_ws/install/moveit_resources_prbt_moveit_config:/home/roboticslab/ros2_ws/install/moveit_ros_move_group:/home/roboticslab/ros2_ws/install/moveit_planners_ompl:/home/roboticslab/ros2_ws/install/moveit_kinematics:/home/roboticslab/ros2_ws/install/moveit_ros_planning:/home/roboticslab/ros2_ws/install/moveit_ros_occupancy_map_monitor:/home/roboticslab/ros2_ws/install/moveit_resources_prbt_support:/home/roboticslab/ros2_ws/install/moveit_resources_prbt_ikfast_manipulator_plugin:/home/roboticslab/ros2_ws/install/moveit_resources:/home/roboticslab/ros2_ws/install/moveit_resources_pr2_description:/home/roboticslab/ros2_ws/install/moveit_resources_panda_moveit_config:/home/roboticslab/ros2_ws/install/dual_arm_panda_moveit_config:/home/roboticslab/ros2_ws/install/moveit_resources_panda_description:/home/roboticslab/ros2_ws/install/moveit_resources_fanuc_moveit_config:/home/roboticslab/ros2_ws/install/moveit_resources_fanuc_description:/home/roboticslab/ros2_ws/install/moveit_planners_stomp:/home/roboticslab/ros2_ws/install/moveit_planners_chomp:/home/roboticslab/ros2_ws/install/chomp_motion_planner:/home/roboticslab/ros2_ws/install/moveit_core:/home/roboticslab/ros2_ws/install/moveit_msgs:/home/roboticslab/ros2_ws/install/moveit_configs_utils:/home/roboticslab/ros2_ws/install/moveit_common:/home/roboticslab/ros2_ws/install/kortex_driver:/home/roboticslab/ros2_ws/install/kortex_api:/opt/ros/kilted DEBUGINFOD_URLS=https://debuginfod.ubuntu.com PYTHONPATH=/home/roboticslab/Ros2_predator-project_WS/build/predator_bringup/prefix_override:/usr/lib/python3/dist-packages/colcon_core/task/python/colcon_distutils_commands:/home/roboticslab/Ros2_predator-project_WS/install/predator_bringup/lib/python3.12/site-packages:/home/roboticslab/Ros2_predator-project_WS/install/predator_perception/lib/python3.12/site-packages:/home/roboticslab/Ros2_predator-project_WS/install/predator_navigation/lib/python3.12/site-packages:/home/roboticslab/Ros2_predator-project_WS/install/predator_manipulation/lib/python3.12/site-packages:/home/roboticslab/Ros2_predator-project_WS/install/predator_behavior/lib/python3.12/site-packages:/home/roboticslab/Ros2_predator-project_WS/install/predator_msgs/lib/python3.12/site-packages:/home/roboticslab/Ros2_predator-project_WS/install/predator_bringup/lib/python3.12/site-packages:/home/roboticslab/ros2_ws/install/moveit_task_constructor_core/lib/python3.12/site-packages:/home/roboticslab/ros2_ws/install/roboChef/lib/python3.12/site-packages:/home/roboticslab/ros2_ws/install/moveit_task_constructor_msgs/lib/python3.12/site-packages:/home/roboticslab/ros2_ws/install/moveit_py/lib/python3.12/site-packages:/home/roboticslab/ros2_ws/install/moveit_msgs/lib/python3.12/site-packages:/home/roboticslab/ros2_ws/build/moveit_configs_utils:/home/roboticslab/ros2_ws/install/moveit_configs_utils/lib/python3.12/site-packages:/opt/ros/kilted/lib/python3.12/site-packages /usr/bin/python3 -W ignore:setup.py install is deprecated -W ignore:easy_install command is deprecated setup.py egg_info --egg-base ../../build/predator_bringup build --build-base /home/roboticslab/Ros2_predator-project_WS/build/predator_bringup/build install --record /home/roboticslab/Ros2_predator-project_WS/build/predator_bringup/install.log --single-version-externally-managed install_data
[24.038s] Level 1:colcon.colcon_core.environment:checking '/home/roboticslab/Ros2_predator-project_WS/install/predator_bringup' for CMake config files
[24.038s] Level 1:colcon.colcon_core.environment:checking '/home/roboticslab/Ros2_predator-project_WS/install/predator_bringup/lib'
[24.038s] Level 1:colcon.colcon_core.environment:checking '/home/roboticslab/Ros2_predator-project_WS/install/predator_bringup/bin'
[24.039s] Level 1:colcon.colcon_core.environment:checking '/home/roboticslab/Ros2_predator-project_WS/install/predator_bringup/lib/pkgconfig/predator_bringup.pc'
[24.039s] Level 1:colcon.colcon_core.environment:checking '/home/roboticslab/Ros2_predator-project_WS/install/predator_bringup/lib/python3.12/site-packages'
[24.039s] Level 1:colcon.colcon_core.shell:create_environment_hook('predator_bringup', 'pythonpath')
[24.039s] INFO:colcon.colcon_core.shell:Creating environment hook '/home/roboticslab/Ros2_predator-project_WS/install/predator_bringup/share/predator_bringup/hook/pythonpath.ps1'
[24.040s] INFO:colcon.colcon_core.shell:Creating environment descriptor '/home/roboticslab/Ros2_predator-project_WS/install/predator_bringup/share/predator_bringup/hook/pythonpath.dsv'
[24.040s] INFO:colcon.colcon_core.shell:Creating environment hook '/home/roboticslab/Ros2_predator-project_WS/install/predator_bringup/share/predator_bringup/hook/pythonpath.sh'
[24.041s] Level 1:colcon.colcon_core.environment:checking '/home/roboticslab/Ros2_predator-project_WS/install/predator_bringup/bin'
[24.041s] Level 1:colcon.colcon_core.environment:create_environment_scripts_only(predator_bringup)
[24.041s] INFO:colcon.colcon_core.shell:Creating package script '/home/roboticslab/Ros2_predator-project_WS/install/predator_bringup/share/predator_bringup/package.ps1'
[24.042s] INFO:colcon.colcon_core.shell:Creating package descriptor '/home/roboticslab/Ros2_predator-project_WS/install/predator_bringup/share/predator_bringup/package.dsv'
[24.042s] INFO:colcon.colcon_core.shell:Creating package script '/home/roboticslab/Ros2_predator-project_WS/install/predator_bringup/share/predator_bringup/package.sh'
[24.043s] INFO:colcon.colcon_core.shell:Creating package script '/home/roboticslab/Ros2_predator-project_WS/install/predator_bringup/share/predator_bringup/package.bash'
[24.043s] INFO:colcon.colcon_core.shell:Creating package script '/home/roboticslab/Ros2_predator-project_WS/install/predator_bringup/share/predator_bringup/package.zsh'
[24.043s] Level 1:colcon.colcon_core.environment:create_file_with_runtime_dependencies(/home/roboticslab/Ros2_predator-project_WS/install/predator_bringup/share/colcon-core/packages/predator_bringup)
[24.044s] DEBUG:colcon.colcon_parallel_executor.executor.parallel:closing loop
[24.044s] DEBUG:colcon.colcon_parallel_executor.executor.parallel:loop closed
[24.044s] DEBUG:colcon.colcon_parallel_executor.executor.parallel:run_until_complete finished with '0'
[24.044s] DEBUG:colcon.colcon_core.event_reactor:joining thread
[24.055s] INFO:colcon.colcon_core.plugin_system:Skipping extension 'colcon_notification.desktop_notification.terminal_notifier': Not used on non-Darwin systems
[24.055s] INFO:colcon.colcon_core.plugin_system:Skipping extension 'colcon_notification.desktop_notification.win32': Not used on non-Windows systems
[24.055s] INFO:colcon.colcon_notification.desktop_notification:Sending desktop notification using 'notify2'
[24.073s] DEBUG:colcon.colcon_core.event_reactor:joined thread
[24.073s] INFO:colcon.colcon_core.shell:Creating prefix script '/home/roboticslab/Ros2_predator-project_WS/install/local_setup.ps1'
[24.075s] INFO:colcon.colcon_core.shell:Creating prefix util module '/home/roboticslab/Ros2_predator-project_WS/install/_local_setup_util_ps1.py'
[24.076s] INFO:colcon.colcon_core.shell:Creating prefix chain script '/home/roboticslab/Ros2_predator-project_WS/install/setup.ps1'
[24.082s] INFO:colcon.colcon_core.shell:Creating prefix script '/home/roboticslab/Ros2_predator-project_WS/install/local_setup.sh'
[24.083s] INFO:colcon.colcon_core.shell:Creating prefix util module '/home/roboticslab/Ros2_predator-project_WS/install/_local_setup_util_sh.py'
[24.083s] INFO:colcon.colcon_core.shell:Creating prefix chain script '/home/roboticslab/Ros2_predator-project_WS/install/setup.sh'
[24.090s] INFO:colcon.colcon_core.shell:Creating prefix script '/home/roboticslab/Ros2_predator-project_WS/install/local_setup.bash'
[24.090s] INFO:colcon.colcon_core.shell:Creating prefix chain script '/home/roboticslab/Ros2_predator-project_WS/install/setup.bash'
[24.098s] INFO:colcon.colcon_core.shell:Creating prefix script '/home/roboticslab/Ros2_predator-project_WS/install/local_setup.zsh'
[24.099s] INFO:colcon.colcon_core.shell:Creating prefix chain script '/home/roboticslab/Ros2_predator-project_WS/install/setup.zsh'
