running egg_info
creating ../../build/predator_behavior/predator_behavior.egg-info
writing ../../build/predator_behavior/predator_behavior.egg-info/PKG-INFO
writing dependency_links to ../../build/predator_behavior/predator_behavior.egg-info/dependency_links.txt
writing entry points to ../../build/predator_behavior/predator_behavior.egg-info/entry_points.txt
writing requirements to ../../build/predator_behavior/predator_behavior.egg-info/requires.txt
writing top-level names to ../../build/predator_behavior/predator_behavior.egg-info/top_level.txt
writing manifest file '../../build/predator_behavior/predator_behavior.egg-info/SOURCES.txt'
reading manifest file '../../build/predator_behavior/predator_behavior.egg-info/SOURCES.txt'
writing manifest file '../../build/predator_behavior/predator_behavior.egg-info/SOURCES.txt'
running build
running build_py
creating /home/roboticslab/Ros2_predator-project_WS/build/predator_behavior/build
creating /home/roboticslab/Ros2_predator-project_WS/build/predator_behavior/build/lib
creating /home/roboticslab/Ros2_predator-project_WS/build/predator_behavior/build/lib/predator_behavior
copying predator_behavior/__init__.py -> /home/roboticslab/Ros2_predator-project_WS/build/predator_behavior/build/lib/predator_behavior
copying predator_behavior/behavior_manager_node.py -> /home/roboticslab/Ros2_predator-project_WS/build/predator_behavior/build/lib/predator_behavior
copying predator_behavior/safety_supervisor_node.py -> /home/roboticslab/Ros2_predator-project_WS/build/predator_behavior/build/lib/predator_behavior
running install
running install_lib
creating /home/roboticslab/Ros2_predator-project_WS/install/predator_behavior/lib/python3.12/site-packages/predator_behavior
copying /home/roboticslab/Ros2_predator-project_WS/build/predator_behavior/build/lib/predator_behavior/__init__.py -> /home/roboticslab/Ros2_predator-project_WS/install/predator_behavior/lib/python3.12/site-packages/predator_behavior
copying /home/roboticslab/Ros2_predator-project_WS/build/predator_behavior/build/lib/predator_behavior/behavior_manager_node.py -> /home/roboticslab/Ros2_predator-project_WS/install/predator_behavior/lib/python3.12/site-packages/predator_behavior
copying /home/roboticslab/Ros2_predator-project_WS/build/predator_behavior/build/lib/predator_behavior/safety_supervisor_node.py -> /home/roboticslab/Ros2_predator-project_WS/install/predator_behavior/lib/python3.12/site-packages/predator_behavior
byte-compiling /home/roboticslab/Ros2_predator-project_WS/install/predator_behavior/lib/python3.12/site-packages/predator_behavior/__init__.py to __init__.cpython-312.pyc
byte-compiling /home/roboticslab/Ros2_predator-project_WS/install/predator_behavior/lib/python3.12/site-packages/predator_behavior/behavior_manager_node.py to behavior_manager_node.cpython-312.pyc
byte-compiling /home/roboticslab/Ros2_predator-project_WS/install/predator_behavior/lib/python3.12/site-packages/predator_behavior/safety_supervisor_node.py to safety_supervisor_node.cpython-312.pyc
running install_data
creating /home/roboticslab/Ros2_predator-project_WS/install/predator_behavior/share/ament_index
creating /home/roboticslab/Ros2_predator-project_WS/install/predator_behavior/share/ament_index/resource_index
creating /home/roboticslab/Ros2_predator-project_WS/install/predator_behavior/share/ament_index/resource_index/packages
copying resource/predator_behavior -> /home/roboticslab/Ros2_predator-project_WS/install/predator_behavior/share/ament_index/resource_index/packages
copying package.xml -> /home/roboticslab/Ros2_predator-project_WS/install/predator_behavior/share/predator_behavior
running install_egg_info
Copying ../../build/predator_behavior/predator_behavior.egg-info to /home/roboticslab/Ros2_predator-project_WS/install/predator_behavior/lib/python3.12/site-packages/predator_behavior-0.0.0-py3.12.egg-info
running install_scripts
Installing behavior_manager_node script to /home/roboticslab/Ros2_predator-project_WS/install/predator_behavior/lib/predator_behavior
Installing safety_supervisor_node script to /home/roboticslab/Ros2_predator-project_WS/install/predator_behavior/lib/predator_behavior
writing list of installed files to '/home/roboticslab/Ros2_predator-project_WS/build/predator_behavior/install.log'
