[2.768s] Invoking command in '/home/roboticslab/Ros2_predator-project_WS/src/predator_behavior': DEBUGINFOD_URLS=https://debuginfod.ubuntu.com PYTHONPATH=/home/roboticslab/Ros2_predator-project_WS/build/predator_behavior/prefix_override:/usr/lib/python3/dist-packages/colcon_core/task/python/colcon_distutils_commands:/home/roboticslab/Ros2_predator-project_WS/install/predator_behavior/lib/python3.12/site-packages:/home/roboticslab/Ros2_predator-project_WS/install/predator_msgs/lib/python3.12/site-packages:/home/roboticslab/Ros2_predator-project_WS/install/predator_bringup/lib/python3.12/site-packages:/home/roboticslab/Ros2_predator-project_WS/install/predator_perception/lib/python3.12/site-packages:/home/roboticslab/Ros2_predator-project_WS/install/predator_navigation/lib/python3.12/site-packages:/home/roboticslab/Ros2_predator-project_WS/install/predator_manipulation/lib/python3.12/site-packages:/home/roboticslab/Ros2_predator-project_WS/install/predator_behavior/lib/python3.12/site-packages:/home/roboticslab/ros2_ws/install/moveit_task_constructor_core/lib/python3.12/site-packages:/home/roboticslab/ros2_ws/install/roboChef/lib/python3.12/site-packages:/home/roboticslab/ros2_ws/install/moveit_task_constructor_msgs/lib/python3.12/site-packages:/home/roboticslab/ros2_ws/install/moveit_py/lib/python3.12/site-packages:/home/roboticslab/ros2_ws/install/moveit_msgs/lib/python3.12/site-packages:/home/roboticslab/ros2_ws/build/moveit_configs_utils:/home/roboticslab/ros2_ws/install/moveit_configs_utils/lib/python3.12/site-packages:/opt/ros/kilted/lib/python3.12/site-packages /usr/bin/python3 -W ignore:setup.py install is deprecated -W ignore:easy_install command is deprecated setup.py egg_info --egg-base ../../build/predator_behavior build --build-base /home/roboticslab/Ros2_predator-project_WS/build/predator_behavior/build install --record /home/roboticslab/Ros2_predator-project_WS/build/predator_behavior/install.log --single-version-externally-managed install_data
[3.460s] running egg_info
[3.460s] creating ../../build/predator_behavior/predator_behavior.egg-info
[3.520s] writing ../../build/predator_behavior/predator_behavior.egg-info/PKG-INFO
[3.520s] writing dependency_links to ../../build/predator_behavior/predator_behavior.egg-info/dependency_links.txt
[3.522s] writing entry points to ../../build/predator_behavior/predator_behavior.egg-info/entry_points.txt
[3.525s] writing requirements to ../../build/predator_behavior/predator_behavior.egg-info/requires.txt
[3.525s] writing top-level names to ../../build/predator_behavior/predator_behavior.egg-info/top_level.txt
[3.526s] writing manifest file '../../build/predator_behavior/predator_behavior.egg-info/SOURCES.txt'
[3.645s] reading manifest file '../../build/predator_behavior/predator_behavior.egg-info/SOURCES.txt'
[3.647s] writing manifest file '../../build/predator_behavior/predator_behavior.egg-info/SOURCES.txt'
[3.647s] running build
[3.649s] running build_py
[3.652s] creating /home/roboticslab/Ros2_predator-project_WS/build/predator_behavior/build
[3.652s] creating /home/roboticslab/Ros2_predator-project_WS/build/predator_behavior/build/lib
[3.652s] creating /home/roboticslab/Ros2_predator-project_WS/build/predator_behavior/build/lib/predator_behavior
[3.652s] copying predator_behavior/__init__.py -> /home/roboticslab/Ros2_predator-project_WS/build/predator_behavior/build/lib/predator_behavior
[3.652s] copying predator_behavior/behavior_manager_node.py -> /home/roboticslab/Ros2_predator-project_WS/build/predator_behavior/build/lib/predator_behavior
[3.652s] copying predator_behavior/safety_supervisor_node.py -> /home/roboticslab/Ros2_predator-project_WS/build/predator_behavior/build/lib/predator_behavior
[3.652s] running install
[3.666s] running install_lib
[3.731s] creating /home/roboticslab/Ros2_predator-project_WS/install/predator_behavior/lib/python3.12/site-packages/predator_behavior
[3.731s] copying /home/roboticslab/Ros2_predator-project_WS/build/predator_behavior/build/lib/predator_behavior/__init__.py -> /home/roboticslab/Ros2_predator-project_WS/install/predator_behavior/lib/python3.12/site-packages/predator_behavior
[3.732s] copying /home/roboticslab/Ros2_predator-project_WS/build/predator_behavior/build/lib/predator_behavior/behavior_manager_node.py -> /home/roboticslab/Ros2_predator-project_WS/install/predator_behavior/lib/python3.12/site-packages/predator_behavior
[3.735s] copying /home/roboticslab/Ros2_predator-project_WS/build/predator_behavior/build/lib/predator_behavior/safety_supervisor_node.py -> /home/roboticslab/Ros2_predator-project_WS/install/predator_behavior/lib/python3.12/site-packages/predator_behavior
[3.735s] byte-compiling /home/roboticslab/Ros2_predator-project_WS/install/predator_behavior/lib/python3.12/site-packages/predator_behavior/__init__.py to __init__.cpython-312.pyc
[3.735s] byte-compiling /home/roboticslab/Ros2_predator-project_WS/install/predator_behavior/lib/python3.12/site-packages/predator_behavior/behavior_manager_node.py to behavior_manager_node.cpython-312.pyc
[3.737s] byte-compiling /home/roboticslab/Ros2_predator-project_WS/install/predator_behavior/lib/python3.12/site-packages/predator_behavior/safety_supervisor_node.py to safety_supervisor_node.cpython-312.pyc
[3.739s] running install_data
[3.743s] creating /home/roboticslab/Ros2_predator-project_WS/install/predator_behavior/share/ament_index
[3.743s] creating /home/roboticslab/Ros2_predator-project_WS/install/predator_behavior/share/ament_index/resource_index
[3.743s] creating /home/roboticslab/Ros2_predator-project_WS/install/predator_behavior/share/ament_index/resource_index/packages
[3.743s] copying resource/predator_behavior -> /home/roboticslab/Ros2_predator-project_WS/install/predator_behavior/share/ament_index/resource_index/packages
[3.743s] copying package.xml -> /home/roboticslab/Ros2_predator-project_WS/install/predator_behavior/share/predator_behavior
[3.743s] running install_egg_info
[3.807s] Copying ../../build/predator_behavior/predator_behavior.egg-info to /home/roboticslab/Ros2_predator-project_WS/install/predator_behavior/lib/python3.12/site-packages/predator_behavior-0.0.0-py3.12.egg-info
[3.808s] running install_scripts
[4.189s] Installing behavior_manager_node script to /home/roboticslab/Ros2_predator-project_WS/install/predator_behavior/lib/predator_behavior
[4.189s] Installing safety_supervisor_node script to /home/roboticslab/Ros2_predator-project_WS/install/predator_behavior/lib/predator_behavior
[4.190s] writing list of installed files to '/home/roboticslab/Ros2_predator-project_WS/build/predator_behavior/install.log'
[4.275s] Invoked command in '/home/roboticslab/Ros2_predator-project_WS/src/predator_behavior' returned '0': DEBUGINFOD_URLS=https://debuginfod.ubuntu.com PYTHONPATH=/home/roboticslab/Ros2_predator-project_WS/build/predator_behavior/prefix_override:/usr/lib/python3/dist-packages/colcon_core/task/python/colcon_distutils_commands:/home/roboticslab/Ros2_predator-project_WS/install/predator_behavior/lib/python3.12/site-packages:/home/roboticslab/Ros2_predator-project_WS/install/predator_msgs/lib/python3.12/site-packages:/home/roboticslab/Ros2_predator-project_WS/install/predator_bringup/lib/python3.12/site-packages:/home/roboticslab/Ros2_predator-project_WS/install/predator_perception/lib/python3.12/site-packages:/home/roboticslab/Ros2_predator-project_WS/install/predator_navigation/lib/python3.12/site-packages:/home/roboticslab/Ros2_predator-project_WS/install/predator_manipulation/lib/python3.12/site-packages:/home/roboticslab/Ros2_predator-project_WS/install/predator_behavior/lib/python3.12/site-packages:/home/roboticslab/ros2_ws/install/moveit_task_constructor_core/lib/python3.12/site-packages:/home/roboticslab/ros2_ws/install/roboChef/lib/python3.12/site-packages:/home/roboticslab/ros2_ws/install/moveit_task_constructor_msgs/lib/python3.12/site-packages:/home/roboticslab/ros2_ws/install/moveit_py/lib/python3.12/site-packages:/home/roboticslab/ros2_ws/install/moveit_msgs/lib/python3.12/site-packages:/home/roboticslab/ros2_ws/build/moveit_configs_utils:/home/roboticslab/ros2_ws/install/moveit_configs_utils/lib/python3.12/site-packages:/opt/ros/kilted/lib/python3.12/site-packages /usr/bin/python3 -W ignore:setup.py install is deprecated -W ignore:easy_install command is deprecated setup.py egg_info --egg-base ../../build/predator_behavior build --build-base /home/roboticslab/Ros2_predator-project_WS/build/predator_behavior/build install --record /home/roboticslab/Ros2_predator-project_WS/build/predator_behavior/install.log --single-version-externally-managed install_data
