running egg_info
writing ../../build/predator_manipulation/predator_manipulation.egg-info/PKG-INFO
writing dependency_links to ../../build/predator_manipulation/predator_manipulation.egg-info/dependency_links.txt
writing entry points to ../../build/predator_manipulation/predator_manipulation.egg-info/entry_points.txt
writing requirements to ../../build/predator_manipulation/predator_manipulation.egg-info/requires.txt
writing top-level names to ../../build/predator_manipulation/predator_manipulation.egg-info/top_level.txt
reading manifest file '../../build/predator_manipulation/predator_manipulation.egg-info/SOURCES.txt'
writing manifest file '../../build/predator_manipulation/predator_manipulation.egg-info/SOURCES.txt'
running build
running build_py
copying predator_manipulation/arm_gesture_node.py -> /home/roboticslab/Ros2_predator-project_WS/build/predator_manipulation/build/lib/predator_manipulation
running install
running install_lib
copying /home/roboticslab/Ros2_predator-project_WS/build/predator_manipulation/build/lib/predator_manipulation/arm_gesture_node.py -> /home/roboticslab/Ros2_predator-project_WS/install/predator_manipulation/lib/python3.12/site-packages/predator_manipulation
byte-compiling /home/roboticslab/Ros2_predator-project_WS/install/predator_manipulation/lib/python3.12/site-packages/predator_manipulation/arm_gesture_node.py to arm_gesture_node.cpython-312.pyc
running install_data
running install_egg_info
removing '/home/roboticslab/Ros2_predator-project_WS/install/predator_manipulation/lib/python3.12/site-packages/predator_manipulation-0.0.0-py3.12.egg-info' (and everything under it)
Copying ../../build/predator_manipulation/predator_manipulation.egg-info to /home/roboticslab/Ros2_predator-project_WS/install/predator_manipulation/lib/python3.12/site-packages/predator_manipulation-0.0.0-py3.12.egg-info
running install_scripts
Installing arm_gesture_node script to /home/roboticslab/Ros2_predator-project_WS/install/predator_manipulation/lib/predator_manipulation
writing list of installed files to '/home/roboticslab/Ros2_predator-project_WS/build/predator_manipulation/install.log'
