[0.047s] Invoking command in '/home/roboticslab/Ros2_predator-project_WS/build/predator_msgs': CMAKE_PREFIX_PATH=${CMAKE_PREFIX_PATH}:/home/roboticslab/Ros2_predator-project_WS/install/predator_bringup:/home/roboticslab/Ros2_predator-project_WS/install/predator_perception:/home/roboticslab/Ros2_predator-project_WS/install/predator_navigation:/home/roboticslab/Ros2_predator-project_WS/install/predator_manipulation:/home/roboticslab/Ros2_predator-project_WS/install/predator_behavior:/home/roboticslab/ros2_ws/install/robotiq_description:/home/roboticslab/ros2_ws/install/robo_waiter:/home/roboticslab/ros2_ws/install/robo_chef:/home/roboticslab/ros2_ws/install/roboChef:/home/roboticslab/ros2_ws/install/moveit_configs_utils:/opt/ros/kilted DEBUGINFOD_URLS=https://debuginfod.ubuntu.com /usr/bin/cmake --build /home/roboticslab/Ros2_predator-project_WS/build/predator_msgs -- -j4 -l4
[0.261s] [  1%] Built target predator_msgs__rs
[0.383s] [  1%] Built target ament_cmake_python_copy_predator_msgs
[0.459s] [  3%] Built target predator_msgs__rosidl_generator_type_description
[1.234s] running egg_info
[1.319s] writing predator_msgs.egg-info/PKG-INFO
[1.320s] writing dependency_links to predator_msgs.egg-info/dependency_links.txt
[1.321s] writing top-level names to predator_msgs.egg-info/top_level.txt
[1.585s] reading manifest file 'predator_msgs.egg-info/SOURCES.txt'
[1.585s] writing manifest file 'predator_msgs.egg-info/SOURCES.txt'
[1.679s] [  3%] Built target ament_cmake_python_build_predator_msgs_egg
[1.753s] [  4%] Built target predator_msgs__cpp
[1.831s] [ 26%] Built target predator_msgs__rosidl_generator_c
[1.916s] [ 35%] Built target predator_msgs__rosidl_typesupport_fastrtps_c
[2.000s] [ 44%] Built target predator_msgs__rosidl_typesupport_fastrtps_cpp
[2.073s] [ 53%] Built target predator_msgs__rosidl_typesupport_introspection_cpp
[2.145s] [ 63%] Built target predator_msgs__rosidl_typesupport_cpp
[2.232s] [ 72%] Built target predator_msgs__rosidl_typesupport_c
[2.297s] [ 81%] Built target predator_msgs__rosidl_typesupport_introspection_c
[2.378s] [ 81%] Built target predator_msgs
[2.455s] [ 83%] Built target predator_msgs__py
[2.525s] [ 90%] Built target predator_msgs__rosidl_generator_py
[2.609s] [ 93%] Built target predator_msgs_s__rosidl_typesupport_fastrtps_c
[2.695s] [ 96%] Built target predator_msgs_s__rosidl_typesupport_c
[2.764s] [100%] Built target predator_msgs_s__rosidl_typesupport_introspection_c
[2.796s] Invoked command in '/home/roboticslab/Ros2_predator-project_WS/build/predator_msgs' returned '0': CMAKE_PREFIX_PATH=${CMAKE_PREFIX_PATH}:/home/roboticslab/Ros2_predator-project_WS/install/predator_bringup:/home/roboticslab/Ros2_predator-project_WS/install/predator_perception:/home/roboticslab/Ros2_predator-project_WS/install/predator_navigation:/home/roboticslab/Ros2_predator-project_WS/install/predator_manipulation:/home/roboticslab/Ros2_predator-project_WS/install/predator_behavior:/home/roboticslab/ros2_ws/install/robotiq_description:/home/roboticslab/ros2_ws/install/robo_waiter:/home/roboticslab/ros2_ws/install/robo_chef:/home/roboticslab/ros2_ws/install/roboChef:/home/roboticslab/ros2_ws/install/moveit_configs_utils:/opt/ros/kilted DEBUGINFOD_URLS=https://debuginfod.ubuntu.com /usr/bin/cmake --build /home/roboticslab/Ros2_predator-project_WS/build/predator_msgs -- -j4 -l4
[2.825s] Invoking command in '/home/roboticslab/Ros2_predator-project_WS/build/predator_msgs': CMAKE_PREFIX_PATH=${CMAKE_PREFIX_PATH}:/home/roboticslab/Ros2_predator-project_WS/install/predator_bringup:/home/roboticslab/Ros2_predator-project_WS/install/predator_perception:/home/roboticslab/Ros2_predator-project_WS/install/predator_navigation:/home/roboticslab/Ros2_predator-project_WS/install/predator_manipulation:/home/roboticslab/Ros2_predator-project_WS/install/predator_behavior:/home/roboticslab/ros2_ws/install/robotiq_description:/home/roboticslab/ros2_ws/install/robo_waiter:/home/roboticslab/ros2_ws/install/robo_chef:/home/roboticslab/ros2_ws/install/roboChef:/home/roboticslab/ros2_ws/install/moveit_configs_utils:/opt/ros/kilted DEBUGINFOD_URLS=https://debuginfod.ubuntu.com /usr/bin/cmake --install /home/roboticslab/Ros2_predator-project_WS/build/predator_msgs
[2.860s] -- Install configuration: ""
[2.862s] -- Up-to-date: /home/roboticslab/Ros2_predator-project_WS/install/predator_msgs/share/ament_index/resource_index/rosidl_interfaces/predator_msgs
[2.862s] -- Up-to-date: /home/roboticslab/Ros2_predator-project_WS/install/predator_msgs/share/predator_msgs/msg/BehaviorState.json
[2.862s] -- Up-to-date: /home/roboticslab/Ros2_predator-project_WS/install/predator_msgs/share/predator_msgs/msg/GestureRequest.json
[2.862s] -- Up-to-date: /home/roboticslab/Ros2_predator-project_WS/install/predator_msgs/share/predator_msgs/msg/TargetState.json
[2.863s] -- Up-to-date: /home/roboticslab/Ros2_predator-project_WS/install/predator_msgs/share/predator_msgs/msg/ZoneStatus.json
[2.863s] -- Up-to-date: /home/roboticslab/Ros2_predator-project_WS/install/predator_msgs/include/predator_msgs/predator_msgs
[2.863s] -- Up-to-date: /home/roboticslab/Ros2_predator-project_WS/install/predator_msgs/include/predator_msgs/predator_msgs/msg
[2.863s] -- Up-to-date: /home/roboticslab/Ros2_predator-project_WS/install/predator_msgs/include/predator_msgs/predator_msgs/msg/behavior_state.h
[2.864s] -- Up-to-date: /home/roboticslab/Ros2_predator-project_WS/install/predator_msgs/include/predator_msgs/predator_msgs/msg/gesture_request.h
[2.864s] -- Up-to-date: /home/roboticslab/Ros2_predator-project_WS/install/predator_msgs/include/predator_msgs/predator_msgs/msg/detail
[2.864s] -- Up-to-date: /home/roboticslab/Ros2_predator-project_WS/install/predator_msgs/include/predator_msgs/predator_msgs/msg/detail/gesture_request__struct.h
[2.864s] -- Up-to-date: /home/roboticslab/Ros2_predator-project_WS/install/predator_msgs/include/predator_msgs/predator_msgs/msg/detail/target_state__functions.c
[2.864s] -- Up-to-date: /home/roboticslab/Ros2_predator-project_WS/install/predator_msgs/include/predator_msgs/predator_msgs/msg/detail/zone_status__type_support.h
[2.864s] -- Up-to-date: /home/roboticslab/Ros2_predator-project_WS/install/predator_msgs/include/predator_msgs/predator_msgs/msg/detail/target_state__description.c
[2.872s] -- Up-to-date: /home/roboticslab/Ros2_predator-project_WS/install/predator_msgs/include/predator_msgs/predator_msgs/msg/detail/zone_status__functions.c
[2.873s] -- Up-to-date: /home/roboticslab/Ros2_predator-project_WS/install/predator_msgs/include/predator_msgs/predator_msgs/msg/detail/gesture_request__functions.c
[2.874s] -- Up-to-date: /home/roboticslab/Ros2_predator-project_WS/install/predator_msgs/include/predator_msgs/predator_msgs/msg/detail/zone_status__description.c
[2.875s] -- Up-to-date: /home/roboticslab/Ros2_predator-project_WS/install/predator_msgs/include/predator_msgs/predator_msgs/msg/detail/zone_status__functions.h
[2.875s] -- Up-to-date: /home/roboticslab/Ros2_predator-project_WS/install/predator_msgs/include/predator_msgs/predator_msgs/msg/detail/behavior_state__description.c
[2.877s] -- Up-to-date: /home/roboticslab/Ros2_predator-project_WS/install/predator_msgs/include/predator_msgs/predator_msgs/msg/detail/gesture_request__functions.h
[2.877s] -- Up-to-date: /home/roboticslab/Ros2_predator-project_WS/install/predator_msgs/include/predator_msgs/predator_msgs/msg/detail/behavior_state__functions.c
[2.877s] -- Up-to-date: /home/roboticslab/Ros2_predator-project_WS/install/predator_msgs/include/predator_msgs/predator_msgs/msg/detail/target_state__functions.h
[2.877s] -- Up-to-date: /home/roboticslab/Ros2_predator-project_WS/install/predator_msgs/include/predator_msgs/predator_msgs/msg/detail/target_state__type_support.h
[2.878s] -- Up-to-date: /home/roboticslab/Ros2_predator-project_WS/install/predator_msgs/include/predator_msgs/predator_msgs/msg/detail/gesture_request__type_support.h
[2.878s] -- Installing: /home/roboticslab/Ros2_predator-project_WS/install/predator_msgs/include/predator_msgs/predator_msgs/msg/detail/behavior_state__type_support.c
[2.879s] -- Up-to-date: /home/roboticslab/Ros2_predator-project_WS/install/predator_msgs/include/predator_msgs/predator_msgs/msg/detail/zone_status__struct.h
[2.879s] -- Up-to-date: /home/roboticslab/Ros2_predator-project_WS/install/predator_msgs/include/predator_msgs/predator_msgs/msg/detail/behavior_state__functions.h
[2.879s] -- Up-to-date: /home/roboticslab/Ros2_predator-project_WS/install/predator_msgs/include/predator_msgs/predator_msgs/msg/detail/behavior_state__type_support.h
[2.879s] -- Installing: /home/roboticslab/Ros2_predator-project_WS/install/predator_msgs/include/predator_msgs/predator_msgs/msg/detail/gesture_request__type_support.c
[2.880s] -- Up-to-date: /home/roboticslab/Ros2_predator-project_WS/install/predator_msgs/include/predator_msgs/predator_msgs/msg/detail/behavior_state__struct.h
[2.880s] -- Installing: /home/roboticslab/Ros2_predator-project_WS/install/predator_msgs/include/predator_msgs/predator_msgs/msg/detail/target_state__type_support.c
[2.880s] -- Installing: /home/roboticslab/Ros2_predator-project_WS/install/predator_msgs/include/predator_msgs/predator_msgs/msg/detail/zone_status__type_support.c
[2.881s] -- Up-to-date: /home/roboticslab/Ros2_predator-project_WS/install/predator_msgs/include/predator_msgs/predator_msgs/msg/detail/gesture_request__description.c
[2.881s] -- Up-to-date: /home/roboticslab/Ros2_predator-project_WS/install/predator_msgs/include/predator_msgs/predator_msgs/msg/detail/target_state__struct.h
[2.881s] -- Up-to-date: /home/roboticslab/Ros2_predator-project_WS/install/predator_msgs/include/predator_msgs/predator_msgs/msg/zone_status.h
[2.881s] -- Up-to-date: /home/roboticslab/Ros2_predator-project_WS/install/predator_msgs/include/predator_msgs/predator_msgs/msg/target_state.h
[2.882s] -- Up-to-date: /home/roboticslab/Ros2_predator-project_WS/install/predator_msgs/include/predator_msgs/predator_msgs/msg/rosidl_generator_c__visibility_control.h
[2.883s] -- Up-to-date: /home/roboticslab/Ros2_predator-project_WS/install/predator_msgs/share/predator_msgs/environment/library_path.sh
[2.883s] -- Up-to-date: /home/roboticslab/Ros2_predator-project_WS/install/predator_msgs/share/predator_msgs/environment/library_path.dsv
[2.883s] -- Up-to-date: /home/roboticslab/Ros2_predator-project_WS/install/predator_msgs/lib/libpredator_msgs__rosidl_generator_c.so
[2.883s] -- Up-to-date: /home/roboticslab/Ros2_predator-project_WS/install/predator_msgs/include/predator_msgs/predator_msgs
[2.884s] -- Up-to-date: /home/roboticslab/Ros2_predator-project_WS/install/predator_msgs/include/predator_msgs/predator_msgs/msg
[2.884s] -- Up-to-date: /home/roboticslab/Ros2_predator-project_WS/install/predator_msgs/include/predator_msgs/predator_msgs/msg/detail
[2.884s] -- Up-to-date: /home/roboticslab/Ros2_predator-project_WS/install/predator_msgs/include/predator_msgs/predator_msgs/msg/detail/gesture_request__rosidl_typesupport_fastrtps_c.h
[2.886s] -- Up-to-date: /home/roboticslab/Ros2_predator-project_WS/install/predator_msgs/include/predator_msgs/predator_msgs/msg/detail/behavior_state__rosidl_typesupport_fastrtps_c.h
[2.886s] -- Up-to-date: /home/roboticslab/Ros2_predator-project_WS/install/predator_msgs/include/predator_msgs/predator_msgs/msg/detail/target_state__rosidl_typesupport_fastrtps_c.h
[2.886s] -- Up-to-date: /home/roboticslab/Ros2_predator-project_WS/install/predator_msgs/include/predator_msgs/predator_msgs/msg/detail/zone_status__rosidl_typesupport_fastrtps_c.h
[2.886s] -- Up-to-date: /home/roboticslab/Ros2_predator-project_WS/install/predator_msgs/include/predator_msgs/predator_msgs/msg/rosidl_typesupport_fastrtps_c__visibility_control.h
[2.887s] -- Up-to-date: /home/roboticslab/Ros2_predator-project_WS/install/predator_msgs/lib/libpredator_msgs__rosidl_typesupport_fastrtps_c.so
[2.887s] -- Up-to-date: /home/roboticslab/Ros2_predator-project_WS/install/predator_msgs/include/predator_msgs/predator_msgs
[2.887s] -- Up-to-date: /home/roboticslab/Ros2_predator-project_WS/install/predator_msgs/include/predator_msgs/predator_msgs/msg
[2.887s] -- Up-to-date: /home/roboticslab/Ros2_predator-project_WS/install/predator_msgs/include/predator_msgs/predator_msgs/msg/detail
[2.887s] -- Up-to-date: /home/roboticslab/Ros2_predator-project_WS/install/predator_msgs/include/predator_msgs/predator_msgs/msg/detail/zone_status__rosidl_typesupport_introspection_c.h
[2.887s] -- Up-to-date: /home/roboticslab/Ros2_predator-project_WS/install/predator_msgs/include/predator_msgs/predator_msgs/msg/detail/target_state__rosidl_typesupport_introspection_c.h
[2.887s] -- Installing: /home/roboticslab/Ros2_predator-project_WS/install/predator_msgs/include/predator_msgs/predator_msgs/msg/detail/behavior_state__type_support.c
[2.888s] -- Up-to-date: /home/roboticslab/Ros2_predator-project_WS/install/predator_msgs/include/predator_msgs/predator_msgs/msg/detail/gesture_request__rosidl_typesupport_introspection_c.h
[2.888s] -- Installing: /home/roboticslab/Ros2_predator-project_WS/install/predator_msgs/include/predator_msgs/predator_msgs/msg/detail/gesture_request__type_support.c
[2.889s] -- Installing: /home/roboticslab/Ros2_predator-project_WS/install/predator_msgs/include/predator_msgs/predator_msgs/msg/detail/target_state__type_support.c
[2.889s] -- Installing: /home/roboticslab/Ros2_predator-project_WS/install/predator_msgs/include/predator_msgs/predator_msgs/msg/detail/zone_status__type_support.c
[2.889s] -- Up-to-date: /home/roboticslab/Ros2_predator-project_WS/install/predator_msgs/include/predator_msgs/predator_msgs/msg/detail/behavior_state__rosidl_typesupport_introspection_c.h
[2.889s] -- Up-to-date: /home/roboticslab/Ros2_predator-project_WS/install/predator_msgs/include/predator_msgs/predator_msgs/msg/rosidl_typesupport_introspection_c__visibility_control.h
[2.889s] -- Up-to-date: /home/roboticslab/Ros2_predator-project_WS/install/predator_msgs/lib/libpredator_msgs__rosidl_typesupport_introspection_c.so
[2.889s] -- Up-to-date: /home/roboticslab/Ros2_predator-project_WS/install/predator_msgs/lib/libpredator_msgs__rosidl_typesupport_c.so
[2.890s] -- Up-to-date: /home/roboticslab/Ros2_predator-project_WS/install/predator_msgs/include/predator_msgs/predator_msgs
[2.890s] -- Up-to-date: /home/roboticslab/Ros2_predator-project_WS/install/predator_msgs/include/predator_msgs/predator_msgs/msg
[2.890s] -- Up-to-date: /home/roboticslab/Ros2_predator-project_WS/install/predator_msgs/include/predator_msgs/predator_msgs/msg/gesture_request.hpp
[2.890s] -- Up-to-date: /home/roboticslab/Ros2_predator-project_WS/install/predator_msgs/include/predator_msgs/predator_msgs/msg/behavior_state.hpp
[2.891s] -- Up-to-date: /home/roboticslab/Ros2_predator-project_WS/install/predator_msgs/include/predator_msgs/predator_msgs/msg/rosidl_generator_cpp__visibility_control.hpp
[2.891s] -- Up-to-date: /home/roboticslab/Ros2_predator-project_WS/install/predator_msgs/include/predator_msgs/predator_msgs/msg/detail
[2.891s] -- Up-to-date: /home/roboticslab/Ros2_predator-project_WS/install/predator_msgs/include/predator_msgs/predator_msgs/msg/detail/gesture_request__traits.hpp
[2.891s] -- Up-to-date: /home/roboticslab/Ros2_predator-project_WS/install/predator_msgs/include/predator_msgs/predator_msgs/msg/detail/gesture_request__struct.hpp
[2.891s] -- Up-to-date: /home/roboticslab/Ros2_predator-project_WS/install/predator_msgs/include/predator_msgs/predator_msgs/msg/detail/behavior_state__struct.hpp
[2.891s] -- Up-to-date: /home/roboticslab/Ros2_predator-project_WS/install/predator_msgs/include/predator_msgs/predator_msgs/msg/detail/target_state__struct.hpp
[2.892s] -- Up-to-date: /home/roboticslab/Ros2_predator-project_WS/install/predator_msgs/include/predator_msgs/predator_msgs/msg/detail/zone_status__builder.hpp
[2.892s] -- Up-to-date: /home/roboticslab/Ros2_predator-project_WS/install/predator_msgs/include/predator_msgs/predator_msgs/msg/detail/zone_status__type_support.hpp
[2.892s] -- Up-to-date: /home/roboticslab/Ros2_predator-project_WS/install/predator_msgs/include/predator_msgs/predator_msgs/msg/detail/target_state__type_support.hpp
[2.892s] -- Up-to-date: /home/roboticslab/Ros2_predator-project_WS/install/predator_msgs/include/predator_msgs/predator_msgs/msg/detail/zone_status__traits.hpp
[2.892s] -- Up-to-date: /home/roboticslab/Ros2_predator-project_WS/install/predator_msgs/include/predator_msgs/predator_msgs/msg/detail/behavior_state__type_support.hpp
[2.892s] -- Up-to-date: /home/roboticslab/Ros2_predator-project_WS/install/predator_msgs/include/predator_msgs/predator_msgs/msg/detail/zone_status__struct.hpp
[2.893s] -- Up-to-date: /home/roboticslab/Ros2_predator-project_WS/install/predator_msgs/include/predator_msgs/predator_msgs/msg/detail/behavior_state__traits.hpp
[2.893s] -- Up-to-date: /home/roboticslab/Ros2_predator-project_WS/install/predator_msgs/include/predator_msgs/predator_msgs/msg/detail/target_state__builder.hpp
[2.893s] -- Up-to-date: /home/roboticslab/Ros2_predator-project_WS/install/predator_msgs/include/predator_msgs/predator_msgs/msg/detail/target_state__traits.hpp
[2.893s] -- Up-to-date: /home/roboticslab/Ros2_predator-project_WS/install/predator_msgs/include/predator_msgs/predator_msgs/msg/detail/gesture_request__builder.hpp
[2.893s] -- Up-to-date: /home/roboticslab/Ros2_predator-project_WS/install/predator_msgs/include/predator_msgs/predator_msgs/msg/detail/behavior_state__builder.hpp
[2.894s] -- Up-to-date: /home/roboticslab/Ros2_predator-project_WS/install/predator_msgs/include/predator_msgs/predator_msgs/msg/detail/gesture_request__type_support.hpp
[2.894s] -- Up-to-date: /home/roboticslab/Ros2_predator-project_WS/install/predator_msgs/include/predator_msgs/predator_msgs/msg/zone_status.hpp
[2.895s] -- Up-to-date: /home/roboticslab/Ros2_predator-project_WS/install/predator_msgs/include/predator_msgs/predator_msgs/msg/target_state.hpp
[2.895s] -- Up-to-date: /home/roboticslab/Ros2_predator-project_WS/install/predator_msgs/include/predator_msgs/predator_msgs
[2.896s] -- Up-to-date: /home/roboticslab/Ros2_predator-project_WS/install/predator_msgs/include/predator_msgs/predator_msgs/msg
[2.896s] -- Up-to-date: /home/roboticslab/Ros2_predator-project_WS/install/predator_msgs/include/predator_msgs/predator_msgs/msg/detail
[2.896s] -- Up-to-date: /home/roboticslab/Ros2_predator-project_WS/install/predator_msgs/include/predator_msgs/predator_msgs/msg/detail/gesture_request__rosidl_typesupport_fastrtps_cpp.hpp
[2.897s] -- Up-to-date: /home/roboticslab/Ros2_predator-project_WS/install/predator_msgs/include/predator_msgs/predator_msgs/msg/detail/behavior_state__rosidl_typesupport_fastrtps_cpp.hpp
[2.897s] -- Up-to-date: /home/roboticslab/Ros2_predator-project_WS/install/predator_msgs/include/predator_msgs/predator_msgs/msg/detail/dds_fastrtps
[2.897s] -- Up-to-date: /home/roboticslab/Ros2_predator-project_WS/install/predator_msgs/include/predator_msgs/predator_msgs/msg/detail/zone_status__rosidl_typesupport_fastrtps_cpp.hpp
[2.897s] -- Up-to-date: /home/roboticslab/Ros2_predator-project_WS/install/predator_msgs/include/predator_msgs/predator_msgs/msg/detail/target_state__rosidl_typesupport_fastrtps_cpp.hpp
[2.898s] -- Up-to-date: /home/roboticslab/Ros2_predator-project_WS/install/predator_msgs/include/predator_msgs/predator_msgs/msg/rosidl_typesupport_fastrtps_cpp__visibility_control.h
[2.898s] -- Up-to-date: /home/roboticslab/Ros2_predator-project_WS/install/predator_msgs/lib/libpredator_msgs__rosidl_typesupport_fastrtps_cpp.so
[2.898s] -- Up-to-date: /home/roboticslab/Ros2_predator-project_WS/install/predator_msgs/include/predator_msgs/predator_msgs
[2.899s] -- Up-to-date: /home/roboticslab/Ros2_predator-project_WS/install/predator_msgs/include/predator_msgs/predator_msgs/msg
[2.899s] -- Up-to-date: /home/roboticslab/Ros2_predator-project_WS/install/predator_msgs/include/predator_msgs/predator_msgs/msg/detail
[2.900s] -- Up-to-date: /home/roboticslab/Ros2_predator-project_WS/install/predator_msgs/include/predator_msgs/predator_msgs/msg/detail/zone_status__type_support.cpp
[2.901s] -- Up-to-date: /home/roboticslab/Ros2_predator-project_WS/install/predator_msgs/include/predator_msgs/predator_msgs/msg/detail/gesture_request__rosidl_typesupport_introspection_cpp.hpp
[2.901s] -- Up-to-date: /home/roboticslab/Ros2_predator-project_WS/install/predator_msgs/include/predator_msgs/predator_msgs/msg/detail/zone_status__rosidl_typesupport_introspection_cpp.hpp
[2.901s] -- Up-to-date: /home/roboticslab/Ros2_predator-project_WS/install/predator_msgs/include/predator_msgs/predator_msgs/msg/detail/behavior_state__rosidl_typesupport_introspection_cpp.hpp
[2.901s] -- Up-to-date: /home/roboticslab/Ros2_predator-project_WS/install/predator_msgs/include/predator_msgs/predator_msgs/msg/detail/behavior_state__type_support.cpp
[2.902s] -- Up-to-date: /home/roboticslab/Ros2_predator-project_WS/install/predator_msgs/include/predator_msgs/predator_msgs/msg/detail/target_state__type_support.cpp
[2.902s] -- Up-to-date: /home/roboticslab/Ros2_predator-project_WS/install/predator_msgs/include/predator_msgs/predator_msgs/msg/detail/target_state__rosidl_typesupport_introspection_cpp.hpp
[2.902s] -- Up-to-date: /home/roboticslab/Ros2_predator-project_WS/install/predator_msgs/include/predator_msgs/predator_msgs/msg/detail/gesture_request__type_support.cpp
[2.905s] -- Up-to-date: /home/roboticslab/Ros2_predator-project_WS/install/predator_msgs/lib/libpredator_msgs__rosidl_typesupport_introspection_cpp.so
[2.907s] -- Up-to-date: /home/roboticslab/Ros2_predator-project_WS/install/predator_msgs/lib/libpredator_msgs__rosidl_typesupport_cpp.so
[2.907s] -- Up-to-date: /home/roboticslab/Ros2_predator-project_WS/install/predator_msgs/share/predator_msgs/environment/pythonpath.sh
[2.908s] -- Up-to-date: /home/roboticslab/Ros2_predator-project_WS/install/predator_msgs/share/predator_msgs/environment/pythonpath.dsv
[2.908s] -- Up-to-date: /home/roboticslab/Ros2_predator-project_WS/install/predator_msgs/lib/python3.12/site-packages/predator_msgs-0.0.0-py3.12.egg-info
[2.909s] -- Installing: /home/roboticslab/Ros2_predator-project_WS/install/predator_msgs/lib/python3.12/site-packages/predator_msgs-0.0.0-py3.12.egg-info/top_level.txt
[2.909s] -- Installing: /home/roboticslab/Ros2_predator-project_WS/install/predator_msgs/lib/python3.12/site-packages/predator_msgs-0.0.0-py3.12.egg-info/PKG-INFO
[2.909s] -- Installing: /home/roboticslab/Ros2_predator-project_WS/install/predator_msgs/lib/python3.12/site-packages/predator_msgs-0.0.0-py3.12.egg-info/SOURCES.txt
[2.910s] -- Installing: /home/roboticslab/Ros2_predator-project_WS/install/predator_msgs/lib/python3.12/site-packages/predator_msgs-0.0.0-py3.12.egg-info/dependency_links.txt
[2.910s] -- Up-to-date: /home/roboticslab/Ros2_predator-project_WS/install/predator_msgs/lib/python3.12/site-packages/predator_msgs
[2.910s] -- Up-to-date: /home/roboticslab/Ros2_predator-project_WS/install/predator_msgs/lib/python3.12/site-packages/predator_msgs/msg
[2.910s] -- Up-to-date: /home/roboticslab/Ros2_predator-project_WS/install/predator_msgs/lib/python3.12/site-packages/predator_msgs/msg/_zone_status_s.c
[2.910s] -- Up-to-date: /home/roboticslab/Ros2_predator-project_WS/install/predator_msgs/lib/python3.12/site-packages/predator_msgs/msg/_target_state_s.c
[2.910s] -- Up-to-date: /home/roboticslab/Ros2_predator-project_WS/install/predator_msgs/lib/python3.12/site-packages/predator_msgs/msg/_zone_status.py
[2.911s] -- Up-to-date: /home/roboticslab/Ros2_predator-project_WS/install/predator_msgs/lib/python3.12/site-packages/predator_msgs/msg/__init__.py
[2.911s] -- Up-to-date: /home/roboticslab/Ros2_predator-project_WS/install/predator_msgs/lib/python3.12/site-packages/predator_msgs/msg/_target_state.py
[2.915s] -- Up-to-date: /home/roboticslab/Ros2_predator-project_WS/install/predator_msgs/lib/python3.12/site-packages/predator_msgs/msg/_gesture_request_s.c
[2.916s] -- Up-to-date: /home/roboticslab/Ros2_predator-project_WS/install/predator_msgs/lib/python3.12/site-packages/predator_msgs/msg/_behavior_state_s.c
[2.917s] -- Up-to-date: /home/roboticslab/Ros2_predator-project_WS/install/predator_msgs/lib/python3.12/site-packages/predator_msgs/msg/_behavior_state.py
[2.917s] -- Up-to-date: /home/roboticslab/Ros2_predator-project_WS/install/predator_msgs/lib/python3.12/site-packages/predator_msgs/msg/_gesture_request.py
[2.917s] -- Up-to-date: /home/roboticslab/Ros2_predator-project_WS/install/predator_msgs/lib/python3.12/site-packages/predator_msgs/predator_msgs_s__rosidl_typesupport_c.so
[2.917s] -- Up-to-date: /home/roboticslab/Ros2_predator-project_WS/install/predator_msgs/lib/python3.12/site-packages/predator_msgs/__init__.py
[2.917s] -- Up-to-date: /home/roboticslab/Ros2_predator-project_WS/install/predator_msgs/lib/python3.12/site-packages/predator_msgs/_predator_msgs_s.ep.rosidl_typesupport_c.c
[2.917s] -- Up-to-date: /home/roboticslab/Ros2_predator-project_WS/install/predator_msgs/lib/python3.12/site-packages/predator_msgs/_predator_msgs_s.ep.rosidl_typesupport_fastrtps_c.c
[2.918s] -- Up-to-date: /home/roboticslab/Ros2_predator-project_WS/install/predator_msgs/lib/python3.12/site-packages/predator_msgs/predator_msgs_s__rosidl_typesupport_introspection_c.so
[2.918s] -- Up-to-date: /home/roboticslab/Ros2_predator-project_WS/install/predator_msgs/lib/python3.12/site-packages/predator_msgs/predator_msgs_s__rosidl_typesupport_fastrtps_c.so
[2.918s] -- Up-to-date: /home/roboticslab/Ros2_predator-project_WS/install/predator_msgs/lib/python3.12/site-packages/predator_msgs/_predator_msgs_s.ep.rosidl_typesupport_introspection_c.c
[2.992s] Listing '/home/roboticslab/Ros2_predator-project_WS/install/predator_msgs/lib/python3.12/site-packages/predator_msgs'...
[2.992s] Listing '/home/roboticslab/Ros2_predator-project_WS/install/predator_msgs/lib/python3.12/site-packages/predator_msgs/msg'...
[3.007s] -- Up-to-date: /home/roboticslab/Ros2_predator-project_WS/install/predator_msgs/lib/python3.12/site-packages/predator_msgs/predator_msgs_s__rosidl_typesupport_fastrtps_c.so
[3.007s] -- Up-to-date: /home/roboticslab/Ros2_predator-project_WS/install/predator_msgs/lib/python3.12/site-packages/predator_msgs/predator_msgs_s__rosidl_typesupport_introspection_c.so
[3.008s] -- Up-to-date: /home/roboticslab/Ros2_predator-project_WS/install/predator_msgs/lib/python3.12/site-packages/predator_msgs/predator_msgs_s__rosidl_typesupport_c.so
[3.009s] -- Up-to-date: /home/roboticslab/Ros2_predator-project_WS/install/predator_msgs/lib/libpredator_msgs__rosidl_generator_py.so
[3.009s] -- Up-to-date: /home/roboticslab/Ros2_predator-project_WS/install/predator_msgs/share/ament_index/resource_index/rust_packages/predator_msgs
[3.011s] -- Up-to-date: /home/roboticslab/Ros2_predator-project_WS/install/predator_msgs/share/predator_msgs/rust
[3.011s] -- Up-to-date: /home/roboticslab/Ros2_predator-project_WS/install/predator_msgs/share/predator_msgs/rust/src
[3.011s] -- Up-to-date: /home/roboticslab/Ros2_predator-project_WS/install/predator_msgs/share/predator_msgs/rust/src/msg
[3.011s] -- Up-to-date: /home/roboticslab/Ros2_predator-project_WS/install/predator_msgs/share/predator_msgs/rust/src/msg/rmw.rs
[3.011s] -- Up-to-date: /home/roboticslab/Ros2_predator-project_WS/install/predator_msgs/share/predator_msgs/rust/src/msg.rs
[3.012s] -- Up-to-date: /home/roboticslab/Ros2_predator-project_WS/install/predator_msgs/share/predator_msgs/rust/src/lib.rs
[3.013s] -- Up-to-date: /home/roboticslab/Ros2_predator-project_WS/install/predator_msgs/share/predator_msgs/rust/build.rs
[3.018s] -- Up-to-date: /home/roboticslab/Ros2_predator-project_WS/install/predator_msgs/share/predator_msgs/rust/Cargo.toml
[3.018s] -- Up-to-date: /home/roboticslab/Ros2_predator-project_WS/install/predator_msgs/share/predator_msgs/msg/BehaviorState.idl
[3.019s] -- Up-to-date: /home/roboticslab/Ros2_predator-project_WS/install/predator_msgs/share/predator_msgs/msg/GestureRequest.idl
[3.019s] -- Up-to-date: /home/roboticslab/Ros2_predator-project_WS/install/predator_msgs/share/predator_msgs/msg/TargetState.idl
[3.019s] -- Up-to-date: /home/roboticslab/Ros2_predator-project_WS/install/predator_msgs/share/predator_msgs/msg/ZoneStatus.idl
[3.019s] -- Up-to-date: /home/roboticslab/Ros2_predator-project_WS/install/predator_msgs/share/predator_msgs/msg/BehaviorState.msg
[3.019s] -- Up-to-date: /home/roboticslab/Ros2_predator-project_WS/install/predator_msgs/share/predator_msgs/msg/GestureRequest.msg
[3.019s] -- Up-to-date: /home/roboticslab/Ros2_predator-project_WS/install/predator_msgs/share/predator_msgs/msg/TargetState.msg
[3.020s] -- Up-to-date: /home/roboticslab/Ros2_predator-project_WS/install/predator_msgs/share/predator_msgs/msg/ZoneStatus.msg
[3.020s] -- Up-to-date: /home/roboticslab/Ros2_predator-project_WS/install/predator_msgs/share/ament_index/resource_index/package_run_dependencies/predator_msgs
[3.020s] -- Up-to-date: /home/roboticslab/Ros2_predator-project_WS/install/predator_msgs/share/ament_index/resource_index/parent_prefix_path/predator_msgs
[3.020s] -- Up-to-date: /home/roboticslab/Ros2_predator-project_WS/install/predator_msgs/share/predator_msgs/environment/ament_prefix_path.sh
[3.021s] -- Up-to-date: /home/roboticslab/Ros2_predator-project_WS/install/predator_msgs/share/predator_msgs/environment/ament_prefix_path.dsv
[3.021s] -- Up-to-date: /home/roboticslab/Ros2_predator-project_WS/install/predator_msgs/share/predator_msgs/environment/path.sh
[3.021s] -- Up-to-date: /home/roboticslab/Ros2_predator-project_WS/install/predator_msgs/share/predator_msgs/environment/path.dsv
[3.021s] -- Up-to-date: /home/roboticslab/Ros2_predator-project_WS/install/predator_msgs/share/predator_msgs/local_setup.bash
[3.021s] -- Up-to-date: /home/roboticslab/Ros2_predator-project_WS/install/predator_msgs/share/predator_msgs/local_setup.sh
[3.021s] -- Up-to-date: /home/roboticslab/Ros2_predator-project_WS/install/predator_msgs/share/predator_msgs/local_setup.zsh
[3.022s] -- Up-to-date: /home/roboticslab/Ros2_predator-project_WS/install/predator_msgs/share/predator_msgs/local_setup.dsv
[3.022s] -- Installing: /home/roboticslab/Ros2_predator-project_WS/install/predator_msgs/share/predator_msgs/package.dsv
[3.022s] -- Up-to-date: /home/roboticslab/Ros2_predator-project_WS/install/predator_msgs/share/ament_index/resource_index/packages/predator_msgs
[3.022s] -- Up-to-date: /home/roboticslab/Ros2_predator-project_WS/install/predator_msgs/share/predator_msgs/cmake/export_predator_msgs__rosidl_generator_cExport.cmake
[3.022s] -- Up-to-date: /home/roboticslab/Ros2_predator-project_WS/install/predator_msgs/share/predator_msgs/cmake/export_predator_msgs__rosidl_generator_cExport-noconfig.cmake
[3.022s] -- Up-to-date: /home/roboticslab/Ros2_predator-project_WS/install/predator_msgs/share/predator_msgs/cmake/export_predator_msgs__rosidl_typesupport_fastrtps_cExport.cmake
[3.023s] -- Up-to-date: /home/roboticslab/Ros2_predator-project_WS/install/predator_msgs/share/predator_msgs/cmake/export_predator_msgs__rosidl_typesupport_fastrtps_cExport-noconfig.cmake
[3.023s] -- Up-to-date: /home/roboticslab/Ros2_predator-project_WS/install/predator_msgs/share/predator_msgs/cmake/predator_msgs__rosidl_typesupport_introspection_cExport.cmake
[3.023s] -- Up-to-date: /home/roboticslab/Ros2_predator-project_WS/install/predator_msgs/share/predator_msgs/cmake/predator_msgs__rosidl_typesupport_introspection_cExport-noconfig.cmake
[3.023s] -- Up-to-date: /home/roboticslab/Ros2_predator-project_WS/install/predator_msgs/share/predator_msgs/cmake/predator_msgs__rosidl_typesupport_cExport.cmake
[3.023s] -- Up-to-date: /home/roboticslab/Ros2_predator-project_WS/install/predator_msgs/share/predator_msgs/cmake/predator_msgs__rosidl_typesupport_cExport-noconfig.cmake
[3.023s] -- Up-to-date: /home/roboticslab/Ros2_predator-project_WS/install/predator_msgs/share/predator_msgs/cmake/export_predator_msgs__rosidl_generator_cppExport.cmake
[3.024s] -- Up-to-date: /home/roboticslab/Ros2_predator-project_WS/install/predator_msgs/share/predator_msgs/cmake/export_predator_msgs__rosidl_typesupport_fastrtps_cppExport.cmake
[3.024s] -- Up-to-date: /home/roboticslab/Ros2_predator-project_WS/install/predator_msgs/share/predator_msgs/cmake/export_predator_msgs__rosidl_typesupport_fastrtps_cppExport-noconfig.cmake
[3.024s] -- Up-to-date: /home/roboticslab/Ros2_predator-project_WS/install/predator_msgs/share/predator_msgs/cmake/predator_msgs__rosidl_typesupport_introspection_cppExport.cmake
[3.024s] -- Up-to-date: /home/roboticslab/Ros2_predator-project_WS/install/predator_msgs/share/predator_msgs/cmake/predator_msgs__rosidl_typesupport_introspection_cppExport-noconfig.cmake
[3.024s] -- Up-to-date: /home/roboticslab/Ros2_predator-project_WS/install/predator_msgs/share/predator_msgs/cmake/predator_msgs__rosidl_typesupport_cppExport.cmake
[3.024s] -- Up-to-date: /home/roboticslab/Ros2_predator-project_WS/install/predator_msgs/share/predator_msgs/cmake/predator_msgs__rosidl_typesupport_cppExport-noconfig.cmake
[3.025s] -- Up-to-date: /home/roboticslab/Ros2_predator-project_WS/install/predator_msgs/share/predator_msgs/cmake/export_predator_msgs__rosidl_generator_pyExport.cmake
[3.025s] -- Up-to-date: /home/roboticslab/Ros2_predator-project_WS/install/predator_msgs/share/predator_msgs/cmake/export_predator_msgs__rosidl_generator_pyExport-noconfig.cmake
[3.025s] -- Up-to-date: /home/roboticslab/Ros2_predator-project_WS/install/predator_msgs/share/predator_msgs/cmake/rosidl_cmake-extras.cmake
[3.025s] -- Up-to-date: /home/roboticslab/Ros2_predator-project_WS/install/predator_msgs/share/predator_msgs/cmake/ament_cmake_export_dependencies-extras.cmake
[3.025s] -- Up-to-date: /home/roboticslab/Ros2_predator-project_WS/install/predator_msgs/share/predator_msgs/cmake/ament_cmake_export_include_directories-extras.cmake
[3.026s] -- Up-to-date: /home/roboticslab/Ros2_predator-project_WS/install/predator_msgs/share/predator_msgs/cmake/ament_cmake_export_libraries-extras.cmake
[3.026s] -- Up-to-date: /home/roboticslab/Ros2_predator-project_WS/install/predator_msgs/share/predator_msgs/cmake/ament_cmake_export_targets-extras.cmake
[3.026s] -- Up-to-date: /home/roboticslab/Ros2_predator-project_WS/install/predator_msgs/share/predator_msgs/cmake/rosidl_cmake_export_typesupport_targets-extras.cmake
[3.026s] -- Up-to-date: /home/roboticslab/Ros2_predator-project_WS/install/predator_msgs/share/predator_msgs/cmake/rosidl_cmake_export_typesupport_libraries-extras.cmake
[3.027s] -- Up-to-date: /home/roboticslab/Ros2_predator-project_WS/install/predator_msgs/share/predator_msgs/cmake/predator_msgsConfig.cmake
[3.027s] -- Up-to-date: /home/roboticslab/Ros2_predator-project_WS/install/predator_msgs/share/predator_msgs/cmake/predator_msgsConfig-version.cmake
[3.029s] -- Up-to-date: /home/roboticslab/Ros2_predator-project_WS/install/predator_msgs/share/predator_msgs/package.xml
[3.029s] Invoked command in '/home/roboticslab/Ros2_predator-project_WS/build/predator_msgs' returned '0': CMAKE_PREFIX_PATH=${CMAKE_PREFIX_PATH}:/home/roboticslab/Ros2_predator-project_WS/install/predator_bringup:/home/roboticslab/Ros2_predator-project_WS/install/predator_perception:/home/roboticslab/Ros2_predator-project_WS/install/predator_navigation:/home/roboticslab/Ros2_predator-project_WS/install/predator_manipulation:/home/roboticslab/Ros2_predator-project_WS/install/predator_behavior:/home/roboticslab/ros2_ws/install/robotiq_description:/home/roboticslab/ros2_ws/install/robo_waiter:/home/roboticslab/ros2_ws/install/robo_chef:/home/roboticslab/ros2_ws/install/roboChef:/home/roboticslab/ros2_ws/install/moveit_configs_utils:/opt/ros/kilted DEBUGINFOD_URLS=https://debuginfod.ubuntu.com /usr/bin/cmake --install /home/roboticslab/Ros2_predator-project_WS/build/predator_msgs
