running egg_info
creating ../../build/predator_manipulation/predator_manipulation.egg-info
writing ../../build/predator_manipulation/predator_manipulation.egg-info/PKG-INFO
writing dependency_links to ../../build/predator_manipulation/predator_manipulation.egg-info/dependency_links.txt
writing entry points to ../../build/predator_manipulation/predator_manipulation.egg-info/entry_points.txt
writing requirements to ../../build/predator_manipulation/predator_manipulation.egg-info/requires.txt
writing top-level names to ../../build/predator_manipulation/predator_manipulation.egg-info/top_level.txt
writing manifest file '../../build/predator_manipulation/predator_manipulation.egg-info/SOURCES.txt'
reading manifest file '../../build/predator_manipulation/predator_manipulation.egg-info/SOURCES.txt'
writing manifest file '../../build/predator_manipulation/predator_manipulation.egg-info/SOURCES.txt'
running build
running build_py
creating /home/roboticslab/Ros2_predator-project_WS/build/predator_manipulation/build
creating /home/roboticslab/Ros2_predator-project_WS/build/predator_manipulation/build/lib
creating /home/roboticslab/Ros2_predator-project_WS/build/predator_manipulation/build/lib/predator_manipulation
copying predator_manipulation/arm_gesture_node.py -> /home/roboticslab/Ros2_predator-project_WS/build/predator_manipulation/build/lib/predator_manipulation
copying predator_manipulation/__init__.py -> /home/roboticslab/Ros2_predator-project_WS/build/predator_manipulation/build/lib/predator_manipulation
copying predator_manipulation/py.typed -> /home/roboticslab/Ros2_predator-project_WS/build/predator_manipulation/build/lib/predator_manipulation
running install
running install_lib
creating /home/roboticslab/Ros2_predator-project_WS/install/predator_manipulation/lib/python3.12/site-packages/predator_manipulation
copying /home/roboticslab/Ros2_predator-project_WS/build/predator_manipulation/build/lib/predator_manipulation/arm_gesture_node.py -> /home/roboticslab/Ros2_predator-project_WS/install/predator_manipulation/lib/python3.12/site-packages/predator_manipulation
copying /home/roboticslab/Ros2_predator-project_WS/build/predator_manipulation/build/lib/predator_manipulation/__init__.py -> /home/roboticslab/Ros2_predator-project_WS/install/predator_manipulation/lib/python3.12/site-packages/predator_manipulation
copying /home/roboticslab/Ros2_predator-project_WS/build/predator_manipulation/build/lib/predator_manipulation/py.typed -> /home/roboticslab/Ros2_predator-project_WS/install/predator_manipulation/lib/python3.12/site-packages/predator_manipulation
byte-compiling /home/roboticslab/Ros2_predator-project_WS/install/predator_manipulation/lib/python3.12/site-packages/predator_manipulation/arm_gesture_node.py to arm_gesture_node.cpython-312.pyc
byte-compiling /home/roboticslab/Ros2_predator-project_WS/install/predator_manipulation/lib/python3.12/site-packages/predator_manipulation/__init__.py to __init__.cpython-312.pyc
running install_data
creating /home/roboticslab/Ros2_predator-project_WS/install/predator_manipulation/share/ament_index
creating /home/roboticslab/Ros2_predator-project_WS/install/predator_manipulation/share/ament_index/resource_index
creating /home/roboticslab/Ros2_predator-project_WS/install/predator_manipulation/share/ament_index/resource_index/packages
copying resource/predator_manipulation -> /home/roboticslab/Ros2_predator-project_WS/install/predator_manipulation/share/ament_index/resource_index/packages
copying package.xml -> /home/roboticslab/Ros2_predator-project_WS/install/predator_manipulation/share/predator_manipulation
running install_egg_info
Copying ../../build/predator_manipulation/predator_manipulation.egg-info to /home/roboticslab/Ros2_predator-project_WS/install/predator_manipulation/lib/python3.12/site-packages/predator_manipulation-0.0.0-py3.12.egg-info
running install_scripts
Installing arm_gesture_node script to /home/roboticslab/Ros2_predator-project_WS/install/predator_manipulation/lib/predator_manipulation
writing list of installed files to '/home/roboticslab/Ros2_predator-project_WS/build/predator_manipulation/install.log'
