[2.759s] Invoking command in '/home/roboticslab/Ros2_predator-project_WS/src/predator_manipulation': DEBUGINFOD_URLS=https://debuginfod.ubuntu.com PYTHONPATH=/home/roboticslab/Ros2_predator-project_WS/build/predator_manipulation/prefix_override:/usr/lib/python3/dist-packages/colcon_core/task/python/colcon_distutils_commands:/home/roboticslab/Ros2_predator-project_WS/install/predator_manipulation/lib/python3.12/site-packages:/home/roboticslab/Ros2_predator-project_WS/install/predator_msgs/lib/python3.12/site-packages:/home/roboticslab/Ros2_predator-project_WS/install/predator_bringup/lib/python3.12/site-packages:/home/roboticslab/Ros2_predator-project_WS/install/predator_perception/lib/python3.12/site-packages:/home/roboticslab/Ros2_predator-project_WS/install/predator_navigation/lib/python3.12/site-packages:/home/roboticslab/Ros2_predator-project_WS/install/predator_manipulation/lib/python3.12/site-packages:/home/roboticslab/Ros2_predator-project_WS/install/predator_behavior/lib/python3.12/site-packages:/home/roboticslab/ros2_ws/install/moveit_task_constructor_core/lib/python3.12/site-packages:/home/roboticslab/ros2_ws/install/roboChef/lib/python3.12/site-packages:/home/roboticslab/ros2_ws/install/moveit_task_constructor_msgs/lib/python3.12/site-packages:/home/roboticslab/ros2_ws/install/moveit_py/lib/python3.12/site-packages:/home/roboticslab/ros2_ws/install/moveit_msgs/lib/python3.12/site-packages:/home/roboticslab/ros2_ws/build/moveit_configs_utils:/home/roboticslab/ros2_ws/install/moveit_configs_utils/lib/python3.12/site-packages:/opt/ros/kilted/lib/python3.12/site-packages /usr/bin/python3 -W ignore:setup.py install is deprecated -W ignore:easy_install command is deprecated setup.py egg_info --egg-base ../../build/predator_manipulation build --build-base /home/roboticslab/Ros2_predator-project_WS/build/predator_manipulation/build install --record /home/roboticslab/Ros2_predator-project_WS/build/predator_manipulation/install.log --single-version-externally-managed install_data
[3.450s] running egg_info
[3.451s] creating ../../build/predator_manipulation/predator_manipulation.egg-info
[3.511s] writing ../../build/predator_manipulation/predator_manipulation.egg-info/PKG-INFO
[3.511s] writing dependency_links to ../../build/predator_manipulation/predator_manipulation.egg-info/dependency_links.txt
[3.511s] writing entry points to ../../build/predator_manipulation/predator_manipulation.egg-info/entry_points.txt
[3.512s] writing requirements to ../../build/predator_manipulation/predator_manipulation.egg-info/requires.txt
[3.512s] writing top-level names to ../../build/predator_manipulation/predator_manipulation.egg-info/top_level.txt
[3.512s] writing manifest file '../../build/predator_manipulation/predator_manipulation.egg-info/SOURCES.txt'
[3.629s] reading manifest file '../../build/predator_manipulation/predator_manipulation.egg-info/SOURCES.txt'
[3.631s] writing manifest file '../../build/predator_manipulation/predator_manipulation.egg-info/SOURCES.txt'
[3.635s] running build
[3.635s] running build_py
[3.635s] creating /home/roboticslab/Ros2_predator-project_WS/build/predator_manipulation/build
[3.635s] creating /home/roboticslab/Ros2_predator-project_WS/build/predator_manipulation/build/lib
[3.635s] creating /home/roboticslab/Ros2_predator-project_WS/build/predator_manipulation/build/lib/predator_manipulation
[3.636s] copying predator_manipulation/arm_gesture_node.py -> /home/roboticslab/Ros2_predator-project_WS/build/predator_manipulation/build/lib/predator_manipulation
[3.636s] copying predator_manipulation/__init__.py -> /home/roboticslab/Ros2_predator-project_WS/build/predator_manipulation/build/lib/predator_manipulation
[3.636s] copying predator_manipulation/py.typed -> /home/roboticslab/Ros2_predator-project_WS/build/predator_manipulation/build/lib/predator_manipulation
[3.636s] running install
[3.648s] running install_lib
[3.706s] creating /home/roboticslab/Ros2_predator-project_WS/install/predator_manipulation/lib/python3.12/site-packages/predator_manipulation
[3.709s] copying /home/roboticslab/Ros2_predator-project_WS/build/predator_manipulation/build/lib/predator_manipulation/arm_gesture_node.py -> /home/roboticslab/Ros2_predator-project_WS/install/predator_manipulation/lib/python3.12/site-packages/predator_manipulation
[3.709s] copying /home/roboticslab/Ros2_predator-project_WS/build/predator_manipulation/build/lib/predator_manipulation/__init__.py -> /home/roboticslab/Ros2_predator-project_WS/install/predator_manipulation/lib/python3.12/site-packages/predator_manipulation
[3.710s] copying /home/roboticslab/Ros2_predator-project_WS/build/predator_manipulation/build/lib/predator_manipulation/py.typed -> /home/roboticslab/Ros2_predator-project_WS/install/predator_manipulation/lib/python3.12/site-packages/predator_manipulation
[3.710s] byte-compiling /home/roboticslab/Ros2_predator-project_WS/install/predator_manipulation/lib/python3.12/site-packages/predator_manipulation/arm_gesture_node.py to arm_gesture_node.cpython-312.pyc
[3.711s] byte-compiling /home/roboticslab/Ros2_predator-project_WS/install/predator_manipulation/lib/python3.12/site-packages/predator_manipulation/__init__.py to __init__.cpython-312.pyc
[3.711s] running install_data
[3.711s] creating /home/roboticslab/Ros2_predator-project_WS/install/predator_manipulation/share/ament_index
[3.711s] creating /home/roboticslab/Ros2_predator-project_WS/install/predator_manipulation/share/ament_index/resource_index
[3.712s] creating /home/roboticslab/Ros2_predator-project_WS/install/predator_manipulation/share/ament_index/resource_index/packages
[3.712s] copying resource/predator_manipulation -> /home/roboticslab/Ros2_predator-project_WS/install/predator_manipulation/share/ament_index/resource_index/packages
[3.714s] copying package.xml -> /home/roboticslab/Ros2_predator-project_WS/install/predator_manipulation/share/predator_manipulation
[3.714s] running install_egg_info
[3.776s] Copying ../../build/predator_manipulation/predator_manipulation.egg-info to /home/roboticslab/Ros2_predator-project_WS/install/predator_manipulation/lib/python3.12/site-packages/predator_manipulation-0.0.0-py3.12.egg-info
[3.779s] running install_scripts
[4.147s] Installing arm_gesture_node script to /home/roboticslab/Ros2_predator-project_WS/install/predator_manipulation/lib/predator_manipulation
[4.147s] writing list of installed files to '/home/roboticslab/Ros2_predator-project_WS/build/predator_manipulation/install.log'
[4.221s] Invoked command in '/home/roboticslab/Ros2_predator-project_WS/src/predator_manipulation' returned '0': DEBUGINFOD_URLS=https://debuginfod.ubuntu.com PYTHONPATH=/home/roboticslab/Ros2_predator-project_WS/build/predator_manipulation/prefix_override:/usr/lib/python3/dist-packages/colcon_core/task/python/colcon_distutils_commands:/home/roboticslab/Ros2_predator-project_WS/install/predator_manipulation/lib/python3.12/site-packages:/home/roboticslab/Ros2_predator-project_WS/install/predator_msgs/lib/python3.12/site-packages:/home/roboticslab/Ros2_predator-project_WS/install/predator_bringup/lib/python3.12/site-packages:/home/roboticslab/Ros2_predator-project_WS/install/predator_perception/lib/python3.12/site-packages:/home/roboticslab/Ros2_predator-project_WS/install/predator_navigation/lib/python3.12/site-packages:/home/roboticslab/Ros2_predator-project_WS/install/predator_manipulation/lib/python3.12/site-packages:/home/roboticslab/Ros2_predator-project_WS/install/predator_behavior/lib/python3.12/site-packages:/home/roboticslab/ros2_ws/install/moveit_task_constructor_core/lib/python3.12/site-packages:/home/roboticslab/ros2_ws/install/roboChef/lib/python3.12/site-packages:/home/roboticslab/ros2_ws/install/moveit_task_constructor_msgs/lib/python3.12/site-packages:/home/roboticslab/ros2_ws/install/moveit_py/lib/python3.12/site-packages:/home/roboticslab/ros2_ws/install/moveit_msgs/lib/python3.12/site-packages:/home/roboticslab/ros2_ws/build/moveit_configs_utils:/home/roboticslab/ros2_ws/install/moveit_configs_utils/lib/python3.12/site-packages:/opt/ros/kilted/lib/python3.12/site-packages /usr/bin/python3 -W ignore:setup.py install is deprecated -W ignore:easy_install command is deprecated setup.py egg_info --egg-base ../../build/predator_manipulation build --build-base /home/roboticslab/Ros2_predator-project_WS/build/predator_manipulation/build install --record /home/roboticslab/Ros2_predator-project_WS/build/predator_manipulation/install.log --single-version-externally-managed install_data
